stm32f4xx_hal_hcd.c:186:19:HAL_HCD_HC_Init	56	static
stm32f4xx_hal_hcd.c:225:19:HAL_HCD_HC_Halt	8	static
stm32f4xx_hal_hcd.c:266:14:HAL_HCD_MspInit	0	static
stm32f4xx_hal_hcd.c:129:19:HAL_HCD_Init	64	static
stm32f4xx_hal_hcd.c:280:14:HAL_HCD_MspDeInit	0	static
stm32f4xx_hal_hcd.c:241:19:HAL_HCD_DeInit	8	static
stm32f4xx_hal_hcd.c:331:19:HAL_HCD_HC_SubmitRequest	20	static
stm32f4xx_hal_hcd.c:558:13:HAL_HCD_SOF_Callback	0	static
stm32f4xx_hal_hcd.c:572:13:HAL_HCD_Connect_Callback	0	static
stm32f4xx_hal_hcd.c:586:13:HAL_HCD_Disconnect_Callback	0	static
stm32f4xx_hal_hcd.c:610:13:HAL_HCD_HC_NotifyURBChange_Callback	0	static
stm32f4xx_hal_hcd.c:455:6:HAL_HCD_IRQHandler	56	static
stm32f4xx_hal_hcd.c:645:19:HAL_HCD_Start	16	static
stm32f4xx_hal_hcd.c:660:19:HAL_HCD_Stop	8	static
stm32f4xx_hal_hcd.c:673:19:HAL_HCD_ResetPort	0	static
stm32f4xx_hal_hcd.c:702:18:HAL_HCD_GetState	0	static
stm32f4xx_hal_hcd.c:721:21:HAL_HCD_HC_GetURBState	0	static
stm32f4xx_hal_hcd.c:734:10:HAL_HCD_HC_GetXferCount	0	static
stm32f4xx_hal_hcd.c:756:21:HAL_HCD_HC_GetState	0	static
stm32f4xx_hal_hcd.c:766:10:HAL_HCD_GetCurrentFrame	0	static
stm32f4xx_hal_hcd.c:776:10:HAL_HCD_GetCurrentSpeed	0	static
