Archive member included to satisfy reference by file (symbol)

c:/program files (x86)/atollic/truestudio for stm32 9.0.1/armtools/bin/../lib/gcc/arm-atollic-eabi/6.3.1/../../../../arm-atollic-eabi/lib/armv7e-m/fpu\libc_nano.a(lib_a-init.o)
                              startup\startup_stm32f446xx.o (__libc_init_array)
c:/program files (x86)/atollic/truestudio for stm32 9.0.1/armtools/bin/../lib/gcc/arm-atollic-eabi/6.3.1/../../../../arm-atollic-eabi/lib/armv7e-m/fpu\libc_nano.a(lib_a-malloc.o)
                              Middlewares\ST\STM32_USB_Host_Library\Class\HID\Src\usbh_hid.o (malloc)
c:/program files (x86)/atollic/truestudio for stm32 9.0.1/armtools/bin/../lib/gcc/arm-atollic-eabi/6.3.1/../../../../arm-atollic-eabi/lib/armv7e-m/fpu\libc_nano.a(lib_a-memcpy-stub.o)
                              Src\main.o (memcpy)
c:/program files (x86)/atollic/truestudio for stm32 9.0.1/armtools/bin/../lib/gcc/arm-atollic-eabi/6.3.1/../../../../arm-atollic-eabi/lib/armv7e-m/fpu\libc_nano.a(lib_a-memset.o)
                              Middlewares\ST\STM32_USB_Host_Library\Class\HID\Src\usbh_hid.o (memset)
c:/program files (x86)/atollic/truestudio for stm32 9.0.1/armtools/bin/../lib/gcc/arm-atollic-eabi/6.3.1/../../../../arm-atollic-eabi/lib/armv7e-m/fpu\libc_nano.a(lib_a-nano-freer.o)
                              c:/program files (x86)/atollic/truestudio for stm32 9.0.1/armtools/bin/../lib/gcc/arm-atollic-eabi/6.3.1/../../../../arm-atollic-eabi/lib/armv7e-m/fpu\libc_nano.a(lib_a-malloc.o) (_free_r)
c:/program files (x86)/atollic/truestudio for stm32 9.0.1/armtools/bin/../lib/gcc/arm-atollic-eabi/6.3.1/../../../../arm-atollic-eabi/lib/armv7e-m/fpu\libc_nano.a(lib_a-nano-mallocr.o)
                              c:/program files (x86)/atollic/truestudio for stm32 9.0.1/armtools/bin/../lib/gcc/arm-atollic-eabi/6.3.1/../../../../arm-atollic-eabi/lib/armv7e-m/fpu\libc_nano.a(lib_a-malloc.o) (_malloc_r)
c:/program files (x86)/atollic/truestudio for stm32 9.0.1/armtools/bin/../lib/gcc/arm-atollic-eabi/6.3.1/../../../../arm-atollic-eabi/lib/armv7e-m/fpu\libc_nano.a(lib_a-sbrkr.o)
                              c:/program files (x86)/atollic/truestudio for stm32 9.0.1/armtools/bin/../lib/gcc/arm-atollic-eabi/6.3.1/../../../../arm-atollic-eabi/lib/armv7e-m/fpu\libc_nano.a(lib_a-nano-mallocr.o) (_sbrk_r)
c:/program files (x86)/atollic/truestudio for stm32 9.0.1/armtools/bin/../lib/gcc/arm-atollic-eabi/6.3.1/../../../../arm-atollic-eabi/lib/armv7e-m/fpu\libc_nano.a(lib_a-impure.o)
                              c:/program files (x86)/atollic/truestudio for stm32 9.0.1/armtools/bin/../lib/gcc/arm-atollic-eabi/6.3.1/../../../../arm-atollic-eabi/lib/armv7e-m/fpu\libc_nano.a(lib_a-malloc.o) (_impure_ptr)
c:/program files (x86)/atollic/truestudio for stm32 9.0.1/armtools/bin/../lib/gcc/arm-atollic-eabi/6.3.1/../../../../arm-atollic-eabi/lib/armv7e-m/fpu\libc_nano.a(lib_a-mlock.o)
                              c:/program files (x86)/atollic/truestudio for stm32 9.0.1/armtools/bin/../lib/gcc/arm-atollic-eabi/6.3.1/../../../../arm-atollic-eabi/lib/armv7e-m/fpu\libc_nano.a(lib_a-nano-freer.o) (__malloc_lock)
c:/program files (x86)/atollic/truestudio for stm32 9.0.1/armtools/bin/../lib/gcc/arm-atollic-eabi/6.3.1/../../../../arm-atollic-eabi/lib/armv7e-m/fpu\libc_nano.a(lib_a-reent.o)
                              c:/program files (x86)/atollic/truestudio for stm32 9.0.1/armtools/bin/../lib/gcc/arm-atollic-eabi/6.3.1/../../../../arm-atollic-eabi/lib/armv7e-m/fpu\libc_nano.a(lib_a-sbrkr.o) (errno)
c:/program files (x86)/atollic/truestudio for stm32 9.0.1/armtools/bin/../lib/gcc/arm-atollic-eabi/6.3.1/armv7e-m/fpu\libgcc.a(_aeabi_uldivmod.o)
                              Drivers\STM32F4xx_HAL_Driver\Src\stm32f4xx_hal_rcc.o (__aeabi_uldivmod)
c:/program files (x86)/atollic/truestudio for stm32 9.0.1/armtools/bin/../lib/gcc/arm-atollic-eabi/6.3.1/armv7e-m/fpu\libgcc.a(_udivmoddi4.o)
                              c:/program files (x86)/atollic/truestudio for stm32 9.0.1/armtools/bin/../lib/gcc/arm-atollic-eabi/6.3.1/armv7e-m/fpu\libgcc.a(_aeabi_uldivmod.o) (__udivmoddi4)
c:/program files (x86)/atollic/truestudio for stm32 9.0.1/armtools/bin/../lib/gcc/arm-atollic-eabi/6.3.1/armv7e-m/fpu\libgcc.a(_dvmd_tls.o)
                              c:/program files (x86)/atollic/truestudio for stm32 9.0.1/armtools/bin/../lib/gcc/arm-atollic-eabi/6.3.1/armv7e-m/fpu\libgcc.a(_aeabi_uldivmod.o) (__aeabi_ldiv0)
c:/program files (x86)/atollic/truestudio for stm32 9.0.1/armtools/bin/../lib/gcc/arm-atollic-eabi/6.3.1/../../../../arm-atollic-eabi/lib/armv7e-m/fpu\libnosys.a(sbrk.o)
                              c:/program files (x86)/atollic/truestudio for stm32 9.0.1/armtools/bin/../lib/gcc/arm-atollic-eabi/6.3.1/../../../../arm-atollic-eabi/lib/armv7e-m/fpu\libc_nano.a(lib_a-sbrkr.o) (_sbrk)

Allocating common symbols
Common symbol       size              file

[...]
Memory Configuration

Name             Origin             Length             Attributes
RAM              0x20000000         0x00020000         xrw
FLASH            0x08000000         0x00080000         xr
*default*        0x00000000         0xffffffff

Linker script and memory map

LOAD c:/program files (x86)/atollic/truestudio for stm32 9.0.1/armtools/bin/../lib/gcc/arm-atollic-eabi/6.3.1/armv7e-m/fpu/crti.o
LOAD c:/program files (x86)/atollic/truestudio for stm32 9.0.1/armtools/bin/../lib/gcc/arm-atollic-eabi/6.3.1/armv7e-m/fpu/crtbegin.o
LOAD Drivers\STM32F4xx_HAL_Driver\Src\stm32f4xx_hal.o
LOAD Drivers\STM32F4xx_HAL_Driver\Src\stm32f4xx_hal_cortex.o
LOAD Drivers\STM32F4xx_HAL_Driver\Src\stm32f4xx_hal_dma.o
LOAD Drivers\STM32F4xx_HAL_Driver\Src\stm32f4xx_hal_dma_ex.o
LOAD Drivers\STM32F4xx_HAL_Driver\Src\stm32f4xx_hal_flash.o
LOAD Drivers\STM32F4xx_HAL_Driver\Src\stm32f4xx_hal_flash_ex.o
LOAD Drivers\STM32F4xx_HAL_Driver\Src\stm32f4xx_hal_flash_ramfunc.o
LOAD Drivers\STM32F4xx_HAL_Driver\Src\stm32f4xx_hal_gpio.o
LOAD Drivers\STM32F4xx_HAL_Driver\Src\stm32f4xx_hal_hcd.o
LOAD Drivers\STM32F4xx_HAL_Driver\Src\stm32f4xx_hal_pwr.o
LOAD Drivers\STM32F4xx_HAL_Driver\Src\stm32f4xx_hal_pwr_ex.o
LOAD Drivers\STM32F4xx_HAL_Driver\Src\stm32f4xx_hal_rcc.o
LOAD Drivers\STM32F4xx_HAL_Driver\Src\stm32f4xx_hal_rcc_ex.o
LOAD Drivers\STM32F4xx_HAL_Driver\Src\stm32f4xx_hal_tim.o
LOAD Drivers\STM32F4xx_HAL_Driver\Src\stm32f4xx_hal_tim_ex.o
LOAD Drivers\STM32F4xx_HAL_Driver\Src\stm32f4xx_hal_uart.o
LOAD Drivers\STM32F4xx_HAL_Driver\Src\stm32f4xx_ll_usb.o
LOAD Middlewares\ST\STM32_USB_Host_Library\Class\HID\Src\usbh_hid.o
LOAD Middlewares\ST\STM32_USB_Host_Library\Class\HID\Src\usbh_hid_ds3.o
LOAD Middlewares\ST\STM32_USB_Host_Library\Class\HID\Src\usbh_hid_ds4.o
LOAD Middlewares\ST\STM32_USB_Host_Library\Class\HID\Src\usbh_hid_keybd.o
LOAD Middlewares\ST\STM32_USB_Host_Library\Class\HID\Src\usbh_hid_mouse.o
LOAD Middlewares\ST\STM32_USB_Host_Library\Class\HID\Src\usbh_hid_parser.o
LOAD Middlewares\ST\STM32_USB_Host_Library\Class\XPAD\Src\usbh_xpad.o
LOAD Middlewares\ST\STM32_USB_Host_Library\Core\Src\usbh_core.o
LOAD Middlewares\ST\STM32_USB_Host_Library\Core\Src\usbh_ctlreq.o
LOAD Middlewares\ST\STM32_USB_Host_Library\Core\Src\usbh_ioreq.o
LOAD Middlewares\ST\STM32_USB_Host_Library\Core\Src\usbh_pipes.o
LOAD Src\main.o
LOAD Src\my_wait_us_asm.o
LOAD Src\stm32f4xx_hal_msp.o
LOAD Src\stm32f4xx_it.o
LOAD Src\system_stm32f4xx.o
LOAD Src\usb_host.o
LOAD Src\usbh_conf.o
LOAD startup\startup_stm32f446xx.o
                0x00000080                malloc_getpagesize_P = 0x80
START GROUP
LOAD c:/program files (x86)/atollic/truestudio for stm32 9.0.1/armtools/bin/../lib/gcc/arm-atollic-eabi/6.3.1/../../../../arm-atollic-eabi/lib/armv7e-m/fpu\libc_nano.a
LOAD c:/program files (x86)/atollic/truestudio for stm32 9.0.1/armtools/bin/../lib/gcc/arm-atollic-eabi/6.3.1/../../../../arm-atollic-eabi/lib/armv7e-m/fpu\libm.a
END GROUP
START GROUP
LOAD c:/program files (x86)/atollic/truestudio for stm32 9.0.1/armtools/bin/../lib/gcc/arm-atollic-eabi/6.3.1/armv7e-m/fpu\libgcc.a
LOAD c:/program files (x86)/atollic/truestudio for stm32 9.0.1/armtools/bin/../lib/gcc/arm-atollic-eabi/6.3.1/../../../../arm-atollic-eabi/lib/armv7e-m/fpu\libc_nano.a
END GROUP
START GROUP
LOAD c:/program files (x86)/atollic/truestudio for stm32 9.0.1/armtools/bin/../lib/gcc/arm-atollic-eabi/6.3.1/armv7e-m/fpu\libgcc.a
LOAD c:/program files (x86)/atollic/truestudio for stm32 9.0.1/armtools/bin/../lib/gcc/arm-atollic-eabi/6.3.1/../../../../arm-atollic-eabi/lib/armv7e-m/fpu\libc_nano.a
LOAD c:/program files (x86)/atollic/truestudio for stm32 9.0.1/armtools/bin/../lib/gcc/arm-atollic-eabi/6.3.1/../../../../arm-atollic-eabi/lib/armv7e-m/fpu\libnosys.a
END GROUP
START GROUP
LOAD c:/program files (x86)/atollic/truestudio for stm32 9.0.1/armtools/bin/../lib/gcc/arm-atollic-eabi/6.3.1/armv7e-m/fpu\libgcc.a
LOAD c:/program files (x86)/atollic/truestudio for stm32 9.0.1/armtools/bin/../lib/gcc/arm-atollic-eabi/6.3.1/../../../../arm-atollic-eabi/lib/armv7e-m/fpu\libc_nano.a
LOAD c:/program files (x86)/atollic/truestudio for stm32 9.0.1/armtools/bin/../lib/gcc/arm-atollic-eabi/6.3.1/../../../../arm-atollic-eabi/lib/armv7e-m/fpu\libnosys.a
END GROUP
LOAD c:/program files (x86)/atollic/truestudio for stm32 9.0.1/armtools/bin/../lib/gcc/arm-atollic-eabi/6.3.1/armv7e-m/fpu/crtend.o
LOAD c:/program files (x86)/atollic/truestudio for stm32 9.0.1/armtools/bin/../lib/gcc/arm-atollic-eabi/6.3.1/armv7e-m/fpu/crtn.o
                0x20020000                _estack = 0x20020000
                0x00000200                _Min_Heap_Size = 0x200
                0x00000400                _Min_Stack_Size = 0x400

.isr_vector     0x08000000      0x1c4
                0x08000000                . = ALIGN (0x4)
 *(.isr_vector)
 .isr_vector    0x08000000      0x1c4 startup\startup_stm32f446xx.o
                0x08000000                g_pfnVectors
                0x080001c4                . = ALIGN (0x4)

.text           0x080001c4     0xad6c
                0x080001c4                . = ALIGN (0x4)
 *(.text)
 .text          0x080001c4       0x40 c:/program files (x86)/atollic/truestudio for stm32 9.0.1/armtools/bin/../lib/gcc/arm-atollic-eabi/6.3.1/armv7e-m/fpu/crtbegin.o
 .text          0x08000204      0x2a0 Src\my_wait_us_asm.o
                0x08000204                my_wait_us_asm
 .text          0x080004a4       0x30 c:/program files (x86)/atollic/truestudio for stm32 9.0.1/armtools/bin/../lib/gcc/arm-atollic-eabi/6.3.1/armv7e-m/fpu\libgcc.a(_aeabi_uldivmod.o)
                0x080004a4                __aeabi_uldivmod
 .text          0x080004d4      0x2dc c:/program files (x86)/atollic/truestudio for stm32 9.0.1/armtools/bin/../lib/gcc/arm-atollic-eabi/6.3.1/armv7e-m/fpu\libgcc.a(_udivmoddi4.o)
                0x080004d4                __udivmoddi4
 .text          0x080007b0        0x4 c:/program files (x86)/atollic/truestudio for stm32 9.0.1/armtools/bin/../lib/gcc/arm-atollic-eabi/6.3.1/armv7e-m/fpu\libgcc.a(_dvmd_tls.o)
                0x080007b0                __aeabi_idiv0
                0x080007b0                __aeabi_ldiv0
 *(.text*)
 .text.HAL_Init
                0x080007b4       0x44 Drivers\STM32F4xx_HAL_Driver\Src\stm32f4xx_hal.o
                0x080007b4                HAL_Init
 .text.HAL_InitTick
                0x080007f8       0x60 Drivers\STM32F4xx_HAL_Driver\Src\stm32f4xx_hal.o
                0x080007f8                HAL_InitTick
 .text.HAL_IncTick
                0x08000858       0x28 Drivers\STM32F4xx_HAL_Driver\Src\stm32f4xx_hal.o
                0x08000858                HAL_IncTick
 .text.HAL_GetTick
                0x08000880       0x18 Drivers\STM32F4xx_HAL_Driver\Src\stm32f4xx_hal.o
                0x08000880                HAL_GetTick
 .text.HAL_Delay
                0x08000898       0x44 Drivers\STM32F4xx_HAL_Driver\Src\stm32f4xx_hal.o
                0x08000898                HAL_Delay
 .text.NVIC_SetPriorityGrouping
                0x080008dc       0x48 Drivers\STM32F4xx_HAL_Driver\Src\stm32f4xx_hal_cortex.o
 .text.NVIC_GetPriorityGrouping
                0x08000924       0x1c Drivers\STM32F4xx_HAL_Driver\Src\stm32f4xx_hal_cortex.o
 .text.NVIC_EnableIRQ
                0x08000940       0x34 Drivers\STM32F4xx_HAL_Driver\Src\stm32f4xx_hal_cortex.o
 .text.NVIC_SetPriority
                0x08000974       0x54 Drivers\STM32F4xx_HAL_Driver\Src\stm32f4xx_hal_cortex.o
 .text.NVIC_EncodePriority
                0x080009c8       0x62 Drivers\STM32F4xx_HAL_Driver\Src\stm32f4xx_hal_cortex.o
 *fill*         0x08000a2a        0x2 
 .text.SysTick_Config
                0x08000a2c       0x44 Drivers\STM32F4xx_HAL_Driver\Src\stm32f4xx_hal_cortex.o
 .text.HAL_NVIC_SetPriorityGrouping
                0x08000a70       0x16 Drivers\STM32F4xx_HAL_Driver\Src\stm32f4xx_hal_cortex.o
                0x08000a70                HAL_NVIC_SetPriorityGrouping
 .text.HAL_NVIC_SetPriority
                0x08000a86       0x38 Drivers\STM32F4xx_HAL_Driver\Src\stm32f4xx_hal_cortex.o
                0x08000a86                HAL_NVIC_SetPriority
 .text.HAL_NVIC_EnableIRQ
                0x08000abe       0x1c Drivers\STM32F4xx_HAL_Driver\Src\stm32f4xx_hal_cortex.o
                0x08000abe                HAL_NVIC_EnableIRQ
 .text.HAL_SYSTICK_Config
                0x08000ada       0x18 Drivers\STM32F4xx_HAL_Driver\Src\stm32f4xx_hal_cortex.o
                0x08000ada                HAL_SYSTICK_Config
 *fill*         0x08000af2        0x2 
 .text.HAL_SYSTICK_CLKSourceConfig
                0x08000af4       0x38 Drivers\STM32F4xx_HAL_Driver\Src\stm32f4xx_hal_cortex.o
                0x08000af4                HAL_SYSTICK_CLKSourceConfig
 .text.HAL_SYSTICK_IRQHandler
                0x08000b2c        0xc Drivers\STM32F4xx_HAL_Driver\Src\stm32f4xx_hal_cortex.o
                0x08000b2c                HAL_SYSTICK_IRQHandler
 .text.HAL_SYSTICK_Callback
                0x08000b38        0xe Drivers\STM32F4xx_HAL_Driver\Src\stm32f4xx_hal_cortex.o
                0x08000b38                HAL_SYSTICK_Callback
 *fill*         0x08000b46        0x2 
 .text.HAL_FLASH_Program
                0x08000b48       0xa8 Drivers\STM32F4xx_HAL_Driver\Src\stm32f4xx_hal_flash.o
                0x08000b48                HAL_FLASH_Program
 .text.HAL_FLASH_Unlock
                0x08000bf0       0x44 Drivers\STM32F4xx_HAL_Driver\Src\stm32f4xx_hal_flash.o
                0x08000bf0                HAL_FLASH_Unlock
 .text.HAL_FLASH_Lock
                0x08000c34       0x20 Drivers\STM32F4xx_HAL_Driver\Src\stm32f4xx_hal_flash.o
                0x08000c34                HAL_FLASH_Lock
 .text.FLASH_WaitForLastOperation
                0x08000c54       0x80 Drivers\STM32F4xx_HAL_Driver\Src\stm32f4xx_hal_flash.o
                0x08000c54                FLASH_WaitForLastOperation
 .text.FLASH_Program_DoubleWord
                0x08000cd4       0x58 Drivers\STM32F4xx_HAL_Driver\Src\stm32f4xx_hal_flash.o
 .text.FLASH_Program_Word
                0x08000d2c       0x44 Drivers\STM32F4xx_HAL_Driver\Src\stm32f4xx_hal_flash.o
 .text.FLASH_Program_HalfWord
                0x08000d70       0x48 Drivers\STM32F4xx_HAL_Driver\Src\stm32f4xx_hal_flash.o
 .text.FLASH_Program_Byte
                0x08000db8       0x44 Drivers\STM32F4xx_HAL_Driver\Src\stm32f4xx_hal_flash.o
 .text.FLASH_SetErrorCode
                0x08000dfc       0xcc Drivers\STM32F4xx_HAL_Driver\Src\stm32f4xx_hal_flash.o
 .text.HAL_FLASHEx_Erase
                0x08000ec8       0xe0 Drivers\STM32F4xx_HAL_Driver\Src\stm32f4xx_hal_flash_ex.o
                0x08000ec8                HAL_FLASHEx_Erase
 .text.FLASH_MassErase
                0x08000fa8       0x48 Drivers\STM32F4xx_HAL_Driver\Src\stm32f4xx_hal_flash_ex.o
 .text.FLASH_Erase_Sector
                0x08000ff0       0x90 Drivers\STM32F4xx_HAL_Driver\Src\stm32f4xx_hal_flash_ex.o
                0x08000ff0                FLASH_Erase_Sector
 .text.FLASH_FlushCaches
                0x08001080       0x8c Drivers\STM32F4xx_HAL_Driver\Src\stm32f4xx_hal_flash_ex.o
                0x08001080                FLASH_FlushCaches
 .text.HAL_GPIO_Init
                0x0800110c      0x324 Drivers\STM32F4xx_HAL_Driver\Src\stm32f4xx_hal_gpio.o
                0x0800110c                HAL_GPIO_Init
 .text.HAL_GPIO_WritePin
                0x08001430       0x32 Drivers\STM32F4xx_HAL_Driver\Src\stm32f4xx_hal_gpio.o
                0x08001430                HAL_GPIO_WritePin
 *fill*         0x08001462        0x2 
 .text.HAL_GPIO_EXTI_IRQHandler
                0x08001464       0x30 Drivers\STM32F4xx_HAL_Driver\Src\stm32f4xx_hal_gpio.o
                0x08001464                HAL_GPIO_EXTI_IRQHandler
 .text.HAL_GPIO_EXTI_Callback
                0x08001494       0x16 Drivers\STM32F4xx_HAL_Driver\Src\stm32f4xx_hal_gpio.o
                0x08001494                HAL_GPIO_EXTI_Callback
 .text.HAL_HCD_Init
                0x080014aa       0x98 Drivers\STM32F4xx_HAL_Driver\Src\stm32f4xx_hal_hcd.o
                0x080014aa                HAL_HCD_Init
 .text.HAL_HCD_HC_Init
                0x08001542      0x10e Drivers\STM32F4xx_HAL_Driver\Src\stm32f4xx_hal_hcd.o
                0x08001542                HAL_HCD_HC_Init
 .text.HAL_HCD_HC_Halt
                0x08001650       0x46 Drivers\STM32F4xx_HAL_Driver\Src\stm32f4xx_hal_hcd.o
                0x08001650                HAL_HCD_HC_Halt
 *fill*         0x08001696        0x2 
 .text.HAL_HCD_HC_SubmitRequest
                0x08001698      0x324 Drivers\STM32F4xx_HAL_Driver\Src\stm32f4xx_hal_hcd.o
                0x08001698                HAL_HCD_HC_SubmitRequest
 .text.HAL_HCD_IRQHandler
                0x080019bc      0x200 Drivers\STM32F4xx_HAL_Driver\Src\stm32f4xx_hal_hcd.o
                0x080019bc                HAL_HCD_IRQHandler
 .text.HAL_HCD_Start
                0x08001bbc       0x46 Drivers\STM32F4xx_HAL_Driver\Src\stm32f4xx_hal_hcd.o
                0x08001bbc                HAL_HCD_Start
 .text.HAL_HCD_Stop
                0x08001c02       0x3a Drivers\STM32F4xx_HAL_Driver\Src\stm32f4xx_hal_hcd.o
                0x08001c02                HAL_HCD_Stop
 .text.HAL_HCD_ResetPort
                0x08001c3c       0x1c Drivers\STM32F4xx_HAL_Driver\Src\stm32f4xx_hal_hcd.o
                0x08001c3c                HAL_HCD_ResetPort
 .text.HAL_HCD_HC_GetURBState
                0x08001c58       0x2a Drivers\STM32F4xx_HAL_Driver\Src\stm32f4xx_hal_hcd.o
                0x08001c58                HAL_HCD_HC_GetURBState
 .text.HAL_HCD_GetCurrentFrame
                0x08001c82       0x1c Drivers\STM32F4xx_HAL_Driver\Src\stm32f4xx_hal_hcd.o
                0x08001c82                HAL_HCD_GetCurrentFrame
 .text.HAL_HCD_GetCurrentSpeed
                0x08001c9e       0x1c Drivers\STM32F4xx_HAL_Driver\Src\stm32f4xx_hal_hcd.o
                0x08001c9e                HAL_HCD_GetCurrentSpeed
 .text.HCD_HC_IN_IRQHandler
                0x08001cba      0x680 Drivers\STM32F4xx_HAL_Driver\Src\stm32f4xx_hal_hcd.o
 .text.HCD_HC_OUT_IRQHandler
                0x0800233a      0x642 Drivers\STM32F4xx_HAL_Driver\Src\stm32f4xx_hal_hcd.o
 .text.HCD_RXQLVL_IRQHandler
                0x0800297c      0x164 Drivers\STM32F4xx_HAL_Driver\Src\stm32f4xx_hal_hcd.o
 .text.HCD_Port_IRQHandler
                0x08002ae0      0x112 Drivers\STM32F4xx_HAL_Driver\Src\stm32f4xx_hal_hcd.o
 *fill*         0x08002bf2        0x2 
 .text.HAL_RCC_ClockConfig
                0x08002bf4      0x1c4 Drivers\STM32F4xx_HAL_Driver\Src\stm32f4xx_hal_rcc.o
                0x08002bf4                HAL_RCC_ClockConfig
 .text.HAL_RCC_GetHCLKFreq
                0x08002db8       0x18 Drivers\STM32F4xx_HAL_Driver\Src\stm32f4xx_hal_rcc.o
                0x08002db8                HAL_RCC_GetHCLKFreq
 .text.HAL_RCC_GetPCLK1Freq
                0x08002dd0       0x28 Drivers\STM32F4xx_HAL_Driver\Src\stm32f4xx_hal_rcc.o
                0x08002dd0                HAL_RCC_GetPCLK1Freq
 .text.HAL_RCC_GetPCLK2Freq
                0x08002df8       0x28 Drivers\STM32F4xx_HAL_Driver\Src\stm32f4xx_hal_rcc.o
                0x08002df8                HAL_RCC_GetPCLK2Freq
 .text.HAL_RCCEx_PeriphCLKConfig
                0x08002e20      0x654 Drivers\STM32F4xx_HAL_Driver\Src\stm32f4xx_hal_rcc_ex.o
                0x08002e20                HAL_RCCEx_PeriphCLKConfig
 .text.HAL_RCC_GetSysClockFreq
                0x08003474      0x36c Drivers\STM32F4xx_HAL_Driver\Src\stm32f4xx_hal_rcc_ex.o
                0x08003474                HAL_RCC_GetSysClockFreq
 .text.HAL_RCC_OscConfig
                0x080037e0      0x4b4 Drivers\STM32F4xx_HAL_Driver\Src\stm32f4xx_hal_rcc_ex.o
                0x080037e0                HAL_RCC_OscConfig
 .text.HAL_UART_Init
                0x08003c94       0x9a Drivers\STM32F4xx_HAL_Driver\Src\stm32f4xx_hal_uart.o
                0x08003c94                HAL_UART_Init
 *fill*         0x08003d2e        0x2 
 .text.UART_SetConfig
                0x08003d30      0x438 Drivers\STM32F4xx_HAL_Driver\Src\stm32f4xx_hal_uart.o
 .text.USB_CoreInit
                0x08004168       0xa2 Drivers\STM32F4xx_HAL_Driver\Src\stm32f4xx_ll_usb.o
                0x08004168                USB_CoreInit
 .text.USB_EnableGlobalInt
                0x0800420a       0x22 Drivers\STM32F4xx_HAL_Driver\Src\stm32f4xx_ll_usb.o
                0x0800420a                USB_EnableGlobalInt
 .text.USB_DisableGlobalInt
                0x0800422c       0x22 Drivers\STM32F4xx_HAL_Driver\Src\stm32f4xx_ll_usb.o
                0x0800422c                USB_DisableGlobalInt
 .text.USB_SetCurrentMode
                0x0800424e       0x4e Drivers\STM32F4xx_HAL_Driver\Src\stm32f4xx_ll_usb.o
                0x0800424e                USB_SetCurrentMode
 .text.USB_FlushTxFifo
                0x0800429c       0x4c Drivers\STM32F4xx_HAL_Driver\Src\stm32f4xx_ll_usb.o
                0x0800429c                USB_FlushTxFifo
 .text.USB_FlushRxFifo
                0x080042e8       0x44 Drivers\STM32F4xx_HAL_Driver\Src\stm32f4xx_ll_usb.o
                0x080042e8                USB_FlushRxFifo
 .text.USB_WritePacket
                0x0800432c       0x6a Drivers\STM32F4xx_HAL_Driver\Src\stm32f4xx_ll_usb.o
                0x0800432c                USB_WritePacket
 .text.USB_ReadPacket
                0x08004396       0x4e Drivers\STM32F4xx_HAL_Driver\Src\stm32f4xx_ll_usb.o
                0x08004396                USB_ReadPacket
 .text.USB_ReadInterrupts
                0x080043e4       0x2a Drivers\STM32F4xx_HAL_Driver\Src\stm32f4xx_ll_usb.o
                0x080043e4                USB_ReadInterrupts
 .text.USB_GetMode
                0x0800440e       0x1c Drivers\STM32F4xx_HAL_Driver\Src\stm32f4xx_ll_usb.o
                0x0800440e                USB_GetMode
 *fill*         0x0800442a        0x2 
 .text.USB_CoreReset
                0x0800442c       0x68 Drivers\STM32F4xx_HAL_Driver\Src\stm32f4xx_ll_usb.o
 .text.USB_HostInit
                0x08004494      0x140 Drivers\STM32F4xx_HAL_Driver\Src\stm32f4xx_ll_usb.o
                0x08004494                USB_HostInit
 .text.USB_InitFSLSPClkSel
                0x080045d4       0x74 Drivers\STM32F4xx_HAL_Driver\Src\stm32f4xx_ll_usb.o
                0x080045d4                USB_InitFSLSPClkSel
 .text.USB_ResetPort
                0x08004648       0x4a Drivers\STM32F4xx_HAL_Driver\Src\stm32f4xx_ll_usb.o
                0x08004648                USB_ResetPort
 .text.USB_DriveVbus
                0x08004692       0x6e Drivers\STM32F4xx_HAL_Driver\Src\stm32f4xx_ll_usb.o
                0x08004692                USB_DriveVbus
 .text.USB_GetHostSpeed
                0x08004700       0x26 Drivers\STM32F4xx_HAL_Driver\Src\stm32f4xx_ll_usb.o
                0x08004700                USB_GetHostSpeed
 .text.USB_GetCurrentFrame
                0x08004726       0x1e Drivers\STM32F4xx_HAL_Driver\Src\stm32f4xx_ll_usb.o
                0x08004726                USB_GetCurrentFrame
 .text.USB_HC_Init
                0x08004744      0x1f8 Drivers\STM32F4xx_HAL_Driver\Src\stm32f4xx_ll_usb.o
                0x08004744                USB_HC_Init
 .text.USB_HC_StartXfer
                0x0800493c      0x27c Drivers\STM32F4xx_HAL_Driver\Src\stm32f4xx_ll_usb.o
                0x0800493c                USB_HC_StartXfer
 .text.USB_HC_ReadInterrupt
                0x08004bb8       0x1e Drivers\STM32F4xx_HAL_Driver\Src\stm32f4xx_ll_usb.o
                0x08004bb8                USB_HC_ReadInterrupt
 .text.USB_HC_Halt
                0x08004bd6      0x1d2 Drivers\STM32F4xx_HAL_Driver\Src\stm32f4xx_ll_usb.o
                0x08004bd6                USB_HC_Halt
 .text.USB_DoPing
                0x08004da8       0x78 Drivers\STM32F4xx_HAL_Driver\Src\stm32f4xx_ll_usb.o
                0x08004da8                USB_DoPing
 .text.USB_StopHost
                0x08004e20      0x108 Drivers\STM32F4xx_HAL_Driver\Src\stm32f4xx_ll_usb.o
                0x08004e20                USB_StopHost
 .text.DetectButtonDS3
                0x08004f28       0xf6 Middlewares\ST\STM32_USB_Host_Library\Class\HID\Src\usbh_hid.o
                0x08004f28                DetectButtonDS3
 *fill*         0x0800501e        0x2 
 .text.USBH_HID_InterfaceInit
                0x08005020      0x314 Middlewares\ST\STM32_USB_Host_Library\Class\HID\Src\usbh_hid.o
 .text.USBH_HID_InterfaceDeInit
                0x08005334       0x8c Middlewares\ST\STM32_USB_Host_Library\Class\HID\Src\usbh_hid.o
 .text.USBH_HID_ClassRequest
                0x080053c0      0x1dc Middlewares\ST\STM32_USB_Host_Library\Class\HID\Src\usbh_hid.o
 .text.USBH_HID_Process
                0x0800559c      0x15c Middlewares\ST\STM32_USB_Host_Library\Class\HID\Src\usbh_hid.o
 .text.USBH_HID_SOFProcess
                0x080056f8       0x42 Middlewares\ST\STM32_USB_Host_Library\Class\HID\Src\usbh_hid.o
 .text.USBH_HID_GetHIDReportDescriptor
                0x0800573a       0x32 Middlewares\ST\STM32_USB_Host_Library\Class\HID\Src\usbh_hid.o
                0x0800573a                USBH_HID_GetHIDReportDescriptor
 .text.USBH_HID_GetHIDDescriptor
                0x0800576c       0x32 Middlewares\ST\STM32_USB_Host_Library\Class\HID\Src\usbh_hid.o
                0x0800576c                USBH_HID_GetHIDDescriptor
 .text.USBH_HID_SetIdle
                0x0800579e       0x50 Middlewares\ST\STM32_USB_Host_Library\Class\HID\Src\usbh_hid.o
                0x0800579e                USBH_HID_SetIdle
 .text.USBH_HID_SetReport
                0x080057ee       0x58 Middlewares\ST\STM32_USB_Host_Library\Class\HID\Src\usbh_hid.o
                0x080057ee                USBH_HID_SetReport
 .text.USBH_HID_GetReport
                0x08005846       0x58 Middlewares\ST\STM32_USB_Host_Library\Class\HID\Src\usbh_hid.o
                0x08005846                USBH_HID_GetReport
 .text.USBH_HID_SetProtocol
                0x0800589e       0x4a Middlewares\ST\STM32_USB_Host_Library\Class\HID\Src\usbh_hid.o
                0x0800589e                USBH_HID_SetProtocol
 .text.USBH_HID_ParseHIDDesc
                0x080058e8       0x76 Middlewares\ST\STM32_USB_Host_Library\Class\HID\Src\usbh_hid.o
 *fill*         0x0800595e        0x2 
 .text.USBH_HID_GetDeviceType
                0x08005960       0x68 Middlewares\ST\STM32_USB_Host_Library\Class\HID\Src\usbh_hid.o
                0x08005960                USBH_HID_GetDeviceType
 .text.fifo_init
                0x080059c8       0x38 Middlewares\ST\STM32_USB_Host_Library\Class\HID\Src\usbh_hid.o
                0x080059c8                fifo_init
 .text.fifo_read
                0x08005a00       0x92 Middlewares\ST\STM32_USB_Host_Library\Class\HID\Src\usbh_hid.o
                0x08005a00                fifo_read
 .text.fifo_write
                0x08005a92       0xa8 Middlewares\ST\STM32_USB_Host_Library\Class\HID\Src\usbh_hid.o
                0x08005a92                fifo_write
 *fill*         0x08005b3a        0x2 
 .text.USBH_HID_EventCallback
                0x08005b3c     0x1174 Middlewares\ST\STM32_USB_Host_Library\Class\HID\Src\usbh_hid.o
                0x08005b3c                USBH_HID_EventCallback
 .text.USBH_HID_DS3Init
                0x08006cb0       0x64 Middlewares\ST\STM32_USB_Host_Library\Class\HID\Src\usbh_hid_ds3.o
                0x08006cb0                USBH_HID_DS3Init
 .text.USBH_HID_DS3Decode
                0x08006d14       0x84 Middlewares\ST\STM32_USB_Host_Library\Class\HID\Src\usbh_hid_ds3.o
 .text.USBH_HID_GetDS3Info
                0x08006d98       0x28 Middlewares\ST\STM32_USB_Host_Library\Class\HID\Src\usbh_hid_ds3.o
                0x08006d98                USBH_HID_GetDS3Info
 .text.USBH_HID_GetDS3ButtonsAndTriggers
                0x08006dc0       0xf4 Middlewares\ST\STM32_USB_Host_Library\Class\HID\Src\usbh_hid_ds3.o
                0x08006dc0                USBH_HID_GetDS3ButtonsAndTriggers
 .text.USBH_HID_DS4Init
                0x08006eb4       0x64 Middlewares\ST\STM32_USB_Host_Library\Class\HID\Src\usbh_hid_ds4.o
                0x08006eb4                USBH_HID_DS4Init
 .text.USBH_HID_DS4Decode
                0x08006f18       0x84 Middlewares\ST\STM32_USB_Host_Library\Class\HID\Src\usbh_hid_ds4.o
 .text.USBH_HID_GetDS4Info
                0x08006f9c       0x28 Middlewares\ST\STM32_USB_Host_Library\Class\HID\Src\usbh_hid_ds4.o
                0x08006f9c                USBH_HID_GetDS4Info
 .text.USBH_HID_GetDS4ButtonsAndTriggers
                0x08006fc4      0x190 Middlewares\ST\STM32_USB_Host_Library\Class\HID\Src\usbh_hid_ds4.o
                0x08006fc4                USBH_HID_GetDS4ButtonsAndTriggers
 .text.USBH_HID_KeybdInit
                0x08007154       0xa0 Middlewares\ST\STM32_USB_Host_Library\Class\HID\Src\usbh_hid_keybd.o
                0x08007154                USBH_HID_KeybdInit
 .text.USBH_HID_GetKeybdInfo
                0x080071f4       0x28 Middlewares\ST\STM32_USB_Host_Library\Class\HID\Src\usbh_hid_keybd.o
                0x080071f4                USBH_HID_GetKeybdInfo
 .text.USBH_HID_KeybdDecode
                0x0800721c      0x120 Middlewares\ST\STM32_USB_Host_Library\Class\HID\Src\usbh_hid_keybd.o
 .text.USBH_HID_MouseInit
                0x0800733c       0x70 Middlewares\ST\STM32_USB_Host_Library\Class\HID\Src\usbh_hid_mouse.o
                0x0800733c                USBH_HID_MouseInit
 .text.HID_ReadItem
                0x080073ac      0x138 Middlewares\ST\STM32_USB_Host_Library\Class\HID\Src\usbh_hid_parser.o
                0x080073ac                HID_ReadItem
 .text.DetectButton
                0x080074e4      0x164 Middlewares\ST\STM32_USB_Host_Library\Class\XPAD\Src\usbh_xpad.o
                0x080074e4                DetectButton
 .text.parseMessage
                0x08007648      0xa88 Middlewares\ST\STM32_USB_Host_Library\Class\XPAD\Src\usbh_xpad.o
                0x08007648                parseMessage
 .text.XPAD_360_WIRELESS_ProcessInputData
                0x080080d0       0x7c Middlewares\ST\STM32_USB_Host_Library\Class\XPAD\Src\usbh_xpad.o
                0x080080d0                XPAD_360_WIRELESS_ProcessInputData
 .text.XPAD_360_WIRED_ProcessInputData
                0x0800814c       0x2c Middlewares\ST\STM32_USB_Host_Library\Class\XPAD\Src\usbh_xpad.o
                0x0800814c                XPAD_360_WIRED_ProcessInputData
 .text.XPAD_XBONE_ProcessInputData
                0x08008178       0x3c Middlewares\ST\STM32_USB_Host_Library\Class\XPAD\Src\usbh_xpad.o
                0x08008178                XPAD_XBONE_ProcessInputData
 .text.USBH_XPAD_Start
                0x080081b4       0xe0 Middlewares\ST\STM32_USB_Host_Library\Class\XPAD\Src\usbh_xpad.o
 .text.USBH_XPAD_Led
                0x08008294       0x98 Middlewares\ST\STM32_USB_Host_Library\Class\XPAD\Src\usbh_xpad.o
 .text.USBH_XPAD_InterfaceInit
                0x0800832c      0x268 Middlewares\ST\STM32_USB_Host_Library\Class\XPAD\Src\usbh_xpad.o
 .text.USBH_XPAD_InterfaceDeInit
                0x08008594       0x98 Middlewares\ST\STM32_USB_Host_Library\Class\XPAD\Src\usbh_xpad.o
 .text.USBH_XPAD_ClassRequest
                0x0800862c       0x16 Middlewares\ST\STM32_USB_Host_Library\Class\XPAD\Src\usbh_xpad.o
 *fill*         0x08008642        0x2 
 .text.USBH_XPAD_Process
                0x08008644       0xac Middlewares\ST\STM32_USB_Host_Library\Class\XPAD\Src\usbh_xpad.o
 .text.USBH_XPAD_SOFProcess
                0x080086f0       0x16 Middlewares\ST\STM32_USB_Host_Library\Class\XPAD\Src\usbh_xpad.o
 .text.USBH_Init
                0x08008706       0x54 Middlewares\ST\STM32_USB_Host_Library\Core\Src\usbh_core.o
                0x08008706                USBH_Init
 .text.DeInitStateMachine
                0x0800875a       0x96 Middlewares\ST\STM32_USB_Host_Library\Core\Src\usbh_core.o
 .text.USBH_RegisterClass
                0x080087f0       0x58 Middlewares\ST\STM32_USB_Host_Library\Core\Src\usbh_core.o
                0x080087f0                USBH_RegisterClass
 .text.USBH_SelectInterface
                0x08008848       0x38 Middlewares\ST\STM32_USB_Host_Library\Core\Src\usbh_core.o
                0x08008848                USBH_SelectInterface
 .text.USBH_FindInterface
                0x08008880       0x96 Middlewares\ST\STM32_USB_Host_Library\Core\Src\usbh_core.o
                0x08008880                USBH_FindInterface
 .text.USBH_Start
                0x08008916       0x20 Middlewares\ST\STM32_USB_Host_Library\Core\Src\usbh_core.o
                0x08008916                USBH_Start
 *fill*         0x08008936        0x2 
 .text.USBH_Process
                0x08008938      0x2a0 Middlewares\ST\STM32_USB_Host_Library\Core\Src\usbh_core.o
                0x08008938                USBH_Process
 .text.USBH_HandleEnum
                0x08008bd8      0x234 Middlewares\ST\STM32_USB_Host_Library\Core\Src\usbh_core.o
 .text.USBH_LL_SetTimer
                0x08008e0c       0x1e Middlewares\ST\STM32_USB_Host_Library\Core\Src\usbh_core.o
                0x08008e0c                USBH_LL_SetTimer
 .text.USBH_LL_IncTimer
                0x08008e2a       0x24 Middlewares\ST\STM32_USB_Host_Library\Core\Src\usbh_core.o
                0x08008e2a                USBH_LL_IncTimer
 .text.USBH_HandleSof
                0x08008e4e       0x30 Middlewares\ST\STM32_USB_Host_Library\Core\Src\usbh_core.o
 .text.USBH_LL_Connect
                0x08008e7e       0x4c Middlewares\ST\STM32_USB_Host_Library\Core\Src\usbh_core.o
                0x08008e7e                USBH_LL_Connect
 .text.USBH_LL_Disconnect
                0x08008eca       0x5a Middlewares\ST\STM32_USB_Host_Library\Core\Src\usbh_core.o
                0x08008eca                USBH_LL_Disconnect
 .text.USBH_Get_DevDesc
                0x08008f24       0x50 Middlewares\ST\STM32_USB_Host_Library\Core\Src\usbh_ctlreq.o
                0x08008f24                USBH_Get_DevDesc
 .text.USBH_Get_CfgDesc
                0x08008f74       0x48 Middlewares\ST\STM32_USB_Host_Library\Core\Src\usbh_ctlreq.o
                0x08008f74                USBH_Get_CfgDesc
 .text.USBH_Get_StringDesc
                0x08008fbc       0x56 Middlewares\ST\STM32_USB_Host_Library\Core\Src\usbh_ctlreq.o
                0x08008fbc                USBH_Get_StringDesc
 .text.USBH_GetDescriptor
                0x08009012       0x6a Middlewares\ST\STM32_USB_Host_Library\Core\Src\usbh_ctlreq.o
                0x08009012                USBH_GetDescriptor
 .text.USBH_SetAddress
                0x0800907c       0x48 Middlewares\ST\STM32_USB_Host_Library\Core\Src\usbh_ctlreq.o
                0x0800907c                USBH_SetAddress
 .text.USBH_SetCfg
                0x080090c4       0x46 Middlewares\ST\STM32_USB_Host_Library\Core\Src\usbh_ctlreq.o
                0x080090c4                USBH_SetCfg
 .text.USBH_ClrFeature
                0x0800910a       0x48 Middlewares\ST\STM32_USB_Host_Library\Core\Src\usbh_ctlreq.o
                0x0800910a                USBH_ClrFeature
 .text.USBH_ParseDevDesc
                0x08009152       0xe0 Middlewares\ST\STM32_USB_Host_Library\Core\Src\usbh_ctlreq.o
 .text.USBH_ParseCfgDesc
                0x08009232      0x14c Middlewares\ST\STM32_USB_Host_Library\Core\Src\usbh_ctlreq.o
 .text.USBH_ParseInterfaceDesc
                0x0800937e       0x5e Middlewares\ST\STM32_USB_Host_Library\Core\Src\usbh_ctlreq.o
 .text.USBH_ParseEPDesc
                0x080093dc       0x5a Middlewares\ST\STM32_USB_Host_Library\Core\Src\usbh_ctlreq.o
 .text.USBH_ParseStringDesc
                0x08009436       0x66 Middlewares\ST\STM32_USB_Host_Library\Core\Src\usbh_ctlreq.o
 .text.USBH_GetNextDesc
                0x0800949c       0x36 Middlewares\ST\STM32_USB_Host_Library\Core\Src\usbh_ctlreq.o
                0x0800949c                USBH_GetNextDesc
 .text.USBH_CtlReq
                0x080094d2       0x7c Middlewares\ST\STM32_USB_Host_Library\Core\Src\usbh_ctlreq.o
                0x080094d2                USBH_CtlReq
 *fill*         0x0800954e        0x2 
 .text.USBH_HandleControl
                0x08009550      0x2d0 Middlewares\ST\STM32_USB_Host_Library\Core\Src\usbh_ctlreq.o
 .text.USBH_CtlSendSetup
                0x08009820       0x34 Middlewares\ST\STM32_USB_Host_Library\Core\Src\usbh_ioreq.o
                0x08009820                USBH_CtlSendSetup
 .text.USBH_CtlSendData
                0x08009854       0x4a Middlewares\ST\STM32_USB_Host_Library\Core\Src\usbh_ioreq.o
                0x08009854                USBH_CtlSendData
 .text.USBH_CtlReceiveData
                0x0800989e       0x3c Middlewares\ST\STM32_USB_Host_Library\Core\Src\usbh_ioreq.o
                0x0800989e                USBH_CtlReceiveData
 .text.USBH_InterruptReceiveData
                0x080098da       0x3e Middlewares\ST\STM32_USB_Host_Library\Core\Src\usbh_ioreq.o
                0x080098da                USBH_InterruptReceiveData
 .text.USBH_InterruptSendData
                0x08009918       0x3e Middlewares\ST\STM32_USB_Host_Library\Core\Src\usbh_ioreq.o
                0x08009918                USBH_InterruptSendData
 .text.USBH_OpenPipe
                0x08009956       0x3e Middlewares\ST\STM32_USB_Host_Library\Core\Src\usbh_pipes.o
                0x08009956                USBH_OpenPipe
 .text.USBH_ClosePipe
                0x08009994       0x20 Middlewares\ST\STM32_USB_Host_Library\Core\Src\usbh_pipes.o
                0x08009994                USBH_ClosePipe
 .text.USBH_AllocPipe
                0x080099b4       0x42 Middlewares\ST\STM32_USB_Host_Library\Core\Src\usbh_pipes.o
                0x080099b4                USBH_AllocPipe
 .text.USBH_FreePipe
                0x080099f6       0x40 Middlewares\ST\STM32_USB_Host_Library\Core\Src\usbh_pipes.o
                0x080099f6                USBH_FreePipe
 .text.USBH_GetFreePipe
                0x08009a36       0x4a Middlewares\ST\STM32_USB_Host_Library\Core\Src\usbh_pipes.o
 .text.ChangeButtonMappingKB
                0x08009a80      0x160 Src\main.o
                0x08009a80                ChangeButtonMappingKB
 .text.ChangeButtonMappingController
                0x08009be0      0x134 Src\main.o
                0x08009be0                ChangeButtonMappingController
 .text.SaveControls
                0x08009d14       0x8c Src\main.o
                0x08009d14                SaveControls
 .text.LoadControls
                0x08009da0       0x24 Src\main.o
                0x08009da0                LoadControls
 .text.AdvanceState
                0x08009dc4       0x68 Src\main.o
                0x08009dc4                AdvanceState
 .text.reverse  0x08009e2c       0x68 Src\main.o
                0x08009e2c                reverse
 .text.SetN64DataInputMode
                0x08009e94       0x2c Src\main.o
                0x08009e94                SetN64DataInputMode
 .text.SetN64DataOutputMode
                0x08009ec0       0x2c Src\main.o
                0x08009ec0                SetN64DataOutputMode
 .text.write_1  0x08009eec       0x28 Src\main.o
                0x08009eec                write_1
 .text.write_0  0x08009f14       0x28 Src\main.o
                0x08009f14                write_0
 .text.SendStop
                0x08009f3c       0x24 Src\main.o
                0x08009f3c                SendStop
 .text.SendByte
                0x08009f60       0x3e Src\main.o
                0x08009f60                SendByte
 .text.SendIdentity
                0x08009f9e       0x1e Src\main.o
                0x08009f9e                SendIdentity
 .text.SendControllerData
                0x08009fbc       0x50 Src\main.o
                0x08009fbc                SendControllerData
 .text.GetMiddleOfPulse
                0x0800a00c       0x70 Src\main.o
                0x0800a00c                GetMiddleOfPulse
 .text.readCommand
                0x0800a07c       0x68 Src\main.o
                0x0800a07c                readCommand
 .text.main     0x0800a0e4       0xe8 Src\main.o
                0x0800a0e4                main
 .text.SystemClock_Config
                0x0800a1cc      0x128 Src\main.o
                0x0800a1cc                SystemClock_Config
 .text.MX_USART2_UART_Init
                0x0800a2f4       0x5c Src\main.o
 .text.MX_GPIO_Init
                0x0800a350      0x188 Src\main.o
 .text._Error_Handler
                0x0800a4d8        0xc Src\main.o
                0x0800a4d8                _Error_Handler
 .text.HAL_MspInit
                0x0800a4e4       0xa4 Src\stm32f4xx_hal_msp.o
                0x0800a4e4                HAL_MspInit
 .text.HAL_UART_MspInit
                0x0800a588       0x64 Src\stm32f4xx_hal_msp.o
                0x0800a588                HAL_UART_MspInit
 .text.SysTick_Handler
                0x0800a5ec       0x10 Src\stm32f4xx_it.o
                0x0800a5ec                SysTick_Handler
 .text.EXTI9_5_IRQHandler
                0x0800a5fc       0x4c Src\stm32f4xx_it.o
                0x0800a5fc                EXTI9_5_IRQHandler
 .text.OTG_FS_IRQHandler
                0x0800a648       0x14 Src\stm32f4xx_it.o
                0x0800a648                OTG_FS_IRQHandler
 .text.SystemInit
                0x0800a65c       0x6c Src\system_stm32f4xx.o
                0x0800a65c                SystemInit
 .text.MX_USB_HOST_Init
                0x0800a6c8       0x38 Src\usb_host.o
                0x0800a6c8                MX_USB_HOST_Init
 .text.MX_USB_HOST_Process
                0x0800a700       0x14 Src\usb_host.o
                0x0800a700                MX_USB_HOST_Process
 .text.USBH_UserProcess
                0x0800a714       0x5c Src\usb_host.o
 .text.HAL_HCD_MspInit
                0x0800a770       0x7c Src\usbh_conf.o
                0x0800a770                HAL_HCD_MspInit
 .text.HAL_HCD_SOF_Callback
                0x0800a7ec       0x1c Src\usbh_conf.o
                0x0800a7ec                HAL_HCD_SOF_Callback
 .text.HAL_HCD_Connect_Callback
                0x0800a808       0x1c Src\usbh_conf.o
                0x0800a808                HAL_HCD_Connect_Callback
 .text.HAL_HCD_Disconnect_Callback
                0x0800a824       0x1c Src\usbh_conf.o
                0x0800a824                HAL_HCD_Disconnect_Callback
 .text.HAL_HCD_HC_NotifyURBChange_Callback
                0x0800a840       0x1c Src\usbh_conf.o
                0x0800a840                HAL_HCD_HC_NotifyURBChange_Callback
 .text.USBH_LL_Init
                0x0800a85c       0x80 Src\usbh_conf.o
                0x0800a85c                USBH_LL_Init
 .text.USBH_LL_Start
                0x0800a8dc       0x64 Src\usbh_conf.o
                0x0800a8dc                USBH_LL_Start
 .text.USBH_LL_Stop
                0x0800a940       0x64 Src\usbh_conf.o
                0x0800a940                USBH_LL_Stop
 .text.USBH_LL_GetSpeed
                0x0800a9a4       0x4a Src\usbh_conf.o
                0x0800a9a4                USBH_LL_GetSpeed
 *fill*         0x0800a9ee        0x2 
 .text.USBH_LL_ResetPort
                0x0800a9f0       0x64 Src\usbh_conf.o
                0x0800a9f0                USBH_LL_ResetPort
 .text.USBH_LL_OpenPipe
                0x0800aa54       0x8c Src\usbh_conf.o
                0x0800aa54                USBH_LL_OpenPipe
 .text.USBH_LL_ClosePipe
                0x0800aae0       0x6c Src\usbh_conf.o
                0x0800aae0                USBH_LL_ClosePipe
 .text.USBH_LL_SubmitURB
                0x0800ab4c       0x90 Src\usbh_conf.o
                0x0800ab4c                USBH_LL_SubmitURB
 .text.USBH_LL_GetURBState
                0x0800abdc       0x26 Src\usbh_conf.o
                0x0800abdc                USBH_LL_GetURBState
 .text.USBH_LL_DriverVBUS
                0x0800ac02       0x1c Src\usbh_conf.o
                0x0800ac02                USBH_LL_DriverVBUS
 .text.USBH_LL_SetToggle
                0x0800ac1e       0x66 Src\usbh_conf.o
                0x0800ac1e                USBH_LL_SetToggle
 .text.USBH_Delay
                0x0800ac84       0x16 Src\usbh_conf.o
                0x0800ac84                USBH_Delay
 *fill*         0x0800ac9a        0x2 
 .text.Reset_Handler
                0x0800ac9c       0x50 startup\startup_stm32f446xx.o
                0x0800ac9c                Reset_Handler
 .text.Default_Handler
                0x0800acec        0x2 startup\startup_stm32f446xx.o
                0x0800acec                RTC_Alarm_IRQHandler
                0x0800acec                EXTI2_IRQHandler
                0x0800acec                TIM8_CC_IRQHandler
                0x0800acec                DebugMon_Handler
                0x0800acec                SPI4_IRQHandler
                0x0800acec                TIM1_CC_IRQHandler
                0x0800acec                DMA2_Stream5_IRQHandler
                0x0800acec                HardFault_Handler
                0x0800acec                DMA1_Stream5_IRQHandler
                0x0800acec                PVD_IRQHandler
                0x0800acec                SDIO_IRQHandler
                0x0800acec                TAMP_STAMP_IRQHandler
                0x0800acec                PendSV_Handler
                0x0800acec                NMI_Handler
                0x0800acec                CAN2_RX1_IRQHandler
                0x0800acec                EXTI3_IRQHandler
                0x0800acec                TIM8_TRG_COM_TIM14_IRQHandler
                0x0800acec                TIM1_UP_TIM10_IRQHandler
                0x0800acec                TIM8_UP_TIM13_IRQHandler
                0x0800acec                I2C3_ER_IRQHandler
                0x0800acec                FMPI2C1_Event_IRQHandler
                0x0800acec                EXTI0_IRQHandler
                0x0800acec                I2C2_EV_IRQHandler
                0x0800acec                DMA1_Stream2_IRQHandler
                0x0800acec                CAN1_RX0_IRQHandler
                0x0800acec                FPU_IRQHandler
                0x0800acec                OTG_HS_WKUP_IRQHandler
                0x0800acec                UsageFault_Handler
                0x0800acec                CAN2_SCE_IRQHandler
                0x0800acec                DMA2_Stream2_IRQHandler
                0x0800acec                SPI1_IRQHandler
                0x0800acec                TIM6_DAC_IRQHandler
                0x0800acec                TIM1_BRK_TIM9_IRQHandler
                0x0800acec                DCMI_IRQHandler
                0x0800acec                CAN2_RX0_IRQHandler
                0x0800acec                DMA2_Stream3_IRQHandler
                0x0800acec                SAI2_IRQHandler
                0x0800acec                USART6_IRQHandler
                0x0800acec                USART3_IRQHandler
                0x0800acec                CAN1_RX1_IRQHandler
                0x0800acec                UART5_IRQHandler
                0x0800acec                DMA2_Stream0_IRQHandler
                0x0800acec                TIM4_IRQHandler
                0x0800acec                QUADSPI_IRQHandler
                0x0800acec                I2C1_EV_IRQHandler
                0x0800acec                DMA1_Stream6_IRQHandler
                0x0800acec                DMA1_Stream1_IRQHandler
                0x0800acec                UART4_IRQHandler
                0x0800acec                TIM3_IRQHandler
                0x0800acec                RCC_IRQHandler
                0x0800acec                TIM8_BRK_TIM12_IRQHandler
                0x0800acec                Default_Handler
                0x0800acec                CEC_IRQHandler
                0x0800acec                EXTI15_10_IRQHandler
                0x0800acec                ADC_IRQHandler
                0x0800acec                DMA1_Stream7_IRQHandler
                0x0800acec                TIM7_IRQHandler
                0x0800acec                CAN2_TX_IRQHandler
                0x0800acec                TIM5_IRQHandler
                0x0800acec                DMA2_Stream7_IRQHandler
                0x0800acec                I2C3_EV_IRQHandler
                0x0800acec                RTC_WKUP_IRQHandler
                0x0800acec                SPDIF_RX_IRQHandler
                0x0800acec                SPI2_IRQHandler
                0x0800acec                OTG_HS_EP1_IN_IRQHandler
                0x0800acec                MemManage_Handler
                0x0800acec                DMA1_Stream0_IRQHandler
                0x0800acec                CAN1_TX_IRQHandler
                0x0800acec                SVC_Handler
                0x0800acec                EXTI4_IRQHandler
                0x0800acec                OTG_HS_EP1_OUT_IRQHandler
                0x0800acec                WWDG_IRQHandler
                0x0800acec                TIM2_IRQHandler
                0x0800acec                OTG_FS_WKUP_IRQHandler
                0x0800acec                TIM1_TRG_COM_TIM11_IRQHandler
                0x0800acec                OTG_HS_IRQHandler
                0x0800acec                EXTI1_IRQHandler
                0x0800acec                USART2_IRQHandler
                0x0800acec                I2C2_ER_IRQHandler
                0x0800acec                DMA2_Stream1_IRQHandler
                0x0800acec                CAN1_SCE_IRQHandler
                0x0800acec                FLASH_IRQHandler
                0x0800acec                DMA2_Stream4_IRQHandler
                0x0800acec                BusFault_Handler
                0x0800acec                USART1_IRQHandler
                0x0800acec                SPI3_IRQHandler
                0x0800acec                DMA1_Stream4_IRQHandler
                0x0800acec                I2C1_ER_IRQHandler
                0x0800acec                FMC_IRQHandler
                0x0800acec                DMA2_Stream6_IRQHandler
                0x0800acec                SAI1_IRQHandler
                0x0800acec                DMA1_Stream3_IRQHandler
                0x0800acec                FMPI2C1_Error_IRQHandler
 *fill*         0x0800acee        0x2 
 .text.__libc_init_array
                0x0800acf0       0x48 c:/program files (x86)/atollic/truestudio for stm32 9.0.1/armtools/bin/../lib/gcc/arm-atollic-eabi/6.3.1/../../../../arm-atollic-eabi/lib/armv7e-m/fpu\libc_nano.a(lib_a-init.o)
                0x0800acf0                __libc_init_array
 .text.malloc   0x0800ad38       0x10 c:/program files (x86)/atollic/truestudio for stm32 9.0.1/armtools/bin/../lib/gcc/arm-atollic-eabi/6.3.1/../../../../arm-atollic-eabi/lib/armv7e-m/fpu\libc_nano.a(lib_a-malloc.o)
                0x0800ad38                malloc
 .text.free     0x0800ad48       0x10 c:/program files (x86)/atollic/truestudio for stm32 9.0.1/armtools/bin/../lib/gcc/arm-atollic-eabi/6.3.1/../../../../arm-atollic-eabi/lib/armv7e-m/fpu\libc_nano.a(lib_a-malloc.o)
                0x0800ad48                free
 .text.memcpy   0x0800ad58       0x16 c:/program files (x86)/atollic/truestudio for stm32 9.0.1/armtools/bin/../lib/gcc/arm-atollic-eabi/6.3.1/../../../../arm-atollic-eabi/lib/armv7e-m/fpu\libc_nano.a(lib_a-memcpy-stub.o)
                0x0800ad58                memcpy
 .text.memset   0x0800ad6e       0x10 c:/program files (x86)/atollic/truestudio for stm32 9.0.1/armtools/bin/../lib/gcc/arm-atollic-eabi/6.3.1/../../../../arm-atollic-eabi/lib/armv7e-m/fpu\libc_nano.a(lib_a-memset.o)
                0x0800ad6e                memset
 *fill*         0x0800ad7e        0x2 
 .text._free_r  0x0800ad80       0x9c c:/program files (x86)/atollic/truestudio for stm32 9.0.1/armtools/bin/../lib/gcc/arm-atollic-eabi/6.3.1/../../../../arm-atollic-eabi/lib/armv7e-m/fpu\libc_nano.a(lib_a-nano-freer.o)
                0x0800ad80                _free_r
 .text._malloc_r
                0x0800ae1c       0xbc c:/program files (x86)/atollic/truestudio for stm32 9.0.1/armtools/bin/../lib/gcc/arm-atollic-eabi/6.3.1/../../../../arm-atollic-eabi/lib/armv7e-m/fpu\libc_nano.a(lib_a-nano-mallocr.o)
                0x0800ae1c                _malloc_r
 .text._sbrk_r  0x0800aed8       0x20 c:/program files (x86)/atollic/truestudio for stm32 9.0.1/armtools/bin/../lib/gcc/arm-atollic-eabi/6.3.1/../../../../arm-atollic-eabi/lib/armv7e-m/fpu\libc_nano.a(lib_a-sbrkr.o)
                0x0800aed8                _sbrk_r
 .text.__malloc_lock
                0x0800aef8        0x2 c:/program files (x86)/atollic/truestudio for stm32 9.0.1/armtools/bin/../lib/gcc/arm-atollic-eabi/6.3.1/../../../../arm-atollic-eabi/lib/armv7e-m/fpu\libc_nano.a(lib_a-mlock.o)
                0x0800aef8                __malloc_lock
 .text.__malloc_unlock
                0x0800aefa        0x2 c:/program files (x86)/atollic/truestudio for stm32 9.0.1/armtools/bin/../lib/gcc/arm-atollic-eabi/6.3.1/../../../../arm-atollic-eabi/lib/armv7e-m/fpu\libc_nano.a(lib_a-mlock.o)
                0x0800aefa                __malloc_unlock
 .text._sbrk    0x0800aefc       0x1c c:/program files (x86)/atollic/truestudio for stm32 9.0.1/armtools/bin/../lib/gcc/arm-atollic-eabi/6.3.1/../../../../arm-atollic-eabi/lib/armv7e-m/fpu\libnosys.a(sbrk.o)
                0x0800aefc                _sbrk
 *(.glue_7)
 .glue_7        0x0800af18        0x0 linker stubs
 *(.glue_7t)
 .glue_7t       0x0800af18        0x0 linker stubs
 *(.eh_frame)
 .eh_frame      0x0800af18        0x0 c:/program files (x86)/atollic/truestudio for stm32 9.0.1/armtools/bin/../lib/gcc/arm-atollic-eabi/6.3.1/armv7e-m/fpu/crtbegin.o
 *(.init)
 .init          0x0800af18        0x4 c:/program files (x86)/atollic/truestudio for stm32 9.0.1/armtools/bin/../lib/gcc/arm-atollic-eabi/6.3.1/armv7e-m/fpu/crti.o
                0x0800af18                _init
 .init          0x0800af1c        0x8 c:/program files (x86)/atollic/truestudio for stm32 9.0.1/armtools/bin/../lib/gcc/arm-atollic-eabi/6.3.1/armv7e-m/fpu/crtn.o
 *(.fini)
 .fini          0x0800af24        0x4 c:/program files (x86)/atollic/truestudio for stm32 9.0.1/armtools/bin/../lib/gcc/arm-atollic-eabi/6.3.1/armv7e-m/fpu/crti.o
                0x0800af24                _fini
 .fini          0x0800af28        0x8 c:/program files (x86)/atollic/truestudio for stm32 9.0.1/armtools/bin/../lib/gcc/arm-atollic-eabi/6.3.1/armv7e-m/fpu/crtn.o
                0x0800af30                . = ALIGN (0x4)
                0x0800af30                _etext = .

.vfp11_veneer   0x0800af30        0x0
 .vfp11_veneer  0x0800af30        0x0 linker stubs

.v4_bx          0x0800af30        0x0
 .v4_bx         0x0800af30        0x0 linker stubs

.iplt           0x0800af30        0x0
 .iplt          0x0800af30        0x0 c:/program files (x86)/atollic/truestudio for stm32 9.0.1/armtools/bin/../lib/gcc/arm-atollic-eabi/6.3.1/armv7e-m/fpu/crtbegin.o

.rodata         0x0800af30      0x1b8
                0x0800af30                . = ALIGN (0x4)
 *(.rodata)
 .rodata        0x0800af30       0x11 Middlewares\ST\STM32_USB_Host_Library\Class\HID\Src\usbh_hid.o
 *fill*         0x0800af41        0x3 
 .rodata        0x0800af44        0x5 Middlewares\ST\STM32_USB_Host_Library\Class\XPAD\Src\usbh_xpad.o
 *fill*         0x0800af49        0x3 
 .rodata        0x0800af4c        0xe Src\main.o
 *fill*         0x0800af5a        0x2 
 .rodata        0x0800af5c       0x13 Src\usbh_conf.o
 *(.rodata*)
 *fill*         0x0800af6f        0x1 
 .rodata.imp_0_ds3_byte
                0x0800af70       0x20 Middlewares\ST\STM32_USB_Host_Library\Class\HID\Src\usbh_hid_ds3.o
 .rodata.imp_0_ds4_byte
                0x0800af90       0x20 Middlewares\ST\STM32_USB_Host_Library\Class\HID\Src\usbh_hid_ds4.o
 .rodata.imp_0_lctrl
                0x0800afb0       0x20 Middlewares\ST\STM32_USB_Host_Library\Class\HID\Src\usbh_hid_keybd.o
 .rodata.imp_0_lshift
                0x0800afd0       0x20 Middlewares\ST\STM32_USB_Host_Library\Class\HID\Src\usbh_hid_keybd.o
 .rodata.imp_0_lalt
                0x0800aff0       0x20 Middlewares\ST\STM32_USB_Host_Library\Class\HID\Src\usbh_hid_keybd.o
 .rodata.imp_0_lgui
                0x0800b010       0x20 Middlewares\ST\STM32_USB_Host_Library\Class\HID\Src\usbh_hid_keybd.o
 .rodata.imp_0_rctrl
                0x0800b030       0x20 Middlewares\ST\STM32_USB_Host_Library\Class\HID\Src\usbh_hid_keybd.o
 .rodata.imp_0_rshift
                0x0800b050       0x20 Middlewares\ST\STM32_USB_Host_Library\Class\HID\Src\usbh_hid_keybd.o
 .rodata.imp_0_ralt
                0x0800b070       0x20 Middlewares\ST\STM32_USB_Host_Library\Class\HID\Src\usbh_hid_keybd.o
 .rodata.imp_0_rgui
                0x0800b090       0x20 Middlewares\ST\STM32_USB_Host_Library\Class\HID\Src\usbh_hid_keybd.o
 .rodata.imp_0_key_array
                0x0800b0b0       0x20 Middlewares\ST\STM32_USB_Host_Library\Class\HID\Src\usbh_hid_keybd.o
 .rodata.AHBPrescTable
                0x0800b0d0       0x10 Src\system_stm32f4xx.o
                0x0800b0d0                AHBPrescTable
 .rodata.APBPrescTable
                0x0800b0e0        0x8 Src\system_stm32f4xx.o
                0x0800b0e0                APBPrescTable
                0x0800b0e8                . = ALIGN (0x4)

.ARM.extab
 *(.ARM.extab* .gnu.linkonce.armextab.*)

.ARM            0x0800b0e8        0x8
                0x0800b0e8                __exidx_start = .
 *(.ARM.exidx*)
 .ARM.exidx     0x0800b0e8        0x8 c:/program files (x86)/atollic/truestudio for stm32 9.0.1/armtools/bin/../lib/gcc/arm-atollic-eabi/6.3.1/armv7e-m/fpu\libgcc.a(_udivmoddi4.o)
                0x0800b0f0                __exidx_end = .

.rel.dyn        0x0800b0f0        0x0
 .rel.iplt      0x0800b0f0        0x0 c:/program files (x86)/atollic/truestudio for stm32 9.0.1/armtools/bin/../lib/gcc/arm-atollic-eabi/6.3.1/armv7e-m/fpu/crtbegin.o

.preinit_array  0x0800b0f0        0x0
                0x0800b0f0                PROVIDE (__preinit_array_start, .)
 *(.preinit_array*)
                0x0800b0f0                PROVIDE (__preinit_array_end, .)

.init_array     0x0800b0f0        0x4
                0x0800b0f0                PROVIDE (__init_array_start, .)
 *(SORT(.init_array.*))
 *(.init_array*)
 .init_array    0x0800b0f0        0x4 c:/program files (x86)/atollic/truestudio for stm32 9.0.1/armtools/bin/../lib/gcc/arm-atollic-eabi/6.3.1/armv7e-m/fpu/crtbegin.o
                0x0800b0f4                PROVIDE (__init_array_end, .)

.fini_array     0x0800b0f4        0x4
                [!provide]                PROVIDE (__fini_array_start, .)
 *(SORT(.fini_array.*))
 *(.fini_array*)
 .fini_array    0x0800b0f4        0x4 c:/program files (x86)/atollic/truestudio for stm32 9.0.1/armtools/bin/../lib/gcc/arm-atollic-eabi/6.3.1/armv7e-m/fpu/crtbegin.o
                [!provide]                PROVIDE (__fini_array_end, .)
                0x0800b0f8                _sidata = LOADADDR (.data)

.data           0x20000000       0xe4 load address 0x0800b0f8
                0x20000000                . = ALIGN (0x4)
                0x20000000                _sdata = .
 *(.data)
 *(.data*)
 .data.uwTickPrio
                0x20000000        0x4 Drivers\STM32F4xx_HAL_Driver\Src\stm32f4xx_hal.o
                0x20000000                uwTickPrio
 .data.uwTickFreq
                0x20000004        0x1 Drivers\STM32F4xx_HAL_Driver\Src\stm32f4xx_hal.o
                0x20000004                uwTickFreq
 *fill*         0x20000005        0x3 
 .data.led_buffer
                0x20000008       0x30 Middlewares\ST\STM32_USB_Host_Library\Class\HID\Src\usbh_hid.o
 .data.HID_Class
                0x20000038       0x20 Middlewares\ST\STM32_USB_Host_Library\Class\HID\Src\usbh_hid.o
                0x20000038                HID_Class
 .data.XPAD_Class
                0x20000058       0x20 Middlewares\ST\STM32_USB_Host_Library\Class\XPAD\Src\usbh_xpad.o
                0x20000058                XPAD_Class
 .data.saveData
                0x20000078        0x4 Src\main.o
                0x20000078                saveData
 .data.SystemCoreClock
                0x2000007c        0x4 Src\system_stm32f4xx.o
                0x2000007c                SystemCoreClock
 .data._impure_ptr
                0x20000080        0x4 c:/program files (x86)/atollic/truestudio for stm32 9.0.1/armtools/bin/../lib/gcc/arm-atollic-eabi/6.3.1/../../../../arm-atollic-eabi/lib/armv7e-m/fpu\libc_nano.a(lib_a-impure.o)
                0x20000080                _impure_ptr
 .data.impure_data
                0x20000084       0x60 c:/program files (x86)/atollic/truestudio for stm32 9.0.1/armtools/bin/../lib/gcc/arm-atollic-eabi/6.3.1/../../../../arm-atollic-eabi/lib/armv7e-m/fpu\libc_nano.a(lib_a-impure.o)
                0x200000e4                . = ALIGN (0x4)
                0x200000e4                _edata = .

.igot.plt       0x200000e4        0x0 load address 0x0800b1dc
 .igot.plt      0x200000e4        0x0 c:/program files (x86)/atollic/truestudio for stm32 9.0.1/armtools/bin/../lib/gcc/arm-atollic-eabi/6.3.1/armv7e-m/fpu/crtbegin.o
                0x200000e4                . = ALIGN (0x4)

.bss            0x200000e4      0xbf4 load address 0x0800b1dc
                0x200000e4                _sbss = .
                0x200000e4                __bss_start__ = _sbss
 *(.bss)
 .bss           0x200000e4       0x1c c:/program files (x86)/atollic/truestudio for stm32 9.0.1/armtools/bin/../lib/gcc/arm-atollic-eabi/6.3.1/armv7e-m/fpu/crtbegin.o
 *(.bss*)
 .bss.keyboardButtonPressed
                0x20000100        0x1 Middlewares\ST\STM32_USB_Host_Library\Class\HID\Src\usbh_hid.o
                0x20000100                keyboardButtonPressed
 .bss.ds3ButtonPressed
                0x20000101        0x1 Middlewares\ST\STM32_USB_Host_Library\Class\HID\Src\usbh_hid.o
                0x20000101                ds3ButtonPressed
 .bss.LSY       0x20000102        0x1 Middlewares\ST\STM32_USB_Host_Library\Class\XPAD\Src\usbh_xpad.o
                0x20000102                LSY
 .bss.LSX       0x20000103        0x1 Middlewares\ST\STM32_USB_Host_Library\Class\XPAD\Src\usbh_xpad.o
                0x20000103                LSX
 .bss.Lt        0x20000104        0x1 Middlewares\ST\STM32_USB_Host_Library\Class\XPAD\Src\usbh_xpad.o
                0x20000104                Lt
 .bss.Rt        0x20000105        0x1 Middlewares\ST\STM32_USB_Host_Library\Class\XPAD\Src\usbh_xpad.o
                0x20000105                Rt
 .bss.serial    0x20000106        0x1 Middlewares\ST\STM32_USB_Host_Library\Class\XPAD\Src\usbh_xpad.o
                0x20000106                serial
 .bss.xpadButtonPressed
                0x20000107        0x1 Middlewares\ST\STM32_USB_Host_Library\Class\XPAD\Src\usbh_xpad.o
                0x20000107                xpadButtonPressed
 .bss.state     0x20000108        0x1 Src\main.o
                0x20000108                state
 .bss.blueButtonPressed
                0x20000109        0x1 Src\main.o
                0x20000109                blueButtonPressed
 .bss.type      0x2000010a        0x1 Src\main.o
                0x2000010a                type
 .bss.Appli_state
                0x2000010b        0x1 Src\usb_host.o
                0x2000010b                Appli_state
 .bss.__malloc_free_list
                0x2000010c        0x4 c:/program files (x86)/atollic/truestudio for stm32 9.0.1/armtools/bin/../lib/gcc/arm-atollic-eabi/6.3.1/../../../../arm-atollic-eabi/lib/armv7e-m/fpu\libc_nano.a(lib_a-nano-mallocr.o)
                0x2000010c                __malloc_free_list
 .bss.__malloc_sbrk_start
                0x20000110        0x4 c:/program files (x86)/atollic/truestudio for stm32 9.0.1/armtools/bin/../lib/gcc/arm-atollic-eabi/6.3.1/../../../../arm-atollic-eabi/lib/armv7e-m/fpu\libc_nano.a(lib_a-nano-mallocr.o)
                0x20000110                __malloc_sbrk_start
 .bss.heap_end.5239
                0x20000114        0x4 c:/program files (x86)/atollic/truestudio for stm32 9.0.1/armtools/bin/../lib/gcc/arm-atollic-eabi/6.3.1/../../../../arm-atollic-eabi/lib/armv7e-m/fpu\libnosys.a(sbrk.o)
 *(COMMON)
 COMMON         0x20000118        0x4 Drivers\STM32F4xx_HAL_Driver\Src\stm32f4xx_hal.o
                0x20000118                uwTick
 COMMON         0x2000011c       0x20 Drivers\STM32F4xx_HAL_Driver\Src\stm32f4xx_hal_flash.o
                0x2000011c                pFlash
 COMMON         0x2000013c       0x32 Middlewares\ST\STM32_USB_Host_Library\Class\HID\Src\usbh_hid.o
                0x2000013c                stick_ly
                0x2000013e                trigger_l
                0x20000140                stick_ry
                0x20000142                stick_lx
                0x20000144                buttons
                0x20000148                trigger_r
                0x2000014c                report
                0x2000016c                stick_rx
 *fill*         0x2000016e        0x2 
 COMMON         0x20000170       0x60 Middlewares\ST\STM32_USB_Host_Library\Class\HID\Src\usbh_hid_ds3.o
                0x20000170                ds3_report_data
                0x200001a0                ds3_data
 COMMON         0x200001d0       0x80 Middlewares\ST\STM32_USB_Host_Library\Class\HID\Src\usbh_hid_ds4.o
                0x200001d0                ds4_data
                0x20000210                ds4_report_data
 COMMON         0x20000250       0x17 Middlewares\ST\STM32_USB_Host_Library\Class\HID\Src\usbh_hid_keybd.o
                0x20000250                keybd_report_data
                0x20000258                keybd_info
 *fill*         0x20000267        0x1 
 COMMON         0x20000268        0xc Middlewares\ST\STM32_USB_Host_Library\Class\HID\Src\usbh_hid_mouse.o
                0x20000268                mouse_info
                0x20000270                mouse_report_data
 COMMON         0x20000274       0xc8 Src\main.o
                0x20000274                controls
                0x200002f8                n64_data
                0x200002fc                huart2
 COMMON         0x2000033c      0x700 Src\usb_host.o
                0x2000033c                hUsbHostFS
 COMMON         0x20000a3c      0x298 Src\usbh_conf.o
                0x20000a3c                hhcd_USB_OTG_FS
 COMMON         0x20000cd4        0x4 c:/program files (x86)/atollic/truestudio for stm32 9.0.1/armtools/bin/../lib/gcc/arm-atollic-eabi/6.3.1/../../../../arm-atollic-eabi/lib/armv7e-m/fpu\libc_nano.a(lib_a-reent.o)
                0x20000cd4                errno
                0x20000cd8                . = ALIGN (0x4)
                0x20000cd8                _ebss = .
                0x20000cd8                __bss_end__ = _ebss

._user_heap_stack
                0x20000cd8      0x600 load address 0x0800b1dc
                0x20000cd8                . = ALIGN (0x4)
                0x20000cd8                PROVIDE (end, .)
                [!provide]                PROVIDE (_end, .)
                0x20000ed8                . = (. + _Min_Heap_Size)
 *fill*         0x20000cd8      0x200 
                0x200012d8                . = (. + _Min_Stack_Size)
 *fill*         0x20000ed8      0x400 
                0x200012d8                . = ALIGN (0x4)

/DISCARD/
 libc.a(*)
 libm.a(*)
 libgcc.a(*)

.ARM.attributes
                0x00000000       0x30
 *(.ARM.attributes)
 .ARM.attributes
                0x00000000       0x22 c:/program files (x86)/atollic/truestudio for stm32 9.0.1/armtools/bin/../lib/gcc/arm-atollic-eabi/6.3.1/armv7e-m/fpu/crti.o
 .ARM.attributes
                0x00000022       0x34 c:/program files (x86)/atollic/truestudio for stm32 9.0.1/armtools/bin/../lib/gcc/arm-atollic-eabi/6.3.1/armv7e-m/fpu/crtbegin.o
 .ARM.attributes
                0x00000056       0x39 Drivers\STM32F4xx_HAL_Driver\Src\stm32f4xx_hal.o
 .ARM.attributes
                0x0000008f       0x39 Drivers\STM32F4xx_HAL_Driver\Src\stm32f4xx_hal_cortex.o
 .ARM.attributes
                0x000000c8       0x39 Drivers\STM32F4xx_HAL_Driver\Src\stm32f4xx_hal_flash.o
 .ARM.attributes
                0x00000101       0x39 Drivers\STM32F4xx_HAL_Driver\Src\stm32f4xx_hal_flash_ex.o
 .ARM.attributes
                0x0000013a       0x39 Drivers\STM32F4xx_HAL_Driver\Src\stm32f4xx_hal_gpio.o
 .ARM.attributes
                0x00000173       0x39 Drivers\STM32F4xx_HAL_Driver\Src\stm32f4xx_hal_hcd.o
 .ARM.attributes
                0x000001ac       0x39 Drivers\STM32F4xx_HAL_Driver\Src\stm32f4xx_hal_rcc.o
 .ARM.attributes
                0x000001e5       0x39 Drivers\STM32F4xx_HAL_Driver\Src\stm32f4xx_hal_rcc_ex.o
 .ARM.attributes
                0x0000021e       0x39 Drivers\STM32F4xx_HAL_Driver\Src\stm32f4xx_hal_uart.o
 .ARM.attributes
                0x00000257       0x39 Drivers\STM32F4xx_HAL_Driver\Src\stm32f4xx_ll_usb.o
 .ARM.attributes
                0x00000290       0x39 Middlewares\ST\STM32_USB_Host_Library\Class\HID\Src\usbh_hid.o
 .ARM.attributes
                0x000002c9       0x39 Middlewares\ST\STM32_USB_Host_Library\Class\HID\Src\usbh_hid_ds3.o
 .ARM.attributes
                0x00000302       0x39 Middlewares\ST\STM32_USB_Host_Library\Class\HID\Src\usbh_hid_ds4.o
 .ARM.attributes
                0x0000033b       0x39 Middlewares\ST\STM32_USB_Host_Library\Class\HID\Src\usbh_hid_keybd.o
 .ARM.attributes
                0x00000374       0x39 Middlewares\ST\STM32_USB_Host_Library\Class\HID\Src\usbh_hid_mouse.o
 .ARM.attributes
                0x000003ad       0x39 Middlewares\ST\STM32_USB_Host_Library\Class\HID\Src\usbh_hid_parser.o
 .ARM.attributes
                0x000003e6       0x39 Middlewares\ST\STM32_USB_Host_Library\Class\XPAD\Src\usbh_xpad.o
 .ARM.attributes
                0x0000041f       0x39 Middlewares\ST\STM32_USB_Host_Library\Core\Src\usbh_core.o
 .ARM.attributes
                0x00000458       0x39 Middlewares\ST\STM32_USB_Host_Library\Core\Src\usbh_ctlreq.o
 .ARM.attributes
                0x00000491       0x39 Middlewares\ST\STM32_USB_Host_Library\Core\Src\usbh_ioreq.o
 .ARM.attributes
                0x000004ca       0x39 Middlewares\ST\STM32_USB_Host_Library\Core\Src\usbh_pipes.o
 .ARM.attributes
                0x00000503       0x39 Src\main.o
 .ARM.attributes
                0x0000053c       0x25 Src\my_wait_us_asm.o
 .ARM.attributes
                0x00000561       0x39 Src\stm32f4xx_hal_msp.o
 .ARM.attributes
                0x0000059a       0x39 Src\stm32f4xx_it.o
 .ARM.attributes
                0x000005d3       0x39 Src\system_stm32f4xx.o
 .ARM.attributes
                0x0000060c       0x39 Src\usb_host.o
 .ARM.attributes
                0x00000645       0x39 Src\usbh_conf.o
 .ARM.attributes
                0x0000067e       0x21 startup\startup_stm32f446xx.o
 .ARM.attributes
                0x0000069f       0x34 c:/program files (x86)/atollic/truestudio for stm32 9.0.1/armtools/bin/../lib/gcc/arm-atollic-eabi/6.3.1/../../../../arm-atollic-eabi/lib/armv7e-m/fpu\libc_nano.a(lib_a-init.o)
 .ARM.attributes
                0x000006d3       0x34 c:/program files (x86)/atollic/truestudio for stm32 9.0.1/armtools/bin/../lib/gcc/arm-atollic-eabi/6.3.1/../../../../arm-atollic-eabi/lib/armv7e-m/fpu\libc_nano.a(lib_a-malloc.o)
 .ARM.attributes
                0x00000707       0x34 c:/program files (x86)/atollic/truestudio for stm32 9.0.1/armtools/bin/../lib/gcc/arm-atollic-eabi/6.3.1/../../../../arm-atollic-eabi/lib/armv7e-m/fpu\libc_nano.a(lib_a-memcpy-stub.o)
 .ARM.attributes
                0x0000073b       0x34 c:/program files (x86)/atollic/truestudio for stm32 9.0.1/armtools/bin/../lib/gcc/arm-atollic-eabi/6.3.1/../../../../arm-atollic-eabi/lib/armv7e-m/fpu\libc_nano.a(lib_a-memset.o)
 .ARM.attributes
                0x0000076f       0x34 c:/program files (x86)/atollic/truestudio for stm32 9.0.1/armtools/bin/../lib/gcc/arm-atollic-eabi/6.3.1/../../../../arm-atollic-eabi/lib/armv7e-m/fpu\libc_nano.a(lib_a-nano-freer.o)
 .ARM.attributes
                0x000007a3       0x34 c:/program files (x86)/atollic/truestudio for stm32 9.0.1/armtools/bin/../lib/gcc/arm-atollic-eabi/6.3.1/../../../../arm-atollic-eabi/lib/armv7e-m/fpu\libc_nano.a(lib_a-nano-mallocr.o)
 .ARM.attributes
                0x000007d7       0x34 c:/program files (x86)/atollic/truestudio for stm32 9.0.1/armtools/bin/../lib/gcc/arm-atollic-eabi/6.3.1/../../../../arm-atollic-eabi/lib/armv7e-m/fpu\libc_nano.a(lib_a-sbrkr.o)
 .ARM.attributes
                0x0000080b       0x34 c:/program files (x86)/atollic/truestudio for stm32 9.0.1/armtools/bin/../lib/gcc/arm-atollic-eabi/6.3.1/../../../../arm-atollic-eabi/lib/armv7e-m/fpu\libc_nano.a(lib_a-impure.o)
 .ARM.attributes
                0x0000083f       0x34 c:/program files (x86)/atollic/truestudio for stm32 9.0.1/armtools/bin/../lib/gcc/arm-atollic-eabi/6.3.1/../../../../arm-atollic-eabi/lib/armv7e-m/fpu\libc_nano.a(lib_a-mlock.o)
 .ARM.attributes
                0x00000873       0x34 c:/program files (x86)/atollic/truestudio for stm32 9.0.1/armtools/bin/../lib/gcc/arm-atollic-eabi/6.3.1/../../../../arm-atollic-eabi/lib/armv7e-m/fpu\libc_nano.a(lib_a-reent.o)
 .ARM.attributes
                0x000008a7       0x22 c:/program files (x86)/atollic/truestudio for stm32 9.0.1/armtools/bin/../lib/gcc/arm-atollic-eabi/6.3.1/armv7e-m/fpu\libgcc.a(_aeabi_uldivmod.o)
 .ARM.attributes
                0x000008c9       0x34 c:/program files (x86)/atollic/truestudio for stm32 9.0.1/armtools/bin/../lib/gcc/arm-atollic-eabi/6.3.1/armv7e-m/fpu\libgcc.a(_udivmoddi4.o)
 .ARM.attributes
                0x000008fd       0x22 c:/program files (x86)/atollic/truestudio for stm32 9.0.1/armtools/bin/../lib/gcc/arm-atollic-eabi/6.3.1/armv7e-m/fpu\libgcc.a(_dvmd_tls.o)
 .ARM.attributes
                0x0000091f       0x34 c:/program files (x86)/atollic/truestudio for stm32 9.0.1/armtools/bin/../lib/gcc/arm-atollic-eabi/6.3.1/../../../../arm-atollic-eabi/lib/armv7e-m/fpu\libnosys.a(sbrk.o)
 .ARM.attributes
                0x00000953       0x22 c:/program files (x86)/atollic/truestudio for stm32 9.0.1/armtools/bin/../lib/gcc/arm-atollic-eabi/6.3.1/armv7e-m/fpu/crtn.o
OUTPUT(USBtoN64v2.elf elf32-littlearm)

.debug_info     0x00000000    0x252d5
 .debug_info    0x00000000     0x1170 Drivers\STM32F4xx_HAL_Driver\Src\stm32f4xx_hal.o
 .debug_info    0x00001170     0x1600 Drivers\STM32F4xx_HAL_Driver\Src\stm32f4xx_hal_cortex.o
 .debug_info    0x00002770      0xdc4 Drivers\STM32F4xx_HAL_Driver\Src\stm32f4xx_hal_flash.o
 .debug_info    0x00003534     0x1043 Drivers\STM32F4xx_HAL_Driver\Src\stm32f4xx_hal_flash_ex.o
 .debug_info    0x00004577      0xfc4 Drivers\STM32F4xx_HAL_Driver\Src\stm32f4xx_hal_gpio.o
 .debug_info    0x0000553b     0x1571 Drivers\STM32F4xx_HAL_Driver\Src\stm32f4xx_hal_hcd.o
 .debug_info    0x00006aac     0x10f6 Drivers\STM32F4xx_HAL_Driver\Src\stm32f4xx_hal_rcc.o
 .debug_info    0x00007ba2     0x1195 Drivers\STM32F4xx_HAL_Driver\Src\stm32f4xx_hal_rcc_ex.o
 .debug_info    0x00008d37     0x19dd Drivers\STM32F4xx_HAL_Driver\Src\stm32f4xx_hal_uart.o
 .debug_info    0x0000a714     0x1ce0 Drivers\STM32F4xx_HAL_Driver\Src\stm32f4xx_ll_usb.o
 .debug_info    0x0000c3f4     0x271f Middlewares\ST\STM32_USB_Host_Library\Class\HID\Src\usbh_hid.o
 .debug_info    0x0000eb13     0x1787 Middlewares\ST\STM32_USB_Host_Library\Class\HID\Src\usbh_hid_ds3.o
 .debug_info    0x0001029a     0x178b Middlewares\ST\STM32_USB_Host_Library\Class\HID\Src\usbh_hid_ds4.o
 .debug_info    0x00011a25     0x16b9 Middlewares\ST\STM32_USB_Host_Library\Class\HID\Src\usbh_hid_keybd.o
 .debug_info    0x000130de     0x1567 Middlewares\ST\STM32_USB_Host_Library\Class\HID\Src\usbh_hid_mouse.o
 .debug_info    0x00014645     0x12b5 Middlewares\ST\STM32_USB_Host_Library\Class\HID\Src\usbh_hid_parser.o
 .debug_info    0x000158fa     0x1d3c Middlewares\ST\STM32_USB_Host_Library\Class\XPAD\Src\usbh_xpad.o
 .debug_info    0x00017636     0x1591 Middlewares\ST\STM32_USB_Host_Library\Core\Src\usbh_core.o
 .debug_info    0x00018bc7     0x16a4 Middlewares\ST\STM32_USB_Host_Library\Core\Src\usbh_ctlreq.o
 .debug_info    0x0001a26b     0x1431 Middlewares\ST\STM32_USB_Host_Library\Core\Src\usbh_ioreq.o
 .debug_info    0x0001b69c     0x1274 Middlewares\ST\STM32_USB_Host_Library\Core\Src\usbh_pipes.o
 .debug_info    0x0001c910     0x260b Src\main.o
 .debug_info    0x0001ef1b       0x5b Src\my_wait_us_asm.o
 .debug_info    0x0001ef76     0x1354 Src\stm32f4xx_hal_msp.o
 .debug_info    0x000202ca      0xe8c Src\stm32f4xx_it.o
 .debug_info    0x00021156      0xd4b Src\system_stm32f4xx.o
 .debug_info    0x00021ea1     0x1280 Src\usb_host.o
 .debug_info    0x00023121     0x2154 Src\usbh_conf.o
 .debug_info    0x00025275       0x60 startup\startup_stm32f446xx.o

.debug_abbrev   0x00000000     0x4b03
 .debug_abbrev  0x00000000      0x280 Drivers\STM32F4xx_HAL_Driver\Src\stm32f4xx_hal.o
 .debug_abbrev  0x00000280      0x371 Drivers\STM32F4xx_HAL_Driver\Src\stm32f4xx_hal_cortex.o
 .debug_abbrev  0x000005f1      0x2df Drivers\STM32F4xx_HAL_Driver\Src\stm32f4xx_hal_flash.o
 .debug_abbrev  0x000008d0      0x2ce Drivers\STM32F4xx_HAL_Driver\Src\stm32f4xx_hal_flash_ex.o
 .debug_abbrev  0x00000b9e      0x24c Drivers\STM32F4xx_HAL_Driver\Src\stm32f4xx_hal_gpio.o
 .debug_abbrev  0x00000dea      0x2c2 Drivers\STM32F4xx_HAL_Driver\Src\stm32f4xx_hal_hcd.o
 .debug_abbrev  0x000010ac      0x2c8 Drivers\STM32F4xx_HAL_Driver\Src\stm32f4xx_hal_rcc.o
 .debug_abbrev  0x00001374      0x23f Drivers\STM32F4xx_HAL_Driver\Src\stm32f4xx_hal_rcc_ex.o
 .debug_abbrev  0x000015b3      0x2bd Drivers\STM32F4xx_HAL_Driver\Src\stm32f4xx_hal_uart.o
 .debug_abbrev  0x00001870      0x2c8 Drivers\STM32F4xx_HAL_Driver\Src\stm32f4xx_ll_usb.o
 .debug_abbrev  0x00001b38      0x403 Middlewares\ST\STM32_USB_Host_Library\Class\HID\Src\usbh_hid.o
 .debug_abbrev  0x00001f3b      0x2e2 Middlewares\ST\STM32_USB_Host_Library\Class\HID\Src\usbh_hid_ds3.o
 .debug_abbrev  0x0000221d      0x2f5 Middlewares\ST\STM32_USB_Host_Library\Class\HID\Src\usbh_hid_ds4.o
 .debug_abbrev  0x00002512      0x2bb Middlewares\ST\STM32_USB_Host_Library\Class\HID\Src\usbh_hid_keybd.o
 .debug_abbrev  0x000027cd      0x281 Middlewares\ST\STM32_USB_Host_Library\Class\HID\Src\usbh_hid_mouse.o
 .debug_abbrev  0x00002a4e      0x26e Middlewares\ST\STM32_USB_Host_Library\Class\HID\Src\usbh_hid_parser.o
 .debug_abbrev  0x00002cbc      0x37b Middlewares\ST\STM32_USB_Host_Library\Class\XPAD\Src\usbh_xpad.o
 .debug_abbrev  0x00003037      0x34c Middlewares\ST\STM32_USB_Host_Library\Core\Src\usbh_core.o
 .debug_abbrev  0x00003383      0x305 Middlewares\ST\STM32_USB_Host_Library\Core\Src\usbh_ctlreq.o
 .debug_abbrev  0x00003688      0x263 Middlewares\ST\STM32_USB_Host_Library\Core\Src\usbh_ioreq.o
 .debug_abbrev  0x000038eb      0x29b Middlewares\ST\STM32_USB_Host_Library\Core\Src\usbh_pipes.o
 .debug_abbrev  0x00003b86      0x403 Src\main.o
 .debug_abbrev  0x00003f89       0x14 Src\my_wait_us_asm.o
 .debug_abbrev  0x00003f9d      0x1f2 Src\stm32f4xx_hal_msp.o
 .debug_abbrev  0x0000418f      0x200 Src\stm32f4xx_it.o
 .debug_abbrev  0x0000438f      0x1ca Src\system_stm32f4xx.o
 .debug_abbrev  0x00004559      0x261 Src\usb_host.o
 .debug_abbrev  0x000047ba      0x337 Src\usbh_conf.o
 .debug_abbrev  0x00004af1       0x12 startup\startup_stm32f446xx.o

.debug_aranges  0x00000000      0xf70
 .debug_aranges
                0x00000000       0xe0 Drivers\STM32F4xx_HAL_Driver\Src\stm32f4xx_hal.o
 .debug_aranges
                0x000000e0      0x118 Drivers\STM32F4xx_HAL_Driver\Src\stm32f4xx_hal_cortex.o
 .debug_aranges
                0x000001f8       0xa0 Drivers\STM32F4xx_HAL_Driver\Src\stm32f4xx_hal_flash.o
 .debug_aranges
                0x00000298       0xc8 Drivers\STM32F4xx_HAL_Driver\Src\stm32f4xx_hal_flash_ex.o
 .debug_aranges
                0x00000360       0x58 Drivers\STM32F4xx_HAL_Driver\Src\stm32f4xx_hal_gpio.o
 .debug_aranges
                0x000003b8       0xe0 Drivers\STM32F4xx_HAL_Driver\Src\stm32f4xx_hal_hcd.o
 .debug_aranges
                0x00000498       0x88 Drivers\STM32F4xx_HAL_Driver\Src\stm32f4xx_hal_rcc.o
 .debug_aranges
                0x00000520       0x78 Drivers\STM32F4xx_HAL_Driver\Src\stm32f4xx_hal_rcc_ex.o
 .debug_aranges
                0x00000598      0x1d0 Drivers\STM32F4xx_HAL_Driver\Src\stm32f4xx_hal_uart.o
 .debug_aranges
                0x00000768      0x180 Drivers\STM32F4xx_HAL_Driver\Src\stm32f4xx_ll_usb.o
 .debug_aranges
                0x000008e8       0xb0 Middlewares\ST\STM32_USB_Host_Library\Class\HID\Src\usbh_hid.o
 .debug_aranges
                0x00000998       0x38 Middlewares\ST\STM32_USB_Host_Library\Class\HID\Src\usbh_hid_ds3.o
 .debug_aranges
                0x000009d0       0x38 Middlewares\ST\STM32_USB_Host_Library\Class\HID\Src\usbh_hid_ds4.o
 .debug_aranges
                0x00000a08       0x38 Middlewares\ST\STM32_USB_Host_Library\Class\HID\Src\usbh_hid_keybd.o
 .debug_aranges
                0x00000a40       0x30 Middlewares\ST\STM32_USB_Host_Library\Class\HID\Src\usbh_hid_mouse.o
 .debug_aranges
                0x00000a70       0x28 Middlewares\ST\STM32_USB_Host_Library\Class\HID\Src\usbh_hid_parser.o
 .debug_aranges
                0x00000a98       0x78 Middlewares\ST\STM32_USB_Host_Library\Class\XPAD\Src\usbh_xpad.o
 .debug_aranges
                0x00000b10       0xa8 Middlewares\ST\STM32_USB_Host_Library\Core\Src\usbh_core.o
 .debug_aranges
                0x00000bb8       0x98 Middlewares\ST\STM32_USB_Host_Library\Core\Src\usbh_ctlreq.o
 .debug_aranges
                0x00000c50       0x60 Middlewares\ST\STM32_USB_Host_Library\Core\Src\usbh_ioreq.o
 .debug_aranges
                0x00000cb0       0x40 Middlewares\ST\STM32_USB_Host_Library\Core\Src\usbh_pipes.o
 .debug_aranges
                0x00000cf0       0xc0 Src\main.o
 .debug_aranges
                0x00000db0       0x20 Src\my_wait_us_asm.o
 .debug_aranges
                0x00000dd0       0x30 Src\stm32f4xx_hal_msp.o
 .debug_aranges
                0x00000e00       0x30 Src\stm32f4xx_it.o
 .debug_aranges
                0x00000e30       0x28 Src\system_stm32f4xx.o
 .debug_aranges
                0x00000e58       0x30 Src\usb_host.o
 .debug_aranges
                0x00000e88       0xc0 Src\usbh_conf.o
 .debug_aranges
                0x00000f48       0x28 startup\startup_stm32f446xx.o

.debug_ranges   0x00000000      0xec0
 .debug_ranges  0x00000000       0xd0 Drivers\STM32F4xx_HAL_Driver\Src\stm32f4xx_hal.o
 .debug_ranges  0x000000d0      0x108 Drivers\STM32F4xx_HAL_Driver\Src\stm32f4xx_hal_cortex.o
 .debug_ranges  0x000001d8       0x90 Drivers\STM32F4xx_HAL_Driver\Src\stm32f4xx_hal_flash.o
 .debug_ranges  0x00000268       0xb8 Drivers\STM32F4xx_HAL_Driver\Src\stm32f4xx_hal_flash_ex.o
 .debug_ranges  0x00000320       0x48 Drivers\STM32F4xx_HAL_Driver\Src\stm32f4xx_hal_gpio.o
 .debug_ranges  0x00000368       0xd0 Drivers\STM32F4xx_HAL_Driver\Src\stm32f4xx_hal_hcd.o
 .debug_ranges  0x00000438       0x78 Drivers\STM32F4xx_HAL_Driver\Src\stm32f4xx_hal_rcc.o
 .debug_ranges  0x000004b0       0x68 Drivers\STM32F4xx_HAL_Driver\Src\stm32f4xx_hal_rcc_ex.o
 .debug_ranges  0x00000518      0x1c0 Drivers\STM32F4xx_HAL_Driver\Src\stm32f4xx_hal_uart.o
 .debug_ranges  0x000006d8      0x170 Drivers\STM32F4xx_HAL_Driver\Src\stm32f4xx_ll_usb.o
 .debug_ranges  0x00000848      0x1c8 Middlewares\ST\STM32_USB_Host_Library\Class\HID\Src\usbh_hid.o
 .debug_ranges  0x00000a10       0x28 Middlewares\ST\STM32_USB_Host_Library\Class\HID\Src\usbh_hid_ds3.o
 .debug_ranges  0x00000a38       0x28 Middlewares\ST\STM32_USB_Host_Library\Class\HID\Src\usbh_hid_ds4.o
 .debug_ranges  0x00000a60       0x28 Middlewares\ST\STM32_USB_Host_Library\Class\HID\Src\usbh_hid_keybd.o
 .debug_ranges  0x00000a88       0x20 Middlewares\ST\STM32_USB_Host_Library\Class\HID\Src\usbh_hid_mouse.o
 .debug_ranges  0x00000aa8       0x18 Middlewares\ST\STM32_USB_Host_Library\Class\HID\Src\usbh_hid_parser.o
 .debug_ranges  0x00000ac0       0x68 Middlewares\ST\STM32_USB_Host_Library\Class\XPAD\Src\usbh_xpad.o
 .debug_ranges  0x00000b28       0x98 Middlewares\ST\STM32_USB_Host_Library\Core\Src\usbh_core.o
 .debug_ranges  0x00000bc0       0x88 Middlewares\ST\STM32_USB_Host_Library\Core\Src\usbh_ctlreq.o
 .debug_ranges  0x00000c48       0x50 Middlewares\ST\STM32_USB_Host_Library\Core\Src\usbh_ioreq.o
 .debug_ranges  0x00000c98       0x30 Middlewares\ST\STM32_USB_Host_Library\Core\Src\usbh_pipes.o
 .debug_ranges  0x00000cc8       0xb0 Src\main.o
 .debug_ranges  0x00000d78       0x20 Src\stm32f4xx_hal_msp.o
 .debug_ranges  0x00000d98       0x20 Src\stm32f4xx_it.o
 .debug_ranges  0x00000db8       0x18 Src\system_stm32f4xx.o
 .debug_ranges  0x00000dd0       0x20 Src\usb_host.o
 .debug_ranges  0x00000df0       0xb0 Src\usbh_conf.o
 .debug_ranges  0x00000ea0       0x20 startup\startup_stm32f446xx.o

.debug_line     0x00000000     0x91d9
 .debug_line    0x00000000      0x491 Drivers\STM32F4xx_HAL_Driver\Src\stm32f4xx_hal.o
 .debug_line    0x00000491      0x5c9 Drivers\STM32F4xx_HAL_Driver\Src\stm32f4xx_hal_cortex.o
 .debug_line    0x00000a5a      0x498 Drivers\STM32F4xx_HAL_Driver\Src\stm32f4xx_hal_flash.o
 .debug_line    0x00000ef2      0x52f Drivers\STM32F4xx_HAL_Driver\Src\stm32f4xx_hal_flash_ex.o
 .debug_line    0x00001421      0x483 Drivers\STM32F4xx_HAL_Driver\Src\stm32f4xx_hal_gpio.o
 .debug_line    0x000018a4      0x6f9 Drivers\STM32F4xx_HAL_Driver\Src\stm32f4xx_hal_hcd.o
 .debug_line    0x00001f9d      0x530 Drivers\STM32F4xx_HAL_Driver\Src\stm32f4xx_hal_rcc.o
 .debug_line    0x000024cd      0x6ca Drivers\STM32F4xx_HAL_Driver\Src\stm32f4xx_hal_rcc_ex.o
 .debug_line    0x00002b97      0xbb1 Drivers\STM32F4xx_HAL_Driver\Src\stm32f4xx_hal_uart.o
 .debug_line    0x00003748      0x927 Drivers\STM32F4xx_HAL_Driver\Src\stm32f4xx_ll_usb.o
 .debug_line    0x0000406f      0xa38 Middlewares\ST\STM32_USB_Host_Library\Class\HID\Src\usbh_hid.o
 .debug_line    0x00004aa7      0x3e5 Middlewares\ST\STM32_USB_Host_Library\Class\HID\Src\usbh_hid_ds3.o
 .debug_line    0x00004e8c      0x41e Middlewares\ST\STM32_USB_Host_Library\Class\HID\Src\usbh_hid_ds4.o
 .debug_line    0x000052aa      0x403 Middlewares\ST\STM32_USB_Host_Library\Class\HID\Src\usbh_hid_keybd.o
 .debug_line    0x000056ad      0x3c2 Middlewares\ST\STM32_USB_Host_Library\Class\HID\Src\usbh_hid_mouse.o
 .debug_line    0x00005a6f      0x403 Middlewares\ST\STM32_USB_Host_Library\Class\HID\Src\usbh_hid_parser.o
 .debug_line    0x00005e72      0x696 Middlewares\ST\STM32_USB_Host_Library\Class\XPAD\Src\usbh_xpad.o
 .debug_line    0x00006508      0x5cd Middlewares\ST\STM32_USB_Host_Library\Core\Src\usbh_core.o
 .debug_line    0x00006ad5      0x577 Middlewares\ST\STM32_USB_Host_Library\Core\Src\usbh_ctlreq.o
 .debug_line    0x0000704c      0x3b7 Middlewares\ST\STM32_USB_Host_Library\Core\Src\usbh_ioreq.o
 .debug_line    0x00007403      0x36f Middlewares\ST\STM32_USB_Host_Library\Core\Src\usbh_pipes.o
 .debug_line    0x00007772      0x761 Src\main.o
 .debug_line    0x00007ed3       0xed Src\my_wait_us_asm.o
 .debug_line    0x00007fc0      0x2fb Src\stm32f4xx_hal_msp.o
 .debug_line    0x000082bb      0x2fc Src\stm32f4xx_it.o
 .debug_line    0x000085b7      0x270 Src\system_stm32f4xx.o
 .debug_line    0x00008827      0x3b3 Src\usb_host.o
 .debug_line    0x00008bda      0x580 Src\usbh_conf.o
 .debug_line    0x0000915a       0x7f startup\startup_stm32f446xx.o

.debug_str      0x00000000     0x5af4
 .debug_str     0x00000000      0xee2 Drivers\STM32F4xx_HAL_Driver\Src\stm32f4xx_hal.o
                                0xfc3 (size before relaxing)
 .debug_str     0x00000ee2      0x408 Drivers\STM32F4xx_HAL_Driver\Src\stm32f4xx_hal_cortex.o
                               0x10ba (size before relaxing)
 .debug_str     0x000012ea      0x2c1 Drivers\STM32F4xx_HAL_Driver\Src\stm32f4xx_hal_flash.o
                                0x982 (size before relaxing)
 .debug_str     0x000015ab      0x31d Drivers\STM32F4xx_HAL_Driver\Src\stm32f4xx_hal_flash_ex.o
                                0xac1 (size before relaxing)
 .debug_str     0x000018c8      0x1cd Drivers\STM32F4xx_HAL_Driver\Src\stm32f4xx_hal_gpio.o
                                0x974 (size before relaxing)
 .debug_str     0x00001a95      0x729 Drivers\STM32F4xx_HAL_Driver\Src\stm32f4xx_hal_hcd.o
                                0xe1d (size before relaxing)
 .debug_str     0x000021be      0x2e3 Drivers\STM32F4xx_HAL_Driver\Src\stm32f4xx_hal_rcc.o
                                0xb25 (size before relaxing)
 .debug_str     0x000024a1      0x347 Drivers\STM32F4xx_HAL_Driver\Src\stm32f4xx_hal_rcc_ex.o
                                0xc36 (size before relaxing)
 .debug_str     0x000027e8      0x8c2 Drivers\STM32F4xx_HAL_Driver\Src\stm32f4xx_hal_uart.o
                                0xfeb (size before relaxing)
 .debug_str     0x000030aa      0x57f Drivers\STM32F4xx_HAL_Driver\Src\stm32f4xx_ll_usb.o
                               0x102e (size before relaxing)
 .debug_str     0x00003629     0x1277 Middlewares\ST\STM32_USB_Host_Library\Class\HID\Src\usbh_hid.o
                               0x1a4e (size before relaxing)
 .debug_str     0x000048a0      0x11c Middlewares\ST\STM32_USB_Host_Library\Class\HID\Src\usbh_hid_ds3.o
                               0x12a5 (size before relaxing)
 .debug_str     0x000049bc      0x169 Middlewares\ST\STM32_USB_Host_Library\Class\HID\Src\usbh_hid_ds4.o
                               0x12c2 (size before relaxing)
 .debug_str     0x00004b25      0x15b Middlewares\ST\STM32_USB_Host_Library\Class\HID\Src\usbh_hid_keybd.o
                               0x1214 (size before relaxing)
 .debug_str     0x00004c80       0xf0 Middlewares\ST\STM32_USB_Host_Library\Class\HID\Src\usbh_hid_mouse.o
                               0x115d (size before relaxing)
 .debug_str     0x00004d70       0x6e Middlewares\ST\STM32_USB_Host_Library\Class\HID\Src\usbh_hid_parser.o
                                0xea6 (size before relaxing)
 .debug_str     0x00004dde      0x316 Middlewares\ST\STM32_USB_Host_Library\Class\XPAD\Src\usbh_xpad.o
                               0x1621 (size before relaxing)
 .debug_str     0x000050f4      0x1d2 Middlewares\ST\STM32_USB_Host_Library\Core\Src\usbh_core.o
                                0xfe4 (size before relaxing)
 .debug_str     0x000052c6      0x232 Middlewares\ST\STM32_USB_Host_Library\Core\Src\usbh_ctlreq.o
                               0x108c (size before relaxing)
 .debug_str     0x000054f8       0xfe Middlewares\ST\STM32_USB_Host_Library\Core\Src\usbh_ioreq.o
                                0xf07 (size before relaxing)
 .debug_str     0x000055f6       0x8f Middlewares\ST\STM32_USB_Host_Library\Core\Src\usbh_pipes.o
                                0xe8c (size before relaxing)
 .debug_str     0x00005685      0x1a5 Src\main.o
                               0x2060 (size before relaxing)
 .debug_str     0x0000582a       0x1b Src\stm32f4xx_hal_msp.o
                               0x1118 (size before relaxing)
 .debug_str     0x00005845       0x5b Src\stm32f4xx_it.o
                                0xab6 (size before relaxing)
 .debug_str     0x000058a0       0x45 Src\system_stm32f4xx.o
                                0x7d8 (size before relaxing)
 .debug_str     0x000058e5       0xbe Src\usb_host.o
                                0xefe (size before relaxing)
 .debug_str     0x000059a3      0x151 Src\usbh_conf.o
                               0x1bcf (size before relaxing)

.comment        0x00000000       0x7c
 .comment       0x00000000       0x7c Drivers\STM32F4xx_HAL_Driver\Src\stm32f4xx_hal.o
                                 0x7d (size before relaxing)
 .comment       0x0000007c       0x7d Drivers\STM32F4xx_HAL_Driver\Src\stm32f4xx_hal_cortex.o
 .comment       0x0000007c       0x7d Drivers\STM32F4xx_HAL_Driver\Src\stm32f4xx_hal_flash.o
 .comment       0x0000007c       0x7d Drivers\STM32F4xx_HAL_Driver\Src\stm32f4xx_hal_flash_ex.o
 .comment       0x0000007c       0x7d Drivers\STM32F4xx_HAL_Driver\Src\stm32f4xx_hal_gpio.o
 .comment       0x0000007c       0x7d Drivers\STM32F4xx_HAL_Driver\Src\stm32f4xx_hal_hcd.o
 .comment       0x0000007c       0x7d Drivers\STM32F4xx_HAL_Driver\Src\stm32f4xx_hal_rcc.o
 .comment       0x0000007c       0x7d Drivers\STM32F4xx_HAL_Driver\Src\stm32f4xx_hal_rcc_ex.o
 .comment       0x0000007c       0x7d Drivers\STM32F4xx_HAL_Driver\Src\stm32f4xx_hal_uart.o
 .comment       0x0000007c       0x7d Drivers\STM32F4xx_HAL_Driver\Src\stm32f4xx_ll_usb.o
 .comment       0x0000007c       0x7d Middlewares\ST\STM32_USB_Host_Library\Class\HID\Src\usbh_hid.o
 .comment       0x0000007c       0x7d Middlewares\ST\STM32_USB_Host_Library\Class\HID\Src\usbh_hid_ds3.o
 .comment       0x0000007c       0x7d Middlewares\ST\STM32_USB_Host_Library\Class\HID\Src\usbh_hid_ds4.o
 .comment       0x0000007c       0x7d Middlewares\ST\STM32_USB_Host_Library\Class\HID\Src\usbh_hid_keybd.o
 .comment       0x0000007c       0x7d Middlewares\ST\STM32_USB_Host_Library\Class\HID\Src\usbh_hid_mouse.o
 .comment       0x0000007c       0x7d Middlewares\ST\STM32_USB_Host_Library\Class\HID\Src\usbh_hid_parser.o
 .comment       0x0000007c       0x7d Middlewares\ST\STM32_USB_Host_Library\Class\XPAD\Src\usbh_xpad.o
 .comment       0x0000007c       0x7d Middlewares\ST\STM32_USB_Host_Library\Core\Src\usbh_core.o
 .comment       0x0000007c       0x7d Middlewares\ST\STM32_USB_Host_Library\Core\Src\usbh_ctlreq.o
 .comment       0x0000007c       0x7d Middlewares\ST\STM32_USB_Host_Library\Core\Src\usbh_ioreq.o
 .comment       0x0000007c       0x7d Middlewares\ST\STM32_USB_Host_Library\Core\Src\usbh_pipes.o
 .comment       0x0000007c       0x7d Src\main.o
 .comment       0x0000007c       0x7d Src\stm32f4xx_hal_msp.o
 .comment       0x0000007c       0x7d Src\stm32f4xx_it.o
 .comment       0x0000007c       0x7d Src\system_stm32f4xx.o
 .comment       0x0000007c       0x7d Src\usb_host.o
 .comment       0x0000007c       0x7d Src\usbh_conf.o

.debug_frame    0x00000000     0x3e9c
 .debug_frame   0x00000000      0x33c Drivers\STM32F4xx_HAL_Driver\Src\stm32f4xx_hal.o
 .debug_frame   0x0000033c      0x498 Drivers\STM32F4xx_HAL_Driver\Src\stm32f4xx_hal_cortex.o
 .debug_frame   0x000007d4      0x27c Drivers\STM32F4xx_HAL_Driver\Src\stm32f4xx_hal_flash.o
 .debug_frame   0x00000a50      0x334 Drivers\STM32F4xx_HAL_Driver\Src\stm32f4xx_hal_flash_ex.o
 .debug_frame   0x00000d84      0x14c Drivers\STM32F4xx_HAL_Driver\Src\stm32f4xx_hal_gpio.o
 .debug_frame   0x00000ed0      0x3d4 Drivers\STM32F4xx_HAL_Driver\Src\stm32f4xx_hal_hcd.o
 .debug_frame   0x000012a4      0x1f8 Drivers\STM32F4xx_HAL_Driver\Src\stm32f4xx_hal_rcc.o
 .debug_frame   0x0000149c      0x1e8 Drivers\STM32F4xx_HAL_Driver\Src\stm32f4xx_hal_rcc_ex.o
 .debug_frame   0x00001684      0x83c Drivers\STM32F4xx_HAL_Driver\Src\stm32f4xx_hal_uart.o
 .debug_frame   0x00001ec0      0x710 Drivers\STM32F4xx_HAL_Driver\Src\stm32f4xx_ll_usb.o
 .debug_frame   0x000025d0      0x300 Middlewares\ST\STM32_USB_Host_Library\Class\HID\Src\usbh_hid.o
 .debug_frame   0x000028d0       0xa0 Middlewares\ST\STM32_USB_Host_Library\Class\HID\Src\usbh_hid_ds3.o
 .debug_frame   0x00002970       0xa8 Middlewares\ST\STM32_USB_Host_Library\Class\HID\Src\usbh_hid_ds4.o
 .debug_frame   0x00002a18       0xa8 Middlewares\ST\STM32_USB_Host_Library\Class\HID\Src\usbh_hid_keybd.o
 .debug_frame   0x00002ac0       0x7c Middlewares\ST\STM32_USB_Host_Library\Class\HID\Src\usbh_hid_mouse.o
 .debug_frame   0x00002b3c       0x64 Middlewares\ST\STM32_USB_Host_Library\Class\HID\Src\usbh_hid_parser.o
 .debug_frame   0x00002ba0      0x1e8 Middlewares\ST\STM32_USB_Host_Library\Class\XPAD\Src\usbh_xpad.o
 .debug_frame   0x00002d88      0x2bc Middlewares\ST\STM32_USB_Host_Library\Core\Src\usbh_core.o
 .debug_frame   0x00003044      0x268 Middlewares\ST\STM32_USB_Host_Library\Core\Src\usbh_ctlreq.o
 .debug_frame   0x000032ac      0x154 Middlewares\ST\STM32_USB_Host_Library\Core\Src\usbh_ioreq.o
 .debug_frame   0x00003400       0xcc Middlewares\ST\STM32_USB_Host_Library\Core\Src\usbh_pipes.o
 .debug_frame   0x000034cc      0x2c8 Src\main.o
 .debug_frame   0x00003794       0x7c Src\stm32f4xx_hal_msp.o
 .debug_frame   0x00003810       0x6c Src\stm32f4xx_it.o
 .debug_frame   0x0000387c       0x58 Src\system_stm32f4xx.o
 .debug_frame   0x000038d4       0x70 Src\usb_host.o
 .debug_frame   0x00003944      0x318 Src\usbh_conf.o
 .debug_frame   0x00003c5c       0x2c c:/program files (x86)/atollic/truestudio for stm32 9.0.1/armtools/bin/../lib/gcc/arm-atollic-eabi/6.3.1/../../../../arm-atollic-eabi/lib/armv7e-m/fpu\libc_nano.a(lib_a-init.o)
 .debug_frame   0x00003c88       0x30 c:/program files (x86)/atollic/truestudio for stm32 9.0.1/armtools/bin/../lib/gcc/arm-atollic-eabi/6.3.1/../../../../arm-atollic-eabi/lib/armv7e-m/fpu\libc_nano.a(lib_a-malloc.o)
 .debug_frame   0x00003cb8       0x28 c:/program files (x86)/atollic/truestudio for stm32 9.0.1/armtools/bin/../lib/gcc/arm-atollic-eabi/6.3.1/../../../../arm-atollic-eabi/lib/armv7e-m/fpu\libc_nano.a(lib_a-memcpy-stub.o)
 .debug_frame   0x00003ce0       0x20 c:/program files (x86)/atollic/truestudio for stm32 9.0.1/armtools/bin/../lib/gcc/arm-atollic-eabi/6.3.1/../../../../arm-atollic-eabi/lib/armv7e-m/fpu\libc_nano.a(lib_a-memset.o)
 .debug_frame   0x00003d00       0x38 c:/program files (x86)/atollic/truestudio for stm32 9.0.1/armtools/bin/../lib/gcc/arm-atollic-eabi/6.3.1/../../../../arm-atollic-eabi/lib/armv7e-m/fpu\libc_nano.a(lib_a-nano-freer.o)
 .debug_frame   0x00003d38       0x2c c:/program files (x86)/atollic/truestudio for stm32 9.0.1/armtools/bin/../lib/gcc/arm-atollic-eabi/6.3.1/../../../../arm-atollic-eabi/lib/armv7e-m/fpu\libc_nano.a(lib_a-nano-mallocr.o)
 .debug_frame   0x00003d64       0x2c c:/program files (x86)/atollic/truestudio for stm32 9.0.1/armtools/bin/../lib/gcc/arm-atollic-eabi/6.3.1/../../../../arm-atollic-eabi/lib/armv7e-m/fpu\libc_nano.a(lib_a-sbrkr.o)