usbh_core.c:92:21:USBH_Init	16	static
usbh_core.c:143:21:USBH_DeInit	8	static
usbh_core.c:199:21:USBH_RegisterClass	0	static
usbh_core.c:233:20:USBH_SelectInterface	0	static
usbh_core.c:263:9:USBH_GetActiveClass	0	static
usbh_core.c:277:10:USBH_FindInterface	4	static
usbh_core.c:309:10:USBH_FindInterfaceIndex	0	static
usbh_core.c:336:21:USBH_Start	8	static
usbh_core.c:353:21:USBH_Stop	8	static
usbh_core.c:374:21:USBH_ReEnumerate	16	static
usbh_core.c:400:21:USBH_Process	48	static
usbh_core.c:797:7:USBH_LL_SetTimer	0	static
usbh_core.c:807:7:USBH_LL_IncTimer	0	static
usbh_core.c:832:21:USBH_LL_Connect	8	static
usbh_core.c:860:21:USBH_LL_Disconnect	8	static
