usbh_mtp_ptp.c:125:20:USBH_PTP_Init	24	static
usbh_mtp_ptp.c:143:20:USBH_PTP_Process	72	static
usbh_mtp_ptp.c:391:20:USBH_PTP_SendRequest	24	static
usbh_mtp_ptp.c:419:20:USBH_PTP_GetResponse	24	static
usbh_mtp_ptp.c:442:6:PTP_BufferFullCallback	24	static
usbh_mtp_ptp.c:489:13:PTP_DecodeDeviceInfo	32	static
usbh_mtp_ptp.c:555:13:PTP_GetStorageIDs	24	static
usbh_mtp_ptp.c:571:13:PTP_GetStorageInfo	160	static
usbh_mtp_ptp.c:596:13:PTP_GetObjectInfo	40	static
usbh_mtp_ptp.c:634:13:PTP_GetObjectPropDesc	48	static
usbh_mtp_ptp.c:683:13:PTP_GetDevicePropValue	160	static
usbh_mtp_ptp.c:753:17:PTP_GetObjectPropList	56	static
usbh_mtp_ptp.c:810:13:PTP_GetString	32	static
usbh_mtp_ptp.c:836:17:PTP_GetArray16	32	static
usbh_mtp_ptp.c:857:17:PTP_GetArray32	32	static
usbh_mtp_ptp.c:882:20:USBH_PTP_OpenSession	64	static
usbh_mtp_ptp.c:933:20:USBH_PTP_GetDevicePropDesc	72	static
usbh_mtp_ptp.c:995:20:USBH_PTP_GetDeviceInfo	64	static
usbh_mtp_ptp.c:1052:20:USBH_PTP_GetStorageIds	64	static
usbh_mtp_ptp.c:1109:20:USBH_PTP_GetStorageInfo	72	static
usbh_mtp_ptp.c:1167:20:USBH_PTP_GetNumObjects	72	static
usbh_mtp_ptp.c:1227:20:USBH_PTP_GetObjectHandles	72	static
usbh_mtp_ptp.c:1293:20:USBH_PTP_GetObjectInfo	72	static
usbh_mtp_ptp.c:1353:20:USBH_PTP_DeleteObject	72	static
usbh_mtp_ptp.c:1405:20:USBH_PTP_GetObject	72	static
usbh_mtp_ptp.c:1474:20:USBH_PTP_GetPartialObject	72	static
usbh_mtp_ptp.c:1548:20:USBH_PTP_GetObjectPropsSupported	72	static
usbh_mtp_ptp.c:1609:20:USBH_PTP_GetObjectPropDesc	72	static
usbh_mtp_ptp.c:1671:20:USBH_PTP_GetObjectPropList	72	static
usbh_mtp_ptp.c:1739:20:USBH_PTP_SendObject	72	static
