main.c:97:6:ChangeButtonMapping	0	static
main.c:159:6:SaveControls	48	static
main.c:190:6:LoadControls	8	static
main.c:195:6:AdvanceState	48	static
main.c:206:9:reverse	0	static
main.c:214:6:SetN64DataInputMode	0	static
main.c:221:6:SetN64DataOutputMode	0	static
main.c:228:6:write_1	8	static
main.c:236:6:write_0	8	static
main.c:244:6:SendStop	8	static
main.c:252:6:SendByte	24	static
main.c:267:6:SendIdentity	24	static
main.c:276:6:SendControllerData	24	static
main.c:300:9:GetMiddleOfPulse	8	static
main.c:334:9:readCommand	16	static
main.c:474:6:SystemClock_Config	200	static
main.c:368:5:main	48	static
main.c:662:6:_Error_Handler	0	static
