main.c:98:6:ChangeButtonMappingKB	0	static
main.c:174:6:ChangeButtonMappingController	0	static
main.c:236:6:SaveControls	48	static
main.c:267:6:LoadControls	8	static
main.c:272:6:AdvanceState	48	static
main.c:283:9:reverse	0	static
main.c:291:6:SetN64DataInputMode	0	static
main.c:298:6:SetN64DataOutputMode	0	static
main.c:305:6:write_1	8	static
main.c:313:6:write_0	8	static
main.c:321:6:SendStop	8	static
main.c:329:6:SendByte	24	static
main.c:344:6:SendIdentity	24	static
main.c:353:6:SendControllerData	24	static
main.c:377:9:GetMiddleOfPulse	8	static
main.c:411:9:readCommand	16	static
main.c:551:6:SystemClock_Config	200	static
main.c:445:5:main	48	static
main.c:739:6:_Error_Handler	0	static
