main.c:93:6:ChangeButtonMappingKB	0	static
main.c:169:6:ChangeButtonMappingController	0	static
main.c:229:6:SaveControls	40	static
main.c:258:6:LoadControls	8	static
main.c:263:6:AdvanceState	48	static
main.c:281:9:reverse	0	static
main.c:289:6:SetN64DataInputMode	0	static
main.c:296:6:SetN64DataOutputMode	0	static
main.c:303:6:write_1	8	static
main.c:311:6:write_0	8	static
main.c:319:6:SendStop	8	static
main.c:327:6:SendByte	24	static
main.c:342:6:SendIdentityN64	24	static
main.c:352:6:SendIdentityGC	24	static
main.c:360:6:SendControllerDataN64	24	static
main.c:380:6:SendControllerDataGC	32	static
main.c:400:6:SendOriginGC	32	static
main.c:433:9:GetMiddleOfPulse	8	static
main.c:468:10:readCommand	16	static
main.c:620:6:SystemClock_Config	200	static
main.c:512:5:main	48	static
main.c:798:6:_Error_Handler	0	static
