usbh_hid.c:500:27:USBH_HID_SOFProcess	0	static
usbh_hid.c:247:20:USBH_HID_InterfaceDeInit	16	static
usbh_hid.c:117:27:USBH_HID_InterfaceInit	48	static
usbh_hid.c:282:27:USBH_HID_ClassRequest	40	static
usbh_hid.c:93:10:DetectButtonDS3	0	static
usbh_hid.c:525:20:USBH_HID_GetHIDReportDescriptor	16	static
usbh_hid.c:555:20:USBH_HID_GetHIDDescriptor	16	static
usbh_hid.c:578:20:USBH_HID_SetIdle	8	static
usbh_hid.c:607:20:USBH_HID_SetReport	20	static
usbh_hid.c:638:20:USBH_HID_GetReport	20	static
usbh_hid.c:665:20:USBH_HID_SetProtocol	8	static
usbh_hid.c:708:17:USBH_HID_GetDeviceType	0	static
usbh_hid.c:742:9:USBH_HID_GetPollInterval	0	static
usbh_hid.c:767:6:fifo_init	0	static
usbh_hid.c:784:11:fifo_read	12	static
usbh_hid.c:822:11:fifo_write	24	static
usbh_hid.c:860:13:USBH_HID_EventCallback	152	static
usbh_hid.c:412:27:USBH_HID_Process	24	static
