usbh_hid.c:504:27:USBH_HID_SOFProcess	0	static
usbh_hid.c:249:20:USBH_HID_InterfaceDeInit	16	static
usbh_hid.c:117:27:USBH_HID_InterfaceInit	48	static
usbh_hid.c:284:27:USBH_HID_ClassRequest	40	static
usbh_hid.c:93:10:DetectButtonDS3	0	static
usbh_hid.c:529:20:USBH_HID_GetHIDReportDescriptor	16	static
usbh_hid.c:559:20:USBH_HID_GetHIDDescriptor	16	static
usbh_hid.c:582:20:USBH_HID_SetIdle	8	static
usbh_hid.c:611:20:USBH_HID_SetReport	20	static
usbh_hid.c:642:20:USBH_HID_GetReport	20	static
usbh_hid.c:669:20:USBH_HID_SetProtocol	8	static
usbh_hid.c:712:17:USBH_HID_GetDeviceType	0	static
usbh_hid.c:746:9:USBH_HID_GetPollInterval	0	static
usbh_hid.c:771:6:fifo_init	0	static
usbh_hid.c:788:11:fifo_read	12	static
usbh_hid.c:826:11:fifo_write	24	static
usbh_hid.c:864:13:USBH_HID_EventCallback	152	static
usbh_hid.c:415:27:USBH_HID_Process	24	static
