Archive member included to satisfy reference by file (symbol)

c:/program files (x86)/atollic/truestudio for stm32 9.0.1/armtools/bin/../lib/gcc/arm-atollic-eabi/6.3.1/../../../../arm-atollic-eabi/lib/armv7e-m/fpu\libc_nano.a(lib_a-init.o)
                              startup\startup_stm32f446xx.o (__libc_init_array)
c:/program files (x86)/atollic/truestudio for stm32 9.0.1/armtools/bin/../lib/gcc/arm-atollic-eabi/6.3.1/../../../../arm-atollic-eabi/lib/armv7e-m/fpu\libc_nano.a(lib_a-malloc.o)
                              Middlewares\ST\STM32_USB_Host_Library\Class\HID\Src\usbh_hid.o (malloc)
c:/program files (x86)/atollic/truestudio for stm32 9.0.1/armtools/bin/../lib/gcc/arm-atollic-eabi/6.3.1/../../../../arm-atollic-eabi/lib/armv7e-m/fpu\libc_nano.a(lib_a-memcpy-stub.o)
                              Src\main.o (memcpy)
c:/program files (x86)/atollic/truestudio for stm32 9.0.1/armtools/bin/../lib/gcc/arm-atollic-eabi/6.3.1/../../../../arm-atollic-eabi/lib/armv7e-m/fpu\libc_nano.a(lib_a-memset.o)
                              Middlewares\ST\STM32_USB_Host_Library\Class\HID\Src\usbh_hid.o (memset)
c:/program files (x86)/atollic/truestudio for stm32 9.0.1/armtools/bin/../lib/gcc/arm-atollic-eabi/6.3.1/../../../../arm-atollic-eabi/lib/armv7e-m/fpu\libc_nano.a(lib_a-nano-freer.o)
                              c:/program files (x86)/atollic/truestudio for stm32 9.0.1/armtools/bin/../lib/gcc/arm-atollic-eabi/6.3.1/../../../../arm-atollic-eabi/lib/armv7e-m/fpu\libc_nano.a(lib_a-malloc.o) (_free_r)
c:/program files (x86)/atollic/truestudio for stm32 9.0.1/armtools/bin/../lib/gcc/arm-atollic-eabi/6.3.1/../../../../arm-atollic-eabi/lib/armv7e-m/fpu\libc_nano.a(lib_a-nano-mallocr.o)
                              c:/program files (x86)/atollic/truestudio for stm32 9.0.1/armtools/bin/../lib/gcc/arm-atollic-eabi/6.3.1/../../../../arm-atollic-eabi/lib/armv7e-m/fpu\libc_nano.a(lib_a-malloc.o) (_malloc_r)
c:/program files (x86)/atollic/truestudio for stm32 9.0.1/armtools/bin/../lib/gcc/arm-atollic-eabi/6.3.1/../../../../arm-atollic-eabi/lib/armv7e-m/fpu\libc_nano.a(lib_a-sbrkr.o)
                              c:/program files (x86)/atollic/truestudio for stm32 9.0.1/armtools/bin/../lib/gcc/arm-atollic-eabi/6.3.1/../../../../arm-atollic-eabi/lib/armv7e-m/fpu\libc_nano.a(lib_a-nano-mallocr.o) (_sbrk_r)
c:/program files (x86)/atollic/truestudio for stm32 9.0.1/armtools/bin/../lib/gcc/arm-atollic-eabi/6.3.1/../../../../arm-atollic-eabi/lib/armv7e-m/fpu\libc_nano.a(lib_a-impure.o)
                              c:/program files (x86)/atollic/truestudio for stm32 9.0.1/armtools/bin/../lib/gcc/arm-atollic-eabi/6.3.1/../../../../arm-atollic-eabi/lib/armv7e-m/fpu\libc_nano.a(lib_a-malloc.o) (_impure_ptr)
c:/program files (x86)/atollic/truestudio for stm32 9.0.1/armtools/bin/../lib/gcc/arm-atollic-eabi/6.3.1/../../../../arm-atollic-eabi/lib/armv7e-m/fpu\libc_nano.a(lib_a-mlock.o)
                              c:/program files (x86)/atollic/truestudio for stm32 9.0.1/armtools/bin/../lib/gcc/arm-atollic-eabi/6.3.1/../../../../arm-atollic-eabi/lib/armv7e-m/fpu\libc_nano.a(lib_a-nano-freer.o) (__malloc_lock)
c:/program files (x86)/atollic/truestudio for stm32 9.0.1/armtools/bin/../lib/gcc/arm-atollic-eabi/6.3.1/../../../../arm-atollic-eabi/lib/armv7e-m/fpu\libc_nano.a(lib_a-reent.o)
                              c:/program files (x86)/atollic/truestudio for stm32 9.0.1/armtools/bin/../lib/gcc/arm-atollic-eabi/6.3.1/../../../../arm-atollic-eabi/lib/armv7e-m/fpu\libc_nano.a(lib_a-sbrkr.o) (errno)
c:/program files (x86)/atollic/truestudio for stm32 9.0.1/armtools/bin/../lib/gcc/arm-atollic-eabi/6.3.1/armv7e-m/fpu\libgcc.a(_aeabi_uldivmod.o)
                              Drivers\STM32F4xx_HAL_Driver\Src\stm32f4xx_hal_rcc.o (__aeabi_uldivmod)
c:/program files (x86)/atollic/truestudio for stm32 9.0.1/armtools/bin/../lib/gcc/arm-atollic-eabi/6.3.1/armv7e-m/fpu\libgcc.a(_udivmoddi4.o)
                              c:/program files (x86)/atollic/truestudio for stm32 9.0.1/armtools/bin/../lib/gcc/arm-atollic-eabi/6.3.1/armv7e-m/fpu\libgcc.a(_aeabi_uldivmod.o) (__udivmoddi4)
c:/program files (x86)/atollic/truestudio for stm32 9.0.1/armtools/bin/../lib/gcc/arm-atollic-eabi/6.3.1/armv7e-m/fpu\libgcc.a(_dvmd_tls.o)
                              c:/program files (x86)/atollic/truestudio for stm32 9.0.1/armtools/bin/../lib/gcc/arm-atollic-eabi/6.3.1/armv7e-m/fpu\libgcc.a(_aeabi_uldivmod.o) (__aeabi_ldiv0)
c:/program files (x86)/atollic/truestudio for stm32 9.0.1/armtools/bin/../lib/gcc/arm-atollic-eabi/6.3.1/../../../../arm-atollic-eabi/lib/armv7e-m/fpu\libnosys.a(sbrk.o)
                              c:/program files (x86)/atollic/truestudio for stm32 9.0.1/armtools/bin/../lib/gcc/arm-atollic-eabi/6.3.1/../../../../arm-atollic-eabi/lib/armv7e-m/fpu\libc_nano.a(lib_a-sbrkr.o) (_sbrk)

Allocating common symbols
Common symbol       size              file

[...]
Memory Configuration

Name             Origin             Length             Attributes
RAM              0x20000000         0x00020000         xrw
FLASH            0x08000000         0x00080000         xr
*default*        0x00000000         0xffffffff

Linker script and memory map

LOAD c:/program files (x86)/atollic/truestudio for stm32 9.0.1/armtools/bin/../lib/gcc/arm-atollic-eabi/6.3.1/armv7e-m/fpu/crti.o
LOAD c:/program files (x86)/atollic/truestudio for stm32 9.0.1/armtools/bin/../lib/gcc/arm-atollic-eabi/6.3.1/armv7e-m/fpu/crtbegin.o
LOAD Drivers\STM32F4xx_HAL_Driver\Src\stm32f4xx_hal.o
LOAD Drivers\STM32F4xx_HAL_Driver\Src\stm32f4xx_hal_cortex.o
LOAD Drivers\STM32F4xx_HAL_Driver\Src\stm32f4xx_hal_dma.o
LOAD Drivers\STM32F4xx_HAL_Driver\Src\stm32f4xx_hal_dma_ex.o
LOAD Drivers\STM32F4xx_HAL_Driver\Src\stm32f4xx_hal_flash.o
LOAD Drivers\STM32F4xx_HAL_Driver\Src\stm32f4xx_hal_flash_ex.o
LOAD Drivers\STM32F4xx_HAL_Driver\Src\stm32f4xx_hal_flash_ramfunc.o
LOAD Drivers\STM32F4xx_HAL_Driver\Src\stm32f4xx_hal_gpio.o
LOAD Drivers\STM32F4xx_HAL_Driver\Src\stm32f4xx_hal_hcd.o
LOAD Drivers\STM32F4xx_HAL_Driver\Src\stm32f4xx_hal_pwr.o
LOAD Drivers\STM32F4xx_HAL_Driver\Src\stm32f4xx_hal_pwr_ex.o
LOAD Drivers\STM32F4xx_HAL_Driver\Src\stm32f4xx_hal_rcc.o
LOAD Drivers\STM32F4xx_HAL_Driver\Src\stm32f4xx_hal_rcc_ex.o
LOAD Drivers\STM32F4xx_HAL_Driver\Src\stm32f4xx_hal_tim.o
LOAD Drivers\STM32F4xx_HAL_Driver\Src\stm32f4xx_hal_tim_ex.o
LOAD Drivers\STM32F4xx_HAL_Driver\Src\stm32f4xx_hal_uart.o
LOAD Drivers\STM32F4xx_HAL_Driver\Src\stm32f4xx_ll_usb.o
LOAD Middlewares\ST\STM32_USB_Host_Library\Class\HID\Src\usbh_hid.o
LOAD Middlewares\ST\STM32_USB_Host_Library\Class\HID\Src\usbh_hid_ds3.o
LOAD Middlewares\ST\STM32_USB_Host_Library\Class\HID\Src\usbh_hid_ds4.o
LOAD Middlewares\ST\STM32_USB_Host_Library\Class\HID\Src\usbh_hid_keybd.o
LOAD Middlewares\ST\STM32_USB_Host_Library\Class\HID\Src\usbh_hid_mouse.o
LOAD Middlewares\ST\STM32_USB_Host_Library\Class\HID\Src\usbh_hid_parser.o
LOAD Middlewares\ST\STM32_USB_Host_Library\Class\XPAD\Src\usbh_xpad.o
LOAD Middlewares\ST\STM32_USB_Host_Library\Core\Src\usbh_core.o
LOAD Middlewares\ST\STM32_USB_Host_Library\Core\Src\usbh_ctlreq.o
LOAD Middlewares\ST\STM32_USB_Host_Library\Core\Src\usbh_ioreq.o
LOAD Middlewares\ST\STM32_USB_Host_Library\Core\Src\usbh_pipes.o
LOAD Src\main.o
LOAD Src\my_wait_us_asm.o
LOAD Src\stm32f4xx_hal_msp.o
LOAD Src\stm32f4xx_it.o
LOAD Src\system_stm32f4xx.o
LOAD Src\usb_host.o
LOAD Src\usbh_conf.o
LOAD startup\startup_stm32f446xx.o
                0x00000080                malloc_getpagesize_P = 0x80
START GROUP
LOAD c:/program files (x86)/atollic/truestudio for stm32 9.0.1/armtools/bin/../lib/gcc/arm-atollic-eabi/6.3.1/../../../../arm-atollic-eabi/lib/armv7e-m/fpu\libc_nano.a
LOAD c:/program files (x86)/atollic/truestudio for stm32 9.0.1/armtools/bin/../lib/gcc/arm-atollic-eabi/6.3.1/../../../../arm-atollic-eabi/lib/armv7e-m/fpu\libm.a
END GROUP
START GROUP
LOAD c:/program files (x86)/atollic/truestudio for stm32 9.0.1/armtools/bin/../lib/gcc/arm-atollic-eabi/6.3.1/armv7e-m/fpu\libgcc.a
LOAD c:/program files (x86)/atollic/truestudio for stm32 9.0.1/armtools/bin/../lib/gcc/arm-atollic-eabi/6.3.1/../../../../arm-atollic-eabi/lib/armv7e-m/fpu\libc_nano.a
END GROUP
START GROUP
LOAD c:/program files (x86)/atollic/truestudio for stm32 9.0.1/armtools/bin/../lib/gcc/arm-atollic-eabi/6.3.1/armv7e-m/fpu\libgcc.a
LOAD c:/program files (x86)/atollic/truestudio for stm32 9.0.1/armtools/bin/../lib/gcc/arm-atollic-eabi/6.3.1/../../../../arm-atollic-eabi/lib/armv7e-m/fpu\libc_nano.a
LOAD c:/program files (x86)/atollic/truestudio for stm32 9.0.1/armtools/bin/../lib/gcc/arm-atollic-eabi/6.3.1/../../../../arm-atollic-eabi/lib/armv7e-m/fpu\libnosys.a
END GROUP
START GROUP
LOAD c:/program files (x86)/atollic/truestudio for stm32 9.0.1/armtools/bin/../lib/gcc/arm-atollic-eabi/6.3.1/armv7e-m/fpu\libgcc.a
LOAD c:/program files (x86)/atollic/truestudio for stm32 9.0.1/armtools/bin/../lib/gcc/arm-atollic-eabi/6.3.1/../../../../arm-atollic-eabi/lib/armv7e-m/fpu\libc_nano.a
LOAD c:/program files (x86)/atollic/truestudio for stm32 9.0.1/armtools/bin/../lib/gcc/arm-atollic-eabi/6.3.1/../../../../arm-atollic-eabi/lib/armv7e-m/fpu\libnosys.a
END GROUP
LOAD c:/program files (x86)/atollic/truestudio for stm32 9.0.1/armtools/bin/../lib/gcc/arm-atollic-eabi/6.3.1/armv7e-m/fpu/crtend.o
LOAD c:/program files (x86)/atollic/truestudio for stm32 9.0.1/armtools/bin/../lib/gcc/arm-atollic-eabi/6.3.1/armv7e-m/fpu/crtn.o
                0x20020000                _estack = 0x20020000
                0x00000200                _Min_Heap_Size = 0x200
                0x00000400                _Min_Stack_Size = 0x400

.isr_vector     0x08000000      0x1c4
                0x08000000                . = ALIGN (0x4)
 *(.isr_vector)
 .isr_vector    0x08000000      0x1c4 startup\startup_stm32f446xx.o
                0x08000000                g_pfnVectors
                0x080001c4                . = ALIGN (0x4)

.text           0x080001c4     0xb624
                0x080001c4                . = ALIGN (0x4)
 *(.text)
 .text          0x080001c4       0x40 c:/program files (x86)/atollic/truestudio for stm32 9.0.1/armtools/bin/../lib/gcc/arm-atollic-eabi/6.3.1/armv7e-m/fpu/crtbegin.o
 .text          0x08000204      0x2a0 Src\my_wait_us_asm.o
                0x08000204                my_wait_us_asm
 .text          0x080004a4       0x30 c:/program files (x86)/atollic/truestudio for stm32 9.0.1/armtools/bin/../lib/gcc/arm-atollic-eabi/6.3.1/armv7e-m/fpu\libgcc.a(_aeabi_uldivmod.o)
                0x080004a4                __aeabi_uldivmod
 .text          0x080004d4      0x2dc c:/program files (x86)/atollic/truestudio for stm32 9.0.1/armtools/bin/../lib/gcc/arm-atollic-eabi/6.3.1/armv7e-m/fpu\libgcc.a(_udivmoddi4.o)
                0x080004d4                __udivmoddi4
 .text          0x080007b0        0x4 c:/program files (x86)/atollic/truestudio for stm32 9.0.1/armtools/bin/../lib/gcc/arm-atollic-eabi/6.3.1/armv7e-m/fpu\libgcc.a(_dvmd_tls.o)
                0x080007b0                __aeabi_idiv0
                0x080007b0                __aeabi_ldiv0
 *(.text*)
 .text.HAL_Init
                0x080007b4       0x44 Drivers\STM32F4xx_HAL_Driver\Src\stm32f4xx_hal.o
                0x080007b4                HAL_Init
 .text.HAL_InitTick
                0x080007f8       0x60 Drivers\STM32F4xx_HAL_Driver\Src\stm32f4xx_hal.o
                0x080007f8                HAL_InitTick
 .text.HAL_IncTick
                0x08000858       0x28 Drivers\STM32F4xx_HAL_Driver\Src\stm32f4xx_hal.o
                0x08000858                HAL_IncTick
 .text.HAL_GetTick
                0x08000880       0x18 Drivers\STM32F4xx_HAL_Driver\Src\stm32f4xx_hal.o
                0x08000880                HAL_GetTick
 .text.HAL_Delay
                0x08000898       0x44 Drivers\STM32F4xx_HAL_Driver\Src\stm32f4xx_hal.o
                0x08000898                HAL_Delay
 .text.NVIC_SetPriorityGrouping
                0x080008dc       0x48 Drivers\STM32F4xx_HAL_Driver\Src\stm32f4xx_hal_cortex.o
 .text.NVIC_GetPriorityGrouping
                0x08000924       0x1c Drivers\STM32F4xx_HAL_Driver\Src\stm32f4xx_hal_cortex.o
 .text.NVIC_EnableIRQ
                0x08000940       0x34 Drivers\STM32F4xx_HAL_Driver\Src\stm32f4xx_hal_cortex.o
 .text.NVIC_SetPriority
                0x08000974       0x54 Drivers\STM32F4xx_HAL_Driver\Src\stm32f4xx_hal_cortex.o
 .text.NVIC_EncodePriority
                0x080009c8       0x62 Drivers\STM32F4xx_HAL_Driver\Src\stm32f4xx_hal_cortex.o
 *fill*         0x08000a2a        0x2 
 .text.SysTick_Config
                0x08000a2c       0x44 Drivers\STM32F4xx_HAL_Driver\Src\stm32f4xx_hal_cortex.o
 .text.HAL_NVIC_SetPriorityGrouping
                0x08000a70       0x16 Drivers\STM32F4xx_HAL_Driver\Src\stm32f4xx_hal_cortex.o
                0x08000a70                HAL_NVIC_SetPriorityGrouping
 .text.HAL_NVIC_SetPriority
                0x08000a86       0x38 Drivers\STM32F4xx_HAL_Driver\Src\stm32f4xx_hal_cortex.o
                0x08000a86                HAL_NVIC_SetPriority
 .text.HAL_NVIC_EnableIRQ
                0x08000abe       0x1c Drivers\STM32F4xx_HAL_Driver\Src\stm32f4xx_hal_cortex.o
                0x08000abe                HAL_NVIC_EnableIRQ
 .text.HAL_SYSTICK_Config
                0x08000ada       0x18 Drivers\STM32F4xx_HAL_Driver\Src\stm32f4xx_hal_cortex.o
                0x08000ada                HAL_SYSTICK_Config
 *fill*         0x08000af2        0x2 
 .text.HAL_SYSTICK_CLKSourceConfig
                0x08000af4       0x38 Drivers\STM32F4xx_HAL_Driver\Src\stm32f4xx_hal_cortex.o
                0x08000af4                HAL_SYSTICK_CLKSourceConfig
 .text.HAL_SYSTICK_IRQHandler
                0x08000b2c        0xc Drivers\STM32F4xx_HAL_Driver\Src\stm32f4xx_hal_cortex.o
                0x08000b2c                HAL_SYSTICK_IRQHandler
 .text.HAL_SYSTICK_Callback
                0x08000b38        0xe Drivers\STM32F4xx_HAL_Driver\Src\stm32f4xx_hal_cortex.o
                0x08000b38                HAL_SYSTICK_Callback
 *fill*         0x08000b46        0x2 
 .text.HAL_FLASH_Program
                0x08000b48       0xa8 Drivers\STM32F4xx_HAL_Driver\Src\stm32f4xx_hal_flash.o
                0x08000b48                HAL_FLASH_Program
 .text.HAL_FLASH_Unlock
                0x08000bf0       0x44 Drivers\STM32F4xx_HAL_Driver\Src\stm32f4xx_hal_flash.o
                0x08000bf0                HAL_FLASH_Unlock
 .text.HAL_FLASH_Lock
                0x08000c34       0x20 Drivers\STM32F4xx_HAL_Driver\Src\stm32f4xx_hal_flash.o
                0x08000c34                HAL_FLASH_Lock
 .text.FLASH_WaitForLastOperation
                0x08000c54       0x80 Drivers\STM32F4xx_HAL_Driver\Src\stm32f4xx_hal_flash.o
                0x08000c54                FLASH_WaitForLastOperation
 .text.FLASH_Program_DoubleWord
                0x08000cd4       0x58 Drivers\STM32F4xx_HAL_Driver\Src\stm32f4xx_hal_flash.o
 .text.FLASH_Program_Word
                0x08000d2c       0x44 Drivers\STM32F4xx_HAL_Driver\Src\stm32f4xx_hal_flash.o
 .text.FLASH_Program_HalfWord
                0x08000d70       0x48 Drivers\STM32F4xx_HAL_Driver\Src\stm32f4xx_hal_flash.o
 .text.FLASH_Program_Byte
                0x08000db8       0x44 Drivers\STM32F4xx_HAL_Driver\Src\stm32f4xx_hal_flash.o
 .text.FLASH_SetErrorCode
                0x08000dfc       0xcc Drivers\STM32F4xx_HAL_Driver\Src\stm32f4xx_hal_flash.o
 .text.HAL_FLASHEx_Erase
                0x08000ec8       0xe0 Drivers\STM32F4xx_HAL_Driver\Src\stm32f4xx_hal_flash_ex.o
                0x08000ec8                HAL_FLASHEx_Erase
 .text.FLASH_MassErase
                0x08000fa8       0x48 Drivers\STM32F4xx_HAL_Driver\Src\stm32f4xx_hal_flash_ex.o
 .text.FLASH_Erase_Sector
                0x08000ff0       0x90 Drivers\STM32F4xx_HAL_Driver\Src\stm32f4xx_hal_flash_ex.o
                0x08000ff0                FLASH_Erase_Sector
 .text.FLASH_FlushCaches
                0x08001080       0x8c Drivers\STM32F4xx_HAL_Driver\Src\stm32f4xx_hal_flash_ex.o
                0x08001080                FLASH_FlushCaches
 .text.HAL_GPIO_Init
                0x0800110c      0x324 Drivers\STM32F4xx_HAL_Driver\Src\stm32f4xx_hal_gpio.o
                0x0800110c                HAL_GPIO_Init
 .text.HAL_GPIO_WritePin
                0x08001430       0x32 Drivers\STM32F4xx_HAL_Driver\Src\stm32f4xx_hal_gpio.o
                0x08001430                HAL_GPIO_WritePin
 *fill*         0x08001462        0x2 
 .text.HAL_GPIO_EXTI_IRQHandler
                0x08001464       0x30 Drivers\STM32F4xx_HAL_Driver\Src\stm32f4xx_hal_gpio.o
                0x08001464                HAL_GPIO_EXTI_IRQHandler
 .text.HAL_GPIO_EXTI_Callback
                0x08001494       0x16 Drivers\STM32F4xx_HAL_Driver\Src\stm32f4xx_hal_gpio.o
                0x08001494                HAL_GPIO_EXTI_Callback
 .text.HAL_HCD_Init
                0x080014aa       0x98 Drivers\STM32F4xx_HAL_Driver\Src\stm32f4xx_hal_hcd.o
                0x080014aa                HAL_HCD_Init
 .text.HAL_HCD_HC_Init
                0x08001542      0x10e Drivers\STM32F4xx_HAL_Driver\Src\stm32f4xx_hal_hcd.o
                0x08001542                HAL_HCD_HC_Init
 .text.HAL_HCD_HC_Halt
                0x08001650       0x46 Drivers\STM32F4xx_HAL_Driver\Src\stm32f4xx_hal_hcd.o
                0x08001650                HAL_HCD_HC_Halt
 *fill*         0x08001696        0x2 
 .text.HAL_HCD_HC_SubmitRequest
                0x08001698      0x324 Drivers\STM32F4xx_HAL_Driver\Src\stm32f4xx_hal_hcd.o
                0x08001698                HAL_HCD_HC_SubmitRequest
 .text.HAL_HCD_IRQHandler
                0x080019bc      0x200 Drivers\STM32F4xx_HAL_Driver\Src\stm32f4xx_hal_hcd.o
                0x080019bc                HAL_HCD_IRQHandler
 .text.HAL_HCD_Start
                0x08001bbc       0x46 Drivers\STM32F4xx_HAL_Driver\Src\stm32f4xx_hal_hcd.o
                0x08001bbc                HAL_HCD_Start
 .text.HAL_HCD_Stop
                0x08001c02       0x3a Drivers\STM32F4xx_HAL_Driver\Src\stm32f4xx_hal_hcd.o
                0x08001c02                HAL_HCD_Stop
 .text.HAL_HCD_ResetPort
                0x08001c3c       0x1c Drivers\STM32F4xx_HAL_Driver\Src\stm32f4xx_hal_hcd.o
                0x08001c3c                HAL_HCD_ResetPort
 .text.HAL_HCD_HC_GetURBState
                0x08001c58       0x2a Drivers\STM32F4xx_HAL_Driver\Src\stm32f4xx_hal_hcd.o
                0x08001c58                HAL_HCD_HC_GetURBState
 .text.HAL_HCD_GetCurrentFrame
                0x08001c82       0x1c Drivers\STM32F4xx_HAL_Driver\Src\stm32f4xx_hal_hcd.o
                0x08001c82                HAL_HCD_GetCurrentFrame
 .text.HAL_HCD_GetCurrentSpeed
                0x08001c9e       0x1c Drivers\STM32F4xx_HAL_Driver\Src\stm32f4xx_hal_hcd.o
                0x08001c9e                HAL_HCD_GetCurrentSpeed
 .text.HCD_HC_IN_IRQHandler
                0x08001cba      0x680 Drivers\STM32F4xx_HAL_Driver\Src\stm32f4xx_hal_hcd.o
 .text.HCD_HC_OUT_IRQHandler
                0x0800233a      0x642 Drivers\STM32F4xx_HAL_Driver\Src\stm32f4xx_hal_hcd.o
 .text.HCD_RXQLVL_IRQHandler
                0x0800297c      0x164 Drivers\STM32F4xx_HAL_Driver\Src\stm32f4xx_hal_hcd.o
 .text.HCD_Port_IRQHandler
                0x08002ae0      0x112 Drivers\STM32F4xx_HAL_Driver\Src\stm32f4xx_hal_hcd.o
 *fill*         0x08002bf2        0x2 
 .text.HAL_RCC_ClockConfig
                0x08002bf4      0x1c4 Drivers\STM32F4xx_HAL_Driver\Src\stm32f4xx_hal_rcc.o
                0x08002bf4                HAL_RCC_ClockConfig
 .text.HAL_RCC_GetHCLKFreq
                0x08002db8       0x18 Drivers\STM32F4xx_HAL_Driver\Src\stm32f4xx_hal_rcc.o
                0x08002db8                HAL_RCC_GetHCLKFreq
 .text.HAL_RCC_GetPCLK1Freq
                0x08002dd0       0x28 Drivers\STM32F4xx_HAL_Driver\Src\stm32f4xx_hal_rcc.o
                0x08002dd0                HAL_RCC_GetPCLK1Freq
 .text.HAL_RCC_GetPCLK2Freq
                0x08002df8       0x28 Drivers\STM32F4xx_HAL_Driver\Src\stm32f4xx_hal_rcc.o
                0x08002df8                HAL_RCC_GetPCLK2Freq
 .text.HAL_RCCEx_PeriphCLKConfig
                0x08002e20      0x654 Drivers\STM32F4xx_HAL_Driver\Src\stm32f4xx_hal_rcc_ex.o
                0x08002e20                HAL_RCCEx_PeriphCLKConfig
 .text.HAL_RCC_GetSysClockFreq
                0x08003474      0x36c Drivers\STM32F4xx_HAL_Driver\Src\stm32f4xx_hal_rcc_ex.o
                0x08003474                HAL_RCC_GetSysClockFreq
 .text.HAL_RCC_OscConfig
                0x080037e0      0x4b4 Drivers\STM32F4xx_HAL_Driver\Src\stm32f4xx_hal_rcc_ex.o
                0x080037e0                HAL_RCC_OscConfig
 .text.HAL_UART_Init
                0x08003c94       0x9a Drivers\STM32F4xx_HAL_Driver\Src\stm32f4xx_hal_uart.o
                0x08003c94                HAL_UART_Init
 *fill*         0x08003d2e        0x2 
 .text.UART_SetConfig
                0x08003d30      0x438 Drivers\STM32F4xx_HAL_Driver\Src\stm32f4xx_hal_uart.o
 .text.USB_CoreInit
                0x08004168       0xa2 Drivers\STM32F4xx_HAL_Driver\Src\stm32f4xx_ll_usb.o
                0x08004168                USB_CoreInit
 .text.USB_EnableGlobalInt
                0x0800420a       0x22 Drivers\STM32F4xx_HAL_Driver\Src\stm32f4xx_ll_usb.o
                0x0800420a                USB_EnableGlobalInt
 .text.USB_DisableGlobalInt
                0x0800422c       0x22 Drivers\STM32F4xx_HAL_Driver\Src\stm32f4xx_ll_usb.o
                0x0800422c                USB_DisableGlobalInt
 .text.USB_SetCurrentMode
                0x0800424e       0x4e Drivers\STM32F4xx_HAL_Driver\Src\stm32f4xx_ll_usb.o
                0x0800424e                USB_SetCurrentMode
 .text.USB_FlushTxFifo
                0x0800429c       0x4c Drivers\STM32F4xx_HAL_Driver\Src\stm32f4xx_ll_usb.o
                0x0800429c                USB_FlushTxFifo
 .text.USB_FlushRxFifo
                0x080042e8       0x44 Drivers\STM32F4xx_HAL_Driver\Src\stm32f4xx_ll_usb.o
                0x080042e8                USB_FlushRxFifo
 .text.USB_WritePacket
                0x0800432c       0x6a Drivers\STM32F4xx_HAL_Driver\Src\stm32f4xx_ll_usb.o
                0x0800432c                USB_WritePacket
 .text.USB_ReadPacket
                0x08004396       0x4e Drivers\STM32F4xx_HAL_Driver\Src\stm32f4xx_ll_usb.o
                0x08004396                USB_ReadPacket
 .text.USB_ReadInterrupts
                0x080043e4       0x2a Drivers\STM32F4xx_HAL_Driver\Src\stm32f4xx_ll_usb.o
                0x080043e4                USB_ReadInterrupts
 .text.USB_GetMode
                0x0800440e       0x1c Drivers\STM32F4xx_HAL_Driver\Src\stm32f4xx_ll_usb.o
                0x0800440e                USB_GetMode
 *fill*         0x0800442a        0x2 
 .text.USB_CoreReset
                0x0800442c       0x68 Drivers\STM32F4xx_HAL_Driver\Src\stm32f4xx_ll_usb.o
 .text.USB_HostInit
                0x08004494      0x140 Drivers\STM32F4xx_HAL_Driver\Src\stm32f4xx_ll_usb.o
                0x08004494                USB_HostInit
 .text.USB_InitFSLSPClkSel
                0x080045d4       0x74 Drivers\STM32F4xx_HAL_Driver\Src\stm32f4xx_ll_usb.o
                0x080045d4                USB_InitFSLSPClkSel
 .text.USB_ResetPort
                0x08004648       0x4a Drivers\STM32F4xx_HAL_Driver\Src\stm32f4xx_ll_usb.o
                0x08004648                USB_ResetPort
 .text.USB_DriveVbus
                0x08004692       0x6e Drivers\STM32F4xx_HAL_Driver\Src\stm32f4xx_ll_usb.o
                0x08004692                USB_DriveVbus
 .text.USB_GetHostSpeed
                0x08004700       0x26 Drivers\STM32F4xx_HAL_Driver\Src\stm32f4xx_ll_usb.o
                0x08004700                USB_GetHostSpeed
 .text.USB_GetCurrentFrame
                0x08004726       0x1e Drivers\STM32F4xx_HAL_Driver\Src\stm32f4xx_ll_usb.o
                0x08004726                USB_GetCurrentFrame
 .text.USB_HC_Init
                0x08004744      0x1f8 Drivers\STM32F4xx_HAL_Driver\Src\stm32f4xx_ll_usb.o
                0x08004744                USB_HC_Init
 .text.USB_HC_StartXfer
                0x0800493c      0x27c Drivers\STM32F4xx_HAL_Driver\Src\stm32f4xx_ll_usb.o
                0x0800493c                USB_HC_StartXfer
 .text.USB_HC_ReadInterrupt
                0x08004bb8       0x1e Drivers\STM32F4xx_HAL_Driver\Src\stm32f4xx_ll_usb.o
                0x08004bb8                USB_HC_ReadInterrupt
 .text.USB_HC_Halt
                0x08004bd6      0x1d2 Drivers\STM32F4xx_HAL_Driver\Src\stm32f4xx_ll_usb.o
                0x08004bd6                USB_HC_Halt
 .text.USB_DoPing
                0x08004da8       0x78 Drivers\STM32F4xx_HAL_Driver\Src\stm32f4xx_ll_usb.o
                0x08004da8                USB_DoPing
 .text.USB_StopHost
                0x08004e20      0x108 Drivers\STM32F4xx_HAL_Driver\Src\stm32f4xx_ll_usb.o
                0x08004e20                USB_StopHost
 .text.DetectButtonDS3
                0x08004f28       0xf6 Middlewares\ST\STM32_USB_Host_Library\Class\HID\Src\usbh_hid.o
                0x08004f28                DetectButtonDS3
 *fill*         0x0800501e        0x2 
 .text.USBH_HID_InterfaceInit
                0x08005020      0x348 Middlewares\ST\STM32_USB_Host_Library\Class\HID\Src\usbh_hid.o
 .text.USBH_HID_InterfaceDeInit
                0x08005368       0x8c Middlewares\ST\STM32_USB_Host_Library\Class\HID\Src\usbh_hid.o
 .text.USBH_HID_ClassRequest
                0x080053f4      0x1e8 Middlewares\ST\STM32_USB_Host_Library\Class\HID\Src\usbh_hid.o
 .text.USBH_HID_Process
                0x080055dc      0x158 Middlewares\ST\STM32_USB_Host_Library\Class\HID\Src\usbh_hid.o
 .text.USBH_HID_SOFProcess
                0x08005734       0x42 Middlewares\ST\STM32_USB_Host_Library\Class\HID\Src\usbh_hid.o
 .text.USBH_HID_GetHIDReportDescriptor
                0x08005776       0x32 Middlewares\ST\STM32_USB_Host_Library\Class\HID\Src\usbh_hid.o
                0x08005776                USBH_HID_GetHIDReportDescriptor
 .text.USBH_HID_GetHIDDescriptor
                0x080057a8       0x32 Middlewares\ST\STM32_USB_Host_Library\Class\HID\Src\usbh_hid.o
                0x080057a8                USBH_HID_GetHIDDescriptor
 .text.USBH_HID_SetIdle
                0x080057da       0x50 Middlewares\ST\STM32_USB_Host_Library\Class\HID\Src\usbh_hid.o
                0x080057da                USBH_HID_SetIdle
 .text.USBH_HID_SetReport
                0x0800582a       0x58 Middlewares\ST\STM32_USB_Host_Library\Class\HID\Src\usbh_hid.o
                0x0800582a                USBH_HID_SetReport
 .text.USBH_HID_GetReport
                0x08005882       0x58 Middlewares\ST\STM32_USB_Host_Library\Class\HID\Src\usbh_hid.o
                0x08005882                USBH_HID_GetReport
 .text.USBH_HID_SetProtocol
                0x080058da       0x4a Middlewares\ST\STM32_USB_Host_Library\Class\HID\Src\usbh_hid.o
                0x080058da                USBH_HID_SetProtocol
 .text.USBH_HID_ParseHIDDesc
                0x08005924       0x76 Middlewares\ST\STM32_USB_Host_Library\Class\HID\Src\usbh_hid.o
 *fill*         0x0800599a        0x2 
 .text.USBH_HID_GetDeviceType
                0x0800599c       0x68 Middlewares\ST\STM32_USB_Host_Library\Class\HID\Src\usbh_hid.o
                0x0800599c                USBH_HID_GetDeviceType
 .text.fifo_init
                0x08005a04       0x38 Middlewares\ST\STM32_USB_Host_Library\Class\HID\Src\usbh_hid.o
                0x08005a04                fifo_init
 .text.fifo_read
                0x08005a3c       0x92 Middlewares\ST\STM32_USB_Host_Library\Class\HID\Src\usbh_hid.o
                0x08005a3c                fifo_read
 .text.fifo_write
                0x08005ace       0xa8 Middlewares\ST\STM32_USB_Host_Library\Class\HID\Src\usbh_hid.o
                0x08005ace                fifo_write
 *fill*         0x08005b76        0x2 
 .text.USBH_HID_EventCallback
                0x08005b78     0x1174 Middlewares\ST\STM32_USB_Host_Library\Class\HID\Src\usbh_hid.o
                0x08005b78                USBH_HID_EventCallback
 .text.USBH_HID_DS3Init
                0x08006cec       0x64 Middlewares\ST\STM32_USB_Host_Library\Class\HID\Src\usbh_hid_ds3.o
                0x08006cec                USBH_HID_DS3Init
 .text.USBH_HID_DS3Decode
                0x08006d50       0x84 Middlewares\ST\STM32_USB_Host_Library\Class\HID\Src\usbh_hid_ds3.o
 .text.USBH_HID_GetDS3Info
                0x08006dd4       0x28 Middlewares\ST\STM32_USB_Host_Library\Class\HID\Src\usbh_hid_ds3.o
                0x08006dd4                USBH_HID_GetDS3Info
 .text.USBH_HID_GetDS3ButtonsAndTriggers
                0x08006dfc       0xf4 Middlewares\ST\STM32_USB_Host_Library\Class\HID\Src\usbh_hid_ds3.o
                0x08006dfc                USBH_HID_GetDS3ButtonsAndTriggers
 .text.USBH_HID_DS4Init
                0x08006ef0       0x64 Middlewares\ST\STM32_USB_Host_Library\Class\HID\Src\usbh_hid_ds4.o
                0x08006ef0                USBH_HID_DS4Init
 .text.USBH_HID_DS4Decode
                0x08006f54       0x84 Middlewares\ST\STM32_USB_Host_Library\Class\HID\Src\usbh_hid_ds4.o
 .text.USBH_HID_GetDS4Info
                0x08006fd8       0x28 Middlewares\ST\STM32_USB_Host_Library\Class\HID\Src\usbh_hid_ds4.o
                0x08006fd8                USBH_HID_GetDS4Info
 .text.USBH_HID_GetDS4ButtonsAndTriggers
                0x08007000      0x190 Middlewares\ST\STM32_USB_Host_Library\Class\HID\Src\usbh_hid_ds4.o
                0x08007000                USBH_HID_GetDS4ButtonsAndTriggers
 .text.USBH_HID_KeybdInit
                0x08007190       0xa0 Middlewares\ST\STM32_USB_Host_Library\Class\HID\Src\usbh_hid_keybd.o
                0x08007190                USBH_HID_KeybdInit
 .text.USBH_HID_GetKeybdInfo
                0x08007230       0x28 Middlewares\ST\STM32_USB_Host_Library\Class\HID\Src\usbh_hid_keybd.o
                0x08007230                USBH_HID_GetKeybdInfo
 .text.USBH_HID_KeybdDecode
                0x08007258      0x120 Middlewares\ST\STM32_USB_Host_Library\Class\HID\Src\usbh_hid_keybd.o
 .text.USBH_HID_MouseInit
                0x08007378       0x70 Middlewares\ST\STM32_USB_Host_Library\Class\HID\Src\usbh_hid_mouse.o
                0x08007378                USBH_HID_MouseInit
 .text.HID_ReadItem
                0x080073e8      0x138 Middlewares\ST\STM32_USB_Host_Library\Class\HID\Src\usbh_hid_parser.o
                0x080073e8                HID_ReadItem
 .text.DetectButton
                0x08007520      0x164 Middlewares\ST\STM32_USB_Host_Library\Class\XPAD\Src\usbh_xpad.o
                0x08007520                DetectButton
 .text.parseMessage
                0x08007684     0x10dc Middlewares\ST\STM32_USB_Host_Library\Class\XPAD\Src\usbh_xpad.o
                0x08007684                parseMessage
 .text.XPAD_360_WIRELESS_ProcessInputData
                0x08008760       0x7c Middlewares\ST\STM32_USB_Host_Library\Class\XPAD\Src\usbh_xpad.o
                0x08008760                XPAD_360_WIRELESS_ProcessInputData
 .text.XPAD_360_WIRED_ProcessInputData
                0x080087dc       0x2c Middlewares\ST\STM32_USB_Host_Library\Class\XPAD\Src\usbh_xpad.o
                0x080087dc                XPAD_360_WIRED_ProcessInputData
 .text.XPAD_XBONE_ProcessInputData
                0x08008808       0x3c Middlewares\ST\STM32_USB_Host_Library\Class\XPAD\Src\usbh_xpad.o
                0x08008808                XPAD_XBONE_ProcessInputData
 .text.USBH_XPAD_Start
                0x08008844       0xe0 Middlewares\ST\STM32_USB_Host_Library\Class\XPAD\Src\usbh_xpad.o
 .text.USBH_XPAD_Led
                0x08008924       0x98 Middlewares\ST\STM32_USB_Host_Library\Class\XPAD\Src\usbh_xpad.o
 .text.USBH_XPAD_InterfaceInit
                0x080089bc      0x268 Middlewares\ST\STM32_USB_Host_Library\Class\XPAD\Src\usbh_xpad.o
 .text.USBH_XPAD_InterfaceDeInit
                0x08008c24       0x98 Middlewares\ST\STM32_USB_Host_Library\Class\XPAD\Src\usbh_xpad.o
 .text.USBH_XPAD_ClassRequest
                0x08008cbc       0x16 Middlewares\ST\STM32_USB_Host_Library\Class\XPAD\Src\usbh_xpad.o
 *fill*         0x08008cd2        0x2 
 .text.USBH_XPAD_Process
                0x08008cd4       0xac Middlewares\ST\STM32_USB_Host_Library\Class\XPAD\Src\usbh_xpad.o
 .text.USBH_XPAD_SOFProcess
                0x08008d80       0x16 Middlewares\ST\STM32_USB_Host_Library\Class\XPAD\Src\usbh_xpad.o
 .text.USBH_Init
                0x08008d96       0x54 Middlewares\ST\STM32_USB_Host_Library\Core\Src\usbh_core.o
                0x08008d96                USBH_Init
 .text.DeInitStateMachine
                0x08008dea       0x96 Middlewares\ST\STM32_USB_Host_Library\Core\Src\usbh_core.o
 .text.USBH_RegisterClass
                0x08008e80       0x58 Middlewares\ST\STM32_USB_Host_Library\Core\Src\usbh_core.o
                0x08008e80                USBH_RegisterClass
 .text.USBH_SelectInterface
                0x08008ed8       0x26 Middlewares\ST\STM32_USB_Host_Library\Core\Src\usbh_core.o
                0x08008ed8                USBH_SelectInterface
 .text.USBH_FindInterface
                0x08008efe       0x96 Middlewares\ST\STM32_USB_Host_Library\Core\Src\usbh_core.o
                0x08008efe                USBH_FindInterface
 .text.USBH_Start
                0x08008f94       0x20 Middlewares\ST\STM32_USB_Host_Library\Core\Src\usbh_core.o
                0x08008f94                USBH_Start
 .text.USBH_Process
                0x08008fb4      0x2c0 Middlewares\ST\STM32_USB_Host_Library\Core\Src\usbh_core.o
                0x08008fb4                USBH_Process
 .text.USBH_HandleEnum
                0x08009274      0x234 Middlewares\ST\STM32_USB_Host_Library\Core\Src\usbh_core.o
 .text.USBH_LL_SetTimer
                0x080094a8       0x1e Middlewares\ST\STM32_USB_Host_Library\Core\Src\usbh_core.o
                0x080094a8                USBH_LL_SetTimer
 .text.USBH_LL_IncTimer
                0x080094c6       0x24 Middlewares\ST\STM32_USB_Host_Library\Core\Src\usbh_core.o
                0x080094c6                USBH_LL_IncTimer
 .text.USBH_HandleSof
                0x080094ea       0x30 Middlewares\ST\STM32_USB_Host_Library\Core\Src\usbh_core.o
 .text.USBH_LL_Connect
                0x0800951a       0x4c Middlewares\ST\STM32_USB_Host_Library\Core\Src\usbh_core.o
                0x0800951a                USBH_LL_Connect
 .text.USBH_LL_Disconnect
                0x08009566       0x5a Middlewares\ST\STM32_USB_Host_Library\Core\Src\usbh_core.o
                0x08009566                USBH_LL_Disconnect
 .text.USBH_Get_DevDesc
                0x080095c0       0x50 Middlewares\ST\STM32_USB_Host_Library\Core\Src\usbh_ctlreq.o
                0x080095c0                USBH_Get_DevDesc
 .text.USBH_Get_CfgDesc
                0x08009610       0x48 Middlewares\ST\STM32_USB_Host_Library\Core\Src\usbh_ctlreq.o
                0x08009610                USBH_Get_CfgDesc
 .text.USBH_Get_StringDesc
                0x08009658       0x56 Middlewares\ST\STM32_USB_Host_Library\Core\Src\usbh_ctlreq.o
                0x08009658                USBH_Get_StringDesc
 .text.USBH_GetDescriptor
                0x080096ae       0x6a Middlewares\ST\STM32_USB_Host_Library\Core\Src\usbh_ctlreq.o
                0x080096ae                USBH_GetDescriptor
 .text.USBH_SetAddress
                0x08009718       0x48 Middlewares\ST\STM32_USB_Host_Library\Core\Src\usbh_ctlreq.o
                0x08009718                USBH_SetAddress
 .text.USBH_SetCfg
                0x08009760       0x46 Middlewares\ST\STM32_USB_Host_Library\Core\Src\usbh_ctlreq.o
                0x08009760                USBH_SetCfg
 .text.USBH_ClrFeature
                0x080097a6       0x48 Middlewares\ST\STM32_USB_Host_Library\Core\Src\usbh_ctlreq.o
                0x080097a6                USBH_ClrFeature
 .text.USBH_ParseDevDesc
                0x080097ee       0xe0 Middlewares\ST\STM32_USB_Host_Library\Core\Src\usbh_ctlreq.o
 .text.USBH_ParseCfgDesc
                0x080098ce      0x14c Middlewares\ST\STM32_USB_Host_Library\Core\Src\usbh_ctlreq.o
 .text.USBH_ParseInterfaceDesc
                0x08009a1a       0x5e Middlewares\ST\STM32_USB_Host_Library\Core\Src\usbh_ctlreq.o
 .text.USBH_ParseEPDesc
                0x08009a78       0x5a Middlewares\ST\STM32_USB_Host_Library\Core\Src\usbh_ctlreq.o
 .text.USBH_ParseStringDesc
                0x08009ad2       0x66 Middlewares\ST\STM32_USB_Host_Library\Core\Src\usbh_ctlreq.o
 .text.USBH_GetNextDesc
                0x08009b38       0x36 Middlewares\ST\STM32_USB_Host_Library\Core\Src\usbh_ctlreq.o
                0x08009b38                USBH_GetNextDesc
 .text.USBH_CtlReq
                0x08009b6e       0x7c Middlewares\ST\STM32_USB_Host_Library\Core\Src\usbh_ctlreq.o
                0x08009b6e                USBH_CtlReq
 *fill*         0x08009bea        0x2 
 .text.USBH_HandleControl
                0x08009bec      0x2d0 Middlewares\ST\STM32_USB_Host_Library\Core\Src\usbh_ctlreq.o
 .text.USBH_CtlSendSetup
                0x08009ebc       0x34 Middlewares\ST\STM32_USB_Host_Library\Core\Src\usbh_ioreq.o
                0x08009ebc                USBH_CtlSendSetup
 .text.USBH_CtlSendData
                0x08009ef0       0x4a Middlewares\ST\STM32_USB_Host_Library\Core\Src\usbh_ioreq.o
                0x08009ef0                USBH_CtlSendData
 .text.USBH_CtlReceiveData
                0x08009f3a       0x3c Middlewares\ST\STM32_USB_Host_Library\Core\Src\usbh_ioreq.o
                0x08009f3a                USBH_CtlReceiveData
 .text.USBH_InterruptReceiveData
                0x08009f76       0x3e Middlewares\ST\STM32_USB_Host_Library\Core\Src\usbh_ioreq.o
                0x08009f76                USBH_InterruptReceiveData
 .text.USBH_InterruptSendData
                0x08009fb4       0x3e Middlewares\ST\STM32_USB_Host_Library\Core\Src\usbh_ioreq.o
                0x08009fb4                USBH_InterruptSendData
 .text.USBH_OpenPipe
                0x08009ff2       0x3e Middlewares\ST\STM32_USB_Host_Library\Core\Src\usbh_pipes.o
                0x08009ff2                USBH_OpenPipe
 .text.USBH_ClosePipe
                0x0800a030       0x20 Middlewares\ST\STM32_USB_Host_Library\Core\Src\usbh_pipes.o
                0x0800a030                USBH_ClosePipe
 .text.USBH_AllocPipe
                0x0800a050       0x42 Middlewares\ST\STM32_USB_Host_Library\Core\Src\usbh_pipes.o
                0x0800a050                USBH_AllocPipe
 .text.USBH_FreePipe
                0x0800a092       0x40 Middlewares\ST\STM32_USB_Host_Library\Core\Src\usbh_pipes.o
                0x0800a092                USBH_FreePipe
 .text.USBH_GetFreePipe
                0x0800a0d2       0x4a Middlewares\ST\STM32_USB_Host_Library\Core\Src\usbh_pipes.o
 .text.ChangeButtonMappingKB
                0x0800a11c      0x160 Src\main.o
                0x0800a11c                ChangeButtonMappingKB
 .text.ChangeButtonMappingController
                0x0800a27c      0x134 Src\main.o
                0x0800a27c                ChangeButtonMappingController
 .text.SaveControls
                0x0800a3b0       0x8c Src\main.o
                0x0800a3b0                SaveControls
 .text.LoadControls
                0x0800a43c       0x24 Src\main.o
                0x0800a43c                LoadControls
 .text.AdvanceState
                0x0800a460       0x68 Src\main.o
                0x0800a460                AdvanceState
 .text.reverse  0x0800a4c8       0x68 Src\main.o
                0x0800a4c8                reverse
 .text.SetN64DataInputMode
                0x0800a530       0x2c Src\main.o
                0x0800a530                SetN64DataInputMode
 .text.SetN64DataOutputMode
                0x0800a55c       0x2c Src\main.o
                0x0800a55c                SetN64DataOutputMode
 .text.write_1  0x0800a588       0x28 Src\main.o
                0x0800a588                write_1
 .text.write_0  0x0800a5b0       0x28 Src\main.o
                0x0800a5b0                write_0
 .text.SendStop
                0x0800a5d8       0x24 Src\main.o
                0x0800a5d8                SendStop
 .text.SendByte
                0x0800a5fc       0x3e Src\main.o
                0x0800a5fc                SendByte
 .text.SendIdentityN64
                0x0800a63a       0x1e Src\main.o
                0x0800a63a                SendIdentityN64
 .text.SendIdentityGC
                0x0800a658       0x1e Src\main.o
                0x0800a658                SendIdentityGC
 *fill*         0x0800a676        0x2 
 .text.SendControllerDataN64
                0x0800a678       0x50 Src\main.o
                0x0800a678                SendControllerDataN64
 .text.SendControllerDataGC
                0x0800a6c8       0x78 Src\main.o
                0x0800a6c8                SendControllerDataGC
 .text.SendOriginGC
                0x0800a740       0xc8 Src\main.o
                0x0800a740                SendOriginGC
 .text.GetMiddleOfPulse
                0x0800a808       0x70 Src\main.o
                0x0800a808                GetMiddleOfPulse
 .text.readCommand
                0x0800a878       0x74 Src\main.o
                0x0800a878                readCommand
 .text.main     0x0800a8ec      0x108 Src\main.o
                0x0800a8ec                main
 .text.SystemClock_Config
                0x0800a9f4      0x128 Src\main.o
                0x0800a9f4                SystemClock_Config
 .text.MX_USART2_UART_Init
                0x0800ab1c       0x5c Src\main.o
 .text.MX_GPIO_Init
                0x0800ab78      0x188 Src\main.o
 .text._Error_Handler
                0x0800ad00        0xc Src\main.o
                0x0800ad00                _Error_Handler
 .text.HAL_MspInit
                0x0800ad0c       0xa4 Src\stm32f4xx_hal_msp.o
                0x0800ad0c                HAL_MspInit
 .text.HAL_UART_MspInit
                0x0800adb0       0x64 Src\stm32f4xx_hal_msp.o
                0x0800adb0                HAL_UART_MspInit
 .text.SysTick_Handler
                0x0800ae14       0x10 Src\stm32f4xx_it.o
                0x0800ae14                SysTick_Handler
 .text.EXTI9_5_IRQHandler
                0x0800ae24       0xdc Src\stm32f4xx_it.o
                0x0800ae24                EXTI9_5_IRQHandler
 .text.OTG_FS_IRQHandler
                0x0800af00       0x14 Src\stm32f4xx_it.o
                0x0800af00                OTG_FS_IRQHandler
 .text.SystemInit
                0x0800af14       0x6c Src\system_stm32f4xx.o
                0x0800af14                SystemInit
 .text.MX_USB_HOST_Init
                0x0800af80       0x38 Src\usb_host.o
                0x0800af80                MX_USB_HOST_Init
 .text.MX_USB_HOST_Process
                0x0800afb8       0x14 Src\usb_host.o
                0x0800afb8                MX_USB_HOST_Process
 .text.USBH_UserProcess
                0x0800afcc       0x5c Src\usb_host.o
 .text.HAL_HCD_MspInit
                0x0800b028       0x7c Src\usbh_conf.o
                0x0800b028                HAL_HCD_MspInit
 .text.HAL_HCD_SOF_Callback
                0x0800b0a4       0x1c Src\usbh_conf.o
                0x0800b0a4                HAL_HCD_SOF_Callback
 .text.HAL_HCD_Connect_Callback
                0x0800b0c0       0x1c Src\usbh_conf.o
                0x0800b0c0                HAL_HCD_Connect_Callback
 .text.HAL_HCD_Disconnect_Callback
                0x0800b0dc       0x1c Src\usbh_conf.o
                0x0800b0dc                HAL_HCD_Disconnect_Callback
 .text.HAL_HCD_HC_NotifyURBChange_Callback
                0x0800b0f8       0x1c Src\usbh_conf.o
                0x0800b0f8                HAL_HCD_HC_NotifyURBChange_Callback
 .text.USBH_LL_Init
                0x0800b114       0x80 Src\usbh_conf.o
                0x0800b114                USBH_LL_Init
 .text.USBH_LL_Start
                0x0800b194       0x64 Src\usbh_conf.o
                0x0800b194                USBH_LL_Start
 .text.USBH_LL_Stop
                0x0800b1f8       0x64 Src\usbh_conf.o
                0x0800b1f8                USBH_LL_Stop
 .text.USBH_LL_GetSpeed
                0x0800b25c       0x4a Src\usbh_conf.o
                0x0800b25c                USBH_LL_GetSpeed
 *fill*         0x0800b2a6        0x2 
 .text.USBH_LL_ResetPort
                0x0800b2a8       0x64 Src\usbh_conf.o
                0x0800b2a8                USBH_LL_ResetPort
 .text.USBH_LL_OpenPipe
                0x0800b30c       0x8c Src\usbh_conf.o
                0x0800b30c                USBH_LL_OpenPipe
 .text.USBH_LL_ClosePipe
                0x0800b398       0x6c Src\usbh_conf.o
                0x0800b398                USBH_LL_ClosePipe
 .text.USBH_LL_SubmitURB
                0x0800b404       0x90 Src\usbh_conf.o
                0x0800b404                USBH_LL_SubmitURB
 .text.USBH_LL_GetURBState
                0x0800b494       0x26 Src\usbh_conf.o
                0x0800b494                USBH_LL_GetURBState
 .text.USBH_LL_DriverVBUS
                0x0800b4ba       0x1c Src\usbh_conf.o
                0x0800b4ba                USBH_LL_DriverVBUS
 .text.USBH_LL_SetToggle
                0x0800b4d6       0x66 Src\usbh_conf.o
                0x0800b4d6                USBH_LL_SetToggle
 .text.USBH_Delay
                0x0800b53c       0x16 Src\usbh_conf.o
                0x0800b53c                USBH_Delay
 *fill*         0x0800b552        0x2 
 .text.Reset_Handler
                0x0800b554       0x50 startup\startup_stm32f446xx.o
                0x0800b554                Reset_Handler
 .text.Default_Handler
                0x0800b5a4        0x2 startup\startup_stm32f446xx.o
                0x0800b5a4                RTC_Alarm_IRQHandler
                0x0800b5a4                EXTI2_IRQHandler
                0x0800b5a4                TIM8_CC_IRQHandler
                0x0800b5a4                DebugMon_Handler
                0x0800b5a4                SPI4_IRQHandler
                0x0800b5a4                TIM1_CC_IRQHandler
                0x0800b5a4                DMA2_Stream5_IRQHandler
                0x0800b5a4                HardFault_Handler
                0x0800b5a4                DMA1_Stream5_IRQHandler
                0x0800b5a4                PVD_IRQHandler
                0x0800b5a4                SDIO_IRQHandler
                0x0800b5a4                TAMP_STAMP_IRQHandler
                0x0800b5a4                PendSV_Handler
                0x0800b5a4                NMI_Handler
                0x0800b5a4                CAN2_RX1_IRQHandler
                0x0800b5a4                EXTI3_IRQHandler
                0x0800b5a4                TIM8_TRG_COM_TIM14_IRQHandler
                0x0800b5a4                TIM1_UP_TIM10_IRQHandler
                0x0800b5a4                TIM8_UP_TIM13_IRQHandler
                0x0800b5a4                I2C3_ER_IRQHandler
                0x0800b5a4                FMPI2C1_Event_IRQHandler
                0x0800b5a4                EXTI0_IRQHandler
                0x0800b5a4                I2C2_EV_IRQHandler
                0x0800b5a4                DMA1_Stream2_IRQHandler
                0x0800b5a4                CAN1_RX0_IRQHandler
                0x0800b5a4                FPU_IRQHandler
                0x0800b5a4                OTG_HS_WKUP_IRQHandler
                0x0800b5a4                UsageFault_Handler
                0x0800b5a4                CAN2_SCE_IRQHandler
                0x0800b5a4                DMA2_Stream2_IRQHandler
                0x0800b5a4                SPI1_IRQHandler
                0x0800b5a4                TIM6_DAC_IRQHandler
                0x0800b5a4                TIM1_BRK_TIM9_IRQHandler
                0x0800b5a4                DCMI_IRQHandler
                0x0800b5a4                CAN2_RX0_IRQHandler
                0x0800b5a4                DMA2_Stream3_IRQHandler
                0x0800b5a4                SAI2_IRQHandler
                0x0800b5a4                USART6_IRQHandler
                0x0800b5a4                USART3_IRQHandler
                0x0800b5a4                CAN1_RX1_IRQHandler
                0x0800b5a4                UART5_IRQHandler
                0x0800b5a4                DMA2_Stream0_IRQHandler
                0x0800b5a4                TIM4_IRQHandler
                0x0800b5a4                QUADSPI_IRQHandler
                0x0800b5a4                I2C1_EV_IRQHandler
                0x0800b5a4                DMA1_Stream6_IRQHandler
                0x0800b5a4                DMA1_Stream1_IRQHandler
                0x0800b5a4                UART4_IRQHandler
                0x0800b5a4                TIM3_IRQHandler
                0x0800b5a4                RCC_IRQHandler
                0x0800b5a4                TIM8_BRK_TIM12_IRQHandler
                0x0800b5a4                Default_Handler
                0x0800b5a4                CEC_IRQHandler
                0x0800b5a4                EXTI15_10_IRQHandler
                0x0800b5a4                ADC_IRQHandler
                0x0800b5a4                DMA1_Stream7_IRQHandler
                0x0800b5a4                TIM7_IRQHandler
                0x0800b5a4                CAN2_TX_IRQHandler
                0x0800b5a4                TIM5_IRQHandler
                0x0800b5a4                DMA2_Stream7_IRQHandler
                0x0800b5a4                I2C3_EV_IRQHandler
                0x0800b5a4                RTC_WKUP_IRQHandler
                0x0800b5a4                SPDIF_RX_IRQHandler
                0x0800b5a4                SPI2_IRQHandler
                0x0800b5a4                OTG_HS_EP1_IN_IRQHandler
                0x0800b5a4                MemManage_Handler
                0x0800b5a4                DMA1_Stream0_IRQHandler
                0x0800b5a4                CAN1_TX_IRQHandler
                0x0800b5a4                SVC_Handler
                0x0800b5a4                EXTI4_IRQHandler
                0x0800b5a4                OTG_HS_EP1_OUT_IRQHandler
                0x0800b5a4                WWDG_IRQHandler
                0x0800b5a4                TIM2_IRQHandler
                0x0800b5a4                OTG_FS_WKUP_IRQHandler
                0x0800b5a4                TIM1_TRG_COM_TIM11_IRQHandler
                0x0800b5a4                OTG_HS_IRQHandler
                0x0800b5a4                EXTI1_IRQHandler
                0x0800b5a4                USART2_IRQHandler
                0x0800b5a4                I2C2_ER_IRQHandler
                0x0800b5a4                DMA2_Stream1_IRQHandler
                0x0800b5a4                CAN1_SCE_IRQHandler
                0x0800b5a4                FLASH_IRQHandler
                0x0800b5a4                DMA2_Stream4_IRQHandler
                0x0800b5a4                BusFault_Handler
                0x0800b5a4                USART1_IRQHandler
                0x0800b5a4                SPI3_IRQHandler
                0x0800b5a4                DMA1_Stream4_IRQHandler
                0x0800b5a4                I2C1_ER_IRQHandler
                0x0800b5a4                FMC_IRQHandler
                0x0800b5a4                DMA2_Stream6_IRQHandler
                0x0800b5a4                SAI1_IRQHandler
                0x0800b5a4                DMA1_Stream3_IRQHandler
                0x0800b5a4                FMPI2C1_Error_IRQHandler
 *fill*         0x0800b5a6        0x2 
 .text.__libc_init_array
                0x0800b5a8       0x48 c:/program files (x86)/atollic/truestudio for stm32 9.0.1/armtools/bin/../lib/gcc/arm-atollic-eabi/6.3.1/../../../../arm-atollic-eabi/lib/armv7e-m/fpu\libc_nano.a(lib_a-init.o)
                0x0800b5a8                __libc_init_array
 .text.malloc   0x0800b5f0       0x10 c:/program files (x86)/atollic/truestudio for stm32 9.0.1/armtools/bin/../lib/gcc/arm-atollic-eabi/6.3.1/../../../../arm-atollic-eabi/lib/armv7e-m/fpu\libc_nano.a(lib_a-malloc.o)
                0x0800b5f0                malloc
 .text.free     0x0800b600       0x10 c:/program files (x86)/atollic/truestudio for stm32 9.0.1/armtools/bin/../lib/gcc/arm-atollic-eabi/6.3.1/../../../../arm-atollic-eabi/lib/armv7e-m/fpu\libc_nano.a(lib_a-malloc.o)
                0x0800b600                free
 .text.memcpy   0x0800b610       0x16 c:/program files (x86)/atollic/truestudio for stm32 9.0.1/armtools/bin/../lib/gcc/arm-atollic-eabi/6.3.1/../../../../arm-atollic-eabi/lib/armv7e-m/fpu\libc_nano.a(lib_a-memcpy-stub.o)
                0x0800b610                memcpy
 .text.memset   0x0800b626       0x10 c:/program files (x86)/atollic/truestudio for stm32 9.0.1/armtools/bin/../lib/gcc/arm-atollic-eabi/6.3.1/../../../../arm-atollic-eabi/lib/armv7e-m/fpu\libc_nano.a(lib_a-memset.o)
                0x0800b626                memset
 *fill*         0x0800b636        0x2 
 .text._free_r  0x0800b638       0x9c c:/program files (x86)/atollic/truestudio for stm32 9.0.1/armtools/bin/../lib/gcc/arm-atollic-eabi/6.3.1/../../../../arm-atollic-eabi/lib/armv7e-m/fpu\libc_nano.a(lib_a-nano-freer.o)
                0x0800b638                _free_r
 .text._malloc_r
                0x0800b6d4       0xbc c:/program files (x86)/atollic/truestudio for stm32 9.0.1/armtools/bin/../lib/gcc/arm-atollic-eabi/6.3.1/../../../../arm-atollic-eabi/lib/armv7e-m/fpu\libc_nano.a(lib_a-nano-mallocr.o)
                0x0800b6d4                _malloc_r
 .text._sbrk_r  0x0800b790       0x20 c:/program files (x86)/atollic/truestudio for stm32 9.0.1/armtools/bin/../lib/gcc/arm-atollic-eabi/6.3.1/../../../../arm-atollic-eabi/lib/armv7e-m/fpu\libc_nano.a(lib_a-sbrkr.o)
                0x0800b790                _sbrk_r
 .text.__malloc_lock
                0x0800b7b0        0x2 c:/program files (x86)/atollic/truestudio for stm32 9.0.1/armtools/bin/../lib/gcc/arm-atollic-eabi/6.3.1/../../../../arm-atollic-eabi/lib/armv7e-m/fpu\libc_nano.a(lib_a-mlock.o)
                0x0800b7b0                __malloc_lock
 .text.__malloc_unlock
                0x0800b7b2        0x2 c:/program files (x86)/atollic/truestudio for stm32 9.0.1/armtools/bin/../lib/gcc/arm-atollic-eabi/6.3.1/../../../../arm-atollic-eabi/lib/armv7e-m/fpu\libc_nano.a(lib_a-mlock.o)
                0x0800b7b2                __malloc_unlock
 .text._sbrk    0x0800b7b4       0x1c c:/program files (x86)/atollic/truestudio for stm32 9.0.1/armtools/bin/../lib/gcc/arm-atollic-eabi/6.3.1/../../../../arm-atollic-eabi/lib/armv7e-m/fpu\libnosys.a(sbrk.o)
                0x0800b7b4                _sbrk
 *(.glue_7)
 .glue_7        0x0800b7d0        0x0 linker stubs
 *(.glue_7t)
 .glue_7t       0x0800b7d0        0x0 linker stubs
 *(.eh_frame)
 .eh_frame      0x0800b7d0        0x0 c:/program files (x86)/atollic/truestudio for stm32 9.0.1/armtools/bin/../lib/gcc/arm-atollic-eabi/6.3.1/armv7e-m/fpu/crtbegin.o
 *(.init)
 .init          0x0800b7d0        0x4 c:/program files (x86)/atollic/truestudio for stm32 9.0.1/armtools/bin/../lib/gcc/arm-atollic-eabi/6.3.1/armv7e-m/fpu/crti.o
                0x0800b7d0                _init
 .init          0x0800b7d4        0x8 c:/program files (x86)/atollic/truestudio for stm32 9.0.1/armtools/bin/../lib/gcc/arm-atollic-eabi/6.3.1/armv7e-m/fpu/crtn.o
 *(.fini)
 .fini          0x0800b7dc        0x4 c:/program files (x86)/atollic/truestudio for stm32 9.0.1/armtools/bin/../lib/gcc/arm-atollic-eabi/6.3.1/armv7e-m/fpu/crti.o
                0x0800b7dc                _fini
 .fini          0x0800b7e0        0x8 c:/program files (x86)/atollic/truestudio for stm32 9.0.1/armtools/bin/../lib/gcc/arm-atollic-eabi/6.3.1/armv7e-m/fpu/crtn.o
                0x0800b7e8                . = ALIGN (0x4)
                0x0800b7e8                _etext = .

.vfp11_veneer   0x0800b7e8        0x0
 .vfp11_veneer  0x0800b7e8        0x0 linker stubs

.v4_bx          0x0800b7e8        0x0
 .v4_bx         0x0800b7e8        0x0 linker stubs

.iplt           0x0800b7e8        0x0
 .iplt          0x0800b7e8        0x0 c:/program files (x86)/atollic/truestudio for stm32 9.0.1/armtools/bin/../lib/gcc/arm-atollic-eabi/6.3.1/armv7e-m/fpu/crtbegin.o

.rodata         0x0800b7e8      0x1b8
                0x0800b7e8                . = ALIGN (0x4)
 *(.rodata)
 .rodata        0x0800b7e8       0x11 Middlewares\ST\STM32_USB_Host_Library\Class\HID\Src\usbh_hid.o
 *fill*         0x0800b7f9        0x3 
 .rodata        0x0800b7fc        0x5 Middlewares\ST\STM32_USB_Host_Library\Class\XPAD\Src\usbh_xpad.o
 *fill*         0x0800b801        0x3 
 .rodata        0x0800b804        0xe Src\main.o
 *fill*         0x0800b812        0x2 
 .rodata        0x0800b814       0x13 Src\usbh_conf.o
 *(.rodata*)
 *fill*         0x0800b827        0x1 
 .rodata.imp_0_ds3_byte
                0x0800b828       0x20 Middlewares\ST\STM32_USB_Host_Library\Class\HID\Src\usbh_hid_ds3.o
 .rodata.imp_0_ds4_byte
                0x0800b848       0x20 Middlewares\ST\STM32_USB_Host_Library\Class\HID\Src\usbh_hid_ds4.o
 .rodata.imp_0_lctrl
                0x0800b868       0x20 Middlewares\ST\STM32_USB_Host_Library\Class\HID\Src\usbh_hid_keybd.o
 .rodata.imp_0_lshift
                0x0800b888       0x20 Middlewares\ST\STM32_USB_Host_Library\Class\HID\Src\usbh_hid_keybd.o
 .rodata.imp_0_lalt
                0x0800b8a8       0x20 Middlewares\ST\STM32_USB_Host_Library\Class\HID\Src\usbh_hid_keybd.o
 .rodata.imp_0_lgui
                0x0800b8c8       0x20 Middlewares\ST\STM32_USB_Host_Library\Class\HID\Src\usbh_hid_keybd.o
 .rodata.imp_0_rctrl
                0x0800b8e8       0x20 Middlewares\ST\STM32_USB_Host_Library\Class\HID\Src\usbh_hid_keybd.o
 .rodata.imp_0_rshift
                0x0800b908       0x20 Middlewares\ST\STM32_USB_Host_Library\Class\HID\Src\usbh_hid_keybd.o
 .rodata.imp_0_ralt
                0x0800b928       0x20 Middlewares\ST\STM32_USB_Host_Library\Class\HID\Src\usbh_hid_keybd.o
 .rodata.imp_0_rgui
                0x0800b948       0x20 Middlewares\ST\STM32_USB_Host_Library\Class\HID\Src\usbh_hid_keybd.o
 .rodata.imp_0_key_array
                0x0800b968       0x20 Middlewares\ST\STM32_USB_Host_Library\Class\HID\Src\usbh_hid_keybd.o
 .rodata.AHBPrescTable
                0x0800b988       0x10 Src\system_stm32f4xx.o
                0x0800b988                AHBPrescTable
 .rodata.APBPrescTable
                0x0800b998        0x8 Src\system_stm32f4xx.o
                0x0800b998                APBPrescTable
                0x0800b9a0                . = ALIGN (0x4)

.ARM.extab
 *(.ARM.extab* .gnu.linkonce.armextab.*)

.ARM            0x0800b9a0        0x8
                0x0800b9a0                __exidx_start = .
 *(.ARM.exidx*)
 .ARM.exidx     0x0800b9a0        0x8 c:/program files (x86)/atollic/truestudio for stm32 9.0.1/armtools/bin/../lib/gcc/arm-atollic-eabi/6.3.1/armv7e-m/fpu\libgcc.a(_udivmoddi4.o)
                0x0800b9a8                __exidx_end = .

.rel.dyn        0x0800b9a8        0x0
 .rel.iplt      0x0800b9a8        0x0 c:/program files (x86)/atollic/truestudio for stm32 9.0.1/armtools/bin/../lib/gcc/arm-atollic-eabi/6.3.1/armv7e-m/fpu/crtbegin.o

.preinit_array  0x0800b9a8        0x0
                0x0800b9a8                PROVIDE (__preinit_array_start, .)
 *(.preinit_array*)
                0x0800b9a8                PROVIDE (__preinit_array_end, .)

.init_array     0x0800b9a8        0x4
                0x0800b9a8                PROVIDE (__init_array_start, .)
 *(SORT(.init_array.*))
 *(.init_array*)
 .init_array    0x0800b9a8        0x4 c:/program files (x86)/atollic/truestudio for stm32 9.0.1/armtools/bin/../lib/gcc/arm-atollic-eabi/6.3.1/armv7e-m/fpu/crtbegin.o
                0x0800b9ac                PROVIDE (__init_array_end, .)

.fini_array     0x0800b9ac        0x4
                [!provide]                PROVIDE (__fini_array_start, .)
 *(SORT(.fini_array.*))
 *(.fini_array*)
 .fini_array    0x0800b9ac        0x4 c:/program files (x86)/atollic/truestudio for stm32 9.0.1/armtools/bin/../lib/gcc/arm-atollic-eabi/6.3.1/armv7e-m/fpu/crtbegin.o
                [!provide]                PROVIDE (__fini_array_end, .)
                0x0800b9b0                _sidata = LOADADDR (.data)

.data           0x20000000       0xe4 load address 0x0800b9b0
                0x20000000                . = ALIGN (0x4)
                0x20000000                _sdata = .
 *(.data)
 *(.data*)
 .data.uwTickPrio
                0x20000000        0x4 Drivers\STM32F4xx_HAL_Driver\Src\stm32f4xx_hal.o
                0x20000000                uwTickPrio
 .data.uwTickFreq
                0x20000004        0x1 Drivers\STM32F4xx_HAL_Driver\Src\stm32f4xx_hal.o
                0x20000004                uwTickFreq
 *fill*         0x20000005        0x3 
 .data.led_buffer
                0x20000008       0x30 Middlewares\ST\STM32_USB_Host_Library\Class\HID\Src\usbh_hid.o
 .data.HID_Class
                0x20000038       0x20 Middlewares\ST\STM32_USB_Host_Library\Class\HID\Src\usbh_hid.o
                0x20000038                HID_Class
 .data.XPAD_Class
                0x20000058       0x20 Middlewares\ST\STM32_USB_Host_Library\Class\XPAD\Src\usbh_xpad.o
                0x20000058                XPAD_Class
 .data.saveData
                0x20000078        0x4 Src\main.o
                0x20000078                saveData
 .data.SystemCoreClock
                0x2000007c        0x4 Src\system_stm32f4xx.o
                0x2000007c                SystemCoreClock
 .data._impure_ptr
                0x20000080        0x4 c:/program files (x86)/atollic/truestudio for stm32 9.0.1/armtools/bin/../lib/gcc/arm-atollic-eabi/6.3.1/../../../../arm-atollic-eabi/lib/armv7e-m/fpu\libc_nano.a(lib_a-impure.o)
                0x20000080                _impure_ptr
 .data.impure_data
                0x20000084       0x60 c:/program files (x86)/atollic/truestudio for stm32 9.0.1/armtools/bin/../lib/gcc/arm-atollic-eabi/6.3.1/../../../../arm-atollic-eabi/lib/armv7e-m/fpu\libc_nano.a(lib_a-impure.o)
                0x200000e4                . = ALIGN (0x4)
                0x200000e4                _edata = .

.igot.plt       0x200000e4        0x0 load address 0x0800ba94
 .igot.plt      0x200000e4        0x0 c:/program files (x86)/atollic/truestudio for stm32 9.0.1/armtools/bin/../lib/gcc/arm-atollic-eabi/6.3.1/armv7e-m/fpu/crtbegin.o
                0x200000e4                . = ALIGN (0x4)

.bss            0x200000e4      0xc6c load address 0x0800ba94
                0x200000e4                _sbss = .
                0x200000e4                __bss_start__ = _sbss
 *(.bss)
 .bss           0x200000e4       0x1c c:/program files (x86)/atollic/truestudio for stm32 9.0.1/armtools/bin/../lib/gcc/arm-atollic-eabi/6.3.1/armv7e-m/fpu/crtbegin.o
 *(.bss*)
 .bss.keyboardButtonPressed
                0x20000100        0x1 Middlewares\ST\STM32_USB_Host_Library\Class\HID\Src\usbh_hid.o
                0x20000100                keyboardButtonPressed
 .bss.ds3ButtonPressed
                0x20000101        0x1 Middlewares\ST\STM32_USB_Host_Library\Class\HID\Src\usbh_hid.o
                0x20000101                ds3ButtonPressed
 .bss.LSY       0x20000102        0x1 Middlewares\ST\STM32_USB_Host_Library\Class\XPAD\Src\usbh_xpad.o
                0x20000102                LSY
 .bss.LSX       0x20000103        0x1 Middlewares\ST\STM32_USB_Host_Library\Class\XPAD\Src\usbh_xpad.o
                0x20000103                LSX
 .bss.RSY       0x20000104        0x1 Middlewares\ST\STM32_USB_Host_Library\Class\XPAD\Src\usbh_xpad.o
                0x20000104                RSY
 .bss.RSX       0x20000105        0x1 Middlewares\ST\STM32_USB_Host_Library\Class\XPAD\Src\usbh_xpad.o
                0x20000105                RSX
 .bss.Lt        0x20000106        0x1 Middlewares\ST\STM32_USB_Host_Library\Class\XPAD\Src\usbh_xpad.o
                0x20000106                Lt
 .bss.Rt        0x20000107        0x1 Middlewares\ST\STM32_USB_Host_Library\Class\XPAD\Src\usbh_xpad.o
                0x20000107                Rt
 .bss.serial    0x20000108        0x1 Middlewares\ST\STM32_USB_Host_Library\Class\XPAD\Src\usbh_xpad.o
                0x20000108                serial
 .bss.xpadButtonPressed
                0x20000109        0x1 Middlewares\ST\STM32_USB_Host_Library\Class\XPAD\Src\usbh_xpad.o
                0x20000109                xpadButtonPressed
 .bss.state     0x2000010a        0x1 Src\main.o
                0x2000010a                state
 .bss.blueButtonPressed
                0x2000010b        0x1 Src\main.o
                0x2000010b                blueButtonPressed
 .bss.type      0x2000010c        0x1 Src\main.o
                0x2000010c                type
 .bss.identify_attempted
                0x2000010d        0x1 Src\stm32f4xx_it.o
                0x2000010d                identify_attempted
 .bss.Appli_state
                0x2000010e        0x1 Src\usb_host.o
                0x2000010e                Appli_state
 *fill*         0x2000010f        0x1 
 .bss.__malloc_free_list
                0x20000110        0x4 c:/program files (x86)/atollic/truestudio for stm32 9.0.1/armtools/bin/../lib/gcc/arm-atollic-eabi/6.3.1/../../../../arm-atollic-eabi/lib/armv7e-m/fpu\libc_nano.a(lib_a-nano-mallocr.o)
                0x20000110                __malloc_free_list
 .bss.__malloc_sbrk_start
                0x20000114        0x4 c:/program files (x86)/atollic/truestudio for stm32 9.0.1/armtools/bin/../lib/gcc/arm-atollic-eabi/6.3.1/../../../../arm-atollic-eabi/lib/armv7e-m/fpu\libc_nano.a(lib_a-nano-mallocr.o)
                0x20000114                __malloc_sbrk_start
 .bss.heap_end.5239
                0x20000118        0x4 c:/program files (x86)/atollic/truestudio for stm32 9.0.1/armtools/bin/../lib/gcc/arm-atollic-eabi/6.3.1/../../../../arm-atollic-eabi/lib/armv7e-m/fpu\libnosys.a(sbrk.o)
 *(COMMON)
 COMMON         0x2000011c        0x8 Drivers\STM32F4xx_HAL_Driver\Src\stm32f4xx_hal.o
                0x2000011c                output_type
                0x20000120                uwTick
 COMMON         0x20000124       0x20 Drivers\STM32F4xx_HAL_Driver\Src\stm32f4xx_hal_flash.o
                0x20000124                pFlash
 COMMON         0x20000144       0x32 Middlewares\ST\STM32_USB_Host_Library\Class\HID\Src\usbh_hid.o
                0x20000144                stick_ly
                0x20000146                trigger_l
                0x20000148                stick_ry
                0x2000014a                stick_lx
                0x2000014c                buttons
                0x20000150                trigger_r
                0x20000154                report
                0x20000174                stick_rx
 *fill*         0x20000176        0x2 
 COMMON         0x20000178       0x60 Middlewares\ST\STM32_USB_Host_Library\Class\HID\Src\usbh_hid_ds3.o
                0x20000178                ds3_report_data
                0x200001a8                ds3_data
 COMMON         0x200001d8       0x80 Middlewares\ST\STM32_USB_Host_Library\Class\HID\Src\usbh_hid_ds4.o
                0x200001d8                ds4_data
                0x20000218                ds4_report_data
 COMMON         0x20000258       0x17 Middlewares\ST\STM32_USB_Host_Library\Class\HID\Src\usbh_hid_keybd.o
                0x20000258                keybd_report_data
                0x20000260                keybd_info
 *fill*         0x2000026f        0x1 
 COMMON         0x20000270        0xc Middlewares\ST\STM32_USB_Host_Library\Class\HID\Src\usbh_hid_mouse.o
                0x20000270                mouse_info
                0x20000278                mouse_report_data
 COMMON         0x2000027c       0xd0 Src\main.o
                0x2000027c                gc_data
                0x20000284                controls
                0x20000308                n64_data
                0x2000030c                huart2
 COMMON         0x2000034c      0x768 Src\usb_host.o
                0x2000034c                hUsbHostFS
 COMMON         0x20000ab4      0x298 Src\usbh_conf.o
                0x20000ab4                hhcd_USB_OTG_FS
 COMMON         0x20000d4c        0x4 c:/program files (x86)/atollic/truestudio for stm32 9.0.1/armtools/bin/../lib/gcc/arm-atollic-eabi/6.3.1/../../../../arm-atollic-eabi/lib/armv7e-m/fpu\libc_nano.a(lib_a-reent.o)
                0x20000d4c                errno
                0x20000d50                . = ALIGN (0x4)
                0x20000d50                _ebss = .
                0x20000d50                __bss_end__ = _ebss

._user_heap_stack
                0x20000d50      0x600 load address 0x0800ba94
                0x20000d50                . = ALIGN (0x4)
                0x20000d50                PROVIDE (end, .)
                [!provide]                PROVIDE (_end, .)
                0x20000f50                . = (. + _Min_Heap_Size)
 *fill*         0x20000d50      0x200 
                0x20001350                . = (. + _Min_Stack_Size)
 *fill*         0x20000f50      0x400 
                0x20001350                . = ALIGN (0x4)

/DISCARD/
 libc.a(*)
 libm.a(*)
 libgcc.a(*)

.ARM.attributes
                0x00000000       0x30
 *(.ARM.attributes)
 .ARM.attributes
                0x00000000       0x22 c:/program files (x86)/atollic/truestudio for stm32 9.0.1/armtools/bin/../lib/gcc/arm-atollic-eabi/6.3.1/armv7e-m/fpu/crti.o
 .ARM.attributes
                0x00000022       0x34 c:/program files (x86)/atollic/truestudio for stm32 9.0.1/armtools/bin/../lib/gcc/arm-atollic-eabi/6.3.1/armv7e-m/fpu/crtbegin.o
 .ARM.attributes
                0x00000056       0x39 Drivers\STM32F4xx_HAL_Driver\Src\stm32f4xx_hal.o
 .ARM.attributes
                0x0000008f       0x39 Drivers\STM32F4xx_HAL_Driver\Src\stm32f4xx_hal_cortex.o
 .ARM.attributes
                0x000000c8       0x39 Drivers\STM32F4xx_HAL_Driver\Src\stm32f4xx_hal_flash.o
 .ARM.attributes
                0x00000101       0x39 Drivers\STM32F4xx_HAL_Driver\Src\stm32f4xx_hal_flash_ex.o
 .ARM.attributes
                0x0000013a       0x39 Drivers\STM32F4xx_HAL_Driver\Src\stm32f4xx_hal_gpio.o
 .ARM.attributes
                0x00000173       0x39 Drivers\STM32F4xx_HAL_Driver\Src\stm32f4xx_hal_hcd.o
 .ARM.attributes
                0x000001ac       0x39 Drivers\STM32F4xx_HAL_Driver\Src\stm32f4xx_hal_rcc.o
 .ARM.attributes
                0x000001e5       0x39 Drivers\STM32F4xx_HAL_Driver\Src\stm32f4xx_hal_rcc_ex.o
 .ARM.attributes
                0x0000021e       0x39 Drivers\STM32F4xx_HAL_Driver\Src\stm32f4xx_hal_uart.o
 .ARM.attributes
                0x00000257       0x39 Drivers\STM32F4xx_HAL_Driver\Src\stm32f4xx_ll_usb.o
 .ARM.attributes
                0x00000290       0x39 Middlewares\ST\STM32_USB_Host_Library\Class\HID\Src\usbh_hid.o
 .ARM.attributes
                0x000002c9       0x39 Middlewares\ST\STM32_USB_Host_Library\Class\HID\Src\usbh_hid_ds3.o
 .ARM.attributes
                0x00000302       0x39 Middlewares\ST\STM32_USB_Host_Library\Class\HID\Src\usbh_hid_ds4.o
 .ARM.attributes
                0x0000033b       0x39 Middlewares\ST\STM32_USB_Host_Library\Class\HID\Src\usbh_hid_keybd.o
 .ARM.attributes
                0x00000374       0x39 Middlewares\ST\STM32_USB_Host_Library\Class\HID\Src\usbh_hid_mouse.o
 .ARM.attributes
                0x000003ad       0x39 Middlewares\ST\STM32_USB_Host_Library\Class\HID\Src\usbh_hid_parser.o
 .ARM.attributes
                0x000003e6       0x39 Middlewares\ST\STM32_USB_Host_Library\Class\XPAD\Src\usbh_xpad.o
 .ARM.attributes
                0x0000041f       0x39 Middlewares\ST\STM32_USB_Host_Library\Core\Src\usbh_core.o
 .ARM.attributes
                0x00000458       0x39 Middlewares\ST\STM32_USB_Host_Library\Core\Src\usbh_ctlreq.o
 .ARM.attributes
                0x00000491       0x39 Middlewares\ST\STM32_USB_Host_Library\Core\Src\usbh_ioreq.o
 .ARM.attributes
                0x000004ca       0x39 Middlewares\ST\STM32_USB_Host_Library\Core\Src\usbh_pipes.o
 .ARM.attributes
                0x00000503       0x39 Src\main.o
 .ARM.attributes
                0x0000053c       0x25 Src\my_wait_us_asm.o
 .ARM.attributes
                0x00000561       0x39 Src\stm32f4xx_hal_msp.o
 .ARM.attributes
                0x0000059a       0x39 Src\stm32f4xx_it.o
 .ARM.attributes
                0x000005d3       0x39 Src\system_stm32f4xx.o
 .ARM.attributes
                0x0000060c       0x39 Src\usb_host.o
 .ARM.attributes
                0x00000645       0x39 Src\usbh_conf.o
 .ARM.attributes
                0x0000067e       0x21 startup\startup_stm32f446xx.o
 .ARM.attributes
                0x0000069f       0x34 c:/program files (x86)/atollic/truestudio for stm32 9.0.1/armtools/bin/../lib/gcc/arm-atollic-eabi/6.3.1/../../../../arm-atollic-eabi/lib/armv7e-m/fpu\libc_nano.a(lib_a-init.o)
 .ARM.attributes
                0x000006d3       0x34 c:/program files (x86)/atollic/truestudio for stm32 9.0.1/armtools/bin/../lib/gcc/arm-atollic-eabi/6.3.1/../../../../arm-atollic-eabi/lib/armv7e-m/fpu\libc_nano.a(lib_a-malloc.o)
 .ARM.attributes
                0x00000707       0x34 c:/program files (x86)/atollic/truestudio for stm32 9.0.1/armtools/bin/../lib/gcc/arm-atollic-eabi/6.3.1/../../../../arm-atollic-eabi/lib/armv7e-m/fpu\libc_nano.a(lib_a-memcpy-stub.o)
 .ARM.attributes
                0x0000073b       0x34 c:/program files (x86)/atollic/truestudio for stm32 9.0.1/armtools/bin/../lib/gcc/arm-atollic-eabi/6.3.1/../../../../arm-atollic-eabi/lib/armv7e-m/fpu\libc_nano.a(lib_a-memset.o)
 .ARM.attributes
                0x0000076f       0x34 c:/program files (x86)/atollic/truestudio for stm32 9.0.1/armtools/bin/../lib/gcc/arm-atollic-eabi/6.3.1/../../../../arm-atollic-eabi/lib/armv7e-m/fpu\libc_nano.a(lib_a-nano-freer.o)
 .ARM.attributes
                0x000007a3       0x34 c:/program files (x86)/atollic/truestudio for stm32 9.0.1/armtools/bin/../lib/gcc/arm-atollic-eabi/6.3.1/../../../../arm-atollic-eabi/lib/armv7e-m/fpu\libc_nano.a(lib_a-nano-mallocr.o)
 .ARM.attributes
                0x000007d7       0x34 c:/program files (x86)/atollic/truestudio for stm32 9.0.1/armtools/bin/../lib/gcc/arm-atollic-eabi/6.3.1/../../../../arm-atollic-eabi/lib/armv7e-m/fpu\libc_nano.a(lib_a-sbrkr.o)
 .ARM.attributes
                0x0000080b       0x34 c:/program files (x86)/atollic/truestudio for stm32 9.0.1/armtools/bin/../lib/gcc/arm-atollic-eabi/6.3.1/../../../../arm-atollic-eabi/lib/armv7e-m/fpu\libc_nano.a(lib_a-impure.o)
 .ARM.attributes
                0x0000083f       0x34 c:/program files (x86)/atollic/truestudio for stm32 9.0.1/armtools/bin/../lib/gcc/arm-atollic-eabi/6.3.1/../../../../arm-atollic-eabi/lib/armv7e-m/fpu\libc_nano.a(lib_a-mlock.o)
 .ARM.attributes
                0x00000873       0x34 c:/program files (x86)/atollic/truestudio for stm32 9.0.1/armtools/bin/../lib/gcc/arm-atollic-eabi/6.3.1/../../../../arm-atollic-eabi/lib/armv7e-m/fpu\libc_nano.a(lib_a-reent.o)
 .ARM.attributes
                0x000008a7       0x22 c:/program files (x86)/atollic/truestudio for stm32 9.0.1/armtools/bin/../lib/gcc/arm-atollic-eabi/6.3.1/armv7e-m/fpu\libgcc.a(_aeabi_uldivmod.o)
 .ARM.attributes
                0x000008c9       0x34 c:/program files (x86)/atollic/truestudio for stm32 9.0.1/armtools/bin/../lib/gcc/arm-atollic-eabi/6.3.1/armv7e-m/fpu\libgcc.a(_udivmoddi4.o)
 .ARM.attributes
                0x000008fd       0x22 c:/program files (x86)/atollic/truestudio for stm32 9.0.1/armtools/bin/../lib/gcc/arm-atollic-eabi/6.3.1/armv7e-m/fpu\libgcc.a(_dvmd_tls.o)
 .ARM.attributes
                0x0000091f       0x34 c:/program files (x86)/atollic/truestudio for stm32 9.0.1/armtools/bin/../lib/gcc/arm-atollic-eabi/6.3.1/../../../../arm-atollic-eabi/lib/armv7e-m/fpu\libnosys.a(sbrk.o)
 .ARM.attributes
                0x00000953       0x22 c:/program files (x86)/atollic/truestudio for stm32 9.0.1/armtools/bin/../lib/gcc/arm-atollic-eabi/6.3.1/armv7e-m/fpu/crtn.o
OUTPUT(USBtoN64v2.elf elf32-littlearm)

.debug_info     0x00000000    0x25d6c
 .debug_info    0x00000000     0x11ab Drivers\STM32F4xx_HAL_Driver\Src\stm32f4xx_hal.o
 .debug_info    0x000011ab     0x163b Drivers\STM32F4xx_HAL_Driver\Src\stm32f4xx_hal_cortex.o
 .debug_info    0x000027e6      0xdff Drivers\STM32F4xx_HAL_Driver\Src\stm32f4xx_hal_flash.o
 .debug_info    0x000035e5     0x107e Drivers\STM32F4xx_HAL_Driver\Src\stm32f4xx_hal_flash_ex.o
 .debug_info    0x00004663      0xfff Drivers\STM32F4xx_HAL_Driver\Src\stm32f4xx_hal_gpio.o
 .debug_info    0x00005662     0x15ac Drivers\STM32F4xx_HAL_Driver\Src\stm32f4xx_hal_hcd.o
 .debug_info    0x00006c0e     0x1131 Drivers\STM32F4xx_HAL_Driver\Src\stm32f4xx_hal_rcc.o
 .debug_info    0x00007d3f     0x11d0 Drivers\STM32F4xx_HAL_Driver\Src\stm32f4xx_hal_rcc_ex.o
 .debug_info    0x00008f0f     0x1a18 Drivers\STM32F4xx_HAL_Driver\Src\stm32f4xx_hal_uart.o
 .debug_info    0x0000a927     0x1d1b Drivers\STM32F4xx_HAL_Driver\Src\stm32f4xx_ll_usb.o
 .debug_info    0x0000c642     0x2790 Middlewares\ST\STM32_USB_Host_Library\Class\HID\Src\usbh_hid.o
 .debug_info    0x0000edd2     0x17c8 Middlewares\ST\STM32_USB_Host_Library\Class\HID\Src\usbh_hid_ds3.o
 .debug_info    0x0001059a     0x17cc Middlewares\ST\STM32_USB_Host_Library\Class\HID\Src\usbh_hid_ds4.o
 .debug_info    0x00011d66     0x16fa Middlewares\ST\STM32_USB_Host_Library\Class\HID\Src\usbh_hid_keybd.o
 .debug_info    0x00013460     0x15a8 Middlewares\ST\STM32_USB_Host_Library\Class\HID\Src\usbh_hid_mouse.o
 .debug_info    0x00014a08     0x12f0 Middlewares\ST\STM32_USB_Host_Library\Class\HID\Src\usbh_hid_parser.o
 .debug_info    0x00015cf8     0x1f54 Middlewares\ST\STM32_USB_Host_Library\Class\XPAD\Src\usbh_xpad.o
 .debug_info    0x00017c4c     0x15e5 Middlewares\ST\STM32_USB_Host_Library\Core\Src\usbh_core.o
 .debug_info    0x00019231     0x16df Middlewares\ST\STM32_USB_Host_Library\Core\Src\usbh_ctlreq.o
 .debug_info    0x0001a910     0x146c Middlewares\ST\STM32_USB_Host_Library\Core\Src\usbh_ioreq.o
 .debug_info    0x0001bd7c     0x12af Middlewares\ST\STM32_USB_Host_Library\Core\Src\usbh_pipes.o
 .debug_info    0x0001d02b     0x2821 Src\main.o
 .debug_info    0x0001f84c       0x67 Src\my_wait_us_asm.o
 .debug_info    0x0001f8b3     0x138f Src\stm32f4xx_hal_msp.o
 .debug_info    0x00020c42      0xeee Src\stm32f4xx_it.o
 .debug_info    0x00021b30      0xd86 Src\system_stm32f4xx.o
 .debug_info    0x000228b6     0x12bb Src\usb_host.o
 .debug_info    0x00023b71     0x218f Src\usbh_conf.o
 .debug_info    0x00025d00       0x6c startup\startup_stm32f446xx.o

.debug_abbrev   0x00000000     0x4c7f
 .debug_abbrev  0x00000000      0x280 Drivers\STM32F4xx_HAL_Driver\Src\stm32f4xx_hal.o
 .debug_abbrev  0x00000280      0x382 Drivers\STM32F4xx_HAL_Driver\Src\stm32f4xx_hal_cortex.o
 .debug_abbrev  0x00000602      0x2df Drivers\STM32F4xx_HAL_Driver\Src\stm32f4xx_hal_flash.o
 .debug_abbrev  0x000008e1      0x2df Drivers\STM32F4xx_HAL_Driver\Src\stm32f4xx_hal_flash_ex.o
 .debug_abbrev  0x00000bc0      0x25d Drivers\STM32F4xx_HAL_Driver\Src\stm32f4xx_hal_gpio.o
 .debug_abbrev  0x00000e1d      0x2d3 Drivers\STM32F4xx_HAL_Driver\Src\stm32f4xx_hal_hcd.o
 .debug_abbrev  0x000010f0      0x2d9 Drivers\STM32F4xx_HAL_Driver\Src\stm32f4xx_hal_rcc.o
 .debug_abbrev  0x000013c9      0x250 Drivers\STM32F4xx_HAL_Driver\Src\stm32f4xx_hal_rcc_ex.o
 .debug_abbrev  0x00001619      0x2ce Drivers\STM32F4xx_HAL_Driver\Src\stm32f4xx_hal_uart.o
 .debug_abbrev  0x000018e7      0x2d9 Drivers\STM32F4xx_HAL_Driver\Src\stm32f4xx_ll_usb.o
 .debug_abbrev  0x00001bc0      0x403 Middlewares\ST\STM32_USB_Host_Library\Class\HID\Src\usbh_hid.o
 .debug_abbrev  0x00001fc3      0x2e2 Middlewares\ST\STM32_USB_Host_Library\Class\HID\Src\usbh_hid_ds3.o
 .debug_abbrev  0x000022a5      0x2f5 Middlewares\ST\STM32_USB_Host_Library\Class\HID\Src\usbh_hid_ds4.o
 .debug_abbrev  0x0000259a      0x2bb Middlewares\ST\STM32_USB_Host_Library\Class\HID\Src\usbh_hid_keybd.o
 .debug_abbrev  0x00002855      0x281 Middlewares\ST\STM32_USB_Host_Library\Class\HID\Src\usbh_hid_mouse.o
 .debug_abbrev  0x00002ad6      0x28e Middlewares\ST\STM32_USB_Host_Library\Class\HID\Src\usbh_hid_parser.o
 .debug_abbrev  0x00002d64      0x37b Middlewares\ST\STM32_USB_Host_Library\Class\XPAD\Src\usbh_xpad.o
 .debug_abbrev  0x000030df      0x375 Middlewares\ST\STM32_USB_Host_Library\Core\Src\usbh_core.o
 .debug_abbrev  0x00003454      0x325 Middlewares\ST\STM32_USB_Host_Library\Core\Src\usbh_ctlreq.o
 .debug_abbrev  0x00003779      0x283 Middlewares\ST\STM32_USB_Host_Library\Core\Src\usbh_ioreq.o
 .debug_abbrev  0x000039fc      0x2bb Middlewares\ST\STM32_USB_Host_Library\Core\Src\usbh_pipes.o
 .debug_abbrev  0x00003cb7      0x403 Src\main.o
 .debug_abbrev  0x000040ba       0x14 Src\my_wait_us_asm.o
 .debug_abbrev  0x000040ce      0x203 Src\stm32f4xx_hal_msp.o
 .debug_abbrev  0x000042d1      0x211 Src\stm32f4xx_it.o
 .debug_abbrev  0x000044e2      0x1f3 Src\system_stm32f4xx.o
 .debug_abbrev  0x000046d5      0x261 Src\usb_host.o
 .debug_abbrev  0x00004936      0x337 Src\usbh_conf.o
 .debug_abbrev  0x00004c6d       0x12 startup\startup_stm32f446xx.o

.debug_aranges  0x00000000      0xf88
 .debug_aranges
                0x00000000       0xe0 Drivers\STM32F4xx_HAL_Driver\Src\stm32f4xx_hal.o
 .debug_aranges
                0x000000e0      0x118 Drivers\STM32F4xx_HAL_Driver\Src\stm32f4xx_hal_cortex.o
 .debug_aranges
                0x000001f8       0xa0 Drivers\STM32F4xx_HAL_Driver\Src\stm32f4xx_hal_flash.o
 .debug_aranges
                0x00000298       0xc8 Drivers\STM32F4xx_HAL_Driver\Src\stm32f4xx_hal_flash_ex.o
 .debug_aranges
                0x00000360       0x58 Drivers\STM32F4xx_HAL_Driver\Src\stm32f4xx_hal_gpio.o
 .debug_aranges
                0x000003b8       0xe0 Drivers\STM32F4xx_HAL_Driver\Src\stm32f4xx_hal_hcd.o
 .debug_aranges
                0x00000498       0x88 Drivers\STM32F4xx_HAL_Driver\Src\stm32f4xx_hal_rcc.o
 .debug_aranges
                0x00000520       0x78 Drivers\STM32F4xx_HAL_Driver\Src\stm32f4xx_hal_rcc_ex.o
 .debug_aranges
                0x00000598      0x1d0 Drivers\STM32F4xx_HAL_Driver\Src\stm32f4xx_hal_uart.o
 .debug_aranges
                0x00000768      0x180 Drivers\STM32F4xx_HAL_Driver\Src\stm32f4xx_ll_usb.o
 .debug_aranges
                0x000008e8       0xb0 Middlewares\ST\STM32_USB_Host_Library\Class\HID\Src\usbh_hid.o
 .debug_aranges
                0x00000998       0x38 Middlewares\ST\STM32_USB_Host_Library\Class\HID\Src\usbh_hid_ds3.o
 .debug_aranges
                0x000009d0       0x38 Middlewares\ST\STM32_USB_Host_Library\Class\HID\Src\usbh_hid_ds4.o
 .debug_aranges
                0x00000a08       0x38 Middlewares\ST\STM32_USB_Host_Library\Class\HID\Src\usbh_hid_keybd.o
 .debug_aranges
                0x00000a40       0x30 Middlewares\ST\STM32_USB_Host_Library\Class\HID\Src\usbh_hid_mouse.o
 .debug_aranges
                0x00000a70       0x28 Middlewares\ST\STM32_USB_Host_Library\Class\HID\Src\usbh_hid_parser.o
 .debug_aranges
                0x00000a98       0x78 Middlewares\ST\STM32_USB_Host_Library\Class\XPAD\Src\usbh_xpad.o
 .debug_aranges
                0x00000b10       0xa8 Middlewares\ST\STM32_USB_Host_Library\Core\Src\usbh_core.o
 .debug_aranges
                0x00000bb8       0x98 Middlewares\ST\STM32_USB_Host_Library\Core\Src\usbh_ctlreq.o
 .debug_aranges
                0x00000c50       0x60 Middlewares\ST\STM32_USB_Host_Library\Core\Src\usbh_ioreq.o
 .debug_aranges
                0x00000cb0       0x40 Middlewares\ST\STM32_USB_Host_Library\Core\Src\usbh_pipes.o
 .debug_aranges
                0x00000cf0       0xd8 Src\main.o
 .debug_aranges
                0x00000dc8       0x20 Src\my_wait_us_asm.o
 .debug_aranges
                0x00000de8       0x30 Src\stm32f4xx_hal_msp.o
 .debug_aranges
                0x00000e18       0x30 Src\stm32f4xx_it.o
 .debug_aranges
                0x00000e48       0x28 Src\system_stm32f4xx.o
 .debug_aranges
                0x00000e70       0x30 Src\usb_host.o
 .debug_aranges
                0x00000ea0       0xc0 Src\usbh_conf.o
 .debug_aranges
                0x00000f60       0x28 startup\startup_stm32f446xx.o

.debug_ranges   0x00000000      0xed8
 .debug_ranges  0x00000000       0xd0 Drivers\STM32F4xx_HAL_Driver\Src\stm32f4xx_hal.o
 .debug_ranges  0x000000d0      0x108 Drivers\STM32F4xx_HAL_Driver\Src\stm32f4xx_hal_cortex.o
 .debug_ranges  0x000001d8       0x90 Drivers\STM32F4xx_HAL_Driver\Src\stm32f4xx_hal_flash.o
 .debug_ranges  0x00000268       0xb8 Drivers\STM32F4xx_HAL_Driver\Src\stm32f4xx_hal_flash_ex.o
 .debug_ranges  0x00000320       0x48 Drivers\STM32F4xx_HAL_Driver\Src\stm32f4xx_hal_gpio.o
 .debug_ranges  0x00000368       0xd0 Drivers\STM32F4xx_HAL_Driver\Src\stm32f4xx_hal_hcd.o
 .debug_ranges  0x00000438       0x78 Drivers\STM32F4xx_HAL_Driver\Src\stm32f4xx_hal_rcc.o
 .debug_ranges  0x000004b0       0x68 Drivers\STM32F4xx_HAL_Driver\Src\stm32f4xx_hal_rcc_ex.o
 .debug_ranges  0x00000518      0x1c0 Drivers\STM32F4xx_HAL_Driver\Src\stm32f4xx_hal_uart.o
 .debug_ranges  0x000006d8      0x170 Drivers\STM32F4xx_HAL_Driver\Src\stm32f4xx_ll_usb.o
 .debug_ranges  0x00000848      0x1c8 Middlewares\ST\STM32_USB_Host_Library\Class\HID\Src\usbh_hid.o
 .debug_ranges  0x00000a10       0x28 Middlewares\ST\STM32_USB_Host_Library\Class\HID\Src\usbh_hid_ds3.o
 .debug_ranges  0x00000a38       0x28 Middlewares\ST\STM32_USB_Host_Library\Class\HID\Src\usbh_hid_ds4.o
 .debug_ranges  0x00000a60       0x28 Middlewares\ST\STM32_USB_Host_Library\Class\HID\Src\usbh_hid_keybd.o
 .debug_ranges  0x00000a88       0x20 Middlewares\ST\STM32_USB_Host_Library\Class\HID\Src\usbh_hid_mouse.o
 .debug_ranges  0x00000aa8       0x18 Middlewares\ST\STM32_USB_Host_Library\Class\HID\Src\usbh_hid_parser.o
 .debug_ranges  0x00000ac0       0x68 Middlewares\ST\STM32_USB_Host_Library\Class\XPAD\Src\usbh_xpad.o
 .debug_ranges  0x00000b28       0x98 Middlewares\ST\STM32_USB_Host_Library\Core\Src\usbh_core.o
 .debug_ranges  0x00000bc0       0x88 Middlewares\ST\STM32_USB_Host_Library\Core\Src\usbh_ctlreq.o
 .debug_ranges  0x00000c48       0x50 Middlewares\ST\STM32_USB_Host_Library\Core\Src\usbh_ioreq.o
 .debug_ranges  0x00000c98       0x30 Middlewares\ST\STM32_USB_Host_Library\Core\Src\usbh_pipes.o
 .debug_ranges  0x00000cc8       0xc8 Src\main.o
 .debug_ranges  0x00000d90       0x20 Src\stm32f4xx_hal_msp.o
 .debug_ranges  0x00000db0       0x20 Src\stm32f4xx_it.o
 .debug_ranges  0x00000dd0       0x18 Src\system_stm32f4xx.o
 .debug_ranges  0x00000de8       0x20 Src\usb_host.o
 .debug_ranges  0x00000e08       0xb0 Src\usbh_conf.o
 .debug_ranges  0x00000eb8       0x20 startup\startup_stm32f446xx.o

.debug_line     0x00000000     0x9498
 .debug_line    0x00000000      0x4a2 Drivers\STM32F4xx_HAL_Driver\Src\stm32f4xx_hal.o
 .debug_line    0x000004a2      0x5da Drivers\STM32F4xx_HAL_Driver\Src\stm32f4xx_hal_cortex.o
 .debug_line    0x00000a7c      0x4a9 Drivers\STM32F4xx_HAL_Driver\Src\stm32f4xx_hal_flash.o
 .debug_line    0x00000f25      0x540 Drivers\STM32F4xx_HAL_Driver\Src\stm32f4xx_hal_flash_ex.o
 .debug_line    0x00001465      0x494 Drivers\STM32F4xx_HAL_Driver\Src\stm32f4xx_hal_gpio.o
 .debug_line    0x000018f9      0x70a Drivers\STM32F4xx_HAL_Driver\Src\stm32f4xx_hal_hcd.o
 .debug_line    0x00002003      0x541 Drivers\STM32F4xx_HAL_Driver\Src\stm32f4xx_hal_rcc.o
 .debug_line    0x00002544      0x6db Drivers\STM32F4xx_HAL_Driver\Src\stm32f4xx_hal_rcc_ex.o
 .debug_line    0x00002c1f      0xbc2 Drivers\STM32F4xx_HAL_Driver\Src\stm32f4xx_hal_uart.o
 .debug_line    0x000037e1      0x938 Drivers\STM32F4xx_HAL_Driver\Src\stm32f4xx_ll_usb.o
 .debug_line    0x00004119      0xa57 Middlewares\ST\STM32_USB_Host_Library\Class\HID\Src\usbh_hid.o
 .debug_line    0x00004b70      0x3f6 Middlewares\ST\STM32_USB_Host_Library\Class\HID\Src\usbh_hid_ds3.o
 .debug_line    0x00004f66      0x42f Middlewares\ST\STM32_USB_Host_Library\Class\HID\Src\usbh_hid_ds4.o
 .debug_line    0x00005395      0x414 Middlewares\ST\STM32_USB_Host_Library\Class\HID\Src\usbh_hid_keybd.o
 .debug_line    0x000057a9      0x3d3 Middlewares\ST\STM32_USB_Host_Library\Class\HID\Src\usbh_hid_mouse.o
 .debug_line    0x00005b7c      0x414 Middlewares\ST\STM32_USB_Host_Library\Class\HID\Src\usbh_hid_parser.o
 .debug_line    0x00005f90      0x710 Middlewares\ST\STM32_USB_Host_Library\Class\XPAD\Src\usbh_xpad.o
 .debug_line    0x000066a0      0x5ec Middlewares\ST\STM32_USB_Host_Library\Core\Src\usbh_core.o
 .debug_line    0x00006c8c      0x588 Middlewares\ST\STM32_USB_Host_Library\Core\Src\usbh_ctlreq.o
 .debug_line    0x00007214      0x3c8 Middlewares\ST\STM32_USB_Host_Library\Core\Src\usbh_ioreq.o
 .debug_line    0x000075dc      0x380 Middlewares\ST\STM32_USB_Host_Library\Core\Src\usbh_pipes.o
 .debug_line    0x0000795c      0x7d5 Src\main.o
 .debug_line    0x00008131       0xed Src\my_wait_us_asm.o
 .debug_line    0x0000821e      0x30c Src\stm32f4xx_hal_msp.o
 .debug_line    0x0000852a      0x320 Src\stm32f4xx_it.o
 .debug_line    0x0000884a      0x281 Src\system_stm32f4xx.o
 .debug_line    0x00008acb      0x3bd Src\usb_host.o
 .debug_line    0x00008e88      0x591 Src\usbh_conf.o
 .debug_line    0x00009419       0x7f startup\startup_stm32f446xx.o

.debug_str      0x00000000     0x5c26
 .debug_str     0x00000000      0xf2b Drivers\STM32F4xx_HAL_Driver\Src\stm32f4xx_hal.o
                               0x100c (size before relaxing)
 .debug_str     0x00000f2b      0x408 Drivers\STM32F4xx_HAL_Driver\Src\stm32f4xx_hal_cortex.o
                               0x1103 (size before relaxing)
 .debug_str     0x00001333      0x2c1 Drivers\STM32F4xx_HAL_Driver\Src\stm32f4xx_hal_flash.o
                                0x9cb (size before relaxing)
 .debug_str     0x000015f4      0x31d Drivers\STM32F4xx_HAL_Driver\Src\stm32f4xx_hal_flash_ex.o
                                0xb0a (size before relaxing)
 .debug_str     0x00001911      0x1cd Drivers\STM32F4xx_HAL_Driver\Src\stm32f4xx_hal_gpio.o
                                0x9bd (size before relaxing)
 .debug_str     0x00001ade      0x729 Drivers\STM32F4xx_HAL_Driver\Src\stm32f4xx_hal_hcd.o
                                0xe66 (size before relaxing)
 .debug_str     0x00002207      0x2e3 Drivers\STM32F4xx_HAL_Driver\Src\stm32f4xx_hal_rcc.o
                                0xb6e (size before relaxing)
 .debug_str     0x000024ea      0x347 Drivers\STM32F4xx_HAL_Driver\Src\stm32f4xx_hal_rcc_ex.o
                                0xc7f (size before relaxing)
 .debug_str     0x00002831      0x8c2 Drivers\STM32F4xx_HAL_Driver\Src\stm32f4xx_hal_uart.o
                               0x1034 (size before relaxing)
 .debug_str     0x000030f3      0x57f Drivers\STM32F4xx_HAL_Driver\Src\stm32f4xx_ll_usb.o
                               0x1077 (size before relaxing)
 .debug_str     0x00003672     0x128a Middlewares\ST\STM32_USB_Host_Library\Class\HID\Src\usbh_hid.o
                               0x1ac3 (size before relaxing)
 .debug_str     0x000048fc      0x11c Middlewares\ST\STM32_USB_Host_Library\Class\HID\Src\usbh_hid_ds3.o
                               0x12fa (size before relaxing)
 .debug_str     0x00004a18      0x169 Middlewares\ST\STM32_USB_Host_Library\Class\HID\Src\usbh_hid_ds4.o
                               0x1317 (size before relaxing)
 .debug_str     0x00004b81      0x15b Middlewares\ST\STM32_USB_Host_Library\Class\HID\Src\usbh_hid_keybd.o
                               0x1269 (size before relaxing)
 .debug_str     0x00004cdc       0xf0 Middlewares\ST\STM32_USB_Host_Library\Class\HID\Src\usbh_hid_mouse.o
                               0x11b2 (size before relaxing)
 .debug_str     0x00004dcc       0x6e Middlewares\ST\STM32_USB_Host_Library\Class\HID\Src\usbh_hid_parser.o
                                0xeef (size before relaxing)
 .debug_str     0x00004e3a      0x394 Middlewares\ST\STM32_USB_Host_Library\Class\XPAD\Src\usbh_xpad.o
                               0x1713 (size before relaxing)
 .debug_str     0x000051ce      0x1e0 Middlewares\ST\STM32_USB_Host_Library\Core\Src\usbh_core.o
                               0x103b (size before relaxing)
 .debug_str     0x000053ae      0x232 Middlewares\ST\STM32_USB_Host_Library\Core\Src\usbh_ctlreq.o
                               0x10d5 (size before relaxing)
 .debug_str     0x000055e0       0xfe Middlewares\ST\STM32_USB_Host_Library\Core\Src\usbh_ioreq.o
                                0xf50 (size before relaxing)
 .debug_str     0x000056de       0x8f Middlewares\ST\STM32_USB_Host_Library\Core\Src\usbh_pipes.o
                                0xed5 (size before relaxing)
 .debug_str     0x0000576d      0x1dc Src\main.o
                               0x216a (size before relaxing)
 .debug_str     0x00005949       0x1b Src\stm32f4xx_hal_msp.o
                               0x1161 (size before relaxing)
 .debug_str     0x00005964       0x6e Src\stm32f4xx_it.o
                                0xb22 (size before relaxing)
 .debug_str     0x000059d2       0x45 Src\system_stm32f4xx.o
                                0x821 (size before relaxing)
 .debug_str     0x00005a17       0xbe Src\usb_host.o
                                0xf47 (size before relaxing)
 .debug_str     0x00005ad5      0x151 Src\usbh_conf.o
                               0x1c18 (size before relaxing)

.comment        0x00000000       0x7c
 .comment       0x00000000       0x7c Drivers\STM32F4xx_HAL_Driver\Src\stm32f4xx_hal.o
                                 0x7d (size before relaxing)
 .comment       0x0000007c       0x7d Drivers\STM32F4xx_HAL_Driver\Src\stm32f4xx_hal_cortex.o
 .comment       0x0000007c       0x7d Drivers\STM32F4xx_HAL_Driver\Src\stm32f4xx_hal_flash.o
 .comment       0x0000007c       0x7d Drivers\STM32F4xx_HAL_Driver\Src\stm32f4xx_hal_flash_ex.o
 .comment       0x0000007c       0x7d Drivers\STM32F4xx_HAL_Driver\Src\stm32f4xx_hal_gpio.o
 .comment       0x0000007c       0x7d Drivers\STM32F4xx_HAL_Driver\Src\stm32f4xx_hal_hcd.o
 .comment       0x0000007c       0x7d Drivers\STM32F4xx_HAL_Driver\Src\stm32f4xx_hal_rcc.o
 .comment       0x0000007c       0x7d Drivers\STM32F4xx_HAL_Driver\Src\stm32f4xx_hal_rcc_ex.o
 .comment       0x0000007c       0x7d Drivers\STM32F4xx_HAL_Driver\Src\stm32f4xx_hal_uart.o
 .comment       0x0000007c       0x7d Drivers\STM32F4xx_HAL_Driver\Src\stm32f4xx_ll_usb.o
 .comment       0x0000007c       0x7d Middlewares\ST\STM32_USB_Host_Library\Class\HID\Src\usbh_hid.o
 .comment       0x0000007c       0x7d Middlewares\ST\STM32_USB_Host_Library\Class\HID\Src\usbh_hid_ds3.o
 .comment       0x0000007c       0x7d Middlewares\ST\STM32_USB_Host_Library\Class\HID\Src\usbh_hid_ds4.o
 .comment       0x0000007c       0x7d Middlewares\ST\STM32_USB_Host_Library\Class\HID\Src\usbh_hid_keybd.o
 .comment       0x0000007c       0x7d Middlewares\ST\STM32_USB_Host_Library\Class\HID\Src\usbh_hid_mouse.o
 .comment       0x0000007c       0x7d Middlewares\ST\STM32_USB_Host_Library\Class\HID\Src\usbh_hid_parser.o
 .comment       0x0000007c       0x7d Middlewares\ST\STM32_USB_Host_Library\Class\XPAD\Src\usbh_xpad.o
 .comment       0x0000007c       0x7d Middlewares\ST\STM32_USB_Host_Library\Core\Src\usbh_core.o
 .comment       0x0000007c       0x7d Middlewares\ST\STM32_USB_Host_Library\Core\Src\usbh_ctlreq.o
 .comment       0x0000007c       0x7d Middlewares\ST\STM32_USB_Host_Library\Core\Src\usbh_ioreq.o
 .comment       0x0000007c       0x7d Middlewares\ST\STM32_USB_Host_Library\Core\Src\usbh_pipes.o
 .comment       0x0000007c       0x7d Src\main.o
 .comment       0x0000007c       0x7d Src\stm32f4xx_hal_msp.o
 .comment       0x0000007c       0x7d Src\stm32f4xx_it.o
 .comment       0x0000007c       0x7d Src\system_stm32f4xx.o
 .comment       0x0000007c       0x7d Src\usb_host.o
 .comment       0x0000007c       0x7d Src\usbh_conf.o

.debug_frame    0x00000000     0x3f10
 .debug_frame   0x00000000      0x33c Drivers\STM32F4xx_HAL_Driver\Src\stm32f4xx_hal.o
 .debug_frame   0x0000033c      0x498 Drivers\STM32F4xx_HAL_Driver\Src\stm32f4xx_hal_cortex.o
 .debug_frame   0x000007d4      0x27c Drivers\STM32F4xx_HAL_Driver\Src\stm32f4xx_hal_flash.o
 .debug_frame   0x00000a50      0x334 Drivers\STM32F4xx_HAL_Driver\Src\stm32f4xx_hal_flash_ex.o
 .debug_frame   0x00000d84      0x14c Drivers\STM32F4xx_HAL_Driver\Src\stm32f4xx_hal_gpio.o
 .debug_frame   0x00000ed0      0x3d4 Drivers\STM32F4xx_HAL_Driver\Src\stm32f4xx_hal_hcd.o
 .debug_frame   0x000012a4      0x1f8 Drivers\STM32F4xx_HAL_Driver\Src\stm32f4xx_hal_rcc.o
 .debug_frame   0x0000149c      0x1e8 Drivers\STM32F4xx_HAL_Driver\Src\stm32f4xx_hal_rcc_ex.o
 .debug_frame   0x00001684      0x83c Drivers\STM32F4xx_HAL_Driver\Src\stm32f4xx_hal_uart.o
 .debug_frame   0x00001ec0      0x710 Drivers\STM32F4xx_HAL_Driver\Src\stm32f4xx_ll_usb.o
 .debug_frame   0x000025d0      0x300 Middlewares\ST\STM32_USB_Host_Library\Class\HID\Src\usbh_hid.o
 .debug_frame   0x000028d0       0xa0 Middlewares\ST\STM32_USB_Host_Library\Class\HID\Src\usbh_hid_ds3.o
 .debug_frame   0x00002970       0xa8 Middlewares\ST\STM32_USB_Host_Library\Class\HID\Src\usbh_hid_ds4.o
 .debug_frame   0x00002a18       0xa8 Middlewares\ST\STM32_USB_Host_Library\Class\HID\Src\usbh_hid_keybd.o
 .debug_frame   0x00002ac0       0x7c Middlewares\ST\STM32_USB_Host_Library\Class\HID\Src\usbh_hid_mouse.o
 .debug_frame   0x00002b3c       0x64 Middlewares\ST\STM32_USB_Host_Library\Class\HID\Src\usbh_hid_parser.o
 .debug_frame   0x00002ba0      0x1e8 Middlewares\ST\STM32_USB_Host_Library\Class\XPAD\Src\usbh_xpad.o
 .debug_frame   0x00002d88      0x2bc Middlewares\ST\STM32_USB_Host_Library\Core\Src\usbh_core.o
 .debug_frame   0x00003044      0x268 Middlewares\ST\STM32_USB_Host_Library\Core\Src\usbh_ctlreq.o
 .debug_frame   0x000032ac      0x154 Middlewares\ST\STM32_USB_Host_Library\Core\Src\usbh_ioreq.o
 .debug_frame   0x00003400       0xcc Middlewares\ST\STM32_USB_Host_Library\Core\Src\usbh_pipes.o
 .debug_frame   0x000034cc      0x33c Src\main.o
 .debug_frame   0x00003808       0x7c Src\stm32f4xx_hal_msp.o
 .debug_frame   0x00003884       0x6c Src\stm32f4xx_it.o
 .debug_frame   0x000038f0       0x58 Src\system_stm32f4xx.o
 .debug_frame   0x00003948       0x70 Src\usb_host.o
 .debug_frame   0x000039b8      0x318 Src\usbh_conf.o
 .debug_frame   0x00003cd0       0x2c c:/program files (x86)/atollic/truestudio for stm32 9.0.1/armtools/bin/../lib/gcc/arm-atollic-eabi/6.3.1/../../../../arm-atollic-eabi/lib/armv7e-m/fpu\libc_nano.a(lib_a-init.o)
 .debug_frame   0x00003cfc       0x30 c:/program files (x86)/atollic/truestudio for stm32 9.0.1/armtools/bin/../lib/gcc/arm-atollic-eabi/6.3.1/../../../../arm-atollic-eabi/lib/armv7e-m/fpu\libc_nano.a(lib_a-malloc.o)