usbh_hid.c:449:27:USBH_HID_SOFProcess	0	static
usbh_hid.c:230:20:USBH_HID_InterfaceDeInit	16	static
usbh_hid.c:110:27:USBH_HID_InterfaceInit	48	static
usbh_hid.c:265:27:USBH_HID_ClassRequest	40	static
usbh_hid.c:86:10:DetectButtonDS3	0	static
usbh_hid.c:474:20:USBH_HID_GetHIDReportDescriptor	16	static
usbh_hid.c:504:20:USBH_HID_GetHIDDescriptor	16	static
usbh_hid.c:527:20:USBH_HID_SetIdle	8	static
usbh_hid.c:556:20:USBH_HID_SetReport	20	static
usbh_hid.c:587:20:USBH_HID_GetReport	20	static
usbh_hid.c:614:20:USBH_HID_SetProtocol	8	static
usbh_hid.c:657:17:USBH_HID_GetDeviceType	0	static
usbh_hid.c:690:9:USBH_HID_GetPollInterval	0	static
usbh_hid.c:715:6:fifo_init	0	static
usbh_hid.c:732:11:fifo_read	12	static
usbh_hid.c:770:11:fifo_write	24	static
usbh_hid.c:808:13:USBH_HID_EventCallback	152	static
usbh_hid.c:361:27:USBH_HID_Process	24	static
