main.c:93:6:ChangeButtonMappingKB	16	static
main.c:169:6:ChangeButtonMappingController	16	static
main.c:229:6:SaveControls	48	static
main.c:258:6:LoadControls	8	static
main.c:263:6:AdvanceState	8	static
main.c:281:9:reverse	16	static
main.c:289:6:SetN64DataInputMode	4	static
main.c:296:6:SetN64DataOutputMode	4	static
main.c:303:6:write_1	8	static
main.c:311:6:write_0	8	static
main.c:319:6:SendStop	8	static
main.c:327:6:SendByte	24	static
main.c:342:6:SendIdentityN64	8	static
main.c:352:6:SendIdentityGC	8	static
main.c:360:6:SendControllerDataN64	24	static
main.c:380:6:SendControllerDataGC	48	static
main.c:400:6:SendOriginGC	48	static
main.c:433:9:GetMiddleOfPulse	16	static
main.c:468:10:readCommand	24	static
main.c:512:5:main	8	static
main.c:620:6:SystemClock_Config	184	static
main.c:684:13:MX_USART2_UART_Init	8	static
main.c:711:13:MX_GPIO_Init	48	static
main.c:798:6:_Error_Handler	16	static
