Archive member included to satisfy reference by file (symbol)

c:/program files (x86)/atollic/truestudio for stm32 9.0.1/armtools/bin/../lib/gcc/arm-atollic-eabi/6.3.1/../../../../arm-atollic-eabi/lib/armv7e-m/fpu\libc_nano.a(lib_a-init.o)
                              startup\startup_stm32f446xx.o (__libc_init_array)
c:/program files (x86)/atollic/truestudio for stm32 9.0.1/armtools/bin/../lib/gcc/arm-atollic-eabi/6.3.1/../../../../arm-atollic-eabi/lib/armv7e-m/fpu\libc_nano.a(lib_a-malloc.o)
                              Middlewares\ST\STM32_USB_Host_Library\Class\HID\Src\usbh_hid.o (malloc)
c:/program files (x86)/atollic/truestudio for stm32 9.0.1/armtools/bin/../lib/gcc/arm-atollic-eabi/6.3.1/../../../../arm-atollic-eabi/lib/armv7e-m/fpu\libc_nano.a(lib_a-memset.o)
                              Middlewares\ST\STM32_USB_Host_Library\Class\HID\Src\usbh_hid.o (memset)
c:/program files (x86)/atollic/truestudio for stm32 9.0.1/armtools/bin/../lib/gcc/arm-atollic-eabi/6.3.1/../../../../arm-atollic-eabi/lib/armv7e-m/fpu\libc_nano.a(lib_a-nano-freer.o)
                              c:/program files (x86)/atollic/truestudio for stm32 9.0.1/armtools/bin/../lib/gcc/arm-atollic-eabi/6.3.1/../../../../arm-atollic-eabi/lib/armv7e-m/fpu\libc_nano.a(lib_a-malloc.o) (_free_r)
c:/program files (x86)/atollic/truestudio for stm32 9.0.1/armtools/bin/../lib/gcc/arm-atollic-eabi/6.3.1/../../../../arm-atollic-eabi/lib/armv7e-m/fpu\libc_nano.a(lib_a-nano-mallocr.o)
                              c:/program files (x86)/atollic/truestudio for stm32 9.0.1/armtools/bin/../lib/gcc/arm-atollic-eabi/6.3.1/../../../../arm-atollic-eabi/lib/armv7e-m/fpu\libc_nano.a(lib_a-malloc.o) (_malloc_r)
c:/program files (x86)/atollic/truestudio for stm32 9.0.1/armtools/bin/../lib/gcc/arm-atollic-eabi/6.3.1/../../../../arm-atollic-eabi/lib/armv7e-m/fpu\libc_nano.a(lib_a-printf.o)
                              Middlewares\ST\STM32_USB_Host_Library\Class\HID\Src\usbh_hid.o (printf)
c:/program files (x86)/atollic/truestudio for stm32 9.0.1/armtools/bin/../lib/gcc/arm-atollic-eabi/6.3.1/../../../../arm-atollic-eabi/lib/armv7e-m/fpu\libc_nano.a(lib_a-putchar.o)
                              Middlewares\ST\STM32_USB_Host_Library\Class\HID\Src\usbh_hid.o (putchar)
c:/program files (x86)/atollic/truestudio for stm32 9.0.1/armtools/bin/../lib/gcc/arm-atollic-eabi/6.3.1/../../../../arm-atollic-eabi/lib/armv7e-m/fpu\libc_nano.a(lib_a-sbrkr.o)
                              c:/program files (x86)/atollic/truestudio for stm32 9.0.1/armtools/bin/../lib/gcc/arm-atollic-eabi/6.3.1/../../../../arm-atollic-eabi/lib/armv7e-m/fpu\libc_nano.a(lib_a-nano-mallocr.o) (_sbrk_r)
c:/program files (x86)/atollic/truestudio for stm32 9.0.1/armtools/bin/../lib/gcc/arm-atollic-eabi/6.3.1/../../../../arm-atollic-eabi/lib/armv7e-m/fpu\libc_nano.a(lib_a-findfp.o)
                              c:/program files (x86)/atollic/truestudio for stm32 9.0.1/armtools/bin/../lib/gcc/arm-atollic-eabi/6.3.1/../../../../arm-atollic-eabi/lib/armv7e-m/fpu\libc_nano.a(lib_a-printf.o) (__sinit)
c:/program files (x86)/atollic/truestudio for stm32 9.0.1/armtools/bin/../lib/gcc/arm-atollic-eabi/6.3.1/../../../../arm-atollic-eabi/lib/armv7e-m/fpu\libc_nano.a(lib_a-fwalk.o)
                              c:/program files (x86)/atollic/truestudio for stm32 9.0.1/armtools/bin/../lib/gcc/arm-atollic-eabi/6.3.1/../../../../arm-atollic-eabi/lib/armv7e-m/fpu\libc_nano.a(lib_a-findfp.o) (_fwalk)
c:/program files (x86)/atollic/truestudio for stm32 9.0.1/armtools/bin/../lib/gcc/arm-atollic-eabi/6.3.1/../../../../arm-atollic-eabi/lib/armv7e-m/fpu\libc_nano.a(lib_a-impure.o)
                              c:/program files (x86)/atollic/truestudio for stm32 9.0.1/armtools/bin/../lib/gcc/arm-atollic-eabi/6.3.1/../../../../arm-atollic-eabi/lib/armv7e-m/fpu\libc_nano.a(lib_a-findfp.o) (_global_impure_ptr)
c:/program files (x86)/atollic/truestudio for stm32 9.0.1/armtools/bin/../lib/gcc/arm-atollic-eabi/6.3.1/../../../../arm-atollic-eabi/lib/armv7e-m/fpu\libc_nano.a(lib_a-mlock.o)
                              c:/program files (x86)/atollic/truestudio for stm32 9.0.1/armtools/bin/../lib/gcc/arm-atollic-eabi/6.3.1/../../../../arm-atollic-eabi/lib/armv7e-m/fpu\libc_nano.a(lib_a-nano-freer.o) (__malloc_lock)
c:/program files (x86)/atollic/truestudio for stm32 9.0.1/armtools/bin/../lib/gcc/arm-atollic-eabi/6.3.1/../../../../arm-atollic-eabi/lib/armv7e-m/fpu\libc_nano.a(lib_a-nano-vfprintf.o)
                              c:/program files (x86)/atollic/truestudio for stm32 9.0.1/armtools/bin/../lib/gcc/arm-atollic-eabi/6.3.1/../../../../arm-atollic-eabi/lib/armv7e-m/fpu\libc_nano.a(lib_a-printf.o) (_vfprintf_r)
c:/program files (x86)/atollic/truestudio for stm32 9.0.1/armtools/bin/../lib/gcc/arm-atollic-eabi/6.3.1/../../../../arm-atollic-eabi/lib/armv7e-m/fpu\libc_nano.a(lib_a-nano-vfprintf_i.o)
[...]
Memory Configuration

Name             Origin             Length             Attributes
RAM              0x20000000         0x00020000         xrw
FLASH            0x08000000         0x00080000         xr
*default*        0x00000000         0xffffffff

Linker script and memory map

LOAD c:/program files (x86)/atollic/truestudio for stm32 9.0.1/armtools/bin/../lib/gcc/arm-atollic-eabi/6.3.1/armv7e-m/fpu/crti.o
LOAD c:/program files (x86)/atollic/truestudio for stm32 9.0.1/armtools/bin/../lib/gcc/arm-atollic-eabi/6.3.1/armv7e-m/fpu/crtbegin.o
LOAD Drivers\STM32F4xx_HAL_Driver\Src\stm32f4xx_hal.o
LOAD Drivers\STM32F4xx_HAL_Driver\Src\stm32f4xx_hal_cortex.o
LOAD Drivers\STM32F4xx_HAL_Driver\Src\stm32f4xx_hal_dma.o
LOAD Drivers\STM32F4xx_HAL_Driver\Src\stm32f4xx_hal_dma_ex.o
LOAD Drivers\STM32F4xx_HAL_Driver\Src\stm32f4xx_hal_flash.o
LOAD Drivers\STM32F4xx_HAL_Driver\Src\stm32f4xx_hal_flash_ex.o
LOAD Drivers\STM32F4xx_HAL_Driver\Src\stm32f4xx_hal_flash_ramfunc.o
LOAD Drivers\STM32F4xx_HAL_Driver\Src\stm32f4xx_hal_gpio.o
LOAD Drivers\STM32F4xx_HAL_Driver\Src\stm32f4xx_hal_hcd.o
LOAD Drivers\STM32F4xx_HAL_Driver\Src\stm32f4xx_hal_pwr.o
LOAD Drivers\STM32F4xx_HAL_Driver\Src\stm32f4xx_hal_pwr_ex.o
LOAD Drivers\STM32F4xx_HAL_Driver\Src\stm32f4xx_hal_rcc.o
LOAD Drivers\STM32F4xx_HAL_Driver\Src\stm32f4xx_hal_rcc_ex.o
LOAD Drivers\STM32F4xx_HAL_Driver\Src\stm32f4xx_hal_tim.o
LOAD Drivers\STM32F4xx_HAL_Driver\Src\stm32f4xx_hal_tim_ex.o
LOAD Drivers\STM32F4xx_HAL_Driver\Src\stm32f4xx_hal_uart.o
LOAD Drivers\STM32F4xx_HAL_Driver\Src\stm32f4xx_ll_usb.o
LOAD Middlewares\ST\STM32_USB_Host_Library\Class\HID\Src\usbh_hid.o
LOAD Middlewares\ST\STM32_USB_Host_Library\Class\HID\Src\usbh_hid_ds3.o
LOAD Middlewares\ST\STM32_USB_Host_Library\Class\HID\Src\usbh_hid_keybd.o
LOAD Middlewares\ST\STM32_USB_Host_Library\Class\HID\Src\usbh_hid_mouse.o
LOAD Middlewares\ST\STM32_USB_Host_Library\Class\HID\Src\usbh_hid_parser.o
LOAD Middlewares\ST\STM32_USB_Host_Library\Core\Src\usbh_core.o
LOAD Middlewares\ST\STM32_USB_Host_Library\Core\Src\usbh_ctlreq.o
LOAD Middlewares\ST\STM32_USB_Host_Library\Core\Src\usbh_ioreq.o
LOAD Middlewares\ST\STM32_USB_Host_Library\Core\Src\usbh_pipes.o
LOAD Src\main.o
LOAD Src\my_wait_us_asm.o
LOAD Src\stm32f4xx_hal_msp.o
LOAD Src\stm32f4xx_it.o
LOAD Src\system_stm32f4xx.o
LOAD Src\usb_host.o
LOAD Src\usbh_conf.o
LOAD startup\startup_stm32f446xx.o
                0x00000080                malloc_getpagesize_P = 0x80
START GROUP
LOAD c:/program files (x86)/atollic/truestudio for stm32 9.0.1/armtools/bin/../lib/gcc/arm-atollic-eabi/6.3.1/../../../../arm-atollic-eabi/lib/armv7e-m/fpu\libc_nano.a
LOAD c:/program files (x86)/atollic/truestudio for stm32 9.0.1/armtools/bin/../lib/gcc/arm-atollic-eabi/6.3.1/../../../../arm-atollic-eabi/lib/armv7e-m/fpu\libm.a
END GROUP
START GROUP
LOAD c:/program files (x86)/atollic/truestudio for stm32 9.0.1/armtools/bin/../lib/gcc/arm-atollic-eabi/6.3.1/armv7e-m/fpu\libgcc.a
LOAD c:/program files (x86)/atollic/truestudio for stm32 9.0.1/armtools/bin/../lib/gcc/arm-atollic-eabi/6.3.1/../../../../arm-atollic-eabi/lib/armv7e-m/fpu\libc_nano.a
END GROUP
START GROUP
LOAD c:/program files (x86)/atollic/truestudio for stm32 9.0.1/armtools/bin/../lib/gcc/arm-atollic-eabi/6.3.1/armv7e-m/fpu\libgcc.a
LOAD c:/program files (x86)/atollic/truestudio for stm32 9.0.1/armtools/bin/../lib/gcc/arm-atollic-eabi/6.3.1/../../../../arm-atollic-eabi/lib/armv7e-m/fpu\libc_nano.a
LOAD c:/program files (x86)/atollic/truestudio for stm32 9.0.1/armtools/bin/../lib/gcc/arm-atollic-eabi/6.3.1/../../../../arm-atollic-eabi/lib/armv7e-m/fpu\libnosys.a
END GROUP
START GROUP
LOAD c:/program files (x86)/atollic/truestudio for stm32 9.0.1/armtools/bin/../lib/gcc/arm-atollic-eabi/6.3.1/armv7e-m/fpu\libgcc.a
LOAD c:/program files (x86)/atollic/truestudio for stm32 9.0.1/armtools/bin/../lib/gcc/arm-atollic-eabi/6.3.1/../../../../arm-atollic-eabi/lib/armv7e-m/fpu\libc_nano.a
LOAD c:/program files (x86)/atollic/truestudio for stm32 9.0.1/armtools/bin/../lib/gcc/arm-atollic-eabi/6.3.1/../../../../arm-atollic-eabi/lib/armv7e-m/fpu\libnosys.a
END GROUP
LOAD c:/program files (x86)/atollic/truestudio for stm32 9.0.1/armtools/bin/../lib/gcc/arm-atollic-eabi/6.3.1/armv7e-m/fpu/crtend.o
LOAD c:/program files (x86)/atollic/truestudio for stm32 9.0.1/armtools/bin/../lib/gcc/arm-atollic-eabi/6.3.1/armv7e-m/fpu/crtn.o
                0x20020000                _estack = 0x20020000
                0x00000200                _Min_Heap_Size = 0x200
                0x00000400                _Min_Stack_Size = 0x400

.isr_vector     0x08000000      0x1c4
                0x08000000                . = ALIGN (0x4)
 *(.isr_vector)
 .isr_vector    0x08000000      0x1c4 startup\startup_stm32f446xx.o
                0x08000000                g_pfnVectors
                0x080001c4                . = ALIGN (0x4)

.text           0x080001d0     0x8e54
                0x080001d0                . = ALIGN (0x4)
 *(.text)
 .text          0x080001d0       0x40 c:/program files (x86)/atollic/truestudio for stm32 9.0.1/armtools/bin/../lib/gcc/arm-atollic-eabi/6.3.1/armv7e-m/fpu/crtbegin.o
 .text          0x08000210      0x120 Src\my_wait_us_asm.o
                0x08000210                my_wait_us_asm
 .text          0x08000330       0xa0 c:/program files (x86)/atollic/truestudio for stm32 9.0.1/armtools/bin/../lib/gcc/arm-atollic-eabi/6.3.1/../../../../arm-atollic-eabi/lib/armv7e-m/fpu\libc_nano.a(lib_a-memchr.o)
                0x08000330                memchr
 .text          0x080003d0       0x30 c:/program files (x86)/atollic/truestudio for stm32 9.0.1/armtools/bin/../lib/gcc/arm-atollic-eabi/6.3.1/armv7e-m/fpu\libgcc.a(_aeabi_uldivmod.o)
                0x080003d0                __aeabi_uldivmod
 .text          0x08000400      0x2dc c:/program files (x86)/atollic/truestudio for stm32 9.0.1/armtools/bin/../lib/gcc/arm-atollic-eabi/6.3.1/armv7e-m/fpu\libgcc.a(_udivmoddi4.o)
                0x08000400                __udivmoddi4
 .text          0x080006dc        0x4 c:/program files (x86)/atollic/truestudio for stm32 9.0.1/armtools/bin/../lib/gcc/arm-atollic-eabi/6.3.1/armv7e-m/fpu\libgcc.a(_dvmd_tls.o)
                0x080006dc                __aeabi_idiv0
                0x080006dc                __aeabi_ldiv0
 *(.text*)
 .text.HAL_Init
                0x080006e0       0x44 Drivers\STM32F4xx_HAL_Driver\Src\stm32f4xx_hal.o
                0x080006e0                HAL_Init
 .text.HAL_InitTick
                0x08000724       0x60 Drivers\STM32F4xx_HAL_Driver\Src\stm32f4xx_hal.o
                0x08000724                HAL_InitTick
 .text.HAL_IncTick
                0x08000784       0x28 Drivers\STM32F4xx_HAL_Driver\Src\stm32f4xx_hal.o
                0x08000784                HAL_IncTick
 .text.HAL_GetTick
                0x080007ac       0x18 Drivers\STM32F4xx_HAL_Driver\Src\stm32f4xx_hal.o
                0x080007ac                HAL_GetTick
 .text.HAL_Delay
                0x080007c4       0x44 Drivers\STM32F4xx_HAL_Driver\Src\stm32f4xx_hal.o
                0x080007c4                HAL_Delay
 .text.NVIC_SetPriorityGrouping
                0x08000808       0x48 Drivers\STM32F4xx_HAL_Driver\Src\stm32f4xx_hal_cortex.o
 .text.NVIC_GetPriorityGrouping
                0x08000850       0x1c Drivers\STM32F4xx_HAL_Driver\Src\stm32f4xx_hal_cortex.o
 .text.NVIC_EnableIRQ
                0x0800086c       0x34 Drivers\STM32F4xx_HAL_Driver\Src\stm32f4xx_hal_cortex.o
 .text.NVIC_SetPriority
                0x080008a0       0x54 Drivers\STM32F4xx_HAL_Driver\Src\stm32f4xx_hal_cortex.o
 .text.NVIC_EncodePriority
                0x080008f4       0x62 Drivers\STM32F4xx_HAL_Driver\Src\stm32f4xx_hal_cortex.o
 *fill*         0x08000956        0x2 
 .text.SysTick_Config
                0x08000958       0x44 Drivers\STM32F4xx_HAL_Driver\Src\stm32f4xx_hal_cortex.o
 .text.HAL_NVIC_SetPriorityGrouping
                0x0800099c       0x16 Drivers\STM32F4xx_HAL_Driver\Src\stm32f4xx_hal_cortex.o
                0x0800099c                HAL_NVIC_SetPriorityGrouping
 .text.HAL_NVIC_SetPriority
                0x080009b2       0x38 Drivers\STM32F4xx_HAL_Driver\Src\stm32f4xx_hal_cortex.o
                0x080009b2                HAL_NVIC_SetPriority
 .text.HAL_NVIC_EnableIRQ
                0x080009ea       0x1c Drivers\STM32F4xx_HAL_Driver\Src\stm32f4xx_hal_cortex.o
                0x080009ea                HAL_NVIC_EnableIRQ
 .text.HAL_SYSTICK_Config
                0x08000a06       0x18 Drivers\STM32F4xx_HAL_Driver\Src\stm32f4xx_hal_cortex.o
                0x08000a06                HAL_SYSTICK_Config
 *fill*         0x08000a1e        0x2 
 .text.HAL_SYSTICK_CLKSourceConfig
                0x08000a20       0x38 Drivers\STM32F4xx_HAL_Driver\Src\stm32f4xx_hal_cortex.o
                0x08000a20                HAL_SYSTICK_CLKSourceConfig
 .text.HAL_SYSTICK_IRQHandler
                0x08000a58        0xc Drivers\STM32F4xx_HAL_Driver\Src\stm32f4xx_hal_cortex.o
                0x08000a58                HAL_SYSTICK_IRQHandler
 .text.HAL_SYSTICK_Callback
                0x08000a64        0xe Drivers\STM32F4xx_HAL_Driver\Src\stm32f4xx_hal_cortex.o
                0x08000a64                HAL_SYSTICK_Callback
 *fill*         0x08000a72        0x2 
 .text.HAL_GPIO_Init
                0x08000a74      0x324 Drivers\STM32F4xx_HAL_Driver\Src\stm32f4xx_hal_gpio.o
                0x08000a74                HAL_GPIO_Init
 .text.HAL_GPIO_WritePin
                0x08000d98       0x32 Drivers\STM32F4xx_HAL_Driver\Src\stm32f4xx_hal_gpio.o
                0x08000d98                HAL_GPIO_WritePin
 *fill*         0x08000dca        0x2 
 .text.HAL_GPIO_EXTI_IRQHandler
                0x08000dcc       0x30 Drivers\STM32F4xx_HAL_Driver\Src\stm32f4xx_hal_gpio.o
                0x08000dcc                HAL_GPIO_EXTI_IRQHandler
 .text.HAL_GPIO_EXTI_Callback
                0x08000dfc       0x16 Drivers\STM32F4xx_HAL_Driver\Src\stm32f4xx_hal_gpio.o
                0x08000dfc                HAL_GPIO_EXTI_Callback
 .text.HAL_HCD_Init
                0x08000e12       0x98 Drivers\STM32F4xx_HAL_Driver\Src\stm32f4xx_hal_hcd.o
                0x08000e12                HAL_HCD_Init
 .text.HAL_HCD_HC_Init
                0x08000eaa      0x10e Drivers\STM32F4xx_HAL_Driver\Src\stm32f4xx_hal_hcd.o
                0x08000eaa                HAL_HCD_HC_Init
 .text.HAL_HCD_HC_Halt
                0x08000fb8       0x46 Drivers\STM32F4xx_HAL_Driver\Src\stm32f4xx_hal_hcd.o
                0x08000fb8                HAL_HCD_HC_Halt
 *fill*         0x08000ffe        0x2 
 .text.HAL_HCD_HC_SubmitRequest
                0x08001000      0x324 Drivers\STM32F4xx_HAL_Driver\Src\stm32f4xx_hal_hcd.o
                0x08001000                HAL_HCD_HC_SubmitRequest
 .text.HAL_HCD_IRQHandler
                0x08001324      0x200 Drivers\STM32F4xx_HAL_Driver\Src\stm32f4xx_hal_hcd.o
                0x08001324                HAL_HCD_IRQHandler
 .text.HAL_HCD_Start
                0x08001524       0x46 Drivers\STM32F4xx_HAL_Driver\Src\stm32f4xx_hal_hcd.o
                0x08001524                HAL_HCD_Start
 .text.HAL_HCD_Stop
                0x0800156a       0x3a Drivers\STM32F4xx_HAL_Driver\Src\stm32f4xx_hal_hcd.o
                0x0800156a                HAL_HCD_Stop
 .text.HAL_HCD_ResetPort
                0x080015a4       0x1c Drivers\STM32F4xx_HAL_Driver\Src\stm32f4xx_hal_hcd.o
                0x080015a4                HAL_HCD_ResetPort
 .text.HAL_HCD_HC_GetURBState
                0x080015c0       0x2a Drivers\STM32F4xx_HAL_Driver\Src\stm32f4xx_hal_hcd.o
                0x080015c0                HAL_HCD_HC_GetURBState
 .text.HAL_HCD_GetCurrentFrame
                0x080015ea       0x1c Drivers\STM32F4xx_HAL_Driver\Src\stm32f4xx_hal_hcd.o
                0x080015ea                HAL_HCD_GetCurrentFrame
 .text.HAL_HCD_GetCurrentSpeed
                0x08001606       0x1c Drivers\STM32F4xx_HAL_Driver\Src\stm32f4xx_hal_hcd.o
                0x08001606                HAL_HCD_GetCurrentSpeed
 .text.HCD_HC_IN_IRQHandler
                0x08001622      0x680 Drivers\STM32F4xx_HAL_Driver\Src\stm32f4xx_hal_hcd.o
 .text.HCD_HC_OUT_IRQHandler
                0x08001ca2      0x642 Drivers\STM32F4xx_HAL_Driver\Src\stm32f4xx_hal_hcd.o
 .text.HCD_RXQLVL_IRQHandler
                0x080022e4      0x164 Drivers\STM32F4xx_HAL_Driver\Src\stm32f4xx_hal_hcd.o
 .text.HCD_Port_IRQHandler
                0x08002448      0x112 Drivers\STM32F4xx_HAL_Driver\Src\stm32f4xx_hal_hcd.o
 *fill*         0x0800255a        0x2 
 .text.HAL_RCC_ClockConfig
                0x0800255c      0x1c4 Drivers\STM32F4xx_HAL_Driver\Src\stm32f4xx_hal_rcc.o
                0x0800255c                HAL_RCC_ClockConfig
 .text.HAL_RCC_GetHCLKFreq
                0x08002720       0x18 Drivers\STM32F4xx_HAL_Driver\Src\stm32f4xx_hal_rcc.o
                0x08002720                HAL_RCC_GetHCLKFreq
 .text.HAL_RCC_GetPCLK1Freq
                0x08002738       0x28 Drivers\STM32F4xx_HAL_Driver\Src\stm32f4xx_hal_rcc.o
                0x08002738                HAL_RCC_GetPCLK1Freq
 .text.HAL_RCC_GetPCLK2Freq
                0x08002760       0x28 Drivers\STM32F4xx_HAL_Driver\Src\stm32f4xx_hal_rcc.o
                0x08002760                HAL_RCC_GetPCLK2Freq
 .text.HAL_RCCEx_PeriphCLKConfig
                0x08002788      0x654 Drivers\STM32F4xx_HAL_Driver\Src\stm32f4xx_hal_rcc_ex.o
                0x08002788                HAL_RCCEx_PeriphCLKConfig
 .text.HAL_RCC_GetSysClockFreq
                0x08002ddc      0x36c Drivers\STM32F4xx_HAL_Driver\Src\stm32f4xx_hal_rcc_ex.o
                0x08002ddc                HAL_RCC_GetSysClockFreq
 .text.HAL_RCC_OscConfig
                0x08003148      0x4b4 Drivers\STM32F4xx_HAL_Driver\Src\stm32f4xx_hal_rcc_ex.o
                0x08003148                HAL_RCC_OscConfig
 .text.HAL_UART_Init
                0x080035fc       0x9a Drivers\STM32F4xx_HAL_Driver\Src\stm32f4xx_hal_uart.o
                0x080035fc                HAL_UART_Init
 *fill*         0x08003696        0x2 
 .text.UART_SetConfig
                0x08003698      0x438 Drivers\STM32F4xx_HAL_Driver\Src\stm32f4xx_hal_uart.o
 .text.USB_CoreInit
                0x08003ad0       0xa2 Drivers\STM32F4xx_HAL_Driver\Src\stm32f4xx_ll_usb.o
                0x08003ad0                USB_CoreInit
 .text.USB_EnableGlobalInt
                0x08003b72       0x22 Drivers\STM32F4xx_HAL_Driver\Src\stm32f4xx_ll_usb.o
                0x08003b72                USB_EnableGlobalInt
 .text.USB_DisableGlobalInt
                0x08003b94       0x22 Drivers\STM32F4xx_HAL_Driver\Src\stm32f4xx_ll_usb.o
                0x08003b94                USB_DisableGlobalInt
 .text.USB_SetCurrentMode
                0x08003bb6       0x4e Drivers\STM32F4xx_HAL_Driver\Src\stm32f4xx_ll_usb.o
                0x08003bb6                USB_SetCurrentMode
 .text.USB_FlushTxFifo
                0x08003c04       0x4c Drivers\STM32F4xx_HAL_Driver\Src\stm32f4xx_ll_usb.o
                0x08003c04                USB_FlushTxFifo
 .text.USB_FlushRxFifo
                0x08003c50       0x44 Drivers\STM32F4xx_HAL_Driver\Src\stm32f4xx_ll_usb.o
                0x08003c50                USB_FlushRxFifo
 .text.USB_WritePacket
                0x08003c94       0x6a Drivers\STM32F4xx_HAL_Driver\Src\stm32f4xx_ll_usb.o
                0x08003c94                USB_WritePacket
 .text.USB_ReadPacket
                0x08003cfe       0x4e Drivers\STM32F4xx_HAL_Driver\Src\stm32f4xx_ll_usb.o
                0x08003cfe                USB_ReadPacket
 .text.USB_ReadInterrupts
                0x08003d4c       0x2a Drivers\STM32F4xx_HAL_Driver\Src\stm32f4xx_ll_usb.o
                0x08003d4c                USB_ReadInterrupts
 .text.USB_GetMode
                0x08003d76       0x1c Drivers\STM32F4xx_HAL_Driver\Src\stm32f4xx_ll_usb.o
                0x08003d76                USB_GetMode
 *fill*         0x08003d92        0x2 
 .text.USB_CoreReset
                0x08003d94       0x68 Drivers\STM32F4xx_HAL_Driver\Src\stm32f4xx_ll_usb.o
 .text.USB_HostInit
                0x08003dfc      0x140 Drivers\STM32F4xx_HAL_Driver\Src\stm32f4xx_ll_usb.o
                0x08003dfc                USB_HostInit
 .text.USB_InitFSLSPClkSel
                0x08003f3c       0x74 Drivers\STM32F4xx_HAL_Driver\Src\stm32f4xx_ll_usb.o
                0x08003f3c                USB_InitFSLSPClkSel
 .text.USB_ResetPort
                0x08003fb0       0x4a Drivers\STM32F4xx_HAL_Driver\Src\stm32f4xx_ll_usb.o
                0x08003fb0                USB_ResetPort
 .text.USB_DriveVbus
                0x08003ffa       0x6e Drivers\STM32F4xx_HAL_Driver\Src\stm32f4xx_ll_usb.o
                0x08003ffa                USB_DriveVbus
 .text.USB_GetHostSpeed
                0x08004068       0x26 Drivers\STM32F4xx_HAL_Driver\Src\stm32f4xx_ll_usb.o
                0x08004068                USB_GetHostSpeed
 .text.USB_GetCurrentFrame
                0x0800408e       0x1e Drivers\STM32F4xx_HAL_Driver\Src\stm32f4xx_ll_usb.o
                0x0800408e                USB_GetCurrentFrame
 .text.USB_HC_Init
                0x080040ac      0x1f8 Drivers\STM32F4xx_HAL_Driver\Src\stm32f4xx_ll_usb.o
                0x080040ac                USB_HC_Init
 .text.USB_HC_StartXfer
                0x080042a4      0x27c Drivers\STM32F4xx_HAL_Driver\Src\stm32f4xx_ll_usb.o
                0x080042a4                USB_HC_StartXfer
 .text.USB_HC_ReadInterrupt
                0x08004520       0x1e Drivers\STM32F4xx_HAL_Driver\Src\stm32f4xx_ll_usb.o
                0x08004520                USB_HC_ReadInterrupt
 .text.USB_HC_Halt
                0x0800453e      0x1d2 Drivers\STM32F4xx_HAL_Driver\Src\stm32f4xx_ll_usb.o
                0x0800453e                USB_HC_Halt
 .text.USB_DoPing
                0x08004710       0x78 Drivers\STM32F4xx_HAL_Driver\Src\stm32f4xx_ll_usb.o
                0x08004710                USB_DoPing
 .text.USB_StopHost
                0x08004788      0x108 Drivers\STM32F4xx_HAL_Driver\Src\stm32f4xx_ll_usb.o
                0x08004788                USB_StopHost
 .text.USBH_HID_InterfaceInit
                0x08004890      0x310 Middlewares\ST\STM32_USB_Host_Library\Class\HID\Src\usbh_hid.o
 .text.USBH_HID_InterfaceDeInit
                0x08004ba0       0x82 Middlewares\ST\STM32_USB_Host_Library\Class\HID\Src\usbh_hid.o
 *fill*         0x08004c22        0x2 
 .text.USBH_HID_ClassRequest
                0x08004c24      0x150 Middlewares\ST\STM32_USB_Host_Library\Class\HID\Src\usbh_hid.o
 .text.USBH_HID_Process
                0x08004d74      0x150 Middlewares\ST\STM32_USB_Host_Library\Class\HID\Src\usbh_hid.o
 .text.USBH_HID_SOFProcess
                0x08004ec4       0x42 Middlewares\ST\STM32_USB_Host_Library\Class\HID\Src\usbh_hid.o
 .text.USBH_HID_GetHIDReportDescriptor
                0x08004f06       0x32 Middlewares\ST\STM32_USB_Host_Library\Class\HID\Src\usbh_hid.o
                0x08004f06                USBH_HID_GetHIDReportDescriptor
 .text.USBH_HID_GetHIDDescriptor
                0x08004f38       0x32 Middlewares\ST\STM32_USB_Host_Library\Class\HID\Src\usbh_hid.o
                0x08004f38                USBH_HID_GetHIDDescriptor
 .text.USBH_HID_SetIdle
                0x08004f6a       0x50 Middlewares\ST\STM32_USB_Host_Library\Class\HID\Src\usbh_hid.o
                0x08004f6a                USBH_HID_SetIdle
 .text.USBH_HID_SetReport
                0x08004fba       0x58 Middlewares\ST\STM32_USB_Host_Library\Class\HID\Src\usbh_hid.o
                0x08004fba                USBH_HID_SetReport
 .text.USBH_HID_GetReport
                0x08005012       0x58 Middlewares\ST\STM32_USB_Host_Library\Class\HID\Src\usbh_hid.o
                0x08005012                USBH_HID_GetReport
 .text.USBH_HID_SetProtocol
                0x0800506a       0x4a Middlewares\ST\STM32_USB_Host_Library\Class\HID\Src\usbh_hid.o
                0x0800506a                USBH_HID_SetProtocol
 .text.USBH_HID_ParseHIDDesc
                0x080050b4       0x76 Middlewares\ST\STM32_USB_Host_Library\Class\HID\Src\usbh_hid.o
 .text.USBH_HID_GetDeviceType
                0x0800512a       0x88 Middlewares\ST\STM32_USB_Host_Library\Class\HID\Src\usbh_hid.o
                0x0800512a                USBH_HID_GetDeviceType
 .text.fifo_init
                0x080051b2       0x38 Middlewares\ST\STM32_USB_Host_Library\Class\HID\Src\usbh_hid.o
                0x080051b2                fifo_init
 .text.fifo_read
                0x080051ea       0x92 Middlewares\ST\STM32_USB_Host_Library\Class\HID\Src\usbh_hid.o
                0x080051ea                fifo_read
 .text.fifo_write
                0x0800527c       0xa8 Middlewares\ST\STM32_USB_Host_Library\Class\HID\Src\usbh_hid.o
                0x0800527c                fifo_write
 .text.USBH_HID_EventCallback
                0x08005324      0x538 Middlewares\ST\STM32_USB_Host_Library\Class\HID\Src\usbh_hid.o
                0x08005324                USBH_HID_EventCallback
 .text.USBH_HID_DS3Init
                0x0800585c       0x64 Middlewares\ST\STM32_USB_Host_Library\Class\HID\Src\usbh_hid_ds3.o
                0x0800585c                USBH_HID_DS3Init
 .text.USBH_HID_DS3Decode
                0x080058c0       0x84 Middlewares\ST\STM32_USB_Host_Library\Class\HID\Src\usbh_hid_ds3.o
 .text.USBH_HID_GetDS3Info
                0x08005944       0x28 Middlewares\ST\STM32_USB_Host_Library\Class\HID\Src\usbh_hid_ds3.o
                0x08005944                USBH_HID_GetDS3Info
 .text.USBH_HID_KeybdInit
                0x0800596c       0xa0 Middlewares\ST\STM32_USB_Host_Library\Class\HID\Src\usbh_hid_keybd.o
                0x0800596c                USBH_HID_KeybdInit
 .text.USBH_HID_GetKeybdInfo
                0x08005a0c       0x28 Middlewares\ST\STM32_USB_Host_Library\Class\HID\Src\usbh_hid_keybd.o
                0x08005a0c                USBH_HID_GetKeybdInfo
 .text.USBH_HID_KeybdDecode
                0x08005a34      0x120 Middlewares\ST\STM32_USB_Host_Library\Class\HID\Src\usbh_hid_keybd.o
 .text.USBH_HID_MouseInit
                0x08005b54       0x70 Middlewares\ST\STM32_USB_Host_Library\Class\HID\Src\usbh_hid_mouse.o
                0x08005b54                USBH_HID_MouseInit
 .text.HID_ReadItem
                0x08005bc4      0x138 Middlewares\ST\STM32_USB_Host_Library\Class\HID\Src\usbh_hid_parser.o
                0x08005bc4                HID_ReadItem
 .text.USBH_Init
                0x08005cfc       0x70 Middlewares\ST\STM32_USB_Host_Library\Core\Src\usbh_core.o
                0x08005cfc                USBH_Init
 .text.DeInitStateMachine
                0x08005d6c       0x92 Middlewares\ST\STM32_USB_Host_Library\Core\Src\usbh_core.o
 *fill*         0x08005dfe        0x2 
 .text.USBH_RegisterClass
                0x08005e00       0x80 Middlewares\ST\STM32_USB_Host_Library\Core\Src\usbh_core.o
                0x08005e00                USBH_RegisterClass
 .text.USBH_SelectInterface
                0x08005e80       0xd0 Middlewares\ST\STM32_USB_Host_Library\Core\Src\usbh_core.o
                0x08005e80                USBH_SelectInterface
 .text.USBH_FindInterface
                0x08005f50       0x96 Middlewares\ST\STM32_USB_Host_Library\Core\Src\usbh_core.o
                0x08005f50                USBH_FindInterface
 .text.USBH_Start
                0x08005fe6       0x20 Middlewares\ST\STM32_USB_Host_Library\Core\Src\usbh_core.o
                0x08005fe6                USBH_Start
 *fill*         0x08006006        0x2 
 .text.USBH_Process
                0x08006008      0x344 Middlewares\ST\STM32_USB_Host_Library\Core\Src\usbh_core.o
                0x08006008                USBH_Process
 .text.USBH_HandleEnum
                0x0800634c      0x2f8 Middlewares\ST\STM32_USB_Host_Library\Core\Src\usbh_core.o
 .text.USBH_LL_SetTimer
                0x08006644       0x1e Middlewares\ST\STM32_USB_Host_Library\Core\Src\usbh_core.o
                0x08006644                USBH_LL_SetTimer
 .text.USBH_LL_IncTimer
                0x08006662       0x24 Middlewares\ST\STM32_USB_Host_Library\Core\Src\usbh_core.o
                0x08006662                USBH_LL_IncTimer
 .text.USBH_HandleSof
                0x08006686       0x30 Middlewares\ST\STM32_USB_Host_Library\Core\Src\usbh_core.o
 .text.USBH_LL_Connect
                0x080066b6       0x4c Middlewares\ST\STM32_USB_Host_Library\Core\Src\usbh_core.o
                0x080066b6                USBH_LL_Connect
 *fill*         0x08006702        0x2 
 .text.USBH_LL_Disconnect
                0x08006704       0x6c Middlewares\ST\STM32_USB_Host_Library\Core\Src\usbh_core.o
                0x08006704                USBH_LL_Disconnect
 .text.USBH_Get_DevDesc
                0x08006770       0x50 Middlewares\ST\STM32_USB_Host_Library\Core\Src\usbh_ctlreq.o
                0x08006770                USBH_Get_DevDesc
 .text.USBH_Get_CfgDesc
                0x080067c0       0x48 Middlewares\ST\STM32_USB_Host_Library\Core\Src\usbh_ctlreq.o
                0x080067c0                USBH_Get_CfgDesc
 .text.USBH_Get_StringDesc
                0x08006808       0x56 Middlewares\ST\STM32_USB_Host_Library\Core\Src\usbh_ctlreq.o
                0x08006808                USBH_Get_StringDesc
 .text.USBH_GetDescriptor
                0x0800685e       0x6a Middlewares\ST\STM32_USB_Host_Library\Core\Src\usbh_ctlreq.o
                0x0800685e                USBH_GetDescriptor
 .text.USBH_SetAddress
                0x080068c8       0x48 Middlewares\ST\STM32_USB_Host_Library\Core\Src\usbh_ctlreq.o
                0x080068c8                USBH_SetAddress
 .text.USBH_SetCfg
                0x08006910       0x46 Middlewares\ST\STM32_USB_Host_Library\Core\Src\usbh_ctlreq.o
                0x08006910                USBH_SetCfg
 .text.USBH_ClrFeature
                0x08006956       0x48 Middlewares\ST\STM32_USB_Host_Library\Core\Src\usbh_ctlreq.o
                0x08006956                USBH_ClrFeature
 .text.USBH_ParseDevDesc
                0x0800699e       0xe0 Middlewares\ST\STM32_USB_Host_Library\Core\Src\usbh_ctlreq.o
 .text.USBH_ParseCfgDesc
                0x08006a7e      0x14c Middlewares\ST\STM32_USB_Host_Library\Core\Src\usbh_ctlreq.o
 .text.USBH_ParseInterfaceDesc
                0x08006bca       0x5e Middlewares\ST\STM32_USB_Host_Library\Core\Src\usbh_ctlreq.o
 .text.USBH_ParseEPDesc
                0x08006c28       0x5a Middlewares\ST\STM32_USB_Host_Library\Core\Src\usbh_ctlreq.o
 .text.USBH_ParseStringDesc
                0x08006c82       0x66 Middlewares\ST\STM32_USB_Host_Library\Core\Src\usbh_ctlreq.o
 .text.USBH_GetNextDesc
                0x08006ce8       0x36 Middlewares\ST\STM32_USB_Host_Library\Core\Src\usbh_ctlreq.o
                0x08006ce8                USBH_GetNextDesc
 .text.USBH_CtlReq
                0x08006d1e       0x7c Middlewares\ST\STM32_USB_Host_Library\Core\Src\usbh_ctlreq.o
                0x08006d1e                USBH_CtlReq
 *fill*         0x08006d9a        0x2 
 .text.USBH_HandleControl
                0x08006d9c      0x2e8 Middlewares\ST\STM32_USB_Host_Library\Core\Src\usbh_ctlreq.o
 .text.USBH_CtlSendSetup
                0x08007084       0x34 Middlewares\ST\STM32_USB_Host_Library\Core\Src\usbh_ioreq.o
                0x08007084                USBH_CtlSendSetup
 .text.USBH_CtlSendData
                0x080070b8       0x4a Middlewares\ST\STM32_USB_Host_Library\Core\Src\usbh_ioreq.o
                0x080070b8                USBH_CtlSendData
 .text.USBH_CtlReceiveData
                0x08007102       0x3c Middlewares\ST\STM32_USB_Host_Library\Core\Src\usbh_ioreq.o
                0x08007102                USBH_CtlReceiveData
 .text.USBH_InterruptReceiveData
                0x0800713e       0x3e Middlewares\ST\STM32_USB_Host_Library\Core\Src\usbh_ioreq.o
                0x0800713e                USBH_InterruptReceiveData
 .text.USBH_OpenPipe
                0x0800717c       0x3e Middlewares\ST\STM32_USB_Host_Library\Core\Src\usbh_pipes.o
                0x0800717c                USBH_OpenPipe
 .text.USBH_ClosePipe
                0x080071ba       0x20 Middlewares\ST\STM32_USB_Host_Library\Core\Src\usbh_pipes.o
                0x080071ba                USBH_ClosePipe
 .text.USBH_AllocPipe
                0x080071da       0x3e Middlewares\ST\STM32_USB_Host_Library\Core\Src\usbh_pipes.o
                0x080071da                USBH_AllocPipe
 .text.USBH_FreePipe
                0x08007218       0x38 Middlewares\ST\STM32_USB_Host_Library\Core\Src\usbh_pipes.o
                0x08007218                USBH_FreePipe
 .text.USBH_GetFreePipe
                0x08007250       0x46 Middlewares\ST\STM32_USB_Host_Library\Core\Src\usbh_pipes.o
 .text.reverse  0x08007296       0x68 Src\main.o
                0x08007296                reverse
 *fill*         0x080072fe        0x2 
 .text.SetN64DataInputMode
                0x08007300       0x2c Src\main.o
                0x08007300                SetN64DataInputMode
 .text.SetN64DataOutputMode
                0x0800732c       0x2c Src\main.o
                0x0800732c                SetN64DataOutputMode
 .text.write_1  0x08007358       0x28 Src\main.o
                0x08007358                write_1
 .text.write_0  0x08007380       0x28 Src\main.o
                0x08007380                write_0
 .text.SendStop
                0x080073a8       0x24 Src\main.o
                0x080073a8                SendStop
 .text.SendByte
                0x080073cc       0x3e Src\main.o
                0x080073cc                SendByte
 .text.SendIdentity
                0x0800740a       0x1e Src\main.o
                0x0800740a                SendIdentity
 .text.SendControllerData
                0x08007428       0x50 Src\main.o
                0x08007428                SendControllerData
 .text.GetMiddleOfPulse
                0x08007478       0x40 Src\main.o
                0x08007478                GetMiddleOfPulse
 .text.readCommand
                0x080074b8       0x58 Src\main.o
                0x080074b8                readCommand
 .text.main     0x08007510       0x2c Src\main.o
                0x08007510                main
 .text.SystemClock_Config
                0x0800753c      0x12c Src\main.o
                0x0800753c                SystemClock_Config
 .text.MX_USART2_UART_Init
                0x08007668       0x5c Src\main.o
 .text.MX_GPIO_Init
                0x080076c4      0x1a8 Src\main.o
 .text._Error_Handler
                0x0800786c        0xc Src\main.o
                0x0800786c                _Error_Handler
 .text.HAL_MspInit
                0x08007878       0xa4 Src\stm32f4xx_hal_msp.o
                0x08007878                HAL_MspInit
 .text.HAL_UART_MspInit
                0x0800791c       0x64 Src\stm32f4xx_hal_msp.o
                0x0800791c                HAL_UART_MspInit
 .text.SysTick_Handler
                0x08007980       0x10 Src\stm32f4xx_it.o
                0x08007980                SysTick_Handler
 .text.EXTI9_5_IRQHandler
                0x08007990       0x4c Src\stm32f4xx_it.o
                0x08007990                EXTI9_5_IRQHandler
 .text.OTG_FS_IRQHandler
                0x080079dc       0x14 Src\stm32f4xx_it.o
                0x080079dc                OTG_FS_IRQHandler
 .text.SystemInit
                0x080079f0       0x6c Src\system_stm32f4xx.o
                0x080079f0                SystemInit
 .text.MX_USB_HOST_Init
                0x08007a5c       0x2c Src\usb_host.o
                0x08007a5c                MX_USB_HOST_Init
 .text.MX_USB_HOST_Process
                0x08007a88       0x14 Src\usb_host.o
                0x08007a88                MX_USB_HOST_Process
 .text.USBH_UserProcess
                0x08007a9c       0x5c Src\usb_host.o
 .text.HAL_HCD_MspInit
                0x08007af8       0x98 Src\usbh_conf.o
                0x08007af8                HAL_HCD_MspInit
 .text.HAL_HCD_SOF_Callback
                0x08007b90       0x1c Src\usbh_conf.o
                0x08007b90                HAL_HCD_SOF_Callback
 .text.HAL_HCD_Connect_Callback
                0x08007bac       0x1c Src\usbh_conf.o
                0x08007bac                HAL_HCD_Connect_Callback
 .text.HAL_HCD_Disconnect_Callback
                0x08007bc8       0x1c Src\usbh_conf.o
                0x08007bc8                HAL_HCD_Disconnect_Callback
 .text.HAL_HCD_HC_NotifyURBChange_Callback
                0x08007be4       0x1c Src\usbh_conf.o
                0x08007be4                HAL_HCD_HC_NotifyURBChange_Callback
 .text.USBH_LL_Init
                0x08007c00       0x80 Src\usbh_conf.o
                0x08007c00                USBH_LL_Init
 .text.USBH_LL_Start
                0x08007c80       0x64 Src\usbh_conf.o
                0x08007c80                USBH_LL_Start
 .text.USBH_LL_Stop
                0x08007ce4       0x64 Src\usbh_conf.o
                0x08007ce4                USBH_LL_Stop
 .text.USBH_LL_GetSpeed
                0x08007d48       0x4a Src\usbh_conf.o
                0x08007d48                USBH_LL_GetSpeed
 *fill*         0x08007d92        0x2 
 .text.USBH_LL_ResetPort
                0x08007d94       0x64 Src\usbh_conf.o
                0x08007d94                USBH_LL_ResetPort
 .text.USBH_LL_OpenPipe
                0x08007df8       0x8c Src\usbh_conf.o
                0x08007df8                USBH_LL_OpenPipe
 .text.USBH_LL_ClosePipe
                0x08007e84       0x6c Src\usbh_conf.o
                0x08007e84                USBH_LL_ClosePipe
 .text.USBH_LL_SubmitURB
                0x08007ef0       0x90 Src\usbh_conf.o
                0x08007ef0                USBH_LL_SubmitURB
 .text.USBH_LL_GetURBState
                0x08007f80       0x26 Src\usbh_conf.o
                0x08007f80                USBH_LL_GetURBState
 .text.USBH_LL_DriverVBUS
                0x08007fa6       0x1c Src\usbh_conf.o
                0x08007fa6                USBH_LL_DriverVBUS
 .text.USBH_LL_SetToggle
                0x08007fc2       0x66 Src\usbh_conf.o
                0x08007fc2                USBH_LL_SetToggle
 .text.USBH_Delay
                0x08008028       0x16 Src\usbh_conf.o
                0x08008028                USBH_Delay
 *fill*         0x0800803e        0x2 
 .text.Reset_Handler
                0x08008040       0x50 startup\startup_stm32f446xx.o
                0x08008040                Reset_Handler
 .text.Default_Handler
                0x08008090        0x2 startup\startup_stm32f446xx.o
                0x08008090                RTC_Alarm_IRQHandler
                0x08008090                EXTI2_IRQHandler
                0x08008090                TIM8_CC_IRQHandler
                0x08008090                DebugMon_Handler
                0x08008090                SPI4_IRQHandler
                0x08008090                TIM1_CC_IRQHandler
                0x08008090                DMA2_Stream5_IRQHandler
                0x08008090                HardFault_Handler
                0x08008090                DMA1_Stream5_IRQHandler
                0x08008090                PVD_IRQHandler
                0x08008090                SDIO_IRQHandler
                0x08008090                TAMP_STAMP_IRQHandler
                0x08008090                PendSV_Handler
                0x08008090                NMI_Handler
                0x08008090                CAN2_RX1_IRQHandler
                0x08008090                EXTI3_IRQHandler
                0x08008090                TIM8_TRG_COM_TIM14_IRQHandler
                0x08008090                TIM1_UP_TIM10_IRQHandler
                0x08008090                TIM8_UP_TIM13_IRQHandler
                0x08008090                I2C3_ER_IRQHandler
                0x08008090                FMPI2C1_Event_IRQHandler
                0x08008090                EXTI0_IRQHandler
                0x08008090                I2C2_EV_IRQHandler
                0x08008090                DMA1_Stream2_IRQHandler
                0x08008090                CAN1_RX0_IRQHandler
                0x08008090                FPU_IRQHandler
                0x08008090                OTG_HS_WKUP_IRQHandler
                0x08008090                UsageFault_Handler
                0x08008090                CAN2_SCE_IRQHandler
                0x08008090                DMA2_Stream2_IRQHandler
                0x08008090                SPI1_IRQHandler
                0x08008090                TIM6_DAC_IRQHandler
                0x08008090                TIM1_BRK_TIM9_IRQHandler
                0x08008090                DCMI_IRQHandler
                0x08008090                CAN2_RX0_IRQHandler
                0x08008090                DMA2_Stream3_IRQHandler
                0x08008090                SAI2_IRQHandler
                0x08008090                USART6_IRQHandler
                0x08008090                USART3_IRQHandler
                0x08008090                CAN1_RX1_IRQHandler
                0x08008090                UART5_IRQHandler
                0x08008090                DMA2_Stream0_IRQHandler
                0x08008090                TIM4_IRQHandler
                0x08008090                QUADSPI_IRQHandler
                0x08008090                I2C1_EV_IRQHandler
                0x08008090                DMA1_Stream6_IRQHandler
                0x08008090                DMA1_Stream1_IRQHandler
                0x08008090                UART4_IRQHandler
                0x08008090                TIM3_IRQHandler
                0x08008090                RCC_IRQHandler
                0x08008090                TIM8_BRK_TIM12_IRQHandler
                0x08008090                Default_Handler
                0x08008090                CEC_IRQHandler
                0x08008090                EXTI15_10_IRQHandler
                0x08008090                ADC_IRQHandler
                0x08008090                DMA1_Stream7_IRQHandler
                0x08008090                TIM7_IRQHandler
                0x08008090                CAN2_TX_IRQHandler
                0x08008090                TIM5_IRQHandler
                0x08008090                DMA2_Stream7_IRQHandler
                0x08008090                I2C3_EV_IRQHandler
                0x08008090                RTC_WKUP_IRQHandler
                0x08008090                SPDIF_RX_IRQHandler
                0x08008090                SPI2_IRQHandler
                0x08008090                OTG_HS_EP1_IN_IRQHandler
                0x08008090                MemManage_Handler
                0x08008090                DMA1_Stream0_IRQHandler
                0x08008090                CAN1_TX_IRQHandler
                0x08008090                SVC_Handler
                0x08008090                EXTI4_IRQHandler
                0x08008090                OTG_HS_EP1_OUT_IRQHandler
                0x08008090                WWDG_IRQHandler
                0x08008090                TIM2_IRQHandler
                0x08008090                OTG_FS_WKUP_IRQHandler
                0x08008090                TIM1_TRG_COM_TIM11_IRQHandler
                0x08008090                OTG_HS_IRQHandler
                0x08008090                EXTI1_IRQHandler
                0x08008090                USART2_IRQHandler
                0x08008090                I2C2_ER_IRQHandler
                0x08008090                DMA2_Stream1_IRQHandler
                0x08008090                CAN1_SCE_IRQHandler
                0x08008090                FLASH_IRQHandler
                0x08008090                DMA2_Stream4_IRQHandler
                0x08008090                BusFault_Handler
                0x08008090                USART1_IRQHandler
                0x08008090                SPI3_IRQHandler
                0x08008090                DMA1_Stream4_IRQHandler
                0x08008090                I2C1_ER_IRQHandler
                0x08008090                FMC_IRQHandler
                0x08008090                DMA2_Stream6_IRQHandler
                0x08008090                SAI1_IRQHandler
                0x08008090                DMA1_Stream3_IRQHandler
                0x08008090                FMPI2C1_Error_IRQHandler
 *fill*         0x08008092        0x2 
 .text.__libc_init_array
                0x08008094       0x48 c:/program files (x86)/atollic/truestudio for stm32 9.0.1/armtools/bin/../lib/gcc/arm-atollic-eabi/6.3.1/../../../../arm-atollic-eabi/lib/armv7e-m/fpu\libc_nano.a(lib_a-init.o)
                0x08008094                __libc_init_array
 .text.malloc   0x080080dc       0x10 c:/program files (x86)/atollic/truestudio for stm32 9.0.1/armtools/bin/../lib/gcc/arm-atollic-eabi/6.3.1/../../../../arm-atollic-eabi/lib/armv7e-m/fpu\libc_nano.a(lib_a-malloc.o)
                0x080080dc                malloc
 .text.free     0x080080ec       0x10 c:/program files (x86)/atollic/truestudio for stm32 9.0.1/armtools/bin/../lib/gcc/arm-atollic-eabi/6.3.1/../../../../arm-atollic-eabi/lib/armv7e-m/fpu\libc_nano.a(lib_a-malloc.o)
                0x080080ec                free
 .text.memset   0x080080fc       0x10 c:/program files (x86)/atollic/truestudio for stm32 9.0.1/armtools/bin/../lib/gcc/arm-atollic-eabi/6.3.1/../../../../arm-atollic-eabi/lib/armv7e-m/fpu\libc_nano.a(lib_a-memset.o)
                0x080080fc                memset
 .text._free_r  0x0800810c       0x9c c:/program files (x86)/atollic/truestudio for stm32 9.0.1/armtools/bin/../lib/gcc/arm-atollic-eabi/6.3.1/../../../../arm-atollic-eabi/lib/armv7e-m/fpu\libc_nano.a(lib_a-nano-freer.o)
                0x0800810c                _free_r
 .text._malloc_r
                0x080081a8       0xbc c:/program files (x86)/atollic/truestudio for stm32 9.0.1/armtools/bin/../lib/gcc/arm-atollic-eabi/6.3.1/../../../../arm-atollic-eabi/lib/armv7e-m/fpu\libc_nano.a(lib_a-nano-mallocr.o)
                0x080081a8                _malloc_r
 .text.printf   0x08008264       0x30 c:/program files (x86)/atollic/truestudio for stm32 9.0.1/armtools/bin/../lib/gcc/arm-atollic-eabi/6.3.1/../../../../arm-atollic-eabi/lib/armv7e-m/fpu\libc_nano.a(lib_a-printf.o)
                0x08008264                iprintf
                0x08008264                printf
 .text.putchar  0x08008294       0x28 c:/program files (x86)/atollic/truestudio for stm32 9.0.1/armtools/bin/../lib/gcc/arm-atollic-eabi/6.3.1/../../../../arm-atollic-eabi/lib/armv7e-m/fpu\libc_nano.a(lib_a-putchar.o)
                0x08008294                putchar
 .text._sbrk_r  0x080082bc       0x20 c:/program files (x86)/atollic/truestudio for stm32 9.0.1/armtools/bin/../lib/gcc/arm-atollic-eabi/6.3.1/../../../../arm-atollic-eabi/lib/armv7e-m/fpu\libc_nano.a(lib_a-sbrkr.o)
                0x080082bc                _sbrk_r
 .text._cleanup_r
                0x080082dc        0xc c:/program files (x86)/atollic/truestudio for stm32 9.0.1/armtools/bin/../lib/gcc/arm-atollic-eabi/6.3.1/../../../../arm-atollic-eabi/lib/armv7e-m/fpu\libc_nano.a(lib_a-findfp.o)
                0x080082dc                _cleanup_r
 .text.std.isra.0
                0x080082e8       0x48 c:/program files (x86)/atollic/truestudio for stm32 9.0.1/armtools/bin/../lib/gcc/arm-atollic-eabi/6.3.1/../../../../arm-atollic-eabi/lib/armv7e-m/fpu\libc_nano.a(lib_a-findfp.o)
 .text.__sfmoreglue
                0x08008330       0x2c c:/program files (x86)/atollic/truestudio for stm32 9.0.1/armtools/bin/../lib/gcc/arm-atollic-eabi/6.3.1/../../../../arm-atollic-eabi/lib/armv7e-m/fpu\libc_nano.a(lib_a-findfp.o)
                0x08008330                __sfmoreglue
 .text.__sinit  0x0800835c       0x60 c:/program files (x86)/atollic/truestudio for stm32 9.0.1/armtools/bin/../lib/gcc/arm-atollic-eabi/6.3.1/../../../../arm-atollic-eabi/lib/armv7e-m/fpu\libc_nano.a(lib_a-findfp.o)
                0x0800835c                __sinit
 .text.__sfp    0x080083bc       0x78 c:/program files (x86)/atollic/truestudio for stm32 9.0.1/armtools/bin/../lib/gcc/arm-atollic-eabi/6.3.1/../../../../arm-atollic-eabi/lib/armv7e-m/fpu\libc_nano.a(lib_a-findfp.o)
                0x080083bc                __sfp
 .text._fwalk_reent
                0x08008434       0x3c c:/program files (x86)/atollic/truestudio for stm32 9.0.1/armtools/bin/../lib/gcc/arm-atollic-eabi/6.3.1/../../../../arm-atollic-eabi/lib/armv7e-m/fpu\libc_nano.a(lib_a-fwalk.o)
                0x08008434                _fwalk_reent
 .text.__malloc_lock
                0x08008470        0x2 c:/program files (x86)/atollic/truestudio for stm32 9.0.1/armtools/bin/../lib/gcc/arm-atollic-eabi/6.3.1/../../../../arm-atollic-eabi/lib/armv7e-m/fpu\libc_nano.a(lib_a-mlock.o)
                0x08008470                __malloc_lock
 .text.__malloc_unlock
                0x08008472        0x2 c:/program files (x86)/atollic/truestudio for stm32 9.0.1/armtools/bin/../lib/gcc/arm-atollic-eabi/6.3.1/../../../../arm-atollic-eabi/lib/armv7e-m/fpu\libc_nano.a(lib_a-mlock.o)
                0x08008472                __malloc_unlock
 .text.__sfputc_r
                0x08008474       0x30 c:/program files (x86)/atollic/truestudio for stm32 9.0.1/armtools/bin/../lib/gcc/arm-atollic-eabi/6.3.1/../../../../arm-atollic-eabi/lib/armv7e-m/fpu\libc_nano.a(lib_a-nano-vfprintf.o)
 .text.__sfputs_r
                0x080084a4       0x24 c:/program files (x86)/atollic/truestudio for stm32 9.0.1/armtools/bin/../lib/gcc/arm-atollic-eabi/6.3.1/../../../../arm-atollic-eabi/lib/armv7e-m/fpu\libc_nano.a(lib_a-nano-vfprintf.o)
                0x080084a4                __sfputs_r
 .text._vfprintf_r
                0x080084c8      0x22c c:/program files (x86)/atollic/truestudio for stm32 9.0.1/armtools/bin/../lib/gcc/arm-atollic-eabi/6.3.1/../../../../arm-atollic-eabi/lib/armv7e-m/fpu\libc_nano.a(lib_a-nano-vfprintf.o)
                0x080084c8                _vfprintf_r
                0x080084c8                _vfiprintf_r
 .text._printf_common
                0x080086f4       0xec c:/program files (x86)/atollic/truestudio for stm32 9.0.1/armtools/bin/../lib/gcc/arm-atollic-eabi/6.3.1/../../../../arm-atollic-eabi/lib/armv7e-m/fpu\libc_nano.a(lib_a-nano-vfprintf_i.o)
                0x080086f4                _printf_common
 .text._printf_i
                0x080087e0      0x240 c:/program files (x86)/atollic/truestudio for stm32 9.0.1/armtools/bin/../lib/gcc/arm-atollic-eabi/6.3.1/../../../../arm-atollic-eabi/lib/armv7e-m/fpu\libc_nano.a(lib_a-nano-vfprintf_i.o)
                0x080087e0                _printf_i
 .text._putc_r  0x08008a20       0x6c c:/program files (x86)/atollic/truestudio for stm32 9.0.1/armtools/bin/../lib/gcc/arm-atollic-eabi/6.3.1/../../../../arm-atollic-eabi/lib/armv7e-m/fpu\libc_nano.a(lib_a-putc.o)
                0x08008a20                _putc_r
 .text.__sread  0x08008a8c       0x22 c:/program files (x86)/atollic/truestudio for stm32 9.0.1/armtools/bin/../lib/gcc/arm-atollic-eabi/6.3.1/../../../../arm-atollic-eabi/lib/armv7e-m/fpu\libc_nano.a(lib_a-stdio.o)
                0x08008a8c                __sread
 .text.__swrite
                0x08008aae       0x38 c:/program files (x86)/atollic/truestudio for stm32 9.0.1/armtools/bin/../lib/gcc/arm-atollic-eabi/6.3.1/../../../../arm-atollic-eabi/lib/armv7e-m/fpu\libc_nano.a(lib_a-stdio.o)
                0x08008aae                __swrite
 .text.__sseek  0x08008ae6       0x24 c:/program files (x86)/atollic/truestudio for stm32 9.0.1/armtools/bin/../lib/gcc/arm-atollic-eabi/6.3.1/../../../../arm-atollic-eabi/lib/armv7e-m/fpu\libc_nano.a(lib_a-stdio.o)
                0x08008ae6                __sseek
 .text.__sclose
                0x08008b0a        0x8 c:/program files (x86)/atollic/truestudio for stm32 9.0.1/armtools/bin/../lib/gcc/arm-atollic-eabi/6.3.1/../../../../arm-atollic-eabi/lib/armv7e-m/fpu\libc_nano.a(lib_a-stdio.o)
                0x08008b0a                __sclose
 *fill*         0x08008b12        0x2 
 .text.__swbuf_r
                0x08008b14       0xa4 c:/program files (x86)/atollic/truestudio for stm32 9.0.1/armtools/bin/../lib/gcc/arm-atollic-eabi/6.3.1/../../../../arm-atollic-eabi/lib/armv7e-m/fpu\libc_nano.a(lib_a-wbuf.o)
                0x08008b14                __swbuf_r
 .text._write_r
                0x08008bb8       0x24 c:/program files (x86)/atollic/truestudio for stm32 9.0.1/armtools/bin/../lib/gcc/arm-atollic-eabi/6.3.1/../../../../arm-atollic-eabi/lib/armv7e-m/fpu\libc_nano.a(lib_a-writer.o)
                0x08008bb8                _write_r
 .text.__swsetup_r
                0x08008bdc       0xdc c:/program files (x86)/atollic/truestudio for stm32 9.0.1/armtools/bin/../lib/gcc/arm-atollic-eabi/6.3.1/../../../../arm-atollic-eabi/lib/armv7e-m/fpu\libc_nano.a(lib_a-wsetup.o)
                0x08008bdc                __swsetup_r
 .text._close_r
                0x08008cb8       0x20 c:/program files (x86)/atollic/truestudio for stm32 9.0.1/armtools/bin/../lib/gcc/arm-atollic-eabi/6.3.1/../../../../arm-atollic-eabi/lib/armv7e-m/fpu\libc_nano.a(lib_a-closer.o)
                0x08008cb8                _close_r
 .text.__sflush_r
                0x08008cd8      0x110 c:/program files (x86)/atollic/truestudio for stm32 9.0.1/armtools/bin/../lib/gcc/arm-atollic-eabi/6.3.1/../../../../arm-atollic-eabi/lib/armv7e-m/fpu\libc_nano.a(lib_a-fflush.o)
                0x08008cd8                __sflush_r
 .text._fflush_r
                0x08008de8       0x54 c:/program files (x86)/atollic/truestudio for stm32 9.0.1/armtools/bin/../lib/gcc/arm-atollic-eabi/6.3.1/../../../../arm-atollic-eabi/lib/armv7e-m/fpu\libc_nano.a(lib_a-fflush.o)
                0x08008de8                _fflush_r
 .text._lseek_r
                0x08008e3c       0x24 c:/program files (x86)/atollic/truestudio for stm32 9.0.1/armtools/bin/../lib/gcc/arm-atollic-eabi/6.3.1/../../../../arm-atollic-eabi/lib/armv7e-m/fpu\libc_nano.a(lib_a-lseekr.o)
                0x08008e3c                _lseek_r
 .text.__swhatbuf_r
                0x08008e60       0x48 c:/program files (x86)/atollic/truestudio for stm32 9.0.1/armtools/bin/../lib/gcc/arm-atollic-eabi/6.3.1/../../../../arm-atollic-eabi/lib/armv7e-m/fpu\libc_nano.a(lib_a-makebuf.o)
                0x08008e60                __swhatbuf_r
 .text.__smakebuf_r
                0x08008ea8       0x80 c:/program files (x86)/atollic/truestudio for stm32 9.0.1/armtools/bin/../lib/gcc/arm-atollic-eabi/6.3.1/../../../../arm-atollic-eabi/lib/armv7e-m/fpu\libc_nano.a(lib_a-makebuf.o)
                0x08008ea8                __smakebuf_r
 .text._read_r  0x08008f28       0x24 c:/program files (x86)/atollic/truestudio for stm32 9.0.1/armtools/bin/../lib/gcc/arm-atollic-eabi/6.3.1/../../../../arm-atollic-eabi/lib/armv7e-m/fpu\libc_nano.a(lib_a-readr.o)
                0x08008f28                _read_r
 .text._fstat_r
                0x08008f4c       0x24 c:/program files (x86)/atollic/truestudio for stm32 9.0.1/armtools/bin/../lib/gcc/arm-atollic-eabi/6.3.1/../../../../arm-atollic-eabi/lib/armv7e-m/fpu\libc_nano.a(lib_a-fstatr.o)
                0x08008f4c                _fstat_r
 .text._isatty_r
                0x08008f70       0x20 c:/program files (x86)/atollic/truestudio for stm32 9.0.1/armtools/bin/../lib/gcc/arm-atollic-eabi/6.3.1/../../../../arm-atollic-eabi/lib/armv7e-m/fpu\libc_nano.a(lib_a-isattyr.o)
                0x08008f70                _isatty_r
 .text._close   0x08008f90       0x10 c:/program files (x86)/atollic/truestudio for stm32 9.0.1/armtools/bin/../lib/gcc/arm-atollic-eabi/6.3.1/../../../../arm-atollic-eabi/lib/armv7e-m/fpu\libnosys.a(close.o)
                0x08008f90                _close
 .text._fstat   0x08008fa0       0x10 c:/program files (x86)/atollic/truestudio for stm32 9.0.1/armtools/bin/../lib/gcc/arm-atollic-eabi/6.3.1/../../../../arm-atollic-eabi/lib/armv7e-m/fpu\libnosys.a(fstat.o)
                0x08008fa0                _fstat
 .text._isatty  0x08008fb0       0x10 c:/program files (x86)/atollic/truestudio for stm32 9.0.1/armtools/bin/../lib/gcc/arm-atollic-eabi/6.3.1/../../../../arm-atollic-eabi/lib/armv7e-m/fpu\libnosys.a(isatty.o)
                0x08008fb0                _isatty
 .text._lseek   0x08008fc0       0x10 c:/program files (x86)/atollic/truestudio for stm32 9.0.1/armtools/bin/../lib/gcc/arm-atollic-eabi/6.3.1/../../../../arm-atollic-eabi/lib/armv7e-m/fpu\libnosys.a(lseek.o)
                0x08008fc0                _lseek
 .text._read    0x08008fd0       0x10 c:/program files (x86)/atollic/truestudio for stm32 9.0.1/armtools/bin/../lib/gcc/arm-atollic-eabi/6.3.1/../../../../arm-atollic-eabi/lib/armv7e-m/fpu\libnosys.a(read.o)
                0x08008fd0                _read
 .text._sbrk    0x08008fe0       0x1c c:/program files (x86)/atollic/truestudio for stm32 9.0.1/armtools/bin/../lib/gcc/arm-atollic-eabi/6.3.1/../../../../arm-atollic-eabi/lib/armv7e-m/fpu\libnosys.a(sbrk.o)
                0x08008fe0                _sbrk
 .text._write   0x08008ffc       0x10 c:/program files (x86)/atollic/truestudio for stm32 9.0.1/armtools/bin/../lib/gcc/arm-atollic-eabi/6.3.1/../../../../arm-atollic-eabi/lib/armv7e-m/fpu\libnosys.a(write.o)
                0x08008ffc                _write
 *(.glue_7)
 .glue_7        0x0800900c        0x0 linker stubs
 *(.glue_7t)
 .glue_7t       0x0800900c        0x0 linker stubs
 *(.eh_frame)
 .eh_frame      0x0800900c        0x0 c:/program files (x86)/atollic/truestudio for stm32 9.0.1/armtools/bin/../lib/gcc/arm-atollic-eabi/6.3.1/armv7e-m/fpu/crtbegin.o
 *(.init)
 .init          0x0800900c        0x4 c:/program files (x86)/atollic/truestudio for stm32 9.0.1/armtools/bin/../lib/gcc/arm-atollic-eabi/6.3.1/armv7e-m/fpu/crti.o
                0x0800900c                _init
 .init          0x08009010        0x8 c:/program files (x86)/atollic/truestudio for stm32 9.0.1/armtools/bin/../lib/gcc/arm-atollic-eabi/6.3.1/armv7e-m/fpu/crtn.o
 *(.fini)
 .fini          0x08009018        0x4 c:/program files (x86)/atollic/truestudio for stm32 9.0.1/armtools/bin/../lib/gcc/arm-atollic-eabi/6.3.1/armv7e-m/fpu/crti.o
                0x08009018                _fini
 .fini          0x0800901c        0x8 c:/program files (x86)/atollic/truestudio for stm32 9.0.1/armtools/bin/../lib/gcc/arm-atollic-eabi/6.3.1/armv7e-m/fpu/crtn.o
                0x08009024                . = ALIGN (0x4)
                0x08009024                _etext = .

.vfp11_veneer   0x08009024        0x0
 .vfp11_veneer  0x08009024        0x0 linker stubs

.v4_bx          0x08009024        0x0
 .v4_bx         0x08009024        0x0 linker stubs

.iplt           0x08009024        0x0
 .iplt          0x08009024        0x0 c:/program files (x86)/atollic/truestudio for stm32 9.0.1/armtools/bin/../lib/gcc/arm-atollic-eabi/6.3.1/armv7e-m/fpu/crtbegin.o

.rodata         0x08009024      0x538
                0x08009024                . = ALIGN (0x4)
 *(.rodata)
 .rodata        0x08009024       0x94 Middlewares\ST\STM32_USB_Host_Library\Class\HID\Src\usbh_hid.o
 .rodata        0x080090b8      0x278 Middlewares\ST\STM32_USB_Host_Library\Core\Src\usbh_core.o
 .rodata        0x08009330       0x16 Middlewares\ST\STM32_USB_Host_Library\Core\Src\usbh_ctlreq.o
 *fill*         0x08009346        0x2 
 .rodata        0x08009348        0xe Src\main.o
 *fill*         0x08009356        0x2 
 .rodata        0x08009358       0x13 Src\usbh_conf.o
 *(.rodata*)
 *fill*         0x0800936b        0x1 
 .rodata.imp_0_ds3_byte
                0x0800936c       0x20 Middlewares\ST\STM32_USB_Host_Library\Class\HID\Src\usbh_hid_ds3.o
 .rodata.imp_0_lctrl
                0x0800938c       0x20 Middlewares\ST\STM32_USB_Host_Library\Class\HID\Src\usbh_hid_keybd.o
 .rodata.imp_0_lshift
                0x080093ac       0x20 Middlewares\ST\STM32_USB_Host_Library\Class\HID\Src\usbh_hid_keybd.o
 .rodata.imp_0_lalt
                0x080093cc       0x20 Middlewares\ST\STM32_USB_Host_Library\Class\HID\Src\usbh_hid_keybd.o
 .rodata.imp_0_lgui
                0x080093ec       0x20 Middlewares\ST\STM32_USB_Host_Library\Class\HID\Src\usbh_hid_keybd.o
 .rodata.imp_0_rctrl
                0x0800940c       0x20 Middlewares\ST\STM32_USB_Host_Library\Class\HID\Src\usbh_hid_keybd.o
 .rodata.imp_0_rshift
                0x0800942c       0x20 Middlewares\ST\STM32_USB_Host_Library\Class\HID\Src\usbh_hid_keybd.o
 .rodata.imp_0_ralt
                0x0800944c       0x20 Middlewares\ST\STM32_USB_Host_Library\Class\HID\Src\usbh_hid_keybd.o
 .rodata.imp_0_rgui
                0x0800946c       0x20 Middlewares\ST\STM32_USB_Host_Library\Class\HID\Src\usbh_hid_keybd.o
 .rodata.imp_0_key_array
                0x0800948c       0x20 Middlewares\ST\STM32_USB_Host_Library\Class\HID\Src\usbh_hid_keybd.o
 .rodata.AHBPrescTable
                0x080094ac       0x10 Src\system_stm32f4xx.o
                0x080094ac                AHBPrescTable
 .rodata.APBPrescTable
                0x080094bc        0x8 Src\system_stm32f4xx.o
                0x080094bc                APBPrescTable
 .rodata.__sf_fake_stderr
                0x080094c4       0x20 c:/program files (x86)/atollic/truestudio for stm32 9.0.1/armtools/bin/../lib/gcc/arm-atollic-eabi/6.3.1/../../../../arm-atollic-eabi/lib/armv7e-m/fpu\libc_nano.a(lib_a-findfp.o)
                0x080094c4                __sf_fake_stderr
 .rodata.__sf_fake_stdin
                0x080094e4       0x20 c:/program files (x86)/atollic/truestudio for stm32 9.0.1/armtools/bin/../lib/gcc/arm-atollic-eabi/6.3.1/../../../../arm-atollic-eabi/lib/armv7e-m/fpu\libc_nano.a(lib_a-findfp.o)
                0x080094e4                __sf_fake_stdin
 .rodata.__sf_fake_stdout
                0x08009504       0x20 c:/program files (x86)/atollic/truestudio for stm32 9.0.1/armtools/bin/../lib/gcc/arm-atollic-eabi/6.3.1/../../../../arm-atollic-eabi/lib/armv7e-m/fpu\libc_nano.a(lib_a-findfp.o)
                0x08009504                __sf_fake_stdout
 .rodata._global_impure_ptr
                0x08009524        0x4 c:/program files (x86)/atollic/truestudio for stm32 9.0.1/armtools/bin/../lib/gcc/arm-atollic-eabi/6.3.1/../../../../arm-atollic-eabi/lib/armv7e-m/fpu\libc_nano.a(lib_a-impure.o)
                0x08009524                _global_impure_ptr
 .rodata._vfprintf_r.str1.1
                0x08009528       0x11 c:/program files (x86)/atollic/truestudio for stm32 9.0.1/armtools/bin/../lib/gcc/arm-atollic-eabi/6.3.1/../../../../arm-atollic-eabi/lib/armv7e-m/fpu\libc_nano.a(lib_a-nano-vfprintf.o)
 .rodata._printf_i.str1.1
                0x08009539       0x22 c:/program files (x86)/atollic/truestudio for stm32 9.0.1/armtools/bin/../lib/gcc/arm-atollic-eabi/6.3.1/../../../../arm-atollic-eabi/lib/armv7e-m/fpu\libc_nano.a(lib_a-nano-vfprintf_i.o)
                0x0800955c                . = ALIGN (0x4)
 *fill*         0x0800955b        0x1 

.ARM.extab
 *(.ARM.extab* .gnu.linkonce.armextab.*)

.ARM            0x0800955c        0x8
                0x0800955c                __exidx_start = .
 *(.ARM.exidx*)
 .ARM.exidx     0x0800955c        0x8 c:/program files (x86)/atollic/truestudio for stm32 9.0.1/armtools/bin/../lib/gcc/arm-atollic-eabi/6.3.1/armv7e-m/fpu\libgcc.a(_udivmoddi4.o)
                0x08009564                __exidx_end = .

.rel.dyn        0x08009564        0x0
 .rel.iplt      0x08009564        0x0 c:/program files (x86)/atollic/truestudio for stm32 9.0.1/armtools/bin/../lib/gcc/arm-atollic-eabi/6.3.1/armv7e-m/fpu/crtbegin.o

.preinit_array  0x08009564        0x0
                0x08009564                PROVIDE (__preinit_array_start, .)
 *(.preinit_array*)
                0x08009564                PROVIDE (__preinit_array_end, .)

.init_array     0x08009564        0x4
                0x08009564                PROVIDE (__init_array_start, .)
 *(SORT(.init_array.*))
 *(.init_array*)
 .init_array    0x08009564        0x4 c:/program files (x86)/atollic/truestudio for stm32 9.0.1/armtools/bin/../lib/gcc/arm-atollic-eabi/6.3.1/armv7e-m/fpu/crtbegin.o
                0x08009568                PROVIDE (__init_array_end, .)

.fini_array     0x08009568        0x4
                [!provide]                PROVIDE (__fini_array_start, .)
 *(SORT(.fini_array.*))
 *(.fini_array*)
 .fini_array    0x08009568        0x4 c:/program files (x86)/atollic/truestudio for stm32 9.0.1/armtools/bin/../lib/gcc/arm-atollic-eabi/6.3.1/armv7e-m/fpu/crtbegin.o
                [!provide]                PROVIDE (__fini_array_end, .)
                0x0800956c                _sidata = LOADADDR (.data)

.data           0x20000000       0x90 load address 0x0800956c
                0x20000000                . = ALIGN (0x4)
                0x20000000                _sdata = .
 *(.data)
 *(.data*)
 .data.uwTickPrio
                0x20000000        0x4 Drivers\STM32F4xx_HAL_Driver\Src\stm32f4xx_hal.o
                0x20000000                uwTickPrio
 .data.uwTickFreq
                0x20000004        0x1 Drivers\STM32F4xx_HAL_Driver\Src\stm32f4xx_hal.o
                0x20000004                uwTickFreq
 *fill*         0x20000005        0x3 
 .data.HID_Class
                0x20000008       0x20 Middlewares\ST\STM32_USB_Host_Library\Class\HID\Src\usbh_hid.o
                0x20000008                HID_Class
 .data.SystemCoreClock
                0x20000028        0x4 Src\system_stm32f4xx.o
                0x20000028                SystemCoreClock
 .data._impure_ptr
                0x2000002c        0x4 c:/program files (x86)/atollic/truestudio for stm32 9.0.1/armtools/bin/../lib/gcc/arm-atollic-eabi/6.3.1/../../../../arm-atollic-eabi/lib/armv7e-m/fpu\libc_nano.a(lib_a-impure.o)
                0x2000002c                _impure_ptr
 .data.impure_data
                0x20000030       0x60 c:/program files (x86)/atollic/truestudio for stm32 9.0.1/armtools/bin/../lib/gcc/arm-atollic-eabi/6.3.1/../../../../arm-atollic-eabi/lib/armv7e-m/fpu\libc_nano.a(lib_a-impure.o)
                0x20000090                . = ALIGN (0x4)
                0x20000090                _edata = .

.igot.plt       0x20000090        0x0 load address 0x080095fc
 .igot.plt      0x20000090        0x0 c:/program files (x86)/atollic/truestudio for stm32 9.0.1/armtools/bin/../lib/gcc/arm-atollic-eabi/6.3.1/armv7e-m/fpu/crtbegin.o
                0x20000090                . = ALIGN (0x4)

.bss            0x20000090      0x760 load address 0x080095fc
                0x20000090                _sbss = .
                0x20000090                __bss_start__ = _sbss
 *(.bss)
 .bss           0x20000090       0x1c c:/program files (x86)/atollic/truestudio for stm32 9.0.1/armtools/bin/../lib/gcc/arm-atollic-eabi/6.3.1/armv7e-m/fpu/crtbegin.o
 *(.bss*)
 .bss.Appli_state
                0x200000ac        0x1 Src\usb_host.o
                0x200000ac                Appli_state
 *fill*         0x200000ad        0x3 
 .bss.__malloc_free_list
                0x200000b0        0x4 c:/program files (x86)/atollic/truestudio for stm32 9.0.1/armtools/bin/../lib/gcc/arm-atollic-eabi/6.3.1/../../../../arm-atollic-eabi/lib/armv7e-m/fpu\libc_nano.a(lib_a-nano-mallocr.o)
                0x200000b0                __malloc_free_list
 .bss.__malloc_sbrk_start
                0x200000b4        0x4 c:/program files (x86)/atollic/truestudio for stm32 9.0.1/armtools/bin/../lib/gcc/arm-atollic-eabi/6.3.1/../../../../arm-atollic-eabi/lib/armv7e-m/fpu\libc_nano.a(lib_a-nano-mallocr.o)
                0x200000b4                __malloc_sbrk_start
 .bss.heap_end.5239
                0x200000b8        0x4 c:/program files (x86)/atollic/truestudio for stm32 9.0.1/armtools/bin/../lib/gcc/arm-atollic-eabi/6.3.1/../../../../arm-atollic-eabi/lib/armv7e-m/fpu\libnosys.a(sbrk.o)
 *(COMMON)
 COMMON         0x200000bc        0x4 Drivers\STM32F4xx_HAL_Driver\Src\stm32f4xx_hal.o
                0x200000bc                uwTick
 COMMON         0x200000c0       0x60 Middlewares\ST\STM32_USB_Host_Library\Class\HID\Src\usbh_hid_ds3.o
                0x200000c0                ds3_report_data
                0x200000f0                ds3_data
 COMMON         0x20000120       0x17 Middlewares\ST\STM32_USB_Host_Library\Class\HID\Src\usbh_hid_keybd.o
                0x20000120                keybd_report_data
                0x20000128                keybd_info
 *fill*         0x20000137        0x1 
 COMMON         0x20000138        0xc Middlewares\ST\STM32_USB_Host_Library\Class\HID\Src\usbh_hid_mouse.o
                0x20000138                mouse_info
                0x20000140                mouse_report_data
 COMMON         0x20000144       0x44 Src\main.o
                0x20000144                n64_data
                0x20000148                huart2
 COMMON         0x20000188      0x3cc Src\usb_host.o
                0x20000188                hUsbHostFS
 COMMON         0x20000554      0x298 Src\usbh_conf.o
                0x20000554                hhcd_USB_OTG_FS
 COMMON         0x200007ec        0x4 c:/program files (x86)/atollic/truestudio for stm32 9.0.1/armtools/bin/../lib/gcc/arm-atollic-eabi/6.3.1/../../../../arm-atollic-eabi/lib/armv7e-m/fpu\libc_nano.a(lib_a-reent.o)
                0x200007ec                errno
                0x200007f0                . = ALIGN (0x4)
                0x200007f0                _ebss = .
                0x200007f0                __bss_end__ = _ebss

._user_heap_stack
                0x200007f0      0x600 load address 0x080095fc
                0x200007f0                . = ALIGN (0x4)
                0x200007f0                PROVIDE (end, .)
                [!provide]                PROVIDE (_end, .)
                0x200009f0                . = (. + _Min_Heap_Size)
 *fill*         0x200007f0      0x200 
                0x20000df0                . = (. + _Min_Stack_Size)
 *fill*         0x200009f0      0x400 
                0x20000df0                . = ALIGN (0x4)

/DISCARD/
 libc.a(*)
 libm.a(*)
 libgcc.a(*)

.ARM.attributes
                0x00000000       0x30
 *(.ARM.attributes)
 .ARM.attributes
                0x00000000       0x22 c:/program files (x86)/atollic/truestudio for stm32 9.0.1/armtools/bin/../lib/gcc/arm-atollic-eabi/6.3.1/armv7e-m/fpu/crti.o
 .ARM.attributes
                0x00000022       0x34 c:/program files (x86)/atollic/truestudio for stm32 9.0.1/armtools/bin/../lib/gcc/arm-atollic-eabi/6.3.1/armv7e-m/fpu/crtbegin.o
 .ARM.attributes
                0x00000056       0x39 Drivers\STM32F4xx_HAL_Driver\Src\stm32f4xx_hal.o
 .ARM.attributes
                0x0000008f       0x39 Drivers\STM32F4xx_HAL_Driver\Src\stm32f4xx_hal_cortex.o
 .ARM.attributes
                0x000000c8       0x39 Drivers\STM32F4xx_HAL_Driver\Src\stm32f4xx_hal_gpio.o
 .ARM.attributes
                0x00000101       0x39 Drivers\STM32F4xx_HAL_Driver\Src\stm32f4xx_hal_hcd.o
 .ARM.attributes
                0x0000013a       0x39 Drivers\STM32F4xx_HAL_Driver\Src\stm32f4xx_hal_rcc.o
 .ARM.attributes
                0x00000173       0x39 Drivers\STM32F4xx_HAL_Driver\Src\stm32f4xx_hal_rcc_ex.o
 .ARM.attributes
                0x000001ac       0x39 Drivers\STM32F4xx_HAL_Driver\Src\stm32f4xx_hal_uart.o
 .ARM.attributes
                0x000001e5       0x39 Drivers\STM32F4xx_HAL_Driver\Src\stm32f4xx_ll_usb.o
 .ARM.attributes
                0x0000021e       0x39 Middlewares\ST\STM32_USB_Host_Library\Class\HID\Src\usbh_hid.o
 .ARM.attributes
                0x00000257       0x39 Middlewares\ST\STM32_USB_Host_Library\Class\HID\Src\usbh_hid_ds3.o
 .ARM.attributes
                0x00000290       0x39 Middlewares\ST\STM32_USB_Host_Library\Class\HID\Src\usbh_hid_keybd.o
 .ARM.attributes
                0x000002c9       0x39 Middlewares\ST\STM32_USB_Host_Library\Class\HID\Src\usbh_hid_mouse.o
 .ARM.attributes
                0x00000302       0x39 Middlewares\ST\STM32_USB_Host_Library\Class\HID\Src\usbh_hid_parser.o
 .ARM.attributes
                0x0000033b       0x39 Middlewares\ST\STM32_USB_Host_Library\Core\Src\usbh_core.o
 .ARM.attributes
                0x00000374       0x39 Middlewares\ST\STM32_USB_Host_Library\Core\Src\usbh_ctlreq.o
 .ARM.attributes
                0x000003ad       0x39 Middlewares\ST\STM32_USB_Host_Library\Core\Src\usbh_ioreq.o
 .ARM.attributes
                0x000003e6       0x39 Middlewares\ST\STM32_USB_Host_Library\Core\Src\usbh_pipes.o
 .ARM.attributes
                0x0000041f       0x39 Src\main.o
 .ARM.attributes
                0x00000458       0x25 Src\my_wait_us_asm.o
 .ARM.attributes
                0x0000047d       0x39 Src\stm32f4xx_hal_msp.o
 .ARM.attributes
                0x000004b6       0x39 Src\stm32f4xx_it.o
 .ARM.attributes
                0x000004ef       0x39 Src\system_stm32f4xx.o
 .ARM.attributes
                0x00000528       0x39 Src\usb_host.o
 .ARM.attributes
                0x00000561       0x39 Src\usbh_conf.o
 .ARM.attributes
                0x0000059a       0x21 startup\startup_stm32f446xx.o
 .ARM.attributes
                0x000005bb       0x34 c:/program files (x86)/atollic/truestudio for stm32 9.0.1/armtools/bin/../lib/gcc/arm-atollic-eabi/6.3.1/../../../../arm-atollic-eabi/lib/armv7e-m/fpu\libc_nano.a(lib_a-init.o)
 .ARM.attributes
                0x000005ef       0x34 c:/program files (x86)/atollic/truestudio for stm32 9.0.1/armtools/bin/../lib/gcc/arm-atollic-eabi/6.3.1/../../../../arm-atollic-eabi/lib/armv7e-m/fpu\libc_nano.a(lib_a-malloc.o)
 .ARM.attributes
                0x00000623       0x34 c:/program files (x86)/atollic/truestudio for stm32 9.0.1/armtools/bin/../lib/gcc/arm-atollic-eabi/6.3.1/../../../../arm-atollic-eabi/lib/armv7e-m/fpu\libc_nano.a(lib_a-memset.o)
 .ARM.attributes
                0x00000657       0x34 c:/program files (x86)/atollic/truestudio for stm32 9.0.1/armtools/bin/../lib/gcc/arm-atollic-eabi/6.3.1/../../../../arm-atollic-eabi/lib/armv7e-m/fpu\libc_nano.a(lib_a-nano-freer.o)
 .ARM.attributes
                0x0000068b       0x34 c:/program files (x86)/atollic/truestudio for stm32 9.0.1/armtools/bin/../lib/gcc/arm-atollic-eabi/6.3.1/../../../../arm-atollic-eabi/lib/armv7e-m/fpu\libc_nano.a(lib_a-nano-mallocr.o)
 .ARM.attributes
                0x000006bf       0x34 c:/program files (x86)/atollic/truestudio for stm32 9.0.1/armtools/bin/../lib/gcc/arm-atollic-eabi/6.3.1/../../../../arm-atollic-eabi/lib/armv7e-m/fpu\libc_nano.a(lib_a-printf.o)
 .ARM.attributes
                0x000006f3       0x34 c:/program files (x86)/atollic/truestudio for stm32 9.0.1/armtools/bin/../lib/gcc/arm-atollic-eabi/6.3.1/../../../../arm-atollic-eabi/lib/armv7e-m/fpu\libc_nano.a(lib_a-putchar.o)
 .ARM.attributes
                0x00000727       0x34 c:/program files (x86)/atollic/truestudio for stm32 9.0.1/armtools/bin/../lib/gcc/arm-atollic-eabi/6.3.1/../../../../arm-atollic-eabi/lib/armv7e-m/fpu\libc_nano.a(lib_a-sbrkr.o)
 .ARM.attributes
                0x0000075b       0x34 c:/program files (x86)/atollic/truestudio for stm32 9.0.1/armtools/bin/../lib/gcc/arm-atollic-eabi/6.3.1/../../../../arm-atollic-eabi/lib/armv7e-m/fpu\libc_nano.a(lib_a-findfp.o)
 .ARM.attributes
                0x0000078f       0x34 c:/program files (x86)/atollic/truestudio for stm32 9.0.1/armtools/bin/../lib/gcc/arm-atollic-eabi/6.3.1/../../../../arm-atollic-eabi/lib/armv7e-m/fpu\libc_nano.a(lib_a-fwalk.o)
 .ARM.attributes
                0x000007c3       0x34 c:/program files (x86)/atollic/truestudio for stm32 9.0.1/armtools/bin/../lib/gcc/arm-atollic-eabi/6.3.1/../../../../arm-atollic-eabi/lib/armv7e-m/fpu\libc_nano.a(lib_a-impure.o)
 .ARM.attributes
                0x000007f7       0x34 c:/program files (x86)/atollic/truestudio for stm32 9.0.1/armtools/bin/../lib/gcc/arm-atollic-eabi/6.3.1/../../../../arm-atollic-eabi/lib/armv7e-m/fpu\libc_nano.a(lib_a-mlock.o)
 .ARM.attributes
                0x0000082b       0x34 c:/program files (x86)/atollic/truestudio for stm32 9.0.1/armtools/bin/../lib/gcc/arm-atollic-eabi/6.3.1/../../../../arm-atollic-eabi/lib/armv7e-m/fpu\libc_nano.a(lib_a-nano-vfprintf.o)
 .ARM.attributes
                0x0000085f       0x34 c:/program files (x86)/atollic/truestudio for stm32 9.0.1/armtools/bin/../lib/gcc/arm-atollic-eabi/6.3.1/../../../../arm-atollic-eabi/lib/armv7e-m/fpu\libc_nano.a(lib_a-nano-vfprintf_i.o)
 .ARM.attributes
                0x00000893       0x34 c:/program files (x86)/atollic/truestudio for stm32 9.0.1/armtools/bin/../lib/gcc/arm-atollic-eabi/6.3.1/../../../../arm-atollic-eabi/lib/armv7e-m/fpu\libc_nano.a(lib_a-putc.o)
 .ARM.attributes
                0x000008c7       0x34 c:/program files (x86)/atollic/truestudio for stm32 9.0.1/armtools/bin/../lib/gcc/arm-atollic-eabi/6.3.1/../../../../arm-atollic-eabi/lib/armv7e-m/fpu\libc_nano.a(lib_a-reent.o)
 .ARM.attributes
                0x000008fb       0x34 c:/program files (x86)/atollic/truestudio for stm32 9.0.1/armtools/bin/../lib/gcc/arm-atollic-eabi/6.3.1/../../../../arm-atollic-eabi/lib/armv7e-m/fpu\libc_nano.a(lib_a-stdio.o)
 .ARM.attributes
                0x0000092f       0x34 c:/program files (x86)/atollic/truestudio for stm32 9.0.1/armtools/bin/../lib/gcc/arm-atollic-eabi/6.3.1/../../../../arm-atollic-eabi/lib/armv7e-m/fpu\libc_nano.a(lib_a-wbuf.o)
 .ARM.attributes
                0x00000963       0x34 c:/program files (x86)/atollic/truestudio for stm32 9.0.1/armtools/bin/../lib/gcc/arm-atollic-eabi/6.3.1/../../../../arm-atollic-eabi/lib/armv7e-m/fpu\libc_nano.a(lib_a-writer.o)
 .ARM.attributes
                0x00000997       0x34 c:/program files (x86)/atollic/truestudio for stm32 9.0.1/armtools/bin/../lib/gcc/arm-atollic-eabi/6.3.1/../../../../arm-atollic-eabi/lib/armv7e-m/fpu\libc_nano.a(lib_a-wsetup.o)
 .ARM.attributes
                0x000009cb       0x34 c:/program files (x86)/atollic/truestudio for stm32 9.0.1/armtools/bin/../lib/gcc/arm-atollic-eabi/6.3.1/../../../../arm-atollic-eabi/lib/armv7e-m/fpu\libc_nano.a(lib_a-closer.o)
 .ARM.attributes
                0x000009ff       0x34 c:/program files (x86)/atollic/truestudio for stm32 9.0.1/armtools/bin/../lib/gcc/arm-atollic-eabi/6.3.1/../../../../arm-atollic-eabi/lib/armv7e-m/fpu\libc_nano.a(lib_a-fflush.o)
 .ARM.attributes
                0x00000a33       0x34 c:/program files (x86)/atollic/truestudio for stm32 9.0.1/armtools/bin/../lib/gcc/arm-atollic-eabi/6.3.1/../../../../arm-atollic-eabi/lib/armv7e-m/fpu\libc_nano.a(lib_a-lseekr.o)
 .ARM.attributes
                0x00000a67       0x34 c:/program files (x86)/atollic/truestudio for stm32 9.0.1/armtools/bin/../lib/gcc/arm-atollic-eabi/6.3.1/../../../../arm-atollic-eabi/lib/armv7e-m/fpu\libc_nano.a(lib_a-makebuf.o)
 .ARM.attributes
                0x00000a9b       0x20 c:/program files (x86)/atollic/truestudio for stm32 9.0.1/armtools/bin/../lib/gcc/arm-atollic-eabi/6.3.1/../../../../arm-atollic-eabi/lib/armv7e-m/fpu\libc_nano.a(lib_a-memchr.o)
 .ARM.attributes
                0x00000abb       0x34 c:/program files (x86)/atollic/truestudio for stm32 9.0.1/armtools/bin/../lib/gcc/arm-atollic-eabi/6.3.1/../../../../arm-atollic-eabi/lib/armv7e-m/fpu\libc_nano.a(lib_a-readr.o)
 .ARM.attributes
                0x00000aef       0x34 c:/program files (x86)/atollic/truestudio for stm32 9.0.1/armtools/bin/../lib/gcc/arm-atollic-eabi/6.3.1/../../../../arm-atollic-eabi/lib/armv7e-m/fpu\libc_nano.a(lib_a-fstatr.o)
 .ARM.attributes
                0x00000b23       0x34 c:/program files (x86)/atollic/truestudio for stm32 9.0.1/armtools/bin/../lib/gcc/arm-atollic-eabi/6.3.1/../../../../arm-atollic-eabi/lib/armv7e-m/fpu\libc_nano.a(lib_a-isattyr.o)
 .ARM.attributes
                0x00000b57       0x22 c:/program files (x86)/atollic/truestudio for stm32 9.0.1/armtools/bin/../lib/gcc/arm-atollic-eabi/6.3.1/armv7e-m/fpu\libgcc.a(_aeabi_uldivmod.o)
 .ARM.attributes
                0x00000b79       0x34 c:/program files (x86)/atollic/truestudio for stm32 9.0.1/armtools/bin/../lib/gcc/arm-atollic-eabi/6.3.1/armv7e-m/fpu\libgcc.a(_udivmoddi4.o)
 .ARM.attributes
                0x00000bad       0x22 c:/program files (x86)/atollic/truestudio for stm32 9.0.1/armtools/bin/../lib/gcc/arm-atollic-eabi/6.3.1/armv7e-m/fpu\libgcc.a(_dvmd_tls.o)
 .ARM.attributes
                0x00000bcf       0x34 c:/program files (x86)/atollic/truestudio for stm32 9.0.1/armtools/bin/../lib/gcc/arm-atollic-eabi/6.3.1/../../../../arm-atollic-eabi/lib/armv7e-m/fpu\libnosys.a(close.o)
 .ARM.attributes
                0x00000c03       0x34 c:/program files (x86)/atollic/truestudio for stm32 9.0.1/armtools/bin/../lib/gcc/arm-atollic-eabi/6.3.1/../../../../arm-atollic-eabi/lib/armv7e-m/fpu\libnosys.a(fstat.o)
 .ARM.attributes
                0x00000c37       0x34 c:/program files (x86)/atollic/truestudio for stm32 9.0.1/armtools/bin/../lib/gcc/arm-atollic-eabi/6.3.1/../../../../arm-atollic-eabi/lib/armv7e-m/fpu\libnosys.a(isatty.o)
 .ARM.attributes
                0x00000c6b       0x34 c:/program files (x86)/atollic/truestudio for stm32 9.0.1/armtools/bin/../lib/gcc/arm-atollic-eabi/6.3.1/../../../../arm-atollic-eabi/lib/armv7e-m/fpu\libnosys.a(lseek.o)
 .ARM.attributes
                0x00000c9f       0x34 c:/program files (x86)/atollic/truestudio for stm32 9.0.1/armtools/bin/../lib/gcc/arm-atollic-eabi/6.3.1/../../../../arm-atollic-eabi/lib/armv7e-m/fpu\libnosys.a(read.o)
 .ARM.attributes
                0x00000cd3       0x34 c:/program files (x86)/atollic/truestudio for stm32 9.0.1/armtools/bin/../lib/gcc/arm-atollic-eabi/6.3.1/../../../../arm-atollic-eabi/lib/armv7e-m/fpu\libnosys.a(sbrk.o)
 .ARM.attributes
                0x00000d07       0x34 c:/program files (x86)/atollic/truestudio for stm32 9.0.1/armtools/bin/../lib/gcc/arm-atollic-eabi/6.3.1/../../../../arm-atollic-eabi/lib/armv7e-m/fpu\libnosys.a(write.o)
 .ARM.attributes
                0x00000d3b       0x22 c:/program files (x86)/atollic/truestudio for stm32 9.0.1/armtools/bin/../lib/gcc/arm-atollic-eabi/6.3.1/armv7e-m/fpu/crtn.o
OUTPUT(USBtoN64v2.elf elf32-littlearm)

.comment        0x00000000       0x7c
 .comment       0x00000000       0x7c Drivers\STM32F4xx_HAL_Driver\Src\stm32f4xx_hal.o
                                 0x7d (size before relaxing)
 .comment       0x0000007c       0x7d Drivers\STM32F4xx_HAL_Driver\Src\stm32f4xx_hal_cortex.o
 .comment       0x0000007c       0x7d Drivers\STM32F4xx_HAL_Driver\Src\stm32f4xx_hal_gpio.o
 .comment       0x0000007c       0x7d Drivers\STM32F4xx_HAL_Driver\Src\stm32f4xx_hal_hcd.o
 .comment       0x0000007c       0x7d Drivers\STM32F4xx_HAL_Driver\Src\stm32f4xx_hal_rcc.o
 .comment       0x0000007c       0x7d Drivers\STM32F4xx_HAL_Driver\Src\stm32f4xx_hal_rcc_ex.o
 .comment       0x0000007c       0x7d Drivers\STM32F4xx_HAL_Driver\Src\stm32f4xx_hal_uart.o
 .comment       0x0000007c       0x7d Drivers\STM32F4xx_HAL_Driver\Src\stm32f4xx_ll_usb.o
 .comment       0x0000007c       0x7d Middlewares\ST\STM32_USB_Host_Library\Class\HID\Src\usbh_hid.o
 .comment       0x0000007c       0x7d Middlewares\ST\STM32_USB_Host_Library\Class\HID\Src\usbh_hid_ds3.o
 .comment       0x0000007c       0x7d Middlewares\ST\STM32_USB_Host_Library\Class\HID\Src\usbh_hid_keybd.o
 .comment       0x0000007c       0x7d Middlewares\ST\STM32_USB_Host_Library\Class\HID\Src\usbh_hid_mouse.o
 .comment       0x0000007c       0x7d Middlewares\ST\STM32_USB_Host_Library\Class\HID\Src\usbh_hid_parser.o
 .comment       0x0000007c       0x7d Middlewares\ST\STM32_USB_Host_Library\Core\Src\usbh_core.o
 .comment       0x0000007c       0x7d Middlewares\ST\STM32_USB_Host_Library\Core\Src\usbh_ctlreq.o
 .comment       0x0000007c       0x7d Middlewares\ST\STM32_USB_Host_Library\Core\Src\usbh_ioreq.o
 .comment       0x0000007c       0x7d Middlewares\ST\STM32_USB_Host_Library\Core\Src\usbh_pipes.o
 .comment       0x0000007c       0x7d Src\main.o
 .comment       0x0000007c       0x7d Src\stm32f4xx_hal_msp.o
 .comment       0x0000007c       0x7d Src\stm32f4xx_it.o
 .comment       0x0000007c       0x7d Src\system_stm32f4xx.o
 .comment       0x0000007c       0x7d Src\usb_host.o
 .comment       0x0000007c       0x7d Src\usbh_conf.o

.debug_frame    0x00000000      0x924
 .debug_frame   0x00000000       0x2c c:/program files (x86)/atollic/truestudio for stm32 9.0.1/armtools/bin/../lib/gcc/arm-atollic-eabi/6.3.1/../../../../arm-atollic-eabi/lib/armv7e-m/fpu\libc_nano.a(lib_a-init.o)
 .debug_frame   0x0000002c       0x30 c:/program files (x86)/atollic/truestudio for stm32 9.0.1/armtools/bin/../lib/gcc/arm-atollic-eabi/6.3.1/../../../../arm-atollic-eabi/lib/armv7e-m/fpu\libc_nano.a(lib_a-malloc.o)
 .debug_frame   0x0000005c       0x20 c:/program files (x86)/atollic/truestudio for stm32 9.0.1/armtools/bin/../lib/gcc/arm-atollic-eabi/6.3.1/../../../../arm-atollic-eabi/lib/armv7e-m/fpu\libc_nano.a(lib_a-memset.o)
 .debug_frame   0x0000007c       0x38 c:/program files (x86)/atollic/truestudio for stm32 9.0.1/armtools/bin/../lib/gcc/arm-atollic-eabi/6.3.1/../../../../arm-atollic-eabi/lib/armv7e-m/fpu\libc_nano.a(lib_a-nano-freer.o)
 .debug_frame   0x000000b4       0x2c c:/program files (x86)/atollic/truestudio for stm32 9.0.1/armtools/bin/../lib/gcc/arm-atollic-eabi/6.3.1/../../../../arm-atollic-eabi/lib/armv7e-m/fpu\libc_nano.a(lib_a-nano-mallocr.o)
 .debug_frame   0x000000e0       0x74 c:/program files (x86)/atollic/truestudio for stm32 9.0.1/armtools/bin/../lib/gcc/arm-atollic-eabi/6.3.1/../../../../arm-atollic-eabi/lib/armv7e-m/fpu\libc_nano.a(lib_a-printf.o)
 .debug_frame   0x00000154       0x58 c:/program files (x86)/atollic/truestudio for stm32 9.0.1/armtools/bin/../lib/gcc/arm-atollic-eabi/6.3.1/../../../../arm-atollic-eabi/lib/armv7e-m/fpu\libc_nano.a(lib_a-putchar.o)
 .debug_frame   0x000001ac       0x2c c:/program files (x86)/atollic/truestudio for stm32 9.0.1/armtools/bin/../lib/gcc/arm-atollic-eabi/6.3.1/../../../../arm-atollic-eabi/lib/armv7e-m/fpu\libc_nano.a(lib_a-sbrkr.o)
 .debug_frame   0x000001d8      0x11c c:/program files (x86)/atollic/truestudio for stm32 9.0.1/armtools/bin/../lib/gcc/arm-atollic-eabi/6.3.1/../../../../arm-atollic-eabi/lib/armv7e-m/fpu\libc_nano.a(lib_a-findfp.o)
 .debug_frame   0x000002f4       0x54 c:/program files (x86)/atollic/truestudio for stm32 9.0.1/armtools/bin/../lib/gcc/arm-atollic-eabi/6.3.1/../../../../arm-atollic-eabi/lib/armv7e-m/fpu\libc_nano.a(lib_a-fwalk.o)
 .debug_frame   0x00000348       0x30 c:/program files (x86)/atollic/truestudio for stm32 9.0.1/armtools/bin/../lib/gcc/arm-atollic-eabi/6.3.1/../../../../arm-atollic-eabi/lib/armv7e-m/fpu\libc_nano.a(lib_a-mlock.o)
 .debug_frame   0x00000378       0xac c:/program files (x86)/atollic/truestudio for stm32 9.0.1/armtools/bin/../lib/gcc/arm-atollic-eabi/6.3.1/../../../../arm-atollic-eabi/lib/armv7e-m/fpu\libc_nano.a(lib_a-nano-vfprintf.o)
 .debug_frame   0x00000424       0x60 c:/program files (x86)/atollic/truestudio for stm32 9.0.1/armtools/bin/../lib/gcc/arm-atollic-eabi/6.3.1/../../../../arm-atollic-eabi/lib/armv7e-m/fpu\libc_nano.a(lib_a-nano-vfprintf_i.o)
 .debug_frame   0x00000484       0x48 c:/program files (x86)/atollic/truestudio for stm32 9.0.1/armtools/bin/../lib/gcc/arm-atollic-eabi/6.3.1/../../../../arm-atollic-eabi/lib/armv7e-m/fpu\libc_nano.a(lib_a-putc.o)
 .debug_frame   0x000004cc       0x5c c:/program files (x86)/atollic/truestudio for stm32 9.0.1/armtools/bin/../lib/gcc/arm-atollic-eabi/6.3.1/../../../../arm-atollic-eabi/lib/armv7e-m/fpu\libc_nano.a(lib_a-reent.o)
 .debug_frame   0x00000528       0x88 c:/program files (x86)/atollic/truestudio for stm32 9.0.1/armtools/bin/../lib/gcc/arm-atollic-eabi/6.3.1/../../../../arm-atollic-eabi/lib/armv7e-m/fpu\libc_nano.a(lib_a-stdio.o)
 .debug_frame   0x000005b0       0x40 c:/program files (x86)/atollic/truestudio for stm32 9.0.1/armtools/bin/../lib/gcc/arm-atollic-eabi/6.3.1/../../../../arm-atollic-eabi/lib/armv7e-m/fpu\libc_nano.a(lib_a-wbuf.o)
 .debug_frame   0x000005f0       0x2c c:/program files (x86)/atollic/truestudio for stm32 9.0.1/armtools/bin/../lib/gcc/arm-atollic-eabi/6.3.1/../../../../arm-atollic-eabi/lib/armv7e-m/fpu\libc_nano.a(lib_a-writer.o)
 .debug_frame   0x0000061c       0x2c c:/program files (x86)/atollic/truestudio for stm32 9.0.1/armtools/bin/../lib/gcc/arm-atollic-eabi/6.3.1/../../../../arm-atollic-eabi/lib/armv7e-m/fpu\libc_nano.a(lib_a-wsetup.o)
 .debug_frame   0x00000648       0x2c c:/program files (x86)/atollic/truestudio for stm32 9.0.1/armtools/bin/../lib/gcc/arm-atollic-eabi/6.3.1/../../../../arm-atollic-eabi/lib/armv7e-m/fpu\libc_nano.a(lib_a-closer.o)
 .debug_frame   0x00000674       0x68 c:/program files (x86)/atollic/truestudio for stm32 9.0.1/armtools/bin/../lib/gcc/arm-atollic-eabi/6.3.1/../../../../arm-atollic-eabi/lib/armv7e-m/fpu\libc_nano.a(lib_a-fflush.o)
 .debug_frame   0x000006dc       0x2c c:/program files (x86)/atollic/truestudio for stm32 9.0.1/armtools/bin/../lib/gcc/arm-atollic-eabi/6.3.1/../../../../arm-atollic-eabi/lib/armv7e-m/fpu\libc_nano.a(lib_a-lseekr.o)
 .debug_frame   0x00000708       0x58 c:/program files (x86)/atollic/truestudio for stm32 9.0.1/armtools/bin/../lib/gcc/arm-atollic-eabi/6.3.1/../../../../arm-atollic-eabi/lib/armv7e-m/fpu\libc_nano.a(lib_a-makebuf.o)
 .debug_frame   0x00000760       0x2c c:/program files (x86)/atollic/truestudio for stm32 9.0.1/armtools/bin/../lib/gcc/arm-atollic-eabi/6.3.1/../../../../arm-atollic-eabi/lib/armv7e-m/fpu\libc_nano.a(lib_a-readr.o)
 .debug_frame   0x0000078c       0x2c c:/program files (x86)/atollic/truestudio for stm32 9.0.1/armtools/bin/../lib/gcc/arm-atollic-eabi/6.3.1/../../../../arm-atollic-eabi/lib/armv7e-m/fpu\libc_nano.a(lib_a-fstatr.o)
 .debug_frame   0x000007b8       0x2c c:/program files (x86)/atollic/truestudio for stm32 9.0.1/armtools/bin/../lib/gcc/arm-atollic-eabi/6.3.1/../../../../arm-atollic-eabi/lib/armv7e-m/fpu\libc_nano.a(lib_a-isattyr.o)
 .debug_frame   0x000007e4       0x2c c:/program files (x86)/atollic/truestudio for stm32 9.0.1/armtools/bin/../lib/gcc/arm-atollic-eabi/6.3.1/armv7e-m/fpu\libgcc.a(_aeabi_uldivmod.o)
 .debug_frame   0x00000810       0x34 c:/program files (x86)/atollic/truestudio for stm32 9.0.1/armtools/bin/../lib/gcc/arm-atollic-eabi/6.3.1/armv7e-m/fpu\libgcc.a(_udivmoddi4.o)
 .debug_frame   0x00000844       0x20 c:/program files (x86)/atollic/truestudio for stm32 9.0.1/armtools/bin/../lib/gcc/arm-atollic-eabi/6.3.1/../../../../arm-atollic-eabi/lib/armv7e-m/fpu\libnosys.a(close.o)
 .debug_frame   0x00000864       0x20 c:/program files (x86)/atollic/truestudio for stm32 9.0.1/armtools/bin/../lib/gcc/arm-atollic-eabi/6.3.1/../../../../arm-atollic-eabi/lib/armv7e-m/fpu\libnosys.a(fstat.o)
 .debug_frame   0x00000884       0x20 c:/program files (x86)/atollic/truestudio for stm32 9.0.1/armtools/bin/../lib/gcc/arm-atollic-eabi/6.3.1/../../../../arm-atollic-eabi/lib/armv7e-m/fpu\libnosys.a(isatty.o)
 .debug_frame   0x000008a4       0x20 c:/program files (x86)/atollic/truestudio for stm32 9.0.1/armtools/bin/../lib/gcc/arm-atollic-eabi/6.3.1/../../../../arm-atollic-eabi/lib/armv7e-m/fpu\libnosys.a(lseek.o)
 .debug_frame   0x000008c4       0x20 c:/program files (x86)/atollic/truestudio for stm32 9.0.1/armtools/bin/../lib/gcc/arm-atollic-eabi/6.3.1/../../../../arm-atollic-eabi/lib/armv7e-m/fpu\libnosys.a(read.o)
 .debug_frame   0x000008e4       0x20 c:/program files (x86)/atollic/truestudio for stm32 9.0.1/armtools/bin/../lib/gcc/arm-atollic-eabi/6.3.1/../../../../arm-atollic-eabi/lib/armv7e-m/fpu\libnosys.a(sbrk.o)
 .debug_frame   0x00000904       0x20 c:/program files (x86)/atollic/truestudio for stm32 9.0.1/armtools/bin/../lib/gcc/arm-atollic-eabi/6.3.1/../../../../arm-atollic-eabi/lib/armv7e-m/fpu\libnosys.a(write.o)

.stab           0x00000000       0x9c
 .stab          0x00000000       0x24 c:/program files (x86)/atollic/truestudio for stm32 9.0.1/armtools/bin/../lib/gcc/arm-atollic-eabi/6.3.1/../../../../arm-atollic-eabi/lib/armv7e-m/fpu\libnosys.a(close.o)
 .stab          0x00000024       0x18 c:/program files (x86)/atollic/truestudio for stm32 9.0.1/armtools/bin/../lib/gcc/arm-atollic-eabi/6.3.1/../../../../arm-atollic-eabi/lib/armv7e-m/fpu\libnosys.a(fstat.o)
                                 0x24 (size before relaxing)
 .stab          0x0000003c       0x18 c:/program files (x86)/atollic/truestudio for stm32 9.0.1/armtools/bin/../lib/gcc/arm-atollic-eabi/6.3.1/../../../../arm-atollic-eabi/lib/armv7e-m/fpu\libnosys.a(isatty.o)
                                 0x24 (size before relaxing)
 .stab          0x00000054       0x18 c:/program files (x86)/atollic/truestudio for stm32 9.0.1/armtools/bin/../lib/gcc/arm-atollic-eabi/6.3.1/../../../../arm-atollic-eabi/lib/armv7e-m/fpu\libnosys.a(lseek.o)
                                 0x24 (size before relaxing)
 .stab          0x0000006c       0x18 c:/program files (x86)/atollic/truestudio for stm32 9.0.1/armtools/bin/../lib/gcc/arm-atollic-eabi/6.3.1/../../../../arm-atollic-eabi/lib/armv7e-m/fpu\libnosys.a(read.o)
                                 0x24 (size before relaxing)
 .stab          0x00000084       0x18 c:/program files (x86)/atollic/truestudio for stm32 9.0.1/armtools/bin/../lib/gcc/arm-atollic-eabi/6.3.1/../../../../arm-atollic-eabi/lib/armv7e-m/fpu\libnosys.a(write.o)
                                 0x24 (size before relaxing)

.stabstr        0x00000000      0x14d
 .stabstr       0x00000000      0x14d c:/program files (x86)/atollic/truestudio for stm32 9.0.1/armtools/bin/../lib/gcc/arm-atollic-eabi/6.3.1/../../../../arm-atollic-eabi/lib/armv7e-m/fpu\libnosys.a(close.o)
