Archive member included to satisfy reference by file (symbol)

c:/program files (x86)/atollic/truestudio for stm32 9.0.1/armtools/bin/../lib/gcc/arm-atollic-eabi/6.3.1/../../../../arm-atollic-eabi/lib/armv7e-m/fpu\libc_nano.a(lib_a-init.o)
                              startup\startup_stm32f446xx.o (__libc_init_array)
c:/program files (x86)/atollic/truestudio for stm32 9.0.1/armtools/bin/../lib/gcc/arm-atollic-eabi/6.3.1/../../../../arm-atollic-eabi/lib/armv7e-m/fpu\libc_nano.a(lib_a-malloc.o)
                              Middlewares\ST\STM32_USB_Host_Library\Class\HID\Src\usbh_hid.o (malloc)
c:/program files (x86)/atollic/truestudio for stm32 9.0.1/armtools/bin/../lib/gcc/arm-atollic-eabi/6.3.1/../../../../arm-atollic-eabi/lib/armv7e-m/fpu\libc_nano.a(lib_a-memset.o)
                              Middlewares\ST\STM32_USB_Host_Library\Class\HID\Src\usbh_hid_ds3.o (memset)
c:/program files (x86)/atollic/truestudio for stm32 9.0.1/armtools/bin/../lib/gcc/arm-atollic-eabi/6.3.1/../../../../arm-atollic-eabi/lib/armv7e-m/fpu\libc_nano.a(lib_a-nano-freer.o)
                              c:/program files (x86)/atollic/truestudio for stm32 9.0.1/armtools/bin/../lib/gcc/arm-atollic-eabi/6.3.1/../../../../arm-atollic-eabi/lib/armv7e-m/fpu\libc_nano.a(lib_a-malloc.o) (_free_r)
c:/program files (x86)/atollic/truestudio for stm32 9.0.1/armtools/bin/../lib/gcc/arm-atollic-eabi/6.3.1/../../../../arm-atollic-eabi/lib/armv7e-m/fpu\libc_nano.a(lib_a-nano-mallocr.o)
                              c:/program files (x86)/atollic/truestudio for stm32 9.0.1/armtools/bin/../lib/gcc/arm-atollic-eabi/6.3.1/../../../../arm-atollic-eabi/lib/armv7e-m/fpu\libc_nano.a(lib_a-malloc.o) (_malloc_r)
c:/program files (x86)/atollic/truestudio for stm32 9.0.1/armtools/bin/../lib/gcc/arm-atollic-eabi/6.3.1/../../../../arm-atollic-eabi/lib/armv7e-m/fpu\libc_nano.a(lib_a-printf.o)
                              Middlewares\ST\STM32_USB_Host_Library\Class\HID\Src\usbh_hid.o (printf)
c:/program files (x86)/atollic/truestudio for stm32 9.0.1/armtools/bin/../lib/gcc/arm-atollic-eabi/6.3.1/../../../../arm-atollic-eabi/lib/armv7e-m/fpu\libc_nano.a(lib_a-putchar.o)
                              Middlewares\ST\STM32_USB_Host_Library\Class\HID\Src\usbh_hid.o (putchar)
c:/program files (x86)/atollic/truestudio for stm32 9.0.1/armtools/bin/../lib/gcc/arm-atollic-eabi/6.3.1/../../../../arm-atollic-eabi/lib/armv7e-m/fpu\libc_nano.a(lib_a-sbrkr.o)
                              c:/program files (x86)/atollic/truestudio for stm32 9.0.1/armtools/bin/../lib/gcc/arm-atollic-eabi/6.3.1/../../../../arm-atollic-eabi/lib/armv7e-m/fpu\libc_nano.a(lib_a-nano-mallocr.o) (_sbrk_r)
c:/program files (x86)/atollic/truestudio for stm32 9.0.1/armtools/bin/../lib/gcc/arm-atollic-eabi/6.3.1/../../../../arm-atollic-eabi/lib/armv7e-m/fpu\libc_nano.a(lib_a-findfp.o)
                              c:/program files (x86)/atollic/truestudio for stm32 9.0.1/armtools/bin/../lib/gcc/arm-atollic-eabi/6.3.1/../../../../arm-atollic-eabi/lib/armv7e-m/fpu\libc_nano.a(lib_a-printf.o) (__sinit)
c:/program files (x86)/atollic/truestudio for stm32 9.0.1/armtools/bin/../lib/gcc/arm-atollic-eabi/6.3.1/../../../../arm-atollic-eabi/lib/armv7e-m/fpu\libc_nano.a(lib_a-fwalk.o)
                              c:/program files (x86)/atollic/truestudio for stm32 9.0.1/armtools/bin/../lib/gcc/arm-atollic-eabi/6.3.1/../../../../arm-atollic-eabi/lib/armv7e-m/fpu\libc_nano.a(lib_a-findfp.o) (_fwalk)
c:/program files (x86)/atollic/truestudio for stm32 9.0.1/armtools/bin/../lib/gcc/arm-atollic-eabi/6.3.1/../../../../arm-atollic-eabi/lib/armv7e-m/fpu\libc_nano.a(lib_a-impure.o)
                              c:/program files (x86)/atollic/truestudio for stm32 9.0.1/armtools/bin/../lib/gcc/arm-atollic-eabi/6.3.1/../../../../arm-atollic-eabi/lib/armv7e-m/fpu\libc_nano.a(lib_a-findfp.o) (_global_impure_ptr)
c:/program files (x86)/atollic/truestudio for stm32 9.0.1/armtools/bin/../lib/gcc/arm-atollic-eabi/6.3.1/../../../../arm-atollic-eabi/lib/armv7e-m/fpu\libc_nano.a(lib_a-mlock.o)
                              c:/program files (x86)/atollic/truestudio for stm32 9.0.1/armtools/bin/../lib/gcc/arm-atollic-eabi/6.3.1/../../../../arm-atollic-eabi/lib/armv7e-m/fpu\libc_nano.a(lib_a-nano-freer.o) (__malloc_lock)
c:/program files (x86)/atollic/truestudio for stm32 9.0.1/armtools/bin/../lib/gcc/arm-atollic-eabi/6.3.1/../../../../arm-atollic-eabi/lib/armv7e-m/fpu\libc_nano.a(lib_a-nano-vfprintf.o)
                              c:/program files (x86)/atollic/truestudio for stm32 9.0.1/armtools/bin/../lib/gcc/arm-atollic-eabi/6.3.1/../../../../arm-atollic-eabi/lib/armv7e-m/fpu\libc_nano.a(lib_a-printf.o) (_vfprintf_r)
c:/program files (x86)/atollic/truestudio for stm32 9.0.1/armtools/bin/../lib/gcc/arm-atollic-eabi/6.3.1/../../../../arm-atollic-eabi/lib/armv7e-m/fpu\libc_nano.a(lib_a-nano-vfprintf_i.o)
[...]
Memory Configuration

Name             Origin             Length             Attributes
RAM              0x20000000         0x00020000         xrw
FLASH            0x08000000         0x00080000         xr
*default*        0x00000000         0xffffffff

Linker script and memory map

LOAD c:/program files (x86)/atollic/truestudio for stm32 9.0.1/armtools/bin/../lib/gcc/arm-atollic-eabi/6.3.1/armv7e-m/fpu/crti.o
LOAD c:/program files (x86)/atollic/truestudio for stm32 9.0.1/armtools/bin/../lib/gcc/arm-atollic-eabi/6.3.1/armv7e-m/fpu/crtbegin.o
LOAD Drivers\STM32F4xx_HAL_Driver\Src\stm32f4xx_hal.o
LOAD Drivers\STM32F4xx_HAL_Driver\Src\stm32f4xx_hal_cortex.o
LOAD Drivers\STM32F4xx_HAL_Driver\Src\stm32f4xx_hal_dma.o
LOAD Drivers\STM32F4xx_HAL_Driver\Src\stm32f4xx_hal_dma_ex.o
LOAD Drivers\STM32F4xx_HAL_Driver\Src\stm32f4xx_hal_flash.o
LOAD Drivers\STM32F4xx_HAL_Driver\Src\stm32f4xx_hal_flash_ex.o
LOAD Drivers\STM32F4xx_HAL_Driver\Src\stm32f4xx_hal_flash_ramfunc.o
LOAD Drivers\STM32F4xx_HAL_Driver\Src\stm32f4xx_hal_gpio.o
LOAD Drivers\STM32F4xx_HAL_Driver\Src\stm32f4xx_hal_hcd.o
LOAD Drivers\STM32F4xx_HAL_Driver\Src\stm32f4xx_hal_pwr.o
LOAD Drivers\STM32F4xx_HAL_Driver\Src\stm32f4xx_hal_pwr_ex.o
LOAD Drivers\STM32F4xx_HAL_Driver\Src\stm32f4xx_hal_rcc.o
LOAD Drivers\STM32F4xx_HAL_Driver\Src\stm32f4xx_hal_rcc_ex.o
LOAD Drivers\STM32F4xx_HAL_Driver\Src\stm32f4xx_hal_tim.o
LOAD Drivers\STM32F4xx_HAL_Driver\Src\stm32f4xx_hal_tim_ex.o
LOAD Drivers\STM32F4xx_HAL_Driver\Src\stm32f4xx_hal_uart.o
LOAD Drivers\STM32F4xx_HAL_Driver\Src\stm32f4xx_ll_usb.o
LOAD Middlewares\ST\STM32_USB_Host_Library\Class\HID\Src\usbh_hid.o
LOAD Middlewares\ST\STM32_USB_Host_Library\Class\HID\Src\usbh_hid_ds3.o
LOAD Middlewares\ST\STM32_USB_Host_Library\Class\HID\Src\usbh_hid_keybd.o
LOAD Middlewares\ST\STM32_USB_Host_Library\Class\HID\Src\usbh_hid_mouse.o
LOAD Middlewares\ST\STM32_USB_Host_Library\Class\HID\Src\usbh_hid_parser.o
LOAD Middlewares\ST\STM32_USB_Host_Library\Class\XPAD\Src\usbh_xpad.o
LOAD Middlewares\ST\STM32_USB_Host_Library\Core\Src\usbh_core.o
LOAD Middlewares\ST\STM32_USB_Host_Library\Core\Src\usbh_ctlreq.o
LOAD Middlewares\ST\STM32_USB_Host_Library\Core\Src\usbh_ioreq.o
LOAD Middlewares\ST\STM32_USB_Host_Library\Core\Src\usbh_pipes.o
LOAD Src\main.o
LOAD Src\my_wait_us_asm.o
LOAD Src\stm32f4xx_hal_msp.o
LOAD Src\stm32f4xx_it.o
LOAD Src\system_stm32f4xx.o
LOAD Src\usb_host.o
LOAD Src\usbh_conf.o
LOAD startup\startup_stm32f446xx.o
                0x00000080                malloc_getpagesize_P = 0x80
START GROUP
LOAD c:/program files (x86)/atollic/truestudio for stm32 9.0.1/armtools/bin/../lib/gcc/arm-atollic-eabi/6.3.1/../../../../arm-atollic-eabi/lib/armv7e-m/fpu\libc_nano.a
LOAD c:/program files (x86)/atollic/truestudio for stm32 9.0.1/armtools/bin/../lib/gcc/arm-atollic-eabi/6.3.1/../../../../arm-atollic-eabi/lib/armv7e-m/fpu\libm.a
END GROUP
START GROUP
LOAD c:/program files (x86)/atollic/truestudio for stm32 9.0.1/armtools/bin/../lib/gcc/arm-atollic-eabi/6.3.1/armv7e-m/fpu\libgcc.a
LOAD c:/program files (x86)/atollic/truestudio for stm32 9.0.1/armtools/bin/../lib/gcc/arm-atollic-eabi/6.3.1/../../../../arm-atollic-eabi/lib/armv7e-m/fpu\libc_nano.a
END GROUP
START GROUP
LOAD c:/program files (x86)/atollic/truestudio for stm32 9.0.1/armtools/bin/../lib/gcc/arm-atollic-eabi/6.3.1/armv7e-m/fpu\libgcc.a
LOAD c:/program files (x86)/atollic/truestudio for stm32 9.0.1/armtools/bin/../lib/gcc/arm-atollic-eabi/6.3.1/../../../../arm-atollic-eabi/lib/armv7e-m/fpu\libc_nano.a
LOAD c:/program files (x86)/atollic/truestudio for stm32 9.0.1/armtools/bin/../lib/gcc/arm-atollic-eabi/6.3.1/../../../../arm-atollic-eabi/lib/armv7e-m/fpu\libnosys.a
END GROUP
START GROUP
LOAD c:/program files (x86)/atollic/truestudio for stm32 9.0.1/armtools/bin/../lib/gcc/arm-atollic-eabi/6.3.1/armv7e-m/fpu\libgcc.a
LOAD c:/program files (x86)/atollic/truestudio for stm32 9.0.1/armtools/bin/../lib/gcc/arm-atollic-eabi/6.3.1/../../../../arm-atollic-eabi/lib/armv7e-m/fpu\libc_nano.a
LOAD c:/program files (x86)/atollic/truestudio for stm32 9.0.1/armtools/bin/../lib/gcc/arm-atollic-eabi/6.3.1/../../../../arm-atollic-eabi/lib/armv7e-m/fpu\libnosys.a
END GROUP
LOAD c:/program files (x86)/atollic/truestudio for stm32 9.0.1/armtools/bin/../lib/gcc/arm-atollic-eabi/6.3.1/armv7e-m/fpu/crtend.o
LOAD c:/program files (x86)/atollic/truestudio for stm32 9.0.1/armtools/bin/../lib/gcc/arm-atollic-eabi/6.3.1/armv7e-m/fpu/crtn.o
                0x20020000                _estack = 0x20020000
                0x00000200                _Min_Heap_Size = 0x200
                0x00000400                _Min_Stack_Size = 0x400

.isr_vector     0x08000000      0x1c4
                0x08000000                . = ALIGN (0x4)
 *(.isr_vector)
 .isr_vector    0x08000000      0x1c4 startup\startup_stm32f446xx.o
                0x08000000                g_pfnVectors
                0x080001c4                . = ALIGN (0x4)

.text           0x080001d0     0x69d0
                0x080001d0                . = ALIGN (0x4)
 *(.text)
 .text          0x080001d0       0x40 c:/program files (x86)/atollic/truestudio for stm32 9.0.1/armtools/bin/../lib/gcc/arm-atollic-eabi/6.3.1/armv7e-m/fpu/crtbegin.o
 .text          0x08000210      0x2a0 Src\my_wait_us_asm.o
                0x08000210                my_wait_us_asm
 .text          0x080004b0       0xa0 c:/program files (x86)/atollic/truestudio for stm32 9.0.1/armtools/bin/../lib/gcc/arm-atollic-eabi/6.3.1/../../../../arm-atollic-eabi/lib/armv7e-m/fpu\libc_nano.a(lib_a-memchr.o)
                0x080004b0                memchr
 .text          0x08000550       0x30 c:/program files (x86)/atollic/truestudio for stm32 9.0.1/armtools/bin/../lib/gcc/arm-atollic-eabi/6.3.1/armv7e-m/fpu\libgcc.a(_aeabi_uldivmod.o)
                0x08000550                __aeabi_uldivmod
 .text          0x08000580      0x2dc c:/program files (x86)/atollic/truestudio for stm32 9.0.1/armtools/bin/../lib/gcc/arm-atollic-eabi/6.3.1/armv7e-m/fpu\libgcc.a(_udivmoddi4.o)
                0x08000580                __udivmoddi4
 .text          0x0800085c        0x4 c:/program files (x86)/atollic/truestudio for stm32 9.0.1/armtools/bin/../lib/gcc/arm-atollic-eabi/6.3.1/armv7e-m/fpu\libgcc.a(_dvmd_tls.o)
                0x0800085c                __aeabi_idiv0
                0x0800085c                __aeabi_ldiv0
 *(.text*)
 .text.HAL_InitTick
                0x08000860       0x48 Drivers\STM32F4xx_HAL_Driver\Src\stm32f4xx_hal.o
                0x08000860                HAL_InitTick
 .text.HAL_Init
                0x080008a8       0x34 Drivers\STM32F4xx_HAL_Driver\Src\stm32f4xx_hal.o
                0x080008a8                HAL_Init
 .text.HAL_IncTick
                0x080008dc       0x18 Drivers\STM32F4xx_HAL_Driver\Src\stm32f4xx_hal.o
                0x080008dc                HAL_IncTick
 .text.HAL_GetTick
                0x080008f4        0xc Drivers\STM32F4xx_HAL_Driver\Src\stm32f4xx_hal.o
                0x080008f4                HAL_GetTick
 .text.HAL_Delay
                0x08000900       0x24 Drivers\STM32F4xx_HAL_Driver\Src\stm32f4xx_hal.o
                0x08000900                HAL_Delay
 .text.HAL_NVIC_SetPriorityGrouping
                0x08000924       0x24 Drivers\STM32F4xx_HAL_Driver\Src\stm32f4xx_hal_cortex.o
                0x08000924                HAL_NVIC_SetPriorityGrouping
 .text.HAL_NVIC_SetPriority
                0x08000948       0x6c Drivers\STM32F4xx_HAL_Driver\Src\stm32f4xx_hal_cortex.o
                0x08000948                HAL_NVIC_SetPriority
 .text.HAL_NVIC_EnableIRQ
                0x080009b4       0x18 Drivers\STM32F4xx_HAL_Driver\Src\stm32f4xx_hal_cortex.o
                0x080009b4                HAL_NVIC_EnableIRQ
 .text.HAL_SYSTICK_Config
                0x080009cc       0x34 Drivers\STM32F4xx_HAL_Driver\Src\stm32f4xx_hal_cortex.o
                0x080009cc                HAL_SYSTICK_Config
 .text.HAL_SYSTICK_CLKSourceConfig
                0x08000a00       0x18 Drivers\STM32F4xx_HAL_Driver\Src\stm32f4xx_hal_cortex.o
                0x08000a00                HAL_SYSTICK_CLKSourceConfig
 .text.HAL_SYSTICK_Callback
                0x08000a18        0x4 Drivers\STM32F4xx_HAL_Driver\Src\stm32f4xx_hal_cortex.o
                0x08000a18                HAL_SYSTICK_Callback
 .text.HAL_SYSTICK_IRQHandler
                0x08000a1c        0x8 Drivers\STM32F4xx_HAL_Driver\Src\stm32f4xx_hal_cortex.o
                0x08000a1c                HAL_SYSTICK_IRQHandler
 .text.HAL_GPIO_Init
                0x08000a24      0x210 Drivers\STM32F4xx_HAL_Driver\Src\stm32f4xx_hal_gpio.o
                0x08000a24                HAL_GPIO_Init
 .text.HAL_GPIO_WritePin
                0x08000c34        0x8 Drivers\STM32F4xx_HAL_Driver\Src\stm32f4xx_hal_gpio.o
                0x08000c34                HAL_GPIO_WritePin
 .text.HAL_GPIO_EXTI_Callback
                0x08000c3c        0x4 Drivers\STM32F4xx_HAL_Driver\Src\stm32f4xx_hal_gpio.o
                0x08000c3c                HAL_GPIO_EXTI_Callback
 .text.HAL_GPIO_EXTI_IRQHandler
                0x08000c40       0x18 Drivers\STM32F4xx_HAL_Driver\Src\stm32f4xx_hal_gpio.o
                0x08000c40                HAL_GPIO_EXTI_IRQHandler
 .text.HAL_HCD_HC_Init
                0x08000c58       0x70 Drivers\STM32F4xx_HAL_Driver\Src\stm32f4xx_hal_hcd.o
                0x08000c58                HAL_HCD_HC_Init
 .text.HAL_HCD_HC_Halt
                0x08000cc8       0x24 Drivers\STM32F4xx_HAL_Driver\Src\stm32f4xx_hal_hcd.o
                0x08000cc8                HAL_HCD_HC_Halt
 .text.HAL_HCD_Init
                0x08000cec       0x80 Drivers\STM32F4xx_HAL_Driver\Src\stm32f4xx_hal_hcd.o
                0x08000cec                HAL_HCD_Init
 .text.HAL_HCD_HC_SubmitRequest
                0x08000d6c      0x110 Drivers\STM32F4xx_HAL_Driver\Src\stm32f4xx_hal_hcd.o
                0x08000d6c                HAL_HCD_HC_SubmitRequest
 .text.HAL_HCD_IRQHandler
                0x08000e7c      0x72c Drivers\STM32F4xx_HAL_Driver\Src\stm32f4xx_hal_hcd.o
                0x08000e7c                HAL_HCD_IRQHandler
 .text.HAL_HCD_Start
                0x080015a8       0x2c Drivers\STM32F4xx_HAL_Driver\Src\stm32f4xx_hal_hcd.o
                0x080015a8                HAL_HCD_Start
 .text.HAL_HCD_Stop
                0x080015d4       0x24 Drivers\STM32F4xx_HAL_Driver\Src\stm32f4xx_hal_hcd.o
                0x080015d4                HAL_HCD_Stop
 .text.HAL_HCD_ResetPort
                0x080015f8        0x8 Drivers\STM32F4xx_HAL_Driver\Src\stm32f4xx_hal_hcd.o
                0x080015f8                HAL_HCD_ResetPort
 .text.HAL_HCD_HC_GetURBState
                0x08001600       0x10 Drivers\STM32F4xx_HAL_Driver\Src\stm32f4xx_hal_hcd.o
                0x08001600                HAL_HCD_HC_GetURBState
 .text.HAL_HCD_GetCurrentFrame
                0x08001610        0x8 Drivers\STM32F4xx_HAL_Driver\Src\stm32f4xx_hal_hcd.o
                0x08001610                HAL_HCD_GetCurrentFrame
 .text.HAL_HCD_GetCurrentSpeed
                0x08001618        0x8 Drivers\STM32F4xx_HAL_Driver\Src\stm32f4xx_hal_hcd.o
                0x08001618                HAL_HCD_GetCurrentSpeed
 .text.HAL_RCC_ClockConfig
                0x08001620      0x134 Drivers\STM32F4xx_HAL_Driver\Src\stm32f4xx_hal_rcc.o
                0x08001620                HAL_RCC_ClockConfig
 .text.HAL_RCC_GetHCLKFreq
                0x08001754        0xc Drivers\STM32F4xx_HAL_Driver\Src\stm32f4xx_hal_rcc.o
                0x08001754                HAL_RCC_GetHCLKFreq
 .text.HAL_RCC_GetPCLK1Freq
                0x08001760       0x20 Drivers\STM32F4xx_HAL_Driver\Src\stm32f4xx_hal_rcc.o
                0x08001760                HAL_RCC_GetPCLK1Freq
 .text.HAL_RCC_GetPCLK2Freq
                0x08001780       0x20 Drivers\STM32F4xx_HAL_Driver\Src\stm32f4xx_hal_rcc.o
                0x08001780                HAL_RCC_GetPCLK2Freq
 .text.HAL_RCCEx_PeriphCLKConfig
                0x080017a0      0x438 Drivers\STM32F4xx_HAL_Driver\Src\stm32f4xx_hal_rcc_ex.o
                0x080017a0                HAL_RCCEx_PeriphCLKConfig
 .text.HAL_RCC_GetSysClockFreq
                0x08001bd8       0xb0 Drivers\STM32F4xx_HAL_Driver\Src\stm32f4xx_hal_rcc_ex.o
                0x08001bd8                HAL_RCC_GetSysClockFreq
 .text.HAL_RCC_OscConfig
                0x08001c88      0x3ac Drivers\STM32F4xx_HAL_Driver\Src\stm32f4xx_hal_rcc_ex.o
                0x08001c88                HAL_RCC_OscConfig
 .text.UART_SetConfig
                0x08002034      0x300 Drivers\STM32F4xx_HAL_Driver\Src\stm32f4xx_hal_uart.o
 .text.HAL_UART_Init
                0x08002334       0x60 Drivers\STM32F4xx_HAL_Driver\Src\stm32f4xx_hal_uart.o
                0x08002334                HAL_UART_Init
 .text.USB_CoreInit
                0x08002394       0xb8 Drivers\STM32F4xx_HAL_Driver\Src\stm32f4xx_ll_usb.o
                0x08002394                USB_CoreInit
 .text.USB_EnableGlobalInt
                0x0800244c       0x10 Drivers\STM32F4xx_HAL_Driver\Src\stm32f4xx_ll_usb.o
                0x0800244c                USB_EnableGlobalInt
 .text.USB_DisableGlobalInt
                0x0800245c       0x10 Drivers\STM32F4xx_HAL_Driver\Src\stm32f4xx_ll_usb.o
                0x0800245c                USB_DisableGlobalInt
 .text.USB_SetCurrentMode
                0x0800246c       0x34 Drivers\STM32F4xx_HAL_Driver\Src\stm32f4xx_ll_usb.o
                0x0800246c                USB_SetCurrentMode
 .text.USB_FlushTxFifo
                0x080024a0       0x24 Drivers\STM32F4xx_HAL_Driver\Src\stm32f4xx_ll_usb.o
                0x080024a0                USB_FlushTxFifo
 .text.USB_FlushRxFifo
                0x080024c4       0x20 Drivers\STM32F4xx_HAL_Driver\Src\stm32f4xx_ll_usb.o
                0x080024c4                USB_FlushRxFifo
 .text.USB_WritePacket
                0x080024e4       0x2c Drivers\STM32F4xx_HAL_Driver\Src\stm32f4xx_ll_usb.o
                0x080024e4                USB_WritePacket
 .text.USB_ReadPacket
                0x08002510       0x1c Drivers\STM32F4xx_HAL_Driver\Src\stm32f4xx_ll_usb.o
                0x08002510                USB_ReadPacket
 .text.USB_ReadInterrupts
                0x0800252c        0x8 Drivers\STM32F4xx_HAL_Driver\Src\stm32f4xx_ll_usb.o
                0x0800252c                USB_ReadInterrupts
 .text.USB_GetMode
                0x08002534        0x8 Drivers\STM32F4xx_HAL_Driver\Src\stm32f4xx_ll_usb.o
                0x08002534                USB_GetMode
 .text.USB_HostInit
                0x0800253c      0x110 Drivers\STM32F4xx_HAL_Driver\Src\stm32f4xx_ll_usb.o
                0x0800253c                USB_HostInit
 .text.USB_InitFSLSPClkSel
                0x0800264c       0x3c Drivers\STM32F4xx_HAL_Driver\Src\stm32f4xx_ll_usb.o
                0x0800264c                USB_InitFSLSPClkSel
 .text.USB_ResetPort
                0x08002688       0x34 Drivers\STM32F4xx_HAL_Driver\Src\stm32f4xx_ll_usb.o
                0x08002688                USB_ResetPort
 .text.USB_DriveVbus
                0x080026bc       0x44 Drivers\STM32F4xx_HAL_Driver\Src\stm32f4xx_ll_usb.o
                0x080026bc                USB_DriveVbus
 .text.USB_GetHostSpeed
                0x08002700       0x14 Drivers\STM32F4xx_HAL_Driver\Src\stm32f4xx_ll_usb.o
                0x08002700                USB_GetHostSpeed
 .text.USB_GetCurrentFrame
                0x08002714        0xc Drivers\STM32F4xx_HAL_Driver\Src\stm32f4xx_ll_usb.o
                0x08002714                USB_GetCurrentFrame
 .text.USB_HC_Init
                0x08002720      0x104 Drivers\STM32F4xx_HAL_Driver\Src\stm32f4xx_ll_usb.o
                0x08002720                USB_HC_Init
 .text.USB_HC_StartXfer
                0x08002824      0x27c Drivers\STM32F4xx_HAL_Driver\Src\stm32f4xx_ll_usb.o
                0x08002824                USB_HC_StartXfer
 .text.USB_HC_ReadInterrupt
                0x08002aa0       0x20 Drivers\STM32F4xx_HAL_Driver\Src\stm32f4xx_ll_usb.o
                0x08002aa0                USB_HC_ReadInterrupt
 .text.USB_HC_Halt
                0x08002ac0      0x1d4 Drivers\STM32F4xx_HAL_Driver\Src\stm32f4xx_ll_usb.o
                0x08002ac0                USB_HC_Halt
 .text.USB_DoPing
                0x08002c94       0x78 Drivers\STM32F4xx_HAL_Driver\Src\stm32f4xx_ll_usb.o
                0x08002c94                USB_DoPing
 .text.USB_StopHost
                0x08002d0c      0x108 Drivers\STM32F4xx_HAL_Driver\Src\stm32f4xx_ll_usb.o
                0x08002d0c                USB_StopHost
 .text.USBH_HID_SOFProcess
                0x08002e14       0x24 Middlewares\ST\STM32_USB_Host_Library\Class\HID\Src\usbh_hid.o
 .text.USBH_HID_InterfaceDeInit
                0x08002e38       0x4c Middlewares\ST\STM32_USB_Host_Library\Class\HID\Src\usbh_hid.o
 .text.USBH_HID_InterfaceInit
                0x08002e84      0x1cc Middlewares\ST\STM32_USB_Host_Library\Class\HID\Src\usbh_hid.o
 .text.USBH_HID_ClassRequest
                0x08003050      0x174 Middlewares\ST\STM32_USB_Host_Library\Class\HID\Src\usbh_hid.o
 .text.fifo_init
                0x080031c4       0x10 Middlewares\ST\STM32_USB_Host_Library\Class\HID\Src\usbh_hid.o
                0x080031c4                fifo_init
 .text.fifo_read
                0x080031d4       0x60 Middlewares\ST\STM32_USB_Host_Library\Class\HID\Src\usbh_hid.o
                0x080031d4                fifo_read
 .text.USBH_HID_EventCallback
                0x08003234      0x2fc Middlewares\ST\STM32_USB_Host_Library\Class\HID\Src\usbh_hid.o
                0x08003234                USBH_HID_EventCallback
 .text.USBH_HID_Process
                0x08003530      0x16c Middlewares\ST\STM32_USB_Host_Library\Class\HID\Src\usbh_hid.o
 .text.USBH_HID_DS3Init
                0x0800369c       0x48 Middlewares\ST\STM32_USB_Host_Library\Class\HID\Src\usbh_hid_ds3.o
                0x0800369c                USBH_HID_DS3Init
 .text.USBH_HID_GetDS3Info
                0x080036e4       0x4c Middlewares\ST\STM32_USB_Host_Library\Class\HID\Src\usbh_hid_ds3.o
                0x080036e4                USBH_HID_GetDS3Info
 .text.USBH_HID_KeybdInit
                0x08003730       0x40 Middlewares\ST\STM32_USB_Host_Library\Class\HID\Src\usbh_hid_keybd.o
                0x08003730                USBH_HID_KeybdInit
 .text.USBH_HID_GetKeybdInfo
                0x08003770       0xbc Middlewares\ST\STM32_USB_Host_Library\Class\HID\Src\usbh_hid_keybd.o
                0x08003770                USBH_HID_GetKeybdInfo
 .text.USBH_HID_MouseInit
                0x0800382c       0x44 Middlewares\ST\STM32_USB_Host_Library\Class\HID\Src\usbh_hid_mouse.o
                0x0800382c                USBH_HID_MouseInit
 .text.HID_ReadItem
                0x08003870       0x88 Middlewares\ST\STM32_USB_Host_Library\Class\HID\Src\usbh_hid_parser.o
                0x08003870                HID_ReadItem
 .text.USBH_XPAD_SOFProcess
                0x080038f8        0x4 Middlewares\ST\STM32_USB_Host_Library\Class\XPAD\Src\usbh_xpad.o
                0x080038f8                USBH_XPAD_SOFProcess
 .text.USBH_XPAD_InterfaceInit
                0x080038fc      0x164 Middlewares\ST\STM32_USB_Host_Library\Class\XPAD\Src\usbh_xpad.o
                0x080038fc                USBH_XPAD_InterfaceInit
 .text.USBH_XPAD_InterfaceDeInit
                0x08003a60       0x4c Middlewares\ST\STM32_USB_Host_Library\Class\XPAD\Src\usbh_xpad.o
                0x08003a60                USBH_XPAD_InterfaceDeInit
 .text.USBH_XPAD_Process
                0x08003aac       0x2c Middlewares\ST\STM32_USB_Host_Library\Class\XPAD\Src\usbh_xpad.o
                0x08003aac                USBH_XPAD_Process
 .text.USBH_XPAD_Init
                0x08003ad8        0x4 Middlewares\ST\STM32_USB_Host_Library\Class\XPAD\Src\usbh_xpad.o
                0x08003ad8                USBH_XPAD_Init
 .text.USBH_XPAD_ClassRequest
                0x08003adc        0x4 Middlewares\ST\STM32_USB_Host_Library\Class\XPAD\Src\usbh_xpad.o
                0x08003adc                USBH_XPAD_ClassRequest
 .text.USBH_Init
                0x08003ae0       0x7c Middlewares\ST\STM32_USB_Host_Library\Core\Src\usbh_core.o
                0x08003ae0                USBH_Init
 .text.USBH_RegisterClass
                0x08003b5c       0x58 Middlewares\ST\STM32_USB_Host_Library\Core\Src\usbh_core.o
                0x08003b5c                USBH_RegisterClass
 .text.USBH_SelectInterface
                0x08003bb4       0x88 Middlewares\ST\STM32_USB_Host_Library\Core\Src\usbh_core.o
                0x08003bb4                USBH_SelectInterface
 .text.USBH_FindInterface
                0x08003c3c       0x64 Middlewares\ST\STM32_USB_Host_Library\Core\Src\usbh_core.o
                0x08003c3c                USBH_FindInterface
 .text.USBH_Start
                0x08003ca0       0x14 Middlewares\ST\STM32_USB_Host_Library\Core\Src\usbh_core.o
                0x08003ca0                USBH_Start
 .text.USBH_Process
                0x08003cb4      0x454 Middlewares\ST\STM32_USB_Host_Library\Core\Src\usbh_core.o
                0x08003cb4                USBH_Process
 .text.USBH_LL_SetTimer
                0x08004108        0x8 Middlewares\ST\STM32_USB_Host_Library\Core\Src\usbh_core.o
                0x08004108                USBH_LL_SetTimer
 .text.USBH_LL_IncTimer
                0x08004110       0x20 Middlewares\ST\STM32_USB_Host_Library\Core\Src\usbh_core.o
                0x08004110                USBH_LL_IncTimer
 .text.USBH_LL_Connect
                0x08004130       0x28 Middlewares\ST\STM32_USB_Host_Library\Core\Src\usbh_core.o
                0x08004130                USBH_LL_Connect
 .text.USBH_LL_Disconnect
                0x08004158       0x48 Middlewares\ST\STM32_USB_Host_Library\Core\Src\usbh_core.o
                0x08004158                USBH_LL_Disconnect
 .text.USBH_Get_DevDesc
                0x080041a0      0x24c Middlewares\ST\STM32_USB_Host_Library\Core\Src\usbh_ctlreq.o
                0x080041a0                USBH_Get_DevDesc
 .text.USBH_Get_CfgDesc
                0x080043ec      0x308 Middlewares\ST\STM32_USB_Host_Library\Core\Src\usbh_ctlreq.o
                0x080043ec                USBH_Get_CfgDesc
 .text.USBH_Get_StringDesc
                0x080046f4      0x224 Middlewares\ST\STM32_USB_Host_Library\Core\Src\usbh_ctlreq.o
                0x080046f4                USBH_Get_StringDesc
 .text.USBH_GetDescriptor
                0x08004918      0x1d8 Middlewares\ST\STM32_USB_Host_Library\Core\Src\usbh_ctlreq.o
                0x08004918                USBH_GetDescriptor
 .text.USBH_SetAddress
                0x08004af0      0x1c8 Middlewares\ST\STM32_USB_Host_Library\Core\Src\usbh_ctlreq.o
                0x08004af0                USBH_SetAddress
 .text.USBH_SetCfg
                0x08004cb8      0x1c8 Middlewares\ST\STM32_USB_Host_Library\Core\Src\usbh_ctlreq.o
                0x08004cb8                USBH_SetCfg
 .text.USBH_ClrFeature
                0x08004e80      0x1c4 Middlewares\ST\STM32_USB_Host_Library\Core\Src\usbh_ctlreq.o
                0x08004e80                USBH_ClrFeature
 .text.USBH_CtlReq
                0x08005044      0x1b8 Middlewares\ST\STM32_USB_Host_Library\Core\Src\usbh_ctlreq.o
                0x08005044                USBH_CtlReq
 .text.USBH_CtlSendSetup
                0x080051fc       0x20 Middlewares\ST\STM32_USB_Host_Library\Core\Src\usbh_ioreq.o
                0x080051fc                USBH_CtlSendSetup
 .text.USBH_CtlSendData
                0x0800521c       0x30 Middlewares\ST\STM32_USB_Host_Library\Core\Src\usbh_ioreq.o
                0x0800521c                USBH_CtlSendData
 .text.USBH_CtlReceiveData
                0x0800524c       0x20 Middlewares\ST\STM32_USB_Host_Library\Core\Src\usbh_ioreq.o
                0x0800524c                USBH_CtlReceiveData
 .text.USBH_InterruptReceiveData
                0x0800526c       0x20 Middlewares\ST\STM32_USB_Host_Library\Core\Src\usbh_ioreq.o
                0x0800526c                USBH_InterruptReceiveData
 .text.USBH_OpenPipe
                0x0800528c       0x20 Middlewares\ST\STM32_USB_Host_Library\Core\Src\usbh_pipes.o
                0x0800528c                USBH_OpenPipe
 .text.USBH_ClosePipe
                0x080052ac        0xc Middlewares\ST\STM32_USB_Host_Library\Core\Src\usbh_pipes.o
                0x080052ac                USBH_ClosePipe
 .text.USBH_AllocPipe
                0x080052b8       0xa8 Middlewares\ST\STM32_USB_Host_Library\Core\Src\usbh_pipes.o
                0x080052b8                USBH_AllocPipe
 .text.USBH_FreePipe
                0x08005360       0x18 Middlewares\ST\STM32_USB_Host_Library\Core\Src\usbh_pipes.o
                0x08005360                USBH_FreePipe
 .text.reverse  0x08005378       0x28 Src\main.o
                0x08005378                reverse
 .text.SetN64DataInputMode
                0x080053a0       0x18 Src\main.o
                0x080053a0                SetN64DataInputMode
 .text.SetN64DataOutputMode
                0x080053b8       0x18 Src\main.o
                0x080053b8                SetN64DataOutputMode
 .text.SendIdentity
                0x080053d0       0xcc Src\main.o
                0x080053d0                SendIdentity
 .text.SendControllerData
                0x0800549c       0x6c Src\main.o
                0x0800549c                SendControllerData
 .text.readCommand
                0x08005508       0x3c Src\main.o
                0x08005508                readCommand
 .text.SystemClock_Config
                0x08005544       0xd0 Src\main.o
                0x08005544                SystemClock_Config
 .text.startup.main
                0x08005614      0x184 Src\main.o
                0x08005614                main
 .text._Error_Handler
                0x08005798        0x4 Src\main.o
                0x08005798                _Error_Handler
 .text.HAL_MspInit
                0x0800579c       0x94 Src\stm32f4xx_hal_msp.o
                0x0800579c                HAL_MspInit
 .text.HAL_UART_MspInit
                0x08005830       0x50 Src\stm32f4xx_hal_msp.o
                0x08005830                HAL_UART_MspInit
 .text.SysTick_Handler
                0x08005880       0x10 Src\stm32f4xx_it.o
                0x08005880                SysTick_Handler
 .text.EXTI9_5_IRQHandler
                0x08005890       0x44 Src\stm32f4xx_it.o
                0x08005890                EXTI9_5_IRQHandler
 .text.OTG_FS_IRQHandler
                0x080058d4        0xc Src\stm32f4xx_it.o
                0x080058d4                OTG_FS_IRQHandler
 .text.SystemInit
                0x080058e0       0x50 Src\system_stm32f4xx.o
                0x080058e0                SystemInit
 .text.USBH_UserProcess
                0x08005930       0x28 Src\usb_host.o
 .text.MX_USB_HOST_Init
                0x08005958       0x38 Src\usb_host.o
                0x08005958                MX_USB_HOST_Init
 .text.MX_USB_HOST_Process
                0x08005990        0xc Src\usb_host.o
                0x08005990                MX_USB_HOST_Process
 .text.HAL_HCD_MspInit
                0x0800599c       0x78 Src\usbh_conf.o
                0x0800599c                HAL_HCD_MspInit
 .text.HAL_HCD_SOF_Callback
                0x08005a14        0x8 Src\usbh_conf.o
                0x08005a14                HAL_HCD_SOF_Callback
 .text.HAL_HCD_Connect_Callback
                0x08005a1c        0x8 Src\usbh_conf.o
                0x08005a1c                HAL_HCD_Connect_Callback
 .text.HAL_HCD_Disconnect_Callback
                0x08005a24        0x8 Src\usbh_conf.o
                0x08005a24                HAL_HCD_Disconnect_Callback
 .text.HAL_HCD_HC_NotifyURBChange_Callback
                0x08005a2c        0x4 Src\usbh_conf.o
                0x08005a2c                HAL_HCD_HC_NotifyURBChange_Callback
 .text.USBH_LL_Init
                0x08005a30       0x60 Src\usbh_conf.o
                0x08005a30                USBH_LL_Init
 .text.USBH_LL_Start
                0x08005a90       0x1c Src\usbh_conf.o
                0x08005a90                USBH_LL_Start
 .text.USBH_LL_Stop
                0x08005aac       0x1c Src\usbh_conf.o
                0x08005aac                USBH_LL_Stop
 .text.USBH_LL_GetSpeed
                0x08005ac8       0x1c Src\usbh_conf.o
                0x08005ac8                USBH_LL_GetSpeed
 .text.USBH_LL_ResetPort
                0x08005ae4       0x1c Src\usbh_conf.o
                0x08005ae4                USBH_LL_ResetPort
 .text.USBH_LL_OpenPipe
                0x08005b00       0x30 Src\usbh_conf.o
                0x08005b00                USBH_LL_OpenPipe
 .text.USBH_LL_ClosePipe
                0x08005b30       0x1c Src\usbh_conf.o
                0x08005b30                USBH_LL_ClosePipe
 .text.USBH_LL_SubmitURB
                0x08005b4c       0x34 Src\usbh_conf.o
                0x08005b4c                USBH_LL_SubmitURB
 .text.USBH_LL_GetURBState
                0x08005b80        0x8 Src\usbh_conf.o
                0x08005b80                USBH_LL_GetURBState
 .text.USBH_LL_DriverVBUS
                0x08005b88        0xc Src\usbh_conf.o
                0x08005b88                USBH_LL_DriverVBUS
 .text.USBH_LL_SetToggle
                0x08005b94       0x24 Src\usbh_conf.o
                0x08005b94                USBH_LL_SetToggle
 .text.USBH_Delay
                0x08005bb8        0x4 Src\usbh_conf.o
                0x08005bb8                USBH_Delay
 .text.Reset_Handler
                0x08005bbc       0x50 startup\startup_stm32f446xx.o
                0x08005bbc                Reset_Handler
 .text.Default_Handler
                0x08005c0c        0x2 startup\startup_stm32f446xx.o
                0x08005c0c                RTC_Alarm_IRQHandler
                0x08005c0c                EXTI2_IRQHandler
                0x08005c0c                TIM8_CC_IRQHandler
                0x08005c0c                DebugMon_Handler
                0x08005c0c                SPI4_IRQHandler
                0x08005c0c                TIM1_CC_IRQHandler
                0x08005c0c                DMA2_Stream5_IRQHandler
                0x08005c0c                HardFault_Handler
                0x08005c0c                DMA1_Stream5_IRQHandler
                0x08005c0c                PVD_IRQHandler
                0x08005c0c                SDIO_IRQHandler
                0x08005c0c                TAMP_STAMP_IRQHandler
                0x08005c0c                PendSV_Handler
                0x08005c0c                NMI_Handler
                0x08005c0c                CAN2_RX1_IRQHandler
                0x08005c0c                EXTI3_IRQHandler
                0x08005c0c                TIM8_TRG_COM_TIM14_IRQHandler
                0x08005c0c                TIM1_UP_TIM10_IRQHandler
                0x08005c0c                TIM8_UP_TIM13_IRQHandler
                0x08005c0c                I2C3_ER_IRQHandler
                0x08005c0c                FMPI2C1_Event_IRQHandler
                0x08005c0c                EXTI0_IRQHandler
                0x08005c0c                I2C2_EV_IRQHandler
                0x08005c0c                DMA1_Stream2_IRQHandler
                0x08005c0c                CAN1_RX0_IRQHandler
                0x08005c0c                FPU_IRQHandler
                0x08005c0c                OTG_HS_WKUP_IRQHandler
                0x08005c0c                UsageFault_Handler
                0x08005c0c                CAN2_SCE_IRQHandler
                0x08005c0c                DMA2_Stream2_IRQHandler
                0x08005c0c                SPI1_IRQHandler
                0x08005c0c                TIM6_DAC_IRQHandler
                0x08005c0c                TIM1_BRK_TIM9_IRQHandler
                0x08005c0c                DCMI_IRQHandler
                0x08005c0c                CAN2_RX0_IRQHandler
                0x08005c0c                DMA2_Stream3_IRQHandler
                0x08005c0c                SAI2_IRQHandler
                0x08005c0c                USART6_IRQHandler
                0x08005c0c                USART3_IRQHandler
                0x08005c0c                CAN1_RX1_IRQHandler
                0x08005c0c                UART5_IRQHandler
                0x08005c0c                DMA2_Stream0_IRQHandler
                0x08005c0c                TIM4_IRQHandler
                0x08005c0c                QUADSPI_IRQHandler
                0x08005c0c                I2C1_EV_IRQHandler
                0x08005c0c                DMA1_Stream6_IRQHandler
                0x08005c0c                DMA1_Stream1_IRQHandler
                0x08005c0c                UART4_IRQHandler
                0x08005c0c                TIM3_IRQHandler
                0x08005c0c                RCC_IRQHandler
                0x08005c0c                TIM8_BRK_TIM12_IRQHandler
                0x08005c0c                Default_Handler
                0x08005c0c                CEC_IRQHandler
                0x08005c0c                EXTI15_10_IRQHandler
                0x08005c0c                ADC_IRQHandler
                0x08005c0c                DMA1_Stream7_IRQHandler
                0x08005c0c                TIM7_IRQHandler
                0x08005c0c                CAN2_TX_IRQHandler
                0x08005c0c                TIM5_IRQHandler
                0x08005c0c                DMA2_Stream7_IRQHandler
                0x08005c0c                I2C3_EV_IRQHandler
                0x08005c0c                RTC_WKUP_IRQHandler
                0x08005c0c                SPDIF_RX_IRQHandler
                0x08005c0c                SPI2_IRQHandler
                0x08005c0c                OTG_HS_EP1_IN_IRQHandler
                0x08005c0c                MemManage_Handler
                0x08005c0c                DMA1_Stream0_IRQHandler
                0x08005c0c                CAN1_TX_IRQHandler
                0x08005c0c                SVC_Handler
                0x08005c0c                EXTI4_IRQHandler
                0x08005c0c                OTG_HS_EP1_OUT_IRQHandler
                0x08005c0c                WWDG_IRQHandler
                0x08005c0c                TIM2_IRQHandler
                0x08005c0c                OTG_FS_WKUP_IRQHandler
                0x08005c0c                TIM1_TRG_COM_TIM11_IRQHandler
                0x08005c0c                OTG_HS_IRQHandler
                0x08005c0c                EXTI1_IRQHandler
                0x08005c0c                USART2_IRQHandler
                0x08005c0c                I2C2_ER_IRQHandler
                0x08005c0c                DMA2_Stream1_IRQHandler
                0x08005c0c                CAN1_SCE_IRQHandler
                0x08005c0c                FLASH_IRQHandler
                0x08005c0c                DMA2_Stream4_IRQHandler
                0x08005c0c                BusFault_Handler
                0x08005c0c                USART1_IRQHandler
                0x08005c0c                SPI3_IRQHandler
                0x08005c0c                DMA1_Stream4_IRQHandler
                0x08005c0c                I2C1_ER_IRQHandler
                0x08005c0c                FMC_IRQHandler
                0x08005c0c                DMA2_Stream6_IRQHandler
                0x08005c0c                SAI1_IRQHandler
                0x08005c0c                DMA1_Stream3_IRQHandler
                0x08005c0c                FMPI2C1_Error_IRQHandler
 *fill*         0x08005c0e        0x2 
 .text.__libc_init_array
                0x08005c10       0x48 c:/program files (x86)/atollic/truestudio for stm32 9.0.1/armtools/bin/../lib/gcc/arm-atollic-eabi/6.3.1/../../../../arm-atollic-eabi/lib/armv7e-m/fpu\libc_nano.a(lib_a-init.o)
                0x08005c10                __libc_init_array
 .text.malloc   0x08005c58       0x10 c:/program files (x86)/atollic/truestudio for stm32 9.0.1/armtools/bin/../lib/gcc/arm-atollic-eabi/6.3.1/../../../../arm-atollic-eabi/lib/armv7e-m/fpu\libc_nano.a(lib_a-malloc.o)
                0x08005c58                malloc
 .text.free     0x08005c68       0x10 c:/program files (x86)/atollic/truestudio for stm32 9.0.1/armtools/bin/../lib/gcc/arm-atollic-eabi/6.3.1/../../../../arm-atollic-eabi/lib/armv7e-m/fpu\libc_nano.a(lib_a-malloc.o)
                0x08005c68                free
 .text.memset   0x08005c78       0x10 c:/program files (x86)/atollic/truestudio for stm32 9.0.1/armtools/bin/../lib/gcc/arm-atollic-eabi/6.3.1/../../../../arm-atollic-eabi/lib/armv7e-m/fpu\libc_nano.a(lib_a-memset.o)
                0x08005c78                memset
 .text._free_r  0x08005c88       0x9c c:/program files (x86)/atollic/truestudio for stm32 9.0.1/armtools/bin/../lib/gcc/arm-atollic-eabi/6.3.1/../../../../arm-atollic-eabi/lib/armv7e-m/fpu\libc_nano.a(lib_a-nano-freer.o)
                0x08005c88                _free_r
 .text._malloc_r
                0x08005d24       0xbc c:/program files (x86)/atollic/truestudio for stm32 9.0.1/armtools/bin/../lib/gcc/arm-atollic-eabi/6.3.1/../../../../arm-atollic-eabi/lib/armv7e-m/fpu\libc_nano.a(lib_a-nano-mallocr.o)
                0x08005d24                _malloc_r
 .text.printf   0x08005de0       0x30 c:/program files (x86)/atollic/truestudio for stm32 9.0.1/armtools/bin/../lib/gcc/arm-atollic-eabi/6.3.1/../../../../arm-atollic-eabi/lib/armv7e-m/fpu\libc_nano.a(lib_a-printf.o)
                0x08005de0                iprintf
                0x08005de0                printf
 .text.putchar  0x08005e10       0x28 c:/program files (x86)/atollic/truestudio for stm32 9.0.1/armtools/bin/../lib/gcc/arm-atollic-eabi/6.3.1/../../../../arm-atollic-eabi/lib/armv7e-m/fpu\libc_nano.a(lib_a-putchar.o)
                0x08005e10                putchar
 .text._sbrk_r  0x08005e38       0x20 c:/program files (x86)/atollic/truestudio for stm32 9.0.1/armtools/bin/../lib/gcc/arm-atollic-eabi/6.3.1/../../../../arm-atollic-eabi/lib/armv7e-m/fpu\libc_nano.a(lib_a-sbrkr.o)
                0x08005e38                _sbrk_r
 .text._cleanup_r
                0x08005e58        0xc c:/program files (x86)/atollic/truestudio for stm32 9.0.1/armtools/bin/../lib/gcc/arm-atollic-eabi/6.3.1/../../../../arm-atollic-eabi/lib/armv7e-m/fpu\libc_nano.a(lib_a-findfp.o)
                0x08005e58                _cleanup_r
 .text.std.isra.0
                0x08005e64       0x48 c:/program files (x86)/atollic/truestudio for stm32 9.0.1/armtools/bin/../lib/gcc/arm-atollic-eabi/6.3.1/../../../../arm-atollic-eabi/lib/armv7e-m/fpu\libc_nano.a(lib_a-findfp.o)
 .text.__sfmoreglue
                0x08005eac       0x2c c:/program files (x86)/atollic/truestudio for stm32 9.0.1/armtools/bin/../lib/gcc/arm-atollic-eabi/6.3.1/../../../../arm-atollic-eabi/lib/armv7e-m/fpu\libc_nano.a(lib_a-findfp.o)
                0x08005eac                __sfmoreglue
 .text.__sinit  0x08005ed8       0x60 c:/program files (x86)/atollic/truestudio for stm32 9.0.1/armtools/bin/../lib/gcc/arm-atollic-eabi/6.3.1/../../../../arm-atollic-eabi/lib/armv7e-m/fpu\libc_nano.a(lib_a-findfp.o)
                0x08005ed8                __sinit
 .text.__sfp    0x08005f38       0x78 c:/program files (x86)/atollic/truestudio for stm32 9.0.1/armtools/bin/../lib/gcc/arm-atollic-eabi/6.3.1/../../../../arm-atollic-eabi/lib/armv7e-m/fpu\libc_nano.a(lib_a-findfp.o)
                0x08005f38                __sfp
 .text._fwalk_reent
                0x08005fb0       0x3c c:/program files (x86)/atollic/truestudio for stm32 9.0.1/armtools/bin/../lib/gcc/arm-atollic-eabi/6.3.1/../../../../arm-atollic-eabi/lib/armv7e-m/fpu\libc_nano.a(lib_a-fwalk.o)
                0x08005fb0                _fwalk_reent
 .text.__malloc_lock
                0x08005fec        0x2 c:/program files (x86)/atollic/truestudio for stm32 9.0.1/armtools/bin/../lib/gcc/arm-atollic-eabi/6.3.1/../../../../arm-atollic-eabi/lib/armv7e-m/fpu\libc_nano.a(lib_a-mlock.o)
                0x08005fec                __malloc_lock
 .text.__malloc_unlock
                0x08005fee        0x2 c:/program files (x86)/atollic/truestudio for stm32 9.0.1/armtools/bin/../lib/gcc/arm-atollic-eabi/6.3.1/../../../../arm-atollic-eabi/lib/armv7e-m/fpu\libc_nano.a(lib_a-mlock.o)
                0x08005fee                __malloc_unlock
 .text.__sfputc_r
                0x08005ff0       0x30 c:/program files (x86)/atollic/truestudio for stm32 9.0.1/armtools/bin/../lib/gcc/arm-atollic-eabi/6.3.1/../../../../arm-atollic-eabi/lib/armv7e-m/fpu\libc_nano.a(lib_a-nano-vfprintf.o)
 .text.__sfputs_r
                0x08006020       0x24 c:/program files (x86)/atollic/truestudio for stm32 9.0.1/armtools/bin/../lib/gcc/arm-atollic-eabi/6.3.1/../../../../arm-atollic-eabi/lib/armv7e-m/fpu\libc_nano.a(lib_a-nano-vfprintf.o)
                0x08006020                __sfputs_r
 .text._vfprintf_r
                0x08006044      0x22c c:/program files (x86)/atollic/truestudio for stm32 9.0.1/armtools/bin/../lib/gcc/arm-atollic-eabi/6.3.1/../../../../arm-atollic-eabi/lib/armv7e-m/fpu\libc_nano.a(lib_a-nano-vfprintf.o)
                0x08006044                _vfprintf_r
                0x08006044                _vfiprintf_r
 .text._printf_common
                0x08006270       0xec c:/program files (x86)/atollic/truestudio for stm32 9.0.1/armtools/bin/../lib/gcc/arm-atollic-eabi/6.3.1/../../../../arm-atollic-eabi/lib/armv7e-m/fpu\libc_nano.a(lib_a-nano-vfprintf_i.o)
                0x08006270                _printf_common
 .text._printf_i
                0x0800635c      0x240 c:/program files (x86)/atollic/truestudio for stm32 9.0.1/armtools/bin/../lib/gcc/arm-atollic-eabi/6.3.1/../../../../arm-atollic-eabi/lib/armv7e-m/fpu\libc_nano.a(lib_a-nano-vfprintf_i.o)
                0x0800635c                _printf_i
 .text._putc_r  0x0800659c       0x6c c:/program files (x86)/atollic/truestudio for stm32 9.0.1/armtools/bin/../lib/gcc/arm-atollic-eabi/6.3.1/../../../../arm-atollic-eabi/lib/armv7e-m/fpu\libc_nano.a(lib_a-putc.o)
                0x0800659c                _putc_r
 .text.__sread  0x08006608       0x22 c:/program files (x86)/atollic/truestudio for stm32 9.0.1/armtools/bin/../lib/gcc/arm-atollic-eabi/6.3.1/../../../../arm-atollic-eabi/lib/armv7e-m/fpu\libc_nano.a(lib_a-stdio.o)
                0x08006608                __sread
 .text.__swrite
                0x0800662a       0x38 c:/program files (x86)/atollic/truestudio for stm32 9.0.1/armtools/bin/../lib/gcc/arm-atollic-eabi/6.3.1/../../../../arm-atollic-eabi/lib/armv7e-m/fpu\libc_nano.a(lib_a-stdio.o)
                0x0800662a                __swrite
 .text.__sseek  0x08006662       0x24 c:/program files (x86)/atollic/truestudio for stm32 9.0.1/armtools/bin/../lib/gcc/arm-atollic-eabi/6.3.1/../../../../arm-atollic-eabi/lib/armv7e-m/fpu\libc_nano.a(lib_a-stdio.o)
                0x08006662                __sseek
 .text.__sclose
                0x08006686        0x8 c:/program files (x86)/atollic/truestudio for stm32 9.0.1/armtools/bin/../lib/gcc/arm-atollic-eabi/6.3.1/../../../../arm-atollic-eabi/lib/armv7e-m/fpu\libc_nano.a(lib_a-stdio.o)
                0x08006686                __sclose
 *fill*         0x0800668e        0x2 
 .text.__swbuf_r
                0x08006690       0xa4 c:/program files (x86)/atollic/truestudio for stm32 9.0.1/armtools/bin/../lib/gcc/arm-atollic-eabi/6.3.1/../../../../arm-atollic-eabi/lib/armv7e-m/fpu\libc_nano.a(lib_a-wbuf.o)
                0x08006690                __swbuf_r
 .text._write_r
                0x08006734       0x24 c:/program files (x86)/atollic/truestudio for stm32 9.0.1/armtools/bin/../lib/gcc/arm-atollic-eabi/6.3.1/../../../../arm-atollic-eabi/lib/armv7e-m/fpu\libc_nano.a(lib_a-writer.o)
                0x08006734                _write_r
 .text.__swsetup_r
                0x08006758       0xdc c:/program files (x86)/atollic/truestudio for stm32 9.0.1/armtools/bin/../lib/gcc/arm-atollic-eabi/6.3.1/../../../../arm-atollic-eabi/lib/armv7e-m/fpu\libc_nano.a(lib_a-wsetup.o)
                0x08006758                __swsetup_r
 .text._close_r
                0x08006834       0x20 c:/program files (x86)/atollic/truestudio for stm32 9.0.1/armtools/bin/../lib/gcc/arm-atollic-eabi/6.3.1/../../../../arm-atollic-eabi/lib/armv7e-m/fpu\libc_nano.a(lib_a-closer.o)
                0x08006834                _close_r
 .text.__sflush_r
                0x08006854      0x110 c:/program files (x86)/atollic/truestudio for stm32 9.0.1/armtools/bin/../lib/gcc/arm-atollic-eabi/6.3.1/../../../../arm-atollic-eabi/lib/armv7e-m/fpu\libc_nano.a(lib_a-fflush.o)
                0x08006854                __sflush_r
 .text._fflush_r
                0x08006964       0x54 c:/program files (x86)/atollic/truestudio for stm32 9.0.1/armtools/bin/../lib/gcc/arm-atollic-eabi/6.3.1/../../../../arm-atollic-eabi/lib/armv7e-m/fpu\libc_nano.a(lib_a-fflush.o)
                0x08006964                _fflush_r
 .text._lseek_r
                0x080069b8       0x24 c:/program files (x86)/atollic/truestudio for stm32 9.0.1/armtools/bin/../lib/gcc/arm-atollic-eabi/6.3.1/../../../../arm-atollic-eabi/lib/armv7e-m/fpu\libc_nano.a(lib_a-lseekr.o)
                0x080069b8                _lseek_r
 .text.__swhatbuf_r
                0x080069dc       0x48 c:/program files (x86)/atollic/truestudio for stm32 9.0.1/armtools/bin/../lib/gcc/arm-atollic-eabi/6.3.1/../../../../arm-atollic-eabi/lib/armv7e-m/fpu\libc_nano.a(lib_a-makebuf.o)
                0x080069dc                __swhatbuf_r
 .text.__smakebuf_r
                0x08006a24       0x80 c:/program files (x86)/atollic/truestudio for stm32 9.0.1/armtools/bin/../lib/gcc/arm-atollic-eabi/6.3.1/../../../../arm-atollic-eabi/lib/armv7e-m/fpu\libc_nano.a(lib_a-makebuf.o)
                0x08006a24                __smakebuf_r
 .text._read_r  0x08006aa4       0x24 c:/program files (x86)/atollic/truestudio for stm32 9.0.1/armtools/bin/../lib/gcc/arm-atollic-eabi/6.3.1/../../../../arm-atollic-eabi/lib/armv7e-m/fpu\libc_nano.a(lib_a-readr.o)
                0x08006aa4                _read_r
 .text._fstat_r
                0x08006ac8       0x24 c:/program files (x86)/atollic/truestudio for stm32 9.0.1/armtools/bin/../lib/gcc/arm-atollic-eabi/6.3.1/../../../../arm-atollic-eabi/lib/armv7e-m/fpu\libc_nano.a(lib_a-fstatr.o)
                0x08006ac8                _fstat_r
 .text._isatty_r
                0x08006aec       0x20 c:/program files (x86)/atollic/truestudio for stm32 9.0.1/armtools/bin/../lib/gcc/arm-atollic-eabi/6.3.1/../../../../arm-atollic-eabi/lib/armv7e-m/fpu\libc_nano.a(lib_a-isattyr.o)
                0x08006aec                _isatty_r
 .text._close   0x08006b0c       0x10 c:/program files (x86)/atollic/truestudio for stm32 9.0.1/armtools/bin/../lib/gcc/arm-atollic-eabi/6.3.1/../../../../arm-atollic-eabi/lib/armv7e-m/fpu\libnosys.a(close.o)
                0x08006b0c                _close
 .text._fstat   0x08006b1c       0x10 c:/program files (x86)/atollic/truestudio for stm32 9.0.1/armtools/bin/../lib/gcc/arm-atollic-eabi/6.3.1/../../../../arm-atollic-eabi/lib/armv7e-m/fpu\libnosys.a(fstat.o)
                0x08006b1c                _fstat
 .text._isatty  0x08006b2c       0x10 c:/program files (x86)/atollic/truestudio for stm32 9.0.1/armtools/bin/../lib/gcc/arm-atollic-eabi/6.3.1/../../../../arm-atollic-eabi/lib/armv7e-m/fpu\libnosys.a(isatty.o)
                0x08006b2c                _isatty
 .text._lseek   0x08006b3c       0x10 c:/program files (x86)/atollic/truestudio for stm32 9.0.1/armtools/bin/../lib/gcc/arm-atollic-eabi/6.3.1/../../../../arm-atollic-eabi/lib/armv7e-m/fpu\libnosys.a(lseek.o)
                0x08006b3c                _lseek
 .text._read    0x08006b4c       0x10 c:/program files (x86)/atollic/truestudio for stm32 9.0.1/armtools/bin/../lib/gcc/arm-atollic-eabi/6.3.1/../../../../arm-atollic-eabi/lib/armv7e-m/fpu\libnosys.a(read.o)
                0x08006b4c                _read
 .text._sbrk    0x08006b5c       0x1c c:/program files (x86)/atollic/truestudio for stm32 9.0.1/armtools/bin/../lib/gcc/arm-atollic-eabi/6.3.1/../../../../arm-atollic-eabi/lib/armv7e-m/fpu\libnosys.a(sbrk.o)
                0x08006b5c                _sbrk
 .text._write   0x08006b78       0x10 c:/program files (x86)/atollic/truestudio for stm32 9.0.1/armtools/bin/../lib/gcc/arm-atollic-eabi/6.3.1/../../../../arm-atollic-eabi/lib/armv7e-m/fpu\libnosys.a(write.o)
                0x08006b78                _write
 *(.glue_7)
 .glue_7        0x08006b88        0x0 linker stubs
 *(.glue_7t)
 .glue_7t       0x08006b88        0x0 linker stubs
 *(.eh_frame)
 .eh_frame      0x08006b88        0x0 c:/program files (x86)/atollic/truestudio for stm32 9.0.1/armtools/bin/../lib/gcc/arm-atollic-eabi/6.3.1/armv7e-m/fpu/crtbegin.o
 *(.init)
 .init          0x08006b88        0x4 c:/program files (x86)/atollic/truestudio for stm32 9.0.1/armtools/bin/../lib/gcc/arm-atollic-eabi/6.3.1/armv7e-m/fpu/crti.o
                0x08006b88                _init
 .init          0x08006b8c        0x8 c:/program files (x86)/atollic/truestudio for stm32 9.0.1/armtools/bin/../lib/gcc/arm-atollic-eabi/6.3.1/armv7e-m/fpu/crtn.o
 *(.fini)
 .fini          0x08006b94        0x4 c:/program files (x86)/atollic/truestudio for stm32 9.0.1/armtools/bin/../lib/gcc/arm-atollic-eabi/6.3.1/armv7e-m/fpu/crti.o
                0x08006b94                _fini
 .fini          0x08006b98        0x8 c:/program files (x86)/atollic/truestudio for stm32 9.0.1/armtools/bin/../lib/gcc/arm-atollic-eabi/6.3.1/armv7e-m/fpu/crtn.o
                0x08006ba0                . = ALIGN (0x4)
                0x08006ba0                _etext = .

.vfp11_veneer   0x08006ba0        0x0
 .vfp11_veneer  0x08006ba0        0x0 linker stubs

.v4_bx          0x08006ba0        0x0
 .v4_bx         0x08006ba0        0x0 linker stubs

.iplt           0x08006ba0        0x0
 .iplt          0x08006ba0        0x0 c:/program files (x86)/atollic/truestudio for stm32 9.0.1/armtools/bin/../lib/gcc/arm-atollic-eabi/6.3.1/armv7e-m/fpu/crtbegin.o

.rodata         0x08006ba0      0x560
                0x08006ba0                . = ALIGN (0x4)
 *(.rodata)
 .rodata        0x08006ba0        0x4 Middlewares\ST\STM32_USB_Host_Library\Class\HID\Src\usbh_hid.o
 *(.rodata*)
 .rodata.USBH_HID_InterfaceInit.str1.4
                0x08006ba4       0x8c Middlewares\ST\STM32_USB_Host_Library\Class\HID\Src\usbh_hid.o
 .rodata.str1.4
                0x08006c30        0x4 Middlewares\ST\STM32_USB_Host_Library\Class\HID\Src\usbh_hid.o
 .rodata.imp_0_ds3_byte
                0x08006c34       0x20 Middlewares\ST\STM32_USB_Host_Library\Class\HID\Src\usbh_hid_ds3.o
 .rodata.imp_0_key_array
                0x08006c54       0x20 Middlewares\ST\STM32_USB_Host_Library\Class\HID\Src\usbh_hid_keybd.o
 .rodata.imp_0_lalt
                0x08006c74       0x20 Middlewares\ST\STM32_USB_Host_Library\Class\HID\Src\usbh_hid_keybd.o
 .rodata.imp_0_lctrl
                0x08006c94       0x20 Middlewares\ST\STM32_USB_Host_Library\Class\HID\Src\usbh_hid_keybd.o
 .rodata.imp_0_lgui
                0x08006cb4       0x20 Middlewares\ST\STM32_USB_Host_Library\Class\HID\Src\usbh_hid_keybd.o
 .rodata.imp_0_lshift
                0x08006cd4       0x20 Middlewares\ST\STM32_USB_Host_Library\Class\HID\Src\usbh_hid_keybd.o
 .rodata.imp_0_ralt
                0x08006cf4       0x20 Middlewares\ST\STM32_USB_Host_Library\Class\HID\Src\usbh_hid_keybd.o
 .rodata.imp_0_rctrl
                0x08006d14       0x20 Middlewares\ST\STM32_USB_Host_Library\Class\HID\Src\usbh_hid_keybd.o
 .rodata.imp_0_rgui
                0x08006d34       0x20 Middlewares\ST\STM32_USB_Host_Library\Class\HID\Src\usbh_hid_keybd.o
 .rodata.imp_0_rshift
                0x08006d54       0x20 Middlewares\ST\STM32_USB_Host_Library\Class\HID\Src\usbh_hid_keybd.o
 .rodata.USBH_XPAD_InterfaceInit.str1.4
                0x08006d74       0x2e Middlewares\ST\STM32_USB_Host_Library\Class\XPAD\Src\usbh_xpad.o
                                 0x3a (size before relaxing)
 *fill*         0x08006da2        0x2 
 .rodata.str1.4
                0x08006da4        0x5 Middlewares\ST\STM32_USB_Host_Library\Class\XPAD\Src\usbh_xpad.o
 *fill*         0x08006da9        0x3 
 .rodata.USBH_Init.str1.4
                0x08006dac       0x1c Middlewares\ST\STM32_USB_Host_Library\Core\Src\usbh_core.o
 .rodata.USBH_LL_Disconnect.str1.4
                0x08006dc8       0x18 Middlewares\ST\STM32_USB_Host_Library\Core\Src\usbh_core.o
 .rodata.USBH_Process.str1.4
                0x08006de0      0x19e Middlewares\ST\STM32_USB_Host_Library\Core\Src\usbh_core.o
 *fill*         0x08006f7e        0x2 
 .rodata.USBH_RegisterClass.str1.4
                0x08006f80       0x31 Middlewares\ST\STM32_USB_Host_Library\Core\Src\usbh_core.o
 *fill*         0x08006fb1        0x3 
 .rodata.USBH_SelectInterface.str1.4
                0x08006fb4       0x6e Middlewares\ST\STM32_USB_Host_Library\Core\Src\usbh_core.o
 *fill*         0x08007022        0x2 
 .rodata.USBH_Get_DevDesc.str1.4
                0x08007024        0xe Middlewares\ST\STM32_USB_Host_Library\Core\Src\usbh_ctlreq.o
                                 0x16 (size before relaxing)
 *fill*         0x08007032        0x2 
 .rodata.AHBPrescTable
                0x08007034       0x10 Src\system_stm32f4xx.o
                0x08007034                AHBPrescTable
 .rodata.APBPrescTable
                0x08007044        0x8 Src\system_stm32f4xx.o
                0x08007044                APBPrescTable
 .rodata.CSWTCH.16
                0x0800704c        0x3 Src\usbh_conf.o
 *fill*         0x0800704f        0x1 
 .rodata.CSWTCH.25
                0x08007050        0x4 Src\usbh_conf.o
 .rodata.USBH_LL_Init.str1.4
                0x08007054       0x14 Src\usbh_conf.o
                                 0x13 (size before relaxing)
 .rodata.__sf_fake_stderr
                0x08007068       0x20 c:/program files (x86)/atollic/truestudio for stm32 9.0.1/armtools/bin/../lib/gcc/arm-atollic-eabi/6.3.1/../../../../arm-atollic-eabi/lib/armv7e-m/fpu\libc_nano.a(lib_a-findfp.o)
                0x08007068                __sf_fake_stderr
 .rodata.__sf_fake_stdin
                0x08007088       0x20 c:/program files (x86)/atollic/truestudio for stm32 9.0.1/armtools/bin/../lib/gcc/arm-atollic-eabi/6.3.1/../../../../arm-atollic-eabi/lib/armv7e-m/fpu\libc_nano.a(lib_a-findfp.o)
                0x08007088                __sf_fake_stdin
 .rodata.__sf_fake_stdout
                0x080070a8       0x20 c:/program files (x86)/atollic/truestudio for stm32 9.0.1/armtools/bin/../lib/gcc/arm-atollic-eabi/6.3.1/../../../../arm-atollic-eabi/lib/armv7e-m/fpu\libc_nano.a(lib_a-findfp.o)
                0x080070a8                __sf_fake_stdout
 .rodata._global_impure_ptr
                0x080070c8        0x4 c:/program files (x86)/atollic/truestudio for stm32 9.0.1/armtools/bin/../lib/gcc/arm-atollic-eabi/6.3.1/../../../../arm-atollic-eabi/lib/armv7e-m/fpu\libc_nano.a(lib_a-impure.o)
                0x080070c8                _global_impure_ptr
 .rodata._vfprintf_r.str1.1
                0x080070cc       0x11 c:/program files (x86)/atollic/truestudio for stm32 9.0.1/armtools/bin/../lib/gcc/arm-atollic-eabi/6.3.1/../../../../arm-atollic-eabi/lib/armv7e-m/fpu\libc_nano.a(lib_a-nano-vfprintf.o)
 .rodata._printf_i.str1.1
                0x080070dd       0x22 c:/program files (x86)/atollic/truestudio for stm32 9.0.1/armtools/bin/../lib/gcc/arm-atollic-eabi/6.3.1/../../../../arm-atollic-eabi/lib/armv7e-m/fpu\libc_nano.a(lib_a-nano-vfprintf_i.o)
                0x08007100                . = ALIGN (0x4)
 *fill*         0x080070ff        0x1 

.ARM.extab
 *(.ARM.extab* .gnu.linkonce.armextab.*)

.ARM            0x08007100        0x8
                0x08007100                __exidx_start = .
 *(.ARM.exidx*)
 .ARM.exidx     0x08007100        0x8 c:/program files (x86)/atollic/truestudio for stm32 9.0.1/armtools/bin/../lib/gcc/arm-atollic-eabi/6.3.1/armv7e-m/fpu\libgcc.a(_udivmoddi4.o)
                0x08007108                __exidx_end = .

.rel.dyn        0x08007108        0x0
 .rel.iplt      0x08007108        0x0 c:/program files (x86)/atollic/truestudio for stm32 9.0.1/armtools/bin/../lib/gcc/arm-atollic-eabi/6.3.1/armv7e-m/fpu/crtbegin.o

.preinit_array  0x08007108        0x0
                0x08007108                PROVIDE (__preinit_array_start, .)
 *(.preinit_array*)
                0x08007108                PROVIDE (__preinit_array_end, .)

.init_array     0x08007108        0x4
                0x08007108                PROVIDE (__init_array_start, .)
 *(SORT(.init_array.*))
 *(.init_array*)
 .init_array    0x08007108        0x4 c:/program files (x86)/atollic/truestudio for stm32 9.0.1/armtools/bin/../lib/gcc/arm-atollic-eabi/6.3.1/armv7e-m/fpu/crtbegin.o
                0x0800710c                PROVIDE (__init_array_end, .)

.fini_array     0x0800710c        0x4
                [!provide]                PROVIDE (__fini_array_start, .)
 *(SORT(.fini_array.*))
 *(.fini_array*)
 .fini_array    0x0800710c        0x4 c:/program files (x86)/atollic/truestudio for stm32 9.0.1/armtools/bin/../lib/gcc/arm-atollic-eabi/6.3.1/armv7e-m/fpu/crtbegin.o
                [!provide]                PROVIDE (__fini_array_end, .)
                0x08007110                _sidata = LOADADDR (.data)

.data           0x20000000       0xe0 load address 0x08007110
                0x20000000                . = ALIGN (0x4)
                0x20000000                _sdata = .
 *(.data)
 *(.data*)
 .data.uwTickFreq
                0x20000000        0x1 Drivers\STM32F4xx_HAL_Driver\Src\stm32f4xx_hal.o
                0x20000000                uwTickFreq
 *fill*         0x20000001        0x3 
 .data.uwTickPrio
                0x20000004        0x4 Drivers\STM32F4xx_HAL_Driver\Src\stm32f4xx_hal.o
                0x20000004                uwTickPrio
 .data.HID_Class
                0x20000008       0x20 Middlewares\ST\STM32_USB_Host_Library\Class\HID\Src\usbh_hid.o
                0x20000008                HID_Class
 .data.led_buffer
                0x20000028       0x30 Middlewares\ST\STM32_USB_Host_Library\Class\HID\Src\usbh_hid.o
 .data.XPAD_Class
                0x20000058       0x20 Middlewares\ST\STM32_USB_Host_Library\Class\XPAD\Src\usbh_xpad.o
                0x20000058                XPAD_Class
 .data.SystemCoreClock
                0x20000078        0x4 Src\system_stm32f4xx.o
                0x20000078                SystemCoreClock
 .data._impure_ptr
                0x2000007c        0x4 c:/program files (x86)/atollic/truestudio for stm32 9.0.1/armtools/bin/../lib/gcc/arm-atollic-eabi/6.3.1/../../../../arm-atollic-eabi/lib/armv7e-m/fpu\libc_nano.a(lib_a-impure.o)
                0x2000007c                _impure_ptr
 .data.impure_data
                0x20000080       0x60 c:/program files (x86)/atollic/truestudio for stm32 9.0.1/armtools/bin/../lib/gcc/arm-atollic-eabi/6.3.1/../../../../arm-atollic-eabi/lib/armv7e-m/fpu\libc_nano.a(lib_a-impure.o)
                0x200000e0                . = ALIGN (0x4)
                0x200000e0                _edata = .

.igot.plt       0x200000e0        0x0 load address 0x080071f0
 .igot.plt      0x200000e0        0x0 c:/program files (x86)/atollic/truestudio for stm32 9.0.1/armtools/bin/../lib/gcc/arm-atollic-eabi/6.3.1/armv7e-m/fpu/crtbegin.o
                0x200000e0                . = ALIGN (0x4)

.bss            0x200000e0      0x760 load address 0x080071f0
                0x200000e0                _sbss = .
                0x200000e0                __bss_start__ = _sbss
 *(.bss)
 .bss           0x200000e0       0x1c c:/program files (x86)/atollic/truestudio for stm32 9.0.1/armtools/bin/../lib/gcc/arm-atollic-eabi/6.3.1/armv7e-m/fpu/crtbegin.o
 *(.bss*)
 .bss.Appli_state
                0x200000fc        0x1 Src\usb_host.o
                0x200000fc                Appli_state
 *fill*         0x200000fd        0x3 
 .bss.__malloc_free_list
                0x20000100        0x4 c:/program files (x86)/atollic/truestudio for stm32 9.0.1/armtools/bin/../lib/gcc/arm-atollic-eabi/6.3.1/../../../../arm-atollic-eabi/lib/armv7e-m/fpu\libc_nano.a(lib_a-nano-mallocr.o)
                0x20000100                __malloc_free_list
 .bss.__malloc_sbrk_start
                0x20000104        0x4 c:/program files (x86)/atollic/truestudio for stm32 9.0.1/armtools/bin/../lib/gcc/arm-atollic-eabi/6.3.1/../../../../arm-atollic-eabi/lib/armv7e-m/fpu\libc_nano.a(lib_a-nano-mallocr.o)
                0x20000104                __malloc_sbrk_start
 .bss.heap_end.5239
                0x20000108        0x4 c:/program files (x86)/atollic/truestudio for stm32 9.0.1/armtools/bin/../lib/gcc/arm-atollic-eabi/6.3.1/../../../../arm-atollic-eabi/lib/armv7e-m/fpu\libnosys.a(sbrk.o)
 *(COMMON)
 COMMON         0x2000010c        0x4 Drivers\STM32F4xx_HAL_Driver\Src\stm32f4xx_hal.o
                0x2000010c                uwTick
 COMMON         0x20000110       0x60 Middlewares\ST\STM32_USB_Host_Library\Class\HID\Src\usbh_hid_ds3.o
                0x20000110                ds3_report_data
                0x20000140                ds3_data
 COMMON         0x20000170       0x17 Middlewares\ST\STM32_USB_Host_Library\Class\HID\Src\usbh_hid_keybd.o
                0x20000170                keybd_report_data
                0x20000178                keybd_info
 *fill*         0x20000187        0x1 
 COMMON         0x20000188        0xc Middlewares\ST\STM32_USB_Host_Library\Class\HID\Src\usbh_hid_mouse.o
                0x20000188                mouse_info
                0x20000190                mouse_report_data
 COMMON         0x20000194       0x44 Src\main.o
                0x20000194                n64_data
                0x20000198                huart2
 COMMON         0x200001d8      0x3cc Src\usb_host.o
                0x200001d8                hUsbHostFS
 COMMON         0x200005a4      0x298 Src\usbh_conf.o
                0x200005a4                hhcd_USB_OTG_FS
 COMMON         0x2000083c        0x4 c:/program files (x86)/atollic/truestudio for stm32 9.0.1/armtools/bin/../lib/gcc/arm-atollic-eabi/6.3.1/../../../../arm-atollic-eabi/lib/armv7e-m/fpu\libc_nano.a(lib_a-reent.o)
                0x2000083c                errno
                0x20000840                . = ALIGN (0x4)
                0x20000840                _ebss = .
                0x20000840                __bss_end__ = _ebss

._user_heap_stack
                0x20000840      0x600 load address 0x080071f0
                0x20000840                . = ALIGN (0x4)
                0x20000840                PROVIDE (end, .)
                [!provide]                PROVIDE (_end, .)
                0x20000a40                . = (. + _Min_Heap_Size)
 *fill*         0x20000840      0x200 
                0x20000e40                . = (. + _Min_Stack_Size)
 *fill*         0x20000a40      0x400 
                0x20000e40                . = ALIGN (0x4)

/DISCARD/
 libc.a(*)
 libm.a(*)
 libgcc.a(*)

.ARM.attributes
                0x00000000       0x30
 *(.ARM.attributes)
 .ARM.attributes
                0x00000000       0x22 c:/program files (x86)/atollic/truestudio for stm32 9.0.1/armtools/bin/../lib/gcc/arm-atollic-eabi/6.3.1/armv7e-m/fpu/crti.o
 .ARM.attributes
                0x00000022       0x34 c:/program files (x86)/atollic/truestudio for stm32 9.0.1/armtools/bin/../lib/gcc/arm-atollic-eabi/6.3.1/armv7e-m/fpu/crtbegin.o
 .ARM.attributes
                0x00000056       0x35 Drivers\STM32F4xx_HAL_Driver\Src\stm32f4xx_hal.o
 .ARM.attributes
                0x0000008b       0x35 Drivers\STM32F4xx_HAL_Driver\Src\stm32f4xx_hal_cortex.o
 .ARM.attributes
                0x000000c0       0x35 Drivers\STM32F4xx_HAL_Driver\Src\stm32f4xx_hal_gpio.o
 .ARM.attributes
                0x000000f5       0x35 Drivers\STM32F4xx_HAL_Driver\Src\stm32f4xx_hal_hcd.o
 .ARM.attributes
                0x0000012a       0x35 Drivers\STM32F4xx_HAL_Driver\Src\stm32f4xx_hal_rcc.o
 .ARM.attributes
                0x0000015f       0x35 Drivers\STM32F4xx_HAL_Driver\Src\stm32f4xx_hal_rcc_ex.o
 .ARM.attributes
                0x00000194       0x35 Drivers\STM32F4xx_HAL_Driver\Src\stm32f4xx_hal_uart.o
 .ARM.attributes
                0x000001c9       0x35 Drivers\STM32F4xx_HAL_Driver\Src\stm32f4xx_ll_usb.o
 .ARM.attributes
                0x000001fe       0x35 Middlewares\ST\STM32_USB_Host_Library\Class\HID\Src\usbh_hid.o
 .ARM.attributes
                0x00000233       0x35 Middlewares\ST\STM32_USB_Host_Library\Class\HID\Src\usbh_hid_ds3.o
 .ARM.attributes
                0x00000268       0x35 Middlewares\ST\STM32_USB_Host_Library\Class\HID\Src\usbh_hid_keybd.o
 .ARM.attributes
                0x0000029d       0x35 Middlewares\ST\STM32_USB_Host_Library\Class\HID\Src\usbh_hid_mouse.o
 .ARM.attributes
                0x000002d2       0x35 Middlewares\ST\STM32_USB_Host_Library\Class\HID\Src\usbh_hid_parser.o
 .ARM.attributes
                0x00000307       0x35 Middlewares\ST\STM32_USB_Host_Library\Class\XPAD\Src\usbh_xpad.o
 .ARM.attributes
                0x0000033c       0x35 Middlewares\ST\STM32_USB_Host_Library\Core\Src\usbh_core.o
 .ARM.attributes
                0x00000371       0x35 Middlewares\ST\STM32_USB_Host_Library\Core\Src\usbh_ctlreq.o
 .ARM.attributes
                0x000003a6       0x35 Middlewares\ST\STM32_USB_Host_Library\Core\Src\usbh_ioreq.o
 .ARM.attributes
                0x000003db       0x35 Middlewares\ST\STM32_USB_Host_Library\Core\Src\usbh_pipes.o
 .ARM.attributes
                0x00000410       0x35 Src\main.o
 .ARM.attributes
                0x00000445       0x25 Src\my_wait_us_asm.o
 .ARM.attributes
                0x0000046a       0x35 Src\stm32f4xx_hal_msp.o
 .ARM.attributes
                0x0000049f       0x35 Src\stm32f4xx_it.o
 .ARM.attributes
                0x000004d4       0x35 Src\system_stm32f4xx.o
 .ARM.attributes
                0x00000509       0x35 Src\usb_host.o
 .ARM.attributes
                0x0000053e       0x35 Src\usbh_conf.o
 .ARM.attributes
                0x00000573       0x21 startup\startup_stm32f446xx.o
 .ARM.attributes
                0x00000594       0x34 c:/program files (x86)/atollic/truestudio for stm32 9.0.1/armtools/bin/../lib/gcc/arm-atollic-eabi/6.3.1/../../../../arm-atollic-eabi/lib/armv7e-m/fpu\libc_nano.a(lib_a-init.o)
 .ARM.attributes
                0x000005c8       0x34 c:/program files (x86)/atollic/truestudio for stm32 9.0.1/armtools/bin/../lib/gcc/arm-atollic-eabi/6.3.1/../../../../arm-atollic-eabi/lib/armv7e-m/fpu\libc_nano.a(lib_a-malloc.o)
 .ARM.attributes
                0x000005fc       0x34 c:/program files (x86)/atollic/truestudio for stm32 9.0.1/armtools/bin/../lib/gcc/arm-atollic-eabi/6.3.1/../../../../arm-atollic-eabi/lib/armv7e-m/fpu\libc_nano.a(lib_a-memset.o)
 .ARM.attributes
                0x00000630       0x34 c:/program files (x86)/atollic/truestudio for stm32 9.0.1/armtools/bin/../lib/gcc/arm-atollic-eabi/6.3.1/../../../../arm-atollic-eabi/lib/armv7e-m/fpu\libc_nano.a(lib_a-nano-freer.o)
 .ARM.attributes
                0x00000664       0x34 c:/program files (x86)/atollic/truestudio for stm32 9.0.1/armtools/bin/../lib/gcc/arm-atollic-eabi/6.3.1/../../../../arm-atollic-eabi/lib/armv7e-m/fpu\libc_nano.a(lib_a-nano-mallocr.o)
 .ARM.attributes
                0x00000698       0x34 c:/program files (x86)/atollic/truestudio for stm32 9.0.1/armtools/bin/../lib/gcc/arm-atollic-eabi/6.3.1/../../../../arm-atollic-eabi/lib/armv7e-m/fpu\libc_nano.a(lib_a-printf.o)
 .ARM.attributes
                0x000006cc       0x34 c:/program files (x86)/atollic/truestudio for stm32 9.0.1/armtools/bin/../lib/gcc/arm-atollic-eabi/6.3.1/../../../../arm-atollic-eabi/lib/armv7e-m/fpu\libc_nano.a(lib_a-putchar.o)
 .ARM.attributes
                0x00000700       0x34 c:/program files (x86)/atollic/truestudio for stm32 9.0.1/armtools/bin/../lib/gcc/arm-atollic-eabi/6.3.1/../../../../arm-atollic-eabi/lib/armv7e-m/fpu\libc_nano.a(lib_a-sbrkr.o)
 .ARM.attributes
                0x00000734       0x34 c:/program files (x86)/atollic/truestudio for stm32 9.0.1/armtools/bin/../lib/gcc/arm-atollic-eabi/6.3.1/../../../../arm-atollic-eabi/lib/armv7e-m/fpu\libc_nano.a(lib_a-findfp.o)
 .ARM.attributes
                0x00000768       0x34 c:/program files (x86)/atollic/truestudio for stm32 9.0.1/armtools/bin/../lib/gcc/arm-atollic-eabi/6.3.1/../../../../arm-atollic-eabi/lib/armv7e-m/fpu\libc_nano.a(lib_a-fwalk.o)
 .ARM.attributes
                0x0000079c       0x34 c:/program files (x86)/atollic/truestudio for stm32 9.0.1/armtools/bin/../lib/gcc/arm-atollic-eabi/6.3.1/../../../../arm-atollic-eabi/lib/armv7e-m/fpu\libc_nano.a(lib_a-impure.o)
 .ARM.attributes
                0x000007d0       0x34 c:/program files (x86)/atollic/truestudio for stm32 9.0.1/armtools/bin/../lib/gcc/arm-atollic-eabi/6.3.1/../../../../arm-atollic-eabi/lib/armv7e-m/fpu\libc_nano.a(lib_a-mlock.o)
 .ARM.attributes
                0x00000804       0x34 c:/program files (x86)/atollic/truestudio for stm32 9.0.1/armtools/bin/../lib/gcc/arm-atollic-eabi/6.3.1/../../../../arm-atollic-eabi/lib/armv7e-m/fpu\libc_nano.a(lib_a-nano-vfprintf.o)
 .ARM.attributes
                0x00000838       0x34 c:/program files (x86)/atollic/truestudio for stm32 9.0.1/armtools/bin/../lib/gcc/arm-atollic-eabi/6.3.1/../../../../arm-atollic-eabi/lib/armv7e-m/fpu\libc_nano.a(lib_a-nano-vfprintf_i.o)
 .ARM.attributes
                0x0000086c       0x34 c:/program files (x86)/atollic/truestudio for stm32 9.0.1/armtools/bin/../lib/gcc/arm-atollic-eabi/6.3.1/../../../../arm-atollic-eabi/lib/armv7e-m/fpu\libc_nano.a(lib_a-putc.o)
 .ARM.attributes
                0x000008a0       0x34 c:/program files (x86)/atollic/truestudio for stm32 9.0.1/armtools/bin/../lib/gcc/arm-atollic-eabi/6.3.1/../../../../arm-atollic-eabi/lib/armv7e-m/fpu\libc_nano.a(lib_a-reent.o)
 .ARM.attributes
                0x000008d4       0x34 c:/program files (x86)/atollic/truestudio for stm32 9.0.1/armtools/bin/../lib/gcc/arm-atollic-eabi/6.3.1/../../../../arm-atollic-eabi/lib/armv7e-m/fpu\libc_nano.a(lib_a-stdio.o)
 .ARM.attributes
                0x00000908       0x34 c:/program files (x86)/atollic/truestudio for stm32 9.0.1/armtools/bin/../lib/gcc/arm-atollic-eabi/6.3.1/../../../../arm-atollic-eabi/lib/armv7e-m/fpu\libc_nano.a(lib_a-wbuf.o)
 .ARM.attributes
                0x0000093c       0x34 c:/program files (x86)/atollic/truestudio for stm32 9.0.1/armtools/bin/../lib/gcc/arm-atollic-eabi/6.3.1/../../../../arm-atollic-eabi/lib/armv7e-m/fpu\libc_nano.a(lib_a-writer.o)
 .ARM.attributes
                0x00000970       0x34 c:/program files (x86)/atollic/truestudio for stm32 9.0.1/armtools/bin/../lib/gcc/arm-atollic-eabi/6.3.1/../../../../arm-atollic-eabi/lib/armv7e-m/fpu\libc_nano.a(lib_a-wsetup.o)
 .ARM.attributes
                0x000009a4       0x34 c:/program files (x86)/atollic/truestudio for stm32 9.0.1/armtools/bin/../lib/gcc/arm-atollic-eabi/6.3.1/../../../../arm-atollic-eabi/lib/armv7e-m/fpu\libc_nano.a(lib_a-closer.o)
 .ARM.attributes
                0x000009d8       0x34 c:/program files (x86)/atollic/truestudio for stm32 9.0.1/armtools/bin/../lib/gcc/arm-atollic-eabi/6.3.1/../../../../arm-atollic-eabi/lib/armv7e-m/fpu\libc_nano.a(lib_a-fflush.o)
 .ARM.attributes
                0x00000a0c       0x34 c:/program files (x86)/atollic/truestudio for stm32 9.0.1/armtools/bin/../lib/gcc/arm-atollic-eabi/6.3.1/../../../../arm-atollic-eabi/lib/armv7e-m/fpu\libc_nano.a(lib_a-lseekr.o)
 .ARM.attributes
                0x00000a40       0x34 c:/program files (x86)/atollic/truestudio for stm32 9.0.1/armtools/bin/../lib/gcc/arm-atollic-eabi/6.3.1/../../../../arm-atollic-eabi/lib/armv7e-m/fpu\libc_nano.a(lib_a-makebuf.o)
 .ARM.attributes
                0x00000a74       0x20 c:/program files (x86)/atollic/truestudio for stm32 9.0.1/armtools/bin/../lib/gcc/arm-atollic-eabi/6.3.1/../../../../arm-atollic-eabi/lib/armv7e-m/fpu\libc_nano.a(lib_a-memchr.o)
 .ARM.attributes
                0x00000a94       0x34 c:/program files (x86)/atollic/truestudio for stm32 9.0.1/armtools/bin/../lib/gcc/arm-atollic-eabi/6.3.1/../../../../arm-atollic-eabi/lib/armv7e-m/fpu\libc_nano.a(lib_a-readr.o)
 .ARM.attributes
                0x00000ac8       0x34 c:/program files (x86)/atollic/truestudio for stm32 9.0.1/armtools/bin/../lib/gcc/arm-atollic-eabi/6.3.1/../../../../arm-atollic-eabi/lib/armv7e-m/fpu\libc_nano.a(lib_a-fstatr.o)
 .ARM.attributes
                0x00000afc       0x34 c:/program files (x86)/atollic/truestudio for stm32 9.0.1/armtools/bin/../lib/gcc/arm-atollic-eabi/6.3.1/../../../../arm-atollic-eabi/lib/armv7e-m/fpu\libc_nano.a(lib_a-isattyr.o)
 .ARM.attributes
                0x00000b30       0x22 c:/program files (x86)/atollic/truestudio for stm32 9.0.1/armtools/bin/../lib/gcc/arm-atollic-eabi/6.3.1/armv7e-m/fpu\libgcc.a(_aeabi_uldivmod.o)
 .ARM.attributes
                0x00000b52       0x34 c:/program files (x86)/atollic/truestudio for stm32 9.0.1/armtools/bin/../lib/gcc/arm-atollic-eabi/6.3.1/armv7e-m/fpu\libgcc.a(_udivmoddi4.o)
 .ARM.attributes
                0x00000b86       0x22 c:/program files (x86)/atollic/truestudio for stm32 9.0.1/armtools/bin/../lib/gcc/arm-atollic-eabi/6.3.1/armv7e-m/fpu\libgcc.a(_dvmd_tls.o)
 .ARM.attributes
                0x00000ba8       0x34 c:/program files (x86)/atollic/truestudio for stm32 9.0.1/armtools/bin/../lib/gcc/arm-atollic-eabi/6.3.1/../../../../arm-atollic-eabi/lib/armv7e-m/fpu\libnosys.a(close.o)
 .ARM.attributes
                0x00000bdc       0x34 c:/program files (x86)/atollic/truestudio for stm32 9.0.1/armtools/bin/../lib/gcc/arm-atollic-eabi/6.3.1/../../../../arm-atollic-eabi/lib/armv7e-m/fpu\libnosys.a(fstat.o)
 .ARM.attributes
                0x00000c10       0x34 c:/program files (x86)/atollic/truestudio for stm32 9.0.1/armtools/bin/../lib/gcc/arm-atollic-eabi/6.3.1/../../../../arm-atollic-eabi/lib/armv7e-m/fpu\libnosys.a(isatty.o)
 .ARM.attributes
                0x00000c44       0x34 c:/program files (x86)/atollic/truestudio for stm32 9.0.1/armtools/bin/../lib/gcc/arm-atollic-eabi/6.3.1/../../../../arm-atollic-eabi/lib/armv7e-m/fpu\libnosys.a(lseek.o)
 .ARM.attributes
                0x00000c78       0x34 c:/program files (x86)/atollic/truestudio for stm32 9.0.1/armtools/bin/../lib/gcc/arm-atollic-eabi/6.3.1/../../../../arm-atollic-eabi/lib/armv7e-m/fpu\libnosys.a(read.o)
 .ARM.attributes
                0x00000cac       0x34 c:/program files (x86)/atollic/truestudio for stm32 9.0.1/armtools/bin/../lib/gcc/arm-atollic-eabi/6.3.1/../../../../arm-atollic-eabi/lib/armv7e-m/fpu\libnosys.a(sbrk.o)
 .ARM.attributes
                0x00000ce0       0x34 c:/program files (x86)/atollic/truestudio for stm32 9.0.1/armtools/bin/../lib/gcc/arm-atollic-eabi/6.3.1/../../../../arm-atollic-eabi/lib/armv7e-m/fpu\libnosys.a(write.o)
 .ARM.attributes
                0x00000d14       0x22 c:/program files (x86)/atollic/truestudio for stm32 9.0.1/armtools/bin/../lib/gcc/arm-atollic-eabi/6.3.1/armv7e-m/fpu/crtn.o
OUTPUT(USBtoN64v2.elf elf32-littlearm)

.comment        0x00000000       0x7c
 .comment       0x00000000       0x7c Drivers\STM32F4xx_HAL_Driver\Src\stm32f4xx_hal.o
                                 0x7d (size before relaxing)
 .comment       0x0000007c       0x7d Drivers\STM32F4xx_HAL_Driver\Src\stm32f4xx_hal_cortex.o
 .comment       0x0000007c       0x7d Drivers\STM32F4xx_HAL_Driver\Src\stm32f4xx_hal_gpio.o
 .comment       0x0000007c       0x7d Drivers\STM32F4xx_HAL_Driver\Src\stm32f4xx_hal_hcd.o
 .comment       0x0000007c       0x7d Drivers\STM32F4xx_HAL_Driver\Src\stm32f4xx_hal_rcc.o
 .comment       0x0000007c       0x7d Drivers\STM32F4xx_HAL_Driver\Src\stm32f4xx_hal_rcc_ex.o
 .comment       0x0000007c       0x7d Drivers\STM32F4xx_HAL_Driver\Src\stm32f4xx_hal_uart.o
 .comment       0x0000007c       0x7d Drivers\STM32F4xx_HAL_Driver\Src\stm32f4xx_ll_usb.o
 .comment       0x0000007c       0x7d Middlewares\ST\STM32_USB_Host_Library\Class\HID\Src\usbh_hid.o
 .comment       0x0000007c       0x7d Middlewares\ST\STM32_USB_Host_Library\Class\HID\Src\usbh_hid_ds3.o
 .comment       0x0000007c       0x7d Middlewares\ST\STM32_USB_Host_Library\Class\HID\Src\usbh_hid_keybd.o
 .comment       0x0000007c       0x7d Middlewares\ST\STM32_USB_Host_Library\Class\HID\Src\usbh_hid_mouse.o
 .comment       0x0000007c       0x7d Middlewares\ST\STM32_USB_Host_Library\Class\HID\Src\usbh_hid_parser.o
 .comment       0x0000007c       0x7d Middlewares\ST\STM32_USB_Host_Library\Class\XPAD\Src\usbh_xpad.o
 .comment       0x0000007c       0x7d Middlewares\ST\STM32_USB_Host_Library\Core\Src\usbh_core.o
 .comment       0x0000007c       0x7d Middlewares\ST\STM32_USB_Host_Library\Core\Src\usbh_ctlreq.o
 .comment       0x0000007c       0x7d Middlewares\ST\STM32_USB_Host_Library\Core\Src\usbh_ioreq.o
 .comment       0x0000007c       0x7d Middlewares\ST\STM32_USB_Host_Library\Core\Src\usbh_pipes.o
 .comment       0x0000007c       0x7d Src\main.o
 .comment       0x0000007c       0x7d Src\stm32f4xx_hal_msp.o
 .comment       0x0000007c       0x7d Src\stm32f4xx_it.o
 .comment       0x0000007c       0x7d Src\system_stm32f4xx.o
 .comment       0x0000007c       0x7d Src\usb_host.o
 .comment       0x0000007c       0x7d Src\usbh_conf.o

.debug_frame    0x00000000      0x924
 .debug_frame   0x00000000       0x2c c:/program files (x86)/atollic/truestudio for stm32 9.0.1/armtools/bin/../lib/gcc/arm-atollic-eabi/6.3.1/../../../../arm-atollic-eabi/lib/armv7e-m/fpu\libc_nano.a(lib_a-init.o)
 .debug_frame   0x0000002c       0x30 c:/program files (x86)/atollic/truestudio for stm32 9.0.1/armtools/bin/../lib/gcc/arm-atollic-eabi/6.3.1/../../../../arm-atollic-eabi/lib/armv7e-m/fpu\libc_nano.a(lib_a-malloc.o)
 .debug_frame   0x0000005c       0x20 c:/program files (x86)/atollic/truestudio for stm32 9.0.1/armtools/bin/../lib/gcc/arm-atollic-eabi/6.3.1/../../../../arm-atollic-eabi/lib/armv7e-m/fpu\libc_nano.a(lib_a-memset.o)
 .debug_frame   0x0000007c       0x38 c:/program files (x86)/atollic/truestudio for stm32 9.0.1/armtools/bin/../lib/gcc/arm-atollic-eabi/6.3.1/../../../../arm-atollic-eabi/lib/armv7e-m/fpu\libc_nano.a(lib_a-nano-freer.o)
 .debug_frame   0x000000b4       0x2c c:/program files (x86)/atollic/truestudio for stm32 9.0.1/armtools/bin/../lib/gcc/arm-atollic-eabi/6.3.1/../../../../arm-atollic-eabi/lib/armv7e-m/fpu\libc_nano.a(lib_a-nano-mallocr.o)
 .debug_frame   0x000000e0       0x74 c:/program files (x86)/atollic/truestudio for stm32 9.0.1/armtools/bin/../lib/gcc/arm-atollic-eabi/6.3.1/../../../../arm-atollic-eabi/lib/armv7e-m/fpu\libc_nano.a(lib_a-printf.o)
 .debug_frame   0x00000154       0x58 c:/program files (x86)/atollic/truestudio for stm32 9.0.1/armtools/bin/../lib/gcc/arm-atollic-eabi/6.3.1/../../../../arm-atollic-eabi/lib/armv7e-m/fpu\libc_nano.a(lib_a-putchar.o)
 .debug_frame   0x000001ac       0x2c c:/program files (x86)/atollic/truestudio for stm32 9.0.1/armtools/bin/../lib/gcc/arm-atollic-eabi/6.3.1/../../../../arm-atollic-eabi/lib/armv7e-m/fpu\libc_nano.a(lib_a-sbrkr.o)
 .debug_frame   0x000001d8      0x11c c:/program files (x86)/atollic/truestudio for stm32 9.0.1/armtools/bin/../lib/gcc/arm-atollic-eabi/6.3.1/../../../../arm-atollic-eabi/lib/armv7e-m/fpu\libc_nano.a(lib_a-findfp.o)
 .debug_frame   0x000002f4       0x54 c:/program files (x86)/atollic/truestudio for stm32 9.0.1/armtools/bin/../lib/gcc/arm-atollic-eabi/6.3.1/../../../../arm-atollic-eabi/lib/armv7e-m/fpu\libc_nano.a(lib_a-fwalk.o)
 .debug_frame   0x00000348       0x30 c:/program files (x86)/atollic/truestudio for stm32 9.0.1/armtools/bin/../lib/gcc/arm-atollic-eabi/6.3.1/../../../../arm-atollic-eabi/lib/armv7e-m/fpu\libc_nano.a(lib_a-mlock.o)
 .debug_frame   0x00000378       0xac c:/program files (x86)/atollic/truestudio for stm32 9.0.1/armtools/bin/../lib/gcc/arm-atollic-eabi/6.3.1/../../../../arm-atollic-eabi/lib/armv7e-m/fpu\libc_nano.a(lib_a-nano-vfprintf.o)
 .debug_frame   0x00000424       0x60 c:/program files (x86)/atollic/truestudio for stm32 9.0.1/armtools/bin/../lib/gcc/arm-atollic-eabi/6.3.1/../../../../arm-atollic-eabi/lib/armv7e-m/fpu\libc_nano.a(lib_a-nano-vfprintf_i.o)
 .debug_frame   0x00000484       0x48 c:/program files (x86)/atollic/truestudio for stm32 9.0.1/armtools/bin/../lib/gcc/arm-atollic-eabi/6.3.1/../../../../arm-atollic-eabi/lib/armv7e-m/fpu\libc_nano.a(lib_a-putc.o)
 .debug_frame   0x000004cc       0x5c c:/program files (x86)/atollic/truestudio for stm32 9.0.1/armtools/bin/../lib/gcc/arm-atollic-eabi/6.3.1/../../../../arm-atollic-eabi/lib/armv7e-m/fpu\libc_nano.a(lib_a-reent.o)
 .debug_frame   0x00000528       0x88 c:/program files (x86)/atollic/truestudio for stm32 9.0.1/armtools/bin/../lib/gcc/arm-atollic-eabi/6.3.1/../../../../arm-atollic-eabi/lib/armv7e-m/fpu\libc_nano.a(lib_a-stdio.o)
 .debug_frame   0x000005b0       0x40 c:/program files (x86)/atollic/truestudio for stm32 9.0.1/armtools/bin/../lib/gcc/arm-atollic-eabi/6.3.1/../../../../arm-atollic-eabi/lib/armv7e-m/fpu\libc_nano.a(lib_a-wbuf.o)
 .debug_frame   0x000005f0       0x2c c:/program files (x86)/atollic/truestudio for stm32 9.0.1/armtools/bin/../lib/gcc/arm-atollic-eabi/6.3.1/../../../../arm-atollic-eabi/lib/armv7e-m/fpu\libc_nano.a(lib_a-writer.o)
 .debug_frame   0x0000061c       0x2c c:/program files (x86)/atollic/truestudio for stm32 9.0.1/armtools/bin/../lib/gcc/arm-atollic-eabi/6.3.1/../../../../arm-atollic-eabi/lib/armv7e-m/fpu\libc_nano.a(lib_a-wsetup.o)
 .debug_frame   0x00000648       0x2c c:/program files (x86)/atollic/truestudio for stm32 9.0.1/armtools/bin/../lib/gcc/arm-atollic-eabi/6.3.1/../../../../arm-atollic-eabi/lib/armv7e-m/fpu\libc_nano.a(lib_a-closer.o)
 .debug_frame   0x00000674       0x68 c:/program files (x86)/atollic/truestudio for stm32 9.0.1/armtools/bin/../lib/gcc/arm-atollic-eabi/6.3.1/../../../../arm-atollic-eabi/lib/armv7e-m/fpu\libc_nano.a(lib_a-fflush.o)
 .debug_frame   0x000006dc       0x2c c:/program files (x86)/atollic/truestudio for stm32 9.0.1/armtools/bin/../lib/gcc/arm-atollic-eabi/6.3.1/../../../../arm-atollic-eabi/lib/armv7e-m/fpu\libc_nano.a(lib_a-lseekr.o)
 .debug_frame   0x00000708       0x58 c:/program files (x86)/atollic/truestudio for stm32 9.0.1/armtools/bin/../lib/gcc/arm-atollic-eabi/6.3.1/../../../../arm-atollic-eabi/lib/armv7e-m/fpu\libc_nano.a(lib_a-makebuf.o)
 .debug_frame   0x00000760       0x2c c:/program files (x86)/atollic/truestudio for stm32 9.0.1/armtools/bin/../lib/gcc/arm-atollic-eabi/6.3.1/../../../../arm-atollic-eabi/lib/armv7e-m/fpu\libc_nano.a(lib_a-readr.o)
 .debug_frame   0x0000078c       0x2c c:/program files (x86)/atollic/truestudio for stm32 9.0.1/armtools/bin/../lib/gcc/arm-atollic-eabi/6.3.1/../../../../arm-atollic-eabi/lib/armv7e-m/fpu\libc_nano.a(lib_a-fstatr.o)
 .debug_frame   0x000007b8       0x2c c:/program files (x86)/atollic/truestudio for stm32 9.0.1/armtools/bin/../lib/gcc/arm-atollic-eabi/6.3.1/../../../../arm-atollic-eabi/lib/armv7e-m/fpu\libc_nano.a(lib_a-isattyr.o)
 .debug_frame   0x000007e4       0x2c c:/program files (x86)/atollic/truestudio for stm32 9.0.1/armtools/bin/../lib/gcc/arm-atollic-eabi/6.3.1/armv7e-m/fpu\libgcc.a(_aeabi_uldivmod.o)
 .debug_frame   0x00000810       0x34 c:/program files (x86)/atollic/truestudio for stm32 9.0.1/armtools/bin/../lib/gcc/arm-atollic-eabi/6.3.1/armv7e-m/fpu\libgcc.a(_udivmoddi4.o)
 .debug_frame   0x00000844       0x20 c:/program files (x86)/atollic/truestudio for stm32 9.0.1/armtools/bin/../lib/gcc/arm-atollic-eabi/6.3.1/../../../../arm-atollic-eabi/lib/armv7e-m/fpu\libnosys.a(close.o)
 .debug_frame   0x00000864       0x20 c:/program files (x86)/atollic/truestudio for stm32 9.0.1/armtools/bin/../lib/gcc/arm-atollic-eabi/6.3.1/../../../../arm-atollic-eabi/lib/armv7e-m/fpu\libnosys.a(fstat.o)
 .debug_frame   0x00000884       0x20 c:/program files (x86)/atollic/truestudio for stm32 9.0.1/armtools/bin/../lib/gcc/arm-atollic-eabi/6.3.1/../../../../arm-atollic-eabi/lib/armv7e-m/fpu\libnosys.a(isatty.o)
 .debug_frame   0x000008a4       0x20 c:/program files (x86)/atollic/truestudio for stm32 9.0.1/armtools/bin/../lib/gcc/arm-atollic-eabi/6.3.1/../../../../arm-atollic-eabi/lib/armv7e-m/fpu\libnosys.a(lseek.o)
 .debug_frame   0x000008c4       0x20 c:/program files (x86)/atollic/truestudio for stm32 9.0.1/armtools/bin/../lib/gcc/arm-atollic-eabi/6.3.1/../../../../arm-atollic-eabi/lib/armv7e-m/fpu\libnosys.a(read.o)
 .debug_frame   0x000008e4       0x20 c:/program files (x86)/atollic/truestudio for stm32 9.0.1/armtools/bin/../lib/gcc/arm-atollic-eabi/6.3.1/../../../../arm-atollic-eabi/lib/armv7e-m/fpu\libnosys.a(sbrk.o)
 .debug_frame   0x00000904       0x20 c:/program files (x86)/atollic/truestudio for stm32 9.0.1/armtools/bin/../lib/gcc/arm-atollic-eabi/6.3.1/../../../../arm-atollic-eabi/lib/armv7e-m/fpu\libnosys.a(write.o)

.stab           0x00000000       0x9c
 .stab          0x00000000       0x24 c:/program files (x86)/atollic/truestudio for stm32 9.0.1/armtools/bin/../lib/gcc/arm-atollic-eabi/6.3.1/../../../../arm-atollic-eabi/lib/armv7e-m/fpu\libnosys.a(close.o)
 .stab          0x00000024       0x18 c:/program files (x86)/atollic/truestudio for stm32 9.0.1/armtools/bin/../lib/gcc/arm-atollic-eabi/6.3.1/../../../../arm-atollic-eabi/lib/armv7e-m/fpu\libnosys.a(fstat.o)
                                 0x24 (size before relaxing)
 .stab          0x0000003c       0x18 c:/program files (x86)/atollic/truestudio for stm32 9.0.1/armtools/bin/../lib/gcc/arm-atollic-eabi/6.3.1/../../../../arm-atollic-eabi/lib/armv7e-m/fpu\libnosys.a(isatty.o)
                                 0x24 (size before relaxing)
 .stab          0x00000054       0x18 c:/program files (x86)/atollic/truestudio for stm32 9.0.1/armtools/bin/../lib/gcc/arm-atollic-eabi/6.3.1/../../../../arm-atollic-eabi/lib/armv7e-m/fpu\libnosys.a(lseek.o)
                                 0x24 (size before relaxing)
 .stab          0x0000006c       0x18 c:/program files (x86)/atollic/truestudio for stm32 9.0.1/armtools/bin/../lib/gcc/arm-atollic-eabi/6.3.1/../../../../arm-atollic-eabi/lib/armv7e-m/fpu\libnosys.a(read.o)
                                 0x24 (size before relaxing)
 .stab          0x00000084       0x18 c:/program files (x86)/atollic/truestudio for stm32 9.0.1/armtools/bin/../lib/gcc/arm-atollic-eabi/6.3.1/../../../../arm-atollic-eabi/lib/armv7e-m/fpu\libnosys.a(write.o)
                                 0x24 (size before relaxing)

.stabstr        0x00000000      0x14d
 .stabstr       0x00000000      0x14d c:/program files (x86)/atollic/truestudio for stm32 9.0.1/armtools/bin/../lib/gcc/arm-atollic-eabi/6.3.1/../../../../arm-atollic-eabi/lib/armv7e-m/fpu\libnosys.a(close.o)
