Archive member included to satisfy reference by file (symbol)

c:/program files (x86)/atollic/truestudio for stm32 9.0.1/armtools/bin/../lib/gcc/arm-atollic-eabi/6.3.1/../../../../arm-atollic-eabi/lib/armv7e-m/fpu\libc_nano.a(lib_a-init.o)
                              startup\startup_stm32f446xx.o (__libc_init_array)
c:/program files (x86)/atollic/truestudio for stm32 9.0.1/armtools/bin/../lib/gcc/arm-atollic-eabi/6.3.1/../../../../arm-atollic-eabi/lib/armv7e-m/fpu\libc_nano.a(lib_a-malloc.o)
                              Middlewares\ST\STM32_USB_Host_Library\Class\HID\Src\usbh_hid.o (malloc)
c:/program files (x86)/atollic/truestudio for stm32 9.0.1/armtools/bin/../lib/gcc/arm-atollic-eabi/6.3.1/../../../../arm-atollic-eabi/lib/armv7e-m/fpu\libc_nano.a(lib_a-memcpy-stub.o)
                              Src\main.o (memcpy)
c:/program files (x86)/atollic/truestudio for stm32 9.0.1/armtools/bin/../lib/gcc/arm-atollic-eabi/6.3.1/../../../../arm-atollic-eabi/lib/armv7e-m/fpu\libc_nano.a(lib_a-memset.o)
                              Middlewares\ST\STM32_USB_Host_Library\Class\HID\Src\usbh_hid_ds3.o (memset)
c:/program files (x86)/atollic/truestudio for stm32 9.0.1/armtools/bin/../lib/gcc/arm-atollic-eabi/6.3.1/../../../../arm-atollic-eabi/lib/armv7e-m/fpu\libc_nano.a(lib_a-nano-freer.o)
                              c:/program files (x86)/atollic/truestudio for stm32 9.0.1/armtools/bin/../lib/gcc/arm-atollic-eabi/6.3.1/../../../../arm-atollic-eabi/lib/armv7e-m/fpu\libc_nano.a(lib_a-malloc.o) (_free_r)
c:/program files (x86)/atollic/truestudio for stm32 9.0.1/armtools/bin/../lib/gcc/arm-atollic-eabi/6.3.1/../../../../arm-atollic-eabi/lib/armv7e-m/fpu\libc_nano.a(lib_a-nano-mallocr.o)
                              c:/program files (x86)/atollic/truestudio for stm32 9.0.1/armtools/bin/../lib/gcc/arm-atollic-eabi/6.3.1/../../../../arm-atollic-eabi/lib/armv7e-m/fpu\libc_nano.a(lib_a-malloc.o) (_malloc_r)
c:/program files (x86)/atollic/truestudio for stm32 9.0.1/armtools/bin/../lib/gcc/arm-atollic-eabi/6.3.1/../../../../arm-atollic-eabi/lib/armv7e-m/fpu\libc_nano.a(lib_a-sbrkr.o)
                              c:/program files (x86)/atollic/truestudio for stm32 9.0.1/armtools/bin/../lib/gcc/arm-atollic-eabi/6.3.1/../../../../arm-atollic-eabi/lib/armv7e-m/fpu\libc_nano.a(lib_a-nano-mallocr.o) (_sbrk_r)
c:/program files (x86)/atollic/truestudio for stm32 9.0.1/armtools/bin/../lib/gcc/arm-atollic-eabi/6.3.1/../../../../arm-atollic-eabi/lib/armv7e-m/fpu\libc_nano.a(lib_a-impure.o)
                              c:/program files (x86)/atollic/truestudio for stm32 9.0.1/armtools/bin/../lib/gcc/arm-atollic-eabi/6.3.1/../../../../arm-atollic-eabi/lib/armv7e-m/fpu\libc_nano.a(lib_a-malloc.o) (_impure_ptr)
c:/program files (x86)/atollic/truestudio for stm32 9.0.1/armtools/bin/../lib/gcc/arm-atollic-eabi/6.3.1/../../../../arm-atollic-eabi/lib/armv7e-m/fpu\libc_nano.a(lib_a-mlock.o)
                              c:/program files (x86)/atollic/truestudio for stm32 9.0.1/armtools/bin/../lib/gcc/arm-atollic-eabi/6.3.1/../../../../arm-atollic-eabi/lib/armv7e-m/fpu\libc_nano.a(lib_a-nano-freer.o) (__malloc_lock)
c:/program files (x86)/atollic/truestudio for stm32 9.0.1/armtools/bin/../lib/gcc/arm-atollic-eabi/6.3.1/../../../../arm-atollic-eabi/lib/armv7e-m/fpu\libc_nano.a(lib_a-reent.o)
                              c:/program files (x86)/atollic/truestudio for stm32 9.0.1/armtools/bin/../lib/gcc/arm-atollic-eabi/6.3.1/../../../../arm-atollic-eabi/lib/armv7e-m/fpu\libc_nano.a(lib_a-sbrkr.o) (errno)
c:/program files (x86)/atollic/truestudio for stm32 9.0.1/armtools/bin/../lib/gcc/arm-atollic-eabi/6.3.1/armv7e-m/fpu\libgcc.a(_aeabi_uldivmod.o)
                              Drivers\STM32F4xx_HAL_Driver\Src\stm32f4xx_hal_rcc.o (__aeabi_uldivmod)
c:/program files (x86)/atollic/truestudio for stm32 9.0.1/armtools/bin/../lib/gcc/arm-atollic-eabi/6.3.1/armv7e-m/fpu\libgcc.a(_udivmoddi4.o)
                              c:/program files (x86)/atollic/truestudio for stm32 9.0.1/armtools/bin/../lib/gcc/arm-atollic-eabi/6.3.1/armv7e-m/fpu\libgcc.a(_aeabi_uldivmod.o) (__udivmoddi4)
c:/program files (x86)/atollic/truestudio for stm32 9.0.1/armtools/bin/../lib/gcc/arm-atollic-eabi/6.3.1/armv7e-m/fpu\libgcc.a(_dvmd_tls.o)
                              c:/program files (x86)/atollic/truestudio for stm32 9.0.1/armtools/bin/../lib/gcc/arm-atollic-eabi/6.3.1/armv7e-m/fpu\libgcc.a(_aeabi_uldivmod.o) (__aeabi_ldiv0)
c:/program files (x86)/atollic/truestudio for stm32 9.0.1/armtools/bin/../lib/gcc/arm-atollic-eabi/6.3.1/../../../../arm-atollic-eabi/lib/armv7e-m/fpu\libnosys.a(sbrk.o)
                              c:/program files (x86)/atollic/truestudio for stm32 9.0.1/armtools/bin/../lib/gcc/arm-atollic-eabi/6.3.1/../../../../arm-atollic-eabi/lib/armv7e-m/fpu\libc_nano.a(lib_a-sbrkr.o) (_sbrk)

Allocating common symbols
Common symbol       size              file

[...]
Memory Configuration

Name             Origin             Length             Attributes
RAM              0x20000000         0x00020000         xrw
FLASH            0x08000000         0x00080000         xr
*default*        0x00000000         0xffffffff

Linker script and memory map

LOAD c:/program files (x86)/atollic/truestudio for stm32 9.0.1/armtools/bin/../lib/gcc/arm-atollic-eabi/6.3.1/armv7e-m/fpu/crti.o
LOAD c:/program files (x86)/atollic/truestudio for stm32 9.0.1/armtools/bin/../lib/gcc/arm-atollic-eabi/6.3.1/armv7e-m/fpu/crtbegin.o
LOAD Drivers\STM32F4xx_HAL_Driver\Src\stm32f4xx_hal.o
LOAD Drivers\STM32F4xx_HAL_Driver\Src\stm32f4xx_hal_cortex.o
LOAD Drivers\STM32F4xx_HAL_Driver\Src\stm32f4xx_hal_dma.o
LOAD Drivers\STM32F4xx_HAL_Driver\Src\stm32f4xx_hal_dma_ex.o
LOAD Drivers\STM32F4xx_HAL_Driver\Src\stm32f4xx_hal_flash.o
LOAD Drivers\STM32F4xx_HAL_Driver\Src\stm32f4xx_hal_flash_ex.o
LOAD Drivers\STM32F4xx_HAL_Driver\Src\stm32f4xx_hal_flash_ramfunc.o
LOAD Drivers\STM32F4xx_HAL_Driver\Src\stm32f4xx_hal_gpio.o
LOAD Drivers\STM32F4xx_HAL_Driver\Src\stm32f4xx_hal_hcd.o
LOAD Drivers\STM32F4xx_HAL_Driver\Src\stm32f4xx_hal_pwr.o
LOAD Drivers\STM32F4xx_HAL_Driver\Src\stm32f4xx_hal_pwr_ex.o
LOAD Drivers\STM32F4xx_HAL_Driver\Src\stm32f4xx_hal_rcc.o
LOAD Drivers\STM32F4xx_HAL_Driver\Src\stm32f4xx_hal_rcc_ex.o
LOAD Drivers\STM32F4xx_HAL_Driver\Src\stm32f4xx_hal_tim.o
LOAD Drivers\STM32F4xx_HAL_Driver\Src\stm32f4xx_hal_tim_ex.o
LOAD Drivers\STM32F4xx_HAL_Driver\Src\stm32f4xx_hal_uart.o
LOAD Drivers\STM32F4xx_HAL_Driver\Src\stm32f4xx_ll_usb.o
LOAD Middlewares\ST\STM32_USB_Host_Library\Class\HID\Src\usbh_hid.o
LOAD Middlewares\ST\STM32_USB_Host_Library\Class\HID\Src\usbh_hid_ds3.o
LOAD Middlewares\ST\STM32_USB_Host_Library\Class\HID\Src\usbh_hid_keybd.o
LOAD Middlewares\ST\STM32_USB_Host_Library\Class\HID\Src\usbh_hid_mouse.o
LOAD Middlewares\ST\STM32_USB_Host_Library\Class\HID\Src\usbh_hid_parser.o
LOAD Middlewares\ST\STM32_USB_Host_Library\Class\XPAD\Src\usbh_xpad.o
LOAD Middlewares\ST\STM32_USB_Host_Library\Core\Src\usbh_core.o
LOAD Middlewares\ST\STM32_USB_Host_Library\Core\Src\usbh_ctlreq.o
LOAD Middlewares\ST\STM32_USB_Host_Library\Core\Src\usbh_ioreq.o
LOAD Middlewares\ST\STM32_USB_Host_Library\Core\Src\usbh_pipes.o
LOAD Src\main.o
LOAD Src\my_wait_us_asm.o
LOAD Src\stm32f4xx_hal_msp.o
LOAD Src\stm32f4xx_it.o
LOAD Src\system_stm32f4xx.o
LOAD Src\usb_host.o
LOAD Src\usbh_conf.o
LOAD startup\startup_stm32f446xx.o
                0x00000080                malloc_getpagesize_P = 0x80
START GROUP
LOAD c:/program files (x86)/atollic/truestudio for stm32 9.0.1/armtools/bin/../lib/gcc/arm-atollic-eabi/6.3.1/../../../../arm-atollic-eabi/lib/armv7e-m/fpu\libc_nano.a
LOAD c:/program files (x86)/atollic/truestudio for stm32 9.0.1/armtools/bin/../lib/gcc/arm-atollic-eabi/6.3.1/../../../../arm-atollic-eabi/lib/armv7e-m/fpu\libm.a
END GROUP
START GROUP
LOAD c:/program files (x86)/atollic/truestudio for stm32 9.0.1/armtools/bin/../lib/gcc/arm-atollic-eabi/6.3.1/armv7e-m/fpu\libgcc.a
LOAD c:/program files (x86)/atollic/truestudio for stm32 9.0.1/armtools/bin/../lib/gcc/arm-atollic-eabi/6.3.1/../../../../arm-atollic-eabi/lib/armv7e-m/fpu\libc_nano.a
END GROUP
START GROUP
LOAD c:/program files (x86)/atollic/truestudio for stm32 9.0.1/armtools/bin/../lib/gcc/arm-atollic-eabi/6.3.1/armv7e-m/fpu\libgcc.a
LOAD c:/program files (x86)/atollic/truestudio for stm32 9.0.1/armtools/bin/../lib/gcc/arm-atollic-eabi/6.3.1/../../../../arm-atollic-eabi/lib/armv7e-m/fpu\libc_nano.a
LOAD c:/program files (x86)/atollic/truestudio for stm32 9.0.1/armtools/bin/../lib/gcc/arm-atollic-eabi/6.3.1/../../../../arm-atollic-eabi/lib/armv7e-m/fpu\libnosys.a
END GROUP
START GROUP
LOAD c:/program files (x86)/atollic/truestudio for stm32 9.0.1/armtools/bin/../lib/gcc/arm-atollic-eabi/6.3.1/armv7e-m/fpu\libgcc.a
LOAD c:/program files (x86)/atollic/truestudio for stm32 9.0.1/armtools/bin/../lib/gcc/arm-atollic-eabi/6.3.1/../../../../arm-atollic-eabi/lib/armv7e-m/fpu\libc_nano.a
LOAD c:/program files (x86)/atollic/truestudio for stm32 9.0.1/armtools/bin/../lib/gcc/arm-atollic-eabi/6.3.1/../../../../arm-atollic-eabi/lib/armv7e-m/fpu\libnosys.a
END GROUP
LOAD c:/program files (x86)/atollic/truestudio for stm32 9.0.1/armtools/bin/../lib/gcc/arm-atollic-eabi/6.3.1/armv7e-m/fpu/crtend.o
LOAD c:/program files (x86)/atollic/truestudio for stm32 9.0.1/armtools/bin/../lib/gcc/arm-atollic-eabi/6.3.1/armv7e-m/fpu/crtn.o
                0x20020000                _estack = 0x20020000
                0x00000200                _Min_Heap_Size = 0x200
                0x00000400                _Min_Stack_Size = 0x400

.isr_vector     0x08000000      0x1c4
                0x08000000                . = ALIGN (0x4)
 *(.isr_vector)
 .isr_vector    0x08000000      0x1c4 startup\startup_stm32f446xx.o
                0x08000000                g_pfnVectors
                0x080001c4                . = ALIGN (0x4)

.text           0x080001c4     0x6b18
                0x080001c4                . = ALIGN (0x4)
 *(.text)
 .text          0x080001c4       0x40 c:/program files (x86)/atollic/truestudio for stm32 9.0.1/armtools/bin/../lib/gcc/arm-atollic-eabi/6.3.1/armv7e-m/fpu/crtbegin.o
 .text          0x08000204      0x2a0 Src\my_wait_us_asm.o
                0x08000204                my_wait_us_asm
 .text          0x080004a4       0x30 c:/program files (x86)/atollic/truestudio for stm32 9.0.1/armtools/bin/../lib/gcc/arm-atollic-eabi/6.3.1/armv7e-m/fpu\libgcc.a(_aeabi_uldivmod.o)
                0x080004a4                __aeabi_uldivmod
 .text          0x080004d4      0x2dc c:/program files (x86)/atollic/truestudio for stm32 9.0.1/armtools/bin/../lib/gcc/arm-atollic-eabi/6.3.1/armv7e-m/fpu\libgcc.a(_udivmoddi4.o)
                0x080004d4                __udivmoddi4
 .text          0x080007b0        0x4 c:/program files (x86)/atollic/truestudio for stm32 9.0.1/armtools/bin/../lib/gcc/arm-atollic-eabi/6.3.1/armv7e-m/fpu\libgcc.a(_dvmd_tls.o)
                0x080007b0                __aeabi_idiv0
                0x080007b0                __aeabi_ldiv0
 *(.text*)
 .text.HAL_InitTick
                0x080007b4       0x48 Drivers\STM32F4xx_HAL_Driver\Src\stm32f4xx_hal.o
                0x080007b4                HAL_InitTick
 .text.HAL_Init
                0x080007fc       0x34 Drivers\STM32F4xx_HAL_Driver\Src\stm32f4xx_hal.o
                0x080007fc                HAL_Init
 .text.HAL_IncTick
                0x08000830       0x18 Drivers\STM32F4xx_HAL_Driver\Src\stm32f4xx_hal.o
                0x08000830                HAL_IncTick
 .text.HAL_GetTick
                0x08000848        0xc Drivers\STM32F4xx_HAL_Driver\Src\stm32f4xx_hal.o
                0x08000848                HAL_GetTick
 .text.HAL_Delay
                0x08000854       0x24 Drivers\STM32F4xx_HAL_Driver\Src\stm32f4xx_hal.o
                0x08000854                HAL_Delay
 .text.HAL_NVIC_SetPriorityGrouping
                0x08000878       0x24 Drivers\STM32F4xx_HAL_Driver\Src\stm32f4xx_hal_cortex.o
                0x08000878                HAL_NVIC_SetPriorityGrouping
 .text.HAL_NVIC_SetPriority
                0x0800089c       0x6c Drivers\STM32F4xx_HAL_Driver\Src\stm32f4xx_hal_cortex.o
                0x0800089c                HAL_NVIC_SetPriority
 .text.HAL_NVIC_EnableIRQ
                0x08000908       0x18 Drivers\STM32F4xx_HAL_Driver\Src\stm32f4xx_hal_cortex.o
                0x08000908                HAL_NVIC_EnableIRQ
 .text.HAL_SYSTICK_Config
                0x08000920       0x34 Drivers\STM32F4xx_HAL_Driver\Src\stm32f4xx_hal_cortex.o
                0x08000920                HAL_SYSTICK_Config
 .text.HAL_SYSTICK_CLKSourceConfig
                0x08000954       0x18 Drivers\STM32F4xx_HAL_Driver\Src\stm32f4xx_hal_cortex.o
                0x08000954                HAL_SYSTICK_CLKSourceConfig
 .text.HAL_SYSTICK_Callback
                0x0800096c        0x4 Drivers\STM32F4xx_HAL_Driver\Src\stm32f4xx_hal_cortex.o
                0x0800096c                HAL_SYSTICK_Callback
 .text.HAL_SYSTICK_IRQHandler
                0x08000970        0x8 Drivers\STM32F4xx_HAL_Driver\Src\stm32f4xx_hal_cortex.o
                0x08000970                HAL_SYSTICK_IRQHandler
 .text.FLASH_SetErrorCode
                0x08000978       0x90 Drivers\STM32F4xx_HAL_Driver\Src\stm32f4xx_hal_flash.o
 .text.HAL_FLASH_Program
                0x08000a08      0x144 Drivers\STM32F4xx_HAL_Driver\Src\stm32f4xx_hal_flash.o
                0x08000a08                HAL_FLASH_Program
 .text.HAL_FLASH_Unlock
                0x08000b4c       0x28 Drivers\STM32F4xx_HAL_Driver\Src\stm32f4xx_hal_flash.o
                0x08000b4c                HAL_FLASH_Unlock
 .text.HAL_FLASH_Lock
                0x08000b74       0x14 Drivers\STM32F4xx_HAL_Driver\Src\stm32f4xx_hal_flash.o
                0x08000b74                HAL_FLASH_Lock
 .text.FLASH_WaitForLastOperation
                0x08000b88       0x5c Drivers\STM32F4xx_HAL_Driver\Src\stm32f4xx_hal_flash.o
                0x08000b88                FLASH_WaitForLastOperation
 .text.HAL_FLASHEx_Erase
                0x08000be4      0x158 Drivers\STM32F4xx_HAL_Driver\Src\stm32f4xx_hal_flash_ex.o
                0x08000be4                HAL_FLASHEx_Erase
 .text.HAL_GPIO_Init
                0x08000d3c      0x210 Drivers\STM32F4xx_HAL_Driver\Src\stm32f4xx_hal_gpio.o
                0x08000d3c                HAL_GPIO_Init
 .text.HAL_GPIO_WritePin
                0x08000f4c        0x8 Drivers\STM32F4xx_HAL_Driver\Src\stm32f4xx_hal_gpio.o
                0x08000f4c                HAL_GPIO_WritePin
 .text.HAL_GPIO_EXTI_Callback
                0x08000f54        0x4 Drivers\STM32F4xx_HAL_Driver\Src\stm32f4xx_hal_gpio.o
                0x08000f54                HAL_GPIO_EXTI_Callback
 .text.HAL_GPIO_EXTI_IRQHandler
                0x08000f58       0x18 Drivers\STM32F4xx_HAL_Driver\Src\stm32f4xx_hal_gpio.o
                0x08000f58                HAL_GPIO_EXTI_IRQHandler
 .text.HAL_HCD_HC_Init
                0x08000f70       0x70 Drivers\STM32F4xx_HAL_Driver\Src\stm32f4xx_hal_hcd.o
                0x08000f70                HAL_HCD_HC_Init
 .text.HAL_HCD_HC_Halt
                0x08000fe0       0x24 Drivers\STM32F4xx_HAL_Driver\Src\stm32f4xx_hal_hcd.o
                0x08000fe0                HAL_HCD_HC_Halt
 .text.HAL_HCD_Init
                0x08001004       0x80 Drivers\STM32F4xx_HAL_Driver\Src\stm32f4xx_hal_hcd.o
                0x08001004                HAL_HCD_Init
 .text.HAL_HCD_HC_SubmitRequest
                0x08001084      0x110 Drivers\STM32F4xx_HAL_Driver\Src\stm32f4xx_hal_hcd.o
                0x08001084                HAL_HCD_HC_SubmitRequest
 .text.HAL_HCD_IRQHandler
                0x08001194      0x72c Drivers\STM32F4xx_HAL_Driver\Src\stm32f4xx_hal_hcd.o
                0x08001194                HAL_HCD_IRQHandler
 .text.HAL_HCD_Start
                0x080018c0       0x2c Drivers\STM32F4xx_HAL_Driver\Src\stm32f4xx_hal_hcd.o
                0x080018c0                HAL_HCD_Start
 .text.HAL_HCD_Stop
                0x080018ec       0x24 Drivers\STM32F4xx_HAL_Driver\Src\stm32f4xx_hal_hcd.o
                0x080018ec                HAL_HCD_Stop
 .text.HAL_HCD_ResetPort
                0x08001910        0x8 Drivers\STM32F4xx_HAL_Driver\Src\stm32f4xx_hal_hcd.o
                0x08001910                HAL_HCD_ResetPort
 .text.HAL_HCD_HC_GetURBState
                0x08001918       0x10 Drivers\STM32F4xx_HAL_Driver\Src\stm32f4xx_hal_hcd.o
                0x08001918                HAL_HCD_HC_GetURBState
 .text.HAL_HCD_GetCurrentFrame
                0x08001928        0x8 Drivers\STM32F4xx_HAL_Driver\Src\stm32f4xx_hal_hcd.o
                0x08001928                HAL_HCD_GetCurrentFrame
 .text.HAL_HCD_GetCurrentSpeed
                0x08001930        0x8 Drivers\STM32F4xx_HAL_Driver\Src\stm32f4xx_hal_hcd.o
                0x08001930                HAL_HCD_GetCurrentSpeed
 .text.HAL_RCC_ClockConfig
                0x08001938      0x134 Drivers\STM32F4xx_HAL_Driver\Src\stm32f4xx_hal_rcc.o
                0x08001938                HAL_RCC_ClockConfig
 .text.HAL_RCC_GetHCLKFreq
                0x08001a6c        0xc Drivers\STM32F4xx_HAL_Driver\Src\stm32f4xx_hal_rcc.o
                0x08001a6c                HAL_RCC_GetHCLKFreq
 .text.HAL_RCC_GetPCLK1Freq
                0x08001a78       0x20 Drivers\STM32F4xx_HAL_Driver\Src\stm32f4xx_hal_rcc.o
                0x08001a78                HAL_RCC_GetPCLK1Freq
 .text.HAL_RCC_GetPCLK2Freq
                0x08001a98       0x20 Drivers\STM32F4xx_HAL_Driver\Src\stm32f4xx_hal_rcc.o
                0x08001a98                HAL_RCC_GetPCLK2Freq
 .text.HAL_RCCEx_PeriphCLKConfig
                0x08001ab8      0x438 Drivers\STM32F4xx_HAL_Driver\Src\stm32f4xx_hal_rcc_ex.o
                0x08001ab8                HAL_RCCEx_PeriphCLKConfig
 .text.HAL_RCC_GetSysClockFreq
                0x08001ef0       0xb0 Drivers\STM32F4xx_HAL_Driver\Src\stm32f4xx_hal_rcc_ex.o
                0x08001ef0                HAL_RCC_GetSysClockFreq
 .text.HAL_RCC_OscConfig
                0x08001fa0      0x3ac Drivers\STM32F4xx_HAL_Driver\Src\stm32f4xx_hal_rcc_ex.o
                0x08001fa0                HAL_RCC_OscConfig
 .text.UART_SetConfig
                0x0800234c      0x300 Drivers\STM32F4xx_HAL_Driver\Src\stm32f4xx_hal_uart.o
 .text.HAL_UART_Init
                0x0800264c       0x60 Drivers\STM32F4xx_HAL_Driver\Src\stm32f4xx_hal_uart.o
                0x0800264c                HAL_UART_Init
 .text.USB_CoreInit
                0x080026ac       0xb8 Drivers\STM32F4xx_HAL_Driver\Src\stm32f4xx_ll_usb.o
                0x080026ac                USB_CoreInit
 .text.USB_EnableGlobalInt
                0x08002764       0x10 Drivers\STM32F4xx_HAL_Driver\Src\stm32f4xx_ll_usb.o
                0x08002764                USB_EnableGlobalInt
 .text.USB_DisableGlobalInt
                0x08002774       0x10 Drivers\STM32F4xx_HAL_Driver\Src\stm32f4xx_ll_usb.o
                0x08002774                USB_DisableGlobalInt
 .text.USB_SetCurrentMode
                0x08002784       0x34 Drivers\STM32F4xx_HAL_Driver\Src\stm32f4xx_ll_usb.o
                0x08002784                USB_SetCurrentMode
 .text.USB_FlushTxFifo
                0x080027b8       0x24 Drivers\STM32F4xx_HAL_Driver\Src\stm32f4xx_ll_usb.o
                0x080027b8                USB_FlushTxFifo
 .text.USB_FlushRxFifo
                0x080027dc       0x20 Drivers\STM32F4xx_HAL_Driver\Src\stm32f4xx_ll_usb.o
                0x080027dc                USB_FlushRxFifo
 .text.USB_WritePacket
                0x080027fc       0x2c Drivers\STM32F4xx_HAL_Driver\Src\stm32f4xx_ll_usb.o
                0x080027fc                USB_WritePacket
 .text.USB_ReadPacket
                0x08002828       0x1c Drivers\STM32F4xx_HAL_Driver\Src\stm32f4xx_ll_usb.o
                0x08002828                USB_ReadPacket
 .text.USB_ReadInterrupts
                0x08002844        0x8 Drivers\STM32F4xx_HAL_Driver\Src\stm32f4xx_ll_usb.o
                0x08002844                USB_ReadInterrupts
 .text.USB_GetMode
                0x0800284c        0x8 Drivers\STM32F4xx_HAL_Driver\Src\stm32f4xx_ll_usb.o
                0x0800284c                USB_GetMode
 .text.USB_HostInit
                0x08002854      0x110 Drivers\STM32F4xx_HAL_Driver\Src\stm32f4xx_ll_usb.o
                0x08002854                USB_HostInit
 .text.USB_InitFSLSPClkSel
                0x08002964       0x3c Drivers\STM32F4xx_HAL_Driver\Src\stm32f4xx_ll_usb.o
                0x08002964                USB_InitFSLSPClkSel
 .text.USB_ResetPort
                0x080029a0       0x34 Drivers\STM32F4xx_HAL_Driver\Src\stm32f4xx_ll_usb.o
                0x080029a0                USB_ResetPort
 .text.USB_DriveVbus
                0x080029d4       0x44 Drivers\STM32F4xx_HAL_Driver\Src\stm32f4xx_ll_usb.o
                0x080029d4                USB_DriveVbus
 .text.USB_GetHostSpeed
                0x08002a18       0x14 Drivers\STM32F4xx_HAL_Driver\Src\stm32f4xx_ll_usb.o
                0x08002a18                USB_GetHostSpeed
 .text.USB_GetCurrentFrame
                0x08002a2c        0xc Drivers\STM32F4xx_HAL_Driver\Src\stm32f4xx_ll_usb.o
                0x08002a2c                USB_GetCurrentFrame
 .text.USB_HC_Init
                0x08002a38      0x104 Drivers\STM32F4xx_HAL_Driver\Src\stm32f4xx_ll_usb.o
                0x08002a38                USB_HC_Init
 .text.USB_HC_StartXfer
                0x08002b3c      0x27c Drivers\STM32F4xx_HAL_Driver\Src\stm32f4xx_ll_usb.o
                0x08002b3c                USB_HC_StartXfer
 .text.USB_HC_ReadInterrupt
                0x08002db8       0x20 Drivers\STM32F4xx_HAL_Driver\Src\stm32f4xx_ll_usb.o
                0x08002db8                USB_HC_ReadInterrupt
 .text.USB_HC_Halt
                0x08002dd8      0x1d4 Drivers\STM32F4xx_HAL_Driver\Src\stm32f4xx_ll_usb.o
                0x08002dd8                USB_HC_Halt
 .text.USB_DoPing
                0x08002fac       0x78 Drivers\STM32F4xx_HAL_Driver\Src\stm32f4xx_ll_usb.o
                0x08002fac                USB_DoPing
 .text.USB_StopHost
                0x08003024      0x108 Drivers\STM32F4xx_HAL_Driver\Src\stm32f4xx_ll_usb.o
                0x08003024                USB_StopHost
 .text.USBH_HID_SOFProcess
                0x0800312c       0x24 Middlewares\ST\STM32_USB_Host_Library\Class\HID\Src\usbh_hid.o
 .text.USBH_HID_InterfaceDeInit
                0x08003150       0x54 Middlewares\ST\STM32_USB_Host_Library\Class\HID\Src\usbh_hid.o
 .text.USBH_HID_InterfaceInit
                0x080031a4      0x170 Middlewares\ST\STM32_USB_Host_Library\Class\HID\Src\usbh_hid.o
 .text.USBH_HID_ClassRequest
                0x08003314      0x170 Middlewares\ST\STM32_USB_Host_Library\Class\HID\Src\usbh_hid.o
 .text.fifo_init
                0x08003484       0x10 Middlewares\ST\STM32_USB_Host_Library\Class\HID\Src\usbh_hid.o
                0x08003484                fifo_init
 .text.fifo_read
                0x08003494       0x60 Middlewares\ST\STM32_USB_Host_Library\Class\HID\Src\usbh_hid.o
                0x08003494                fifo_read
 .text.USBH_HID_EventCallback
                0x080034f4      0x5a8 Middlewares\ST\STM32_USB_Host_Library\Class\HID\Src\usbh_hid.o
                0x080034f4                USBH_HID_EventCallback
 .text.USBH_HID_Process
                0x08003a9c      0x16c Middlewares\ST\STM32_USB_Host_Library\Class\HID\Src\usbh_hid.o
 .text.USBH_HID_DS3Init
                0x08003c08       0x48 Middlewares\ST\STM32_USB_Host_Library\Class\HID\Src\usbh_hid_ds3.o
                0x08003c08                USBH_HID_DS3Init
 .text.USBH_HID_GetDS3Info
                0x08003c50       0x4c Middlewares\ST\STM32_USB_Host_Library\Class\HID\Src\usbh_hid_ds3.o
                0x08003c50                USBH_HID_GetDS3Info
 .text.USBH_HID_GetDS3ButtonsAndTriggers
                0x08003c9c       0x88 Middlewares\ST\STM32_USB_Host_Library\Class\HID\Src\usbh_hid_ds3.o
                0x08003c9c                USBH_HID_GetDS3ButtonsAndTriggers
 .text.USBH_HID_KeybdInit
                0x08003d24       0x40 Middlewares\ST\STM32_USB_Host_Library\Class\HID\Src\usbh_hid_keybd.o
                0x08003d24                USBH_HID_KeybdInit
 .text.USBH_HID_GetKeybdInfo
                0x08003d64       0xbc Middlewares\ST\STM32_USB_Host_Library\Class\HID\Src\usbh_hid_keybd.o
                0x08003d64                USBH_HID_GetKeybdInfo
 .text.USBH_HID_MouseInit
                0x08003e20       0x44 Middlewares\ST\STM32_USB_Host_Library\Class\HID\Src\usbh_hid_mouse.o
                0x08003e20                USBH_HID_MouseInit
 .text.HID_ReadItem
                0x08003e64       0x88 Middlewares\ST\STM32_USB_Host_Library\Class\HID\Src\usbh_hid_parser.o
                0x08003e64                HID_ReadItem
 .text.USBH_XPAD_SOFProcess
                0x08003eec        0x4 Middlewares\ST\STM32_USB_Host_Library\Class\XPAD\Src\usbh_xpad.o
 .text.USBH_XPAD_Start
                0x08003ef0       0xcc Middlewares\ST\STM32_USB_Host_Library\Class\XPAD\Src\usbh_xpad.o
 .text.USBH_XPAD_InterfaceDeInit
                0x08003fbc       0x5c Middlewares\ST\STM32_USB_Host_Library\Class\XPAD\Src\usbh_xpad.o
 .text.USBH_XPAD_InterfaceInit
                0x08004018      0x154 Middlewares\ST\STM32_USB_Host_Library\Class\XPAD\Src\usbh_xpad.o
 .text.USBH_XPAD_ClassRequest
                0x0800416c        0x4 Middlewares\ST\STM32_USB_Host_Library\Class\XPAD\Src\usbh_xpad.o
 .text.parseMessage
                0x08004170      0x530 Middlewares\ST\STM32_USB_Host_Library\Class\XPAD\Src\usbh_xpad.o
                0x08004170                parseMessage
 .text.USBH_XPAD_Process
                0x080046a0      0x190 Middlewares\ST\STM32_USB_Host_Library\Class\XPAD\Src\usbh_xpad.o
 .text.USBH_Init
                0x08004830       0x60 Middlewares\ST\STM32_USB_Host_Library\Core\Src\usbh_core.o
                0x08004830                USBH_Init
 .text.USBH_RegisterClass
                0x08004890       0x20 Middlewares\ST\STM32_USB_Host_Library\Core\Src\usbh_core.o
                0x08004890                USBH_RegisterClass
 .text.USBH_SelectInterface
                0x080048b0       0x14 Middlewares\ST\STM32_USB_Host_Library\Core\Src\usbh_core.o
                0x080048b0                USBH_SelectInterface
 .text.USBH_FindInterface
                0x080048c4      0x1d0 Middlewares\ST\STM32_USB_Host_Library\Core\Src\usbh_core.o
                0x080048c4                USBH_FindInterface
 .text.USBH_Start
                0x08004a94       0x14 Middlewares\ST\STM32_USB_Host_Library\Core\Src\usbh_core.o
                0x08004a94                USBH_Start
 .text.USBH_Process
                0x08004aa8      0x2b0 Middlewares\ST\STM32_USB_Host_Library\Core\Src\usbh_core.o
                0x08004aa8                USBH_Process
 .text.USBH_LL_SetTimer
                0x08004d58        0x8 Middlewares\ST\STM32_USB_Host_Library\Core\Src\usbh_core.o
                0x08004d58                USBH_LL_SetTimer
 .text.USBH_LL_IncTimer
                0x08004d60       0x20 Middlewares\ST\STM32_USB_Host_Library\Core\Src\usbh_core.o
                0x08004d60                USBH_LL_IncTimer
 .text.USBH_LL_Connect
                0x08004d80       0x28 Middlewares\ST\STM32_USB_Host_Library\Core\Src\usbh_core.o
                0x08004d80                USBH_LL_Connect
 .text.USBH_LL_Disconnect
                0x08004da8       0x38 Middlewares\ST\STM32_USB_Host_Library\Core\Src\usbh_core.o
                0x08004da8                USBH_LL_Disconnect
 .text.USBH_Get_DevDesc
                0x08004de0      0x234 Middlewares\ST\STM32_USB_Host_Library\Core\Src\usbh_ctlreq.o
                0x08004de0                USBH_Get_DevDesc
 .text.USBH_Get_CfgDesc
                0x08005014      0x2f4 Middlewares\ST\STM32_USB_Host_Library\Core\Src\usbh_ctlreq.o
                0x08005014                USBH_Get_CfgDesc
 .text.USBH_Get_StringDesc
                0x08005308      0x20c Middlewares\ST\STM32_USB_Host_Library\Core\Src\usbh_ctlreq.o
                0x08005308                USBH_Get_StringDesc
 .text.USBH_GetDescriptor
                0x08005514      0x1bc Middlewares\ST\STM32_USB_Host_Library\Core\Src\usbh_ctlreq.o
                0x08005514                USBH_GetDescriptor
 .text.USBH_SetAddress
                0x080056d0      0x1ac Middlewares\ST\STM32_USB_Host_Library\Core\Src\usbh_ctlreq.o
                0x080056d0                USBH_SetAddress
 .text.USBH_SetCfg
                0x0800587c      0x1ac Middlewares\ST\STM32_USB_Host_Library\Core\Src\usbh_ctlreq.o
                0x0800587c                USBH_SetCfg
 .text.USBH_ClrFeature
                0x08005a28      0x1ac Middlewares\ST\STM32_USB_Host_Library\Core\Src\usbh_ctlreq.o
                0x08005a28                USBH_ClrFeature
 .text.USBH_CtlReq
                0x08005bd4      0x1a0 Middlewares\ST\STM32_USB_Host_Library\Core\Src\usbh_ctlreq.o
                0x08005bd4                USBH_CtlReq
 .text.USBH_CtlSendSetup
                0x08005d74       0x20 Middlewares\ST\STM32_USB_Host_Library\Core\Src\usbh_ioreq.o
                0x08005d74                USBH_CtlSendSetup
 .text.USBH_CtlSendData
                0x08005d94       0x30 Middlewares\ST\STM32_USB_Host_Library\Core\Src\usbh_ioreq.o
                0x08005d94                USBH_CtlSendData
 .text.USBH_CtlReceiveData
                0x08005dc4       0x20 Middlewares\ST\STM32_USB_Host_Library\Core\Src\usbh_ioreq.o
                0x08005dc4                USBH_CtlReceiveData
 .text.USBH_InterruptReceiveData
                0x08005de4       0x20 Middlewares\ST\STM32_USB_Host_Library\Core\Src\usbh_ioreq.o
                0x08005de4                USBH_InterruptReceiveData
 .text.USBH_InterruptSendData
                0x08005e04       0x20 Middlewares\ST\STM32_USB_Host_Library\Core\Src\usbh_ioreq.o
                0x08005e04                USBH_InterruptSendData
 .text.USBH_OpenPipe
                0x08005e24       0x20 Middlewares\ST\STM32_USB_Host_Library\Core\Src\usbh_pipes.o
                0x08005e24                USBH_OpenPipe
 .text.USBH_ClosePipe
                0x08005e44        0xc Middlewares\ST\STM32_USB_Host_Library\Core\Src\usbh_pipes.o
                0x08005e44                USBH_ClosePipe
 .text.USBH_AllocPipe
                0x08005e50       0xa8 Middlewares\ST\STM32_USB_Host_Library\Core\Src\usbh_pipes.o
                0x08005e50                USBH_AllocPipe
 .text.USBH_FreePipe
                0x08005ef8       0x18 Middlewares\ST\STM32_USB_Host_Library\Core\Src\usbh_pipes.o
                0x08005ef8                USBH_FreePipe
 .text.ChangeButtonMappingKB
                0x08005f10       0xe4 Src\main.o
                0x08005f10                ChangeButtonMappingKB
 .text.ChangeButtonMappingController
                0x08005ff4       0xb8 Src\main.o
                0x08005ff4                ChangeButtonMappingController
 .text.AdvanceState
                0x080060ac       0x94 Src\main.o
                0x080060ac                AdvanceState
 .text.reverse  0x08006140       0x28 Src\main.o
                0x08006140                reverse
 .text.SetN64DataInputMode
                0x08006168       0x18 Src\main.o
                0x08006168                SetN64DataInputMode
 .text.SetN64DataOutputMode
                0x08006180       0x18 Src\main.o
                0x08006180                SetN64DataOutputMode
 .text.SendIdentity
                0x08006198       0xcc Src\main.o
                0x08006198                SendIdentity
 .text.SendControllerData
                0x08006264       0x6c Src\main.o
                0x08006264                SendControllerData
 .text.readCommand
                0x080062d0       0x5c Src\main.o
                0x080062d0                readCommand
 .text.SystemClock_Config
                0x0800632c       0xd0 Src\main.o
                0x0800632c                SystemClock_Config
 .text.startup.main
                0x080063fc      0x214 Src\main.o
                0x080063fc                main
 .text._Error_Handler
                0x08006610        0x4 Src\main.o
                0x08006610                _Error_Handler
 .text.HAL_MspInit
                0x08006614       0x94 Src\stm32f4xx_hal_msp.o
                0x08006614                HAL_MspInit
 .text.HAL_UART_MspInit
                0x080066a8       0x50 Src\stm32f4xx_hal_msp.o
                0x080066a8                HAL_UART_MspInit
 .text.SysTick_Handler
                0x080066f8       0x10 Src\stm32f4xx_it.o
                0x080066f8                SysTick_Handler
 .text.EXTI9_5_IRQHandler
                0x08006708       0x58 Src\stm32f4xx_it.o
                0x08006708                EXTI9_5_IRQHandler
 .text.OTG_FS_IRQHandler
                0x08006760        0xc Src\stm32f4xx_it.o
                0x08006760                OTG_FS_IRQHandler
 .text.SystemInit
                0x0800676c       0x50 Src\system_stm32f4xx.o
                0x0800676c                SystemInit
 .text.USBH_UserProcess
                0x080067bc       0x28 Src\usb_host.o
 .text.MX_USB_HOST_Init
                0x080067e4       0x38 Src\usb_host.o
                0x080067e4                MX_USB_HOST_Init
 .text.MX_USB_HOST_Process
                0x0800681c        0xc Src\usb_host.o
                0x0800681c                MX_USB_HOST_Process
 .text.HAL_HCD_MspInit
                0x08006828       0x78 Src\usbh_conf.o
                0x08006828                HAL_HCD_MspInit
 .text.HAL_HCD_SOF_Callback
                0x080068a0        0x8 Src\usbh_conf.o
                0x080068a0                HAL_HCD_SOF_Callback
 .text.HAL_HCD_Connect_Callback
                0x080068a8        0x8 Src\usbh_conf.o
                0x080068a8                HAL_HCD_Connect_Callback
 .text.HAL_HCD_Disconnect_Callback
                0x080068b0        0x8 Src\usbh_conf.o
                0x080068b0                HAL_HCD_Disconnect_Callback
 .text.HAL_HCD_HC_NotifyURBChange_Callback
                0x080068b8        0x4 Src\usbh_conf.o
                0x080068b8                HAL_HCD_HC_NotifyURBChange_Callback
 .text.USBH_LL_Init
                0x080068bc       0x60 Src\usbh_conf.o
                0x080068bc                USBH_LL_Init
 .text.USBH_LL_Start
                0x0800691c       0x1c Src\usbh_conf.o
                0x0800691c                USBH_LL_Start
 .text.USBH_LL_Stop
                0x08006938       0x1c Src\usbh_conf.o
                0x08006938                USBH_LL_Stop
 .text.USBH_LL_GetSpeed
                0x08006954       0x1c Src\usbh_conf.o
                0x08006954                USBH_LL_GetSpeed
 .text.USBH_LL_ResetPort
                0x08006970       0x1c Src\usbh_conf.o
                0x08006970                USBH_LL_ResetPort
 .text.USBH_LL_OpenPipe
                0x0800698c       0x30 Src\usbh_conf.o
                0x0800698c                USBH_LL_OpenPipe
 .text.USBH_LL_ClosePipe
                0x080069bc       0x1c Src\usbh_conf.o
                0x080069bc                USBH_LL_ClosePipe
 .text.USBH_LL_SubmitURB
                0x080069d8       0x34 Src\usbh_conf.o
                0x080069d8                USBH_LL_SubmitURB
 .text.USBH_LL_GetURBState
                0x08006a0c        0x8 Src\usbh_conf.o
                0x08006a0c                USBH_LL_GetURBState
 .text.USBH_LL_DriverVBUS
                0x08006a14        0xc Src\usbh_conf.o
                0x08006a14                USBH_LL_DriverVBUS
 .text.USBH_LL_SetToggle
                0x08006a20       0x24 Src\usbh_conf.o
                0x08006a20                USBH_LL_SetToggle
 .text.USBH_Delay
                0x08006a44        0x4 Src\usbh_conf.o
                0x08006a44                USBH_Delay
 .text.Reset_Handler
                0x08006a48       0x50 startup\startup_stm32f446xx.o
                0x08006a48                Reset_Handler
 .text.Default_Handler
                0x08006a98        0x2 startup\startup_stm32f446xx.o
                0x08006a98                RTC_Alarm_IRQHandler
                0x08006a98                EXTI2_IRQHandler
                0x08006a98                TIM8_CC_IRQHandler
                0x08006a98                DebugMon_Handler
                0x08006a98                SPI4_IRQHandler
                0x08006a98                TIM1_CC_IRQHandler
                0x08006a98                DMA2_Stream5_IRQHandler
                0x08006a98                HardFault_Handler
                0x08006a98                DMA1_Stream5_IRQHandler
                0x08006a98                PVD_IRQHandler
                0x08006a98                SDIO_IRQHandler
                0x08006a98                TAMP_STAMP_IRQHandler
                0x08006a98                PendSV_Handler
                0x08006a98                NMI_Handler
                0x08006a98                CAN2_RX1_IRQHandler
                0x08006a98                EXTI3_IRQHandler
                0x08006a98                TIM8_TRG_COM_TIM14_IRQHandler
                0x08006a98                TIM1_UP_TIM10_IRQHandler
                0x08006a98                TIM8_UP_TIM13_IRQHandler
                0x08006a98                I2C3_ER_IRQHandler
                0x08006a98                FMPI2C1_Event_IRQHandler
                0x08006a98                EXTI0_IRQHandler
                0x08006a98                I2C2_EV_IRQHandler
                0x08006a98                DMA1_Stream2_IRQHandler
                0x08006a98                CAN1_RX0_IRQHandler
                0x08006a98                FPU_IRQHandler
                0x08006a98                OTG_HS_WKUP_IRQHandler
                0x08006a98                UsageFault_Handler
                0x08006a98                CAN2_SCE_IRQHandler
                0x08006a98                DMA2_Stream2_IRQHandler
                0x08006a98                SPI1_IRQHandler
                0x08006a98                TIM6_DAC_IRQHandler
                0x08006a98                TIM1_BRK_TIM9_IRQHandler
                0x08006a98                DCMI_IRQHandler
                0x08006a98                CAN2_RX0_IRQHandler
                0x08006a98                DMA2_Stream3_IRQHandler
                0x08006a98                SAI2_IRQHandler
                0x08006a98                USART6_IRQHandler
                0x08006a98                USART3_IRQHandler
                0x08006a98                CAN1_RX1_IRQHandler
                0x08006a98                UART5_IRQHandler
                0x08006a98                DMA2_Stream0_IRQHandler
                0x08006a98                TIM4_IRQHandler
                0x08006a98                QUADSPI_IRQHandler
                0x08006a98                I2C1_EV_IRQHandler
                0x08006a98                DMA1_Stream6_IRQHandler
                0x08006a98                DMA1_Stream1_IRQHandler
                0x08006a98                UART4_IRQHandler
                0x08006a98                TIM3_IRQHandler
                0x08006a98                RCC_IRQHandler
                0x08006a98                TIM8_BRK_TIM12_IRQHandler
                0x08006a98                Default_Handler
                0x08006a98                CEC_IRQHandler
                0x08006a98                EXTI15_10_IRQHandler
                0x08006a98                ADC_IRQHandler
                0x08006a98                DMA1_Stream7_IRQHandler
                0x08006a98                TIM7_IRQHandler
                0x08006a98                CAN2_TX_IRQHandler
                0x08006a98                TIM5_IRQHandler
                0x08006a98                DMA2_Stream7_IRQHandler
                0x08006a98                I2C3_EV_IRQHandler
                0x08006a98                RTC_WKUP_IRQHandler
                0x08006a98                SPDIF_RX_IRQHandler
                0x08006a98                SPI2_IRQHandler
                0x08006a98                OTG_HS_EP1_IN_IRQHandler
                0x08006a98                MemManage_Handler
                0x08006a98                DMA1_Stream0_IRQHandler
                0x08006a98                CAN1_TX_IRQHandler
                0x08006a98                SVC_Handler
                0x08006a98                EXTI4_IRQHandler
                0x08006a98                OTG_HS_EP1_OUT_IRQHandler
                0x08006a98                WWDG_IRQHandler
                0x08006a98                TIM2_IRQHandler
                0x08006a98                OTG_FS_WKUP_IRQHandler
                0x08006a98                TIM1_TRG_COM_TIM11_IRQHandler
                0x08006a98                OTG_HS_IRQHandler
                0x08006a98                EXTI1_IRQHandler
                0x08006a98                USART2_IRQHandler
                0x08006a98                I2C2_ER_IRQHandler
                0x08006a98                DMA2_Stream1_IRQHandler
                0x08006a98                CAN1_SCE_IRQHandler
                0x08006a98                FLASH_IRQHandler
                0x08006a98                DMA2_Stream4_IRQHandler
                0x08006a98                BusFault_Handler
                0x08006a98                USART1_IRQHandler
                0x08006a98                SPI3_IRQHandler
                0x08006a98                DMA1_Stream4_IRQHandler
                0x08006a98                I2C1_ER_IRQHandler
                0x08006a98                FMC_IRQHandler
                0x08006a98                DMA2_Stream6_IRQHandler
                0x08006a98                SAI1_IRQHandler
                0x08006a98                DMA1_Stream3_IRQHandler
                0x08006a98                FMPI2C1_Error_IRQHandler
 *fill*         0x08006a9a        0x2 
 .text.__libc_init_array
                0x08006a9c       0x48 c:/program files (x86)/atollic/truestudio for stm32 9.0.1/armtools/bin/../lib/gcc/arm-atollic-eabi/6.3.1/../../../../arm-atollic-eabi/lib/armv7e-m/fpu\libc_nano.a(lib_a-init.o)
                0x08006a9c                __libc_init_array
 .text.malloc   0x08006ae4       0x10 c:/program files (x86)/atollic/truestudio for stm32 9.0.1/armtools/bin/../lib/gcc/arm-atollic-eabi/6.3.1/../../../../arm-atollic-eabi/lib/armv7e-m/fpu\libc_nano.a(lib_a-malloc.o)
                0x08006ae4                malloc
 .text.free     0x08006af4       0x10 c:/program files (x86)/atollic/truestudio for stm32 9.0.1/armtools/bin/../lib/gcc/arm-atollic-eabi/6.3.1/../../../../arm-atollic-eabi/lib/armv7e-m/fpu\libc_nano.a(lib_a-malloc.o)
                0x08006af4                free
 .text.memcpy   0x08006b04       0x16 c:/program files (x86)/atollic/truestudio for stm32 9.0.1/armtools/bin/../lib/gcc/arm-atollic-eabi/6.3.1/../../../../arm-atollic-eabi/lib/armv7e-m/fpu\libc_nano.a(lib_a-memcpy-stub.o)
                0x08006b04                memcpy
 .text.memset   0x08006b1a       0x10 c:/program files (x86)/atollic/truestudio for stm32 9.0.1/armtools/bin/../lib/gcc/arm-atollic-eabi/6.3.1/../../../../arm-atollic-eabi/lib/armv7e-m/fpu\libc_nano.a(lib_a-memset.o)
                0x08006b1a                memset
 *fill*         0x08006b2a        0x2 
 .text._free_r  0x08006b2c       0x9c c:/program files (x86)/atollic/truestudio for stm32 9.0.1/armtools/bin/../lib/gcc/arm-atollic-eabi/6.3.1/../../../../arm-atollic-eabi/lib/armv7e-m/fpu\libc_nano.a(lib_a-nano-freer.o)
                0x08006b2c                _free_r
 .text._malloc_r
                0x08006bc8       0xbc c:/program files (x86)/atollic/truestudio for stm32 9.0.1/armtools/bin/../lib/gcc/arm-atollic-eabi/6.3.1/../../../../arm-atollic-eabi/lib/armv7e-m/fpu\libc_nano.a(lib_a-nano-mallocr.o)
                0x08006bc8                _malloc_r
 .text._sbrk_r  0x08006c84       0x20 c:/program files (x86)/atollic/truestudio for stm32 9.0.1/armtools/bin/../lib/gcc/arm-atollic-eabi/6.3.1/../../../../arm-atollic-eabi/lib/armv7e-m/fpu\libc_nano.a(lib_a-sbrkr.o)
                0x08006c84                _sbrk_r
 .text.__malloc_lock
                0x08006ca4        0x2 c:/program files (x86)/atollic/truestudio for stm32 9.0.1/armtools/bin/../lib/gcc/arm-atollic-eabi/6.3.1/../../../../arm-atollic-eabi/lib/armv7e-m/fpu\libc_nano.a(lib_a-mlock.o)
                0x08006ca4                __malloc_lock
 .text.__malloc_unlock
                0x08006ca6        0x2 c:/program files (x86)/atollic/truestudio for stm32 9.0.1/armtools/bin/../lib/gcc/arm-atollic-eabi/6.3.1/../../../../arm-atollic-eabi/lib/armv7e-m/fpu\libc_nano.a(lib_a-mlock.o)
                0x08006ca6                __malloc_unlock
 .text._sbrk    0x08006ca8       0x1c c:/program files (x86)/atollic/truestudio for stm32 9.0.1/armtools/bin/../lib/gcc/arm-atollic-eabi/6.3.1/../../../../arm-atollic-eabi/lib/armv7e-m/fpu\libnosys.a(sbrk.o)
                0x08006ca8                _sbrk
 *(.glue_7)
 .glue_7        0x08006cc4        0x0 linker stubs
 *(.glue_7t)
 .glue_7t       0x08006cc4        0x0 linker stubs
 *(.eh_frame)
 .eh_frame      0x08006cc4        0x0 c:/program files (x86)/atollic/truestudio for stm32 9.0.1/armtools/bin/../lib/gcc/arm-atollic-eabi/6.3.1/armv7e-m/fpu/crtbegin.o
 *(.init)
 .init          0x08006cc4        0x4 c:/program files (x86)/atollic/truestudio for stm32 9.0.1/armtools/bin/../lib/gcc/arm-atollic-eabi/6.3.1/armv7e-m/fpu/crti.o
                0x08006cc4                _init
 .init          0x08006cc8        0x8 c:/program files (x86)/atollic/truestudio for stm32 9.0.1/armtools/bin/../lib/gcc/arm-atollic-eabi/6.3.1/armv7e-m/fpu/crtn.o
 *(.fini)
 .fini          0x08006cd0        0x4 c:/program files (x86)/atollic/truestudio for stm32 9.0.1/armtools/bin/../lib/gcc/arm-atollic-eabi/6.3.1/armv7e-m/fpu/crti.o
                0x08006cd0                _fini
 .fini          0x08006cd4        0x8 c:/program files (x86)/atollic/truestudio for stm32 9.0.1/armtools/bin/../lib/gcc/arm-atollic-eabi/6.3.1/armv7e-m/fpu/crtn.o
                0x08006cdc                . = ALIGN (0x4)
                0x08006cdc                _etext = .

.vfp11_veneer   0x08006cdc        0x0
 .vfp11_veneer  0x08006cdc        0x0 linker stubs

.v4_bx          0x08006cdc        0x0
 .v4_bx         0x08006cdc        0x0 linker stubs

.iplt           0x08006cdc        0x0
 .iplt          0x08006cdc        0x0 c:/program files (x86)/atollic/truestudio for stm32 9.0.1/armtools/bin/../lib/gcc/arm-atollic-eabi/6.3.1/armv7e-m/fpu/crtbegin.o

.rodata         0x08006cdc      0x184
                0x08006cdc                . = ALIGN (0x4)
 *(.rodata)
 .rodata        0x08006cdc        0x4 Middlewares\ST\STM32_USB_Host_Library\Class\HID\Src\usbh_hid.o
 *(.rodata*)
 .rodata.str1.4
                0x08006ce0        0x4 Middlewares\ST\STM32_USB_Host_Library\Class\HID\Src\usbh_hid.o
 .rodata.imp_0_ds3_byte
                0x08006ce4       0x20 Middlewares\ST\STM32_USB_Host_Library\Class\HID\Src\usbh_hid_ds3.o
 .rodata.imp_0_key_array
                0x08006d04       0x20 Middlewares\ST\STM32_USB_Host_Library\Class\HID\Src\usbh_hid_keybd.o
 .rodata.imp_0_lalt
                0x08006d24       0x20 Middlewares\ST\STM32_USB_Host_Library\Class\HID\Src\usbh_hid_keybd.o
 .rodata.imp_0_lctrl
                0x08006d44       0x20 Middlewares\ST\STM32_USB_Host_Library\Class\HID\Src\usbh_hid_keybd.o
 .rodata.imp_0_lgui
                0x08006d64       0x20 Middlewares\ST\STM32_USB_Host_Library\Class\HID\Src\usbh_hid_keybd.o
 .rodata.imp_0_lshift
                0x08006d84       0x20 Middlewares\ST\STM32_USB_Host_Library\Class\HID\Src\usbh_hid_keybd.o
 .rodata.imp_0_ralt
                0x08006da4       0x20 Middlewares\ST\STM32_USB_Host_Library\Class\HID\Src\usbh_hid_keybd.o
 .rodata.imp_0_rctrl
                0x08006dc4       0x20 Middlewares\ST\STM32_USB_Host_Library\Class\HID\Src\usbh_hid_keybd.o
 .rodata.imp_0_rgui
                0x08006de4       0x20 Middlewares\ST\STM32_USB_Host_Library\Class\HID\Src\usbh_hid_keybd.o
 .rodata.imp_0_rshift
                0x08006e04       0x20 Middlewares\ST\STM32_USB_Host_Library\Class\HID\Src\usbh_hid_keybd.o
 .rodata.str1.4
                0x08006e24        0x5 Middlewares\ST\STM32_USB_Host_Library\Class\XPAD\Src\usbh_xpad.o
 *fill*         0x08006e29        0x3 
 .rodata.AHBPrescTable
                0x08006e2c       0x10 Src\system_stm32f4xx.o
                0x08006e2c                AHBPrescTable
 .rodata.APBPrescTable
                0x08006e3c        0x8 Src\system_stm32f4xx.o
                0x08006e3c                APBPrescTable
 .rodata.CSWTCH.16
                0x08006e44        0x3 Src\usbh_conf.o
 *fill*         0x08006e47        0x1 
 .rodata.CSWTCH.25
                0x08006e48        0x4 Src\usbh_conf.o
 .rodata.USBH_LL_Init.str1.4
                0x08006e4c       0x14 Src\usbh_conf.o
                                 0x13 (size before relaxing)
                0x08006e60                . = ALIGN (0x4)

.ARM.extab
 *(.ARM.extab* .gnu.linkonce.armextab.*)

.ARM            0x08006e60        0x8
                0x08006e60                __exidx_start = .
 *(.ARM.exidx*)
 .ARM.exidx     0x08006e60        0x8 c:/program files (x86)/atollic/truestudio for stm32 9.0.1/armtools/bin/../lib/gcc/arm-atollic-eabi/6.3.1/armv7e-m/fpu\libgcc.a(_udivmoddi4.o)
                0x08006e68                __exidx_end = .

.rel.dyn        0x08006e68        0x0
 .rel.iplt      0x08006e68        0x0 c:/program files (x86)/atollic/truestudio for stm32 9.0.1/armtools/bin/../lib/gcc/arm-atollic-eabi/6.3.1/armv7e-m/fpu/crtbegin.o

.preinit_array  0x08006e68        0x0
                0x08006e68                PROVIDE (__preinit_array_start, .)
 *(.preinit_array*)
                0x08006e68                PROVIDE (__preinit_array_end, .)

.init_array     0x08006e68        0x4
                0x08006e68                PROVIDE (__init_array_start, .)
 *(SORT(.init_array.*))
 *(.init_array*)
 .init_array    0x08006e68        0x4 c:/program files (x86)/atollic/truestudio for stm32 9.0.1/armtools/bin/../lib/gcc/arm-atollic-eabi/6.3.1/armv7e-m/fpu/crtbegin.o
                0x08006e6c                PROVIDE (__init_array_end, .)

.fini_array     0x08006e6c        0x4
                [!provide]                PROVIDE (__fini_array_start, .)
 *(SORT(.fini_array.*))
 *(.fini_array*)
 .fini_array    0x08006e6c        0x4 c:/program files (x86)/atollic/truestudio for stm32 9.0.1/armtools/bin/../lib/gcc/arm-atollic-eabi/6.3.1/armv7e-m/fpu/crtbegin.o
                [!provide]                PROVIDE (__fini_array_end, .)
                0x08006e70                _sidata = LOADADDR (.data)

.data           0x20000000       0xe4 load address 0x08006e70
                0x20000000                . = ALIGN (0x4)
                0x20000000                _sdata = .
 *(.data)
 *(.data*)
 .data.uwTickFreq
                0x20000000        0x1 Drivers\STM32F4xx_HAL_Driver\Src\stm32f4xx_hal.o
                0x20000000                uwTickFreq
 *fill*         0x20000001        0x3 
 .data.uwTickPrio
                0x20000004        0x4 Drivers\STM32F4xx_HAL_Driver\Src\stm32f4xx_hal.o
                0x20000004                uwTickPrio
 .data.HID_Class
                0x20000008       0x20 Middlewares\ST\STM32_USB_Host_Library\Class\HID\Src\usbh_hid.o
                0x20000008                HID_Class
 .data.led_buffer
                0x20000028       0x30 Middlewares\ST\STM32_USB_Host_Library\Class\HID\Src\usbh_hid.o
 .data.XPAD_Class
                0x20000058       0x20 Middlewares\ST\STM32_USB_Host_Library\Class\XPAD\Src\usbh_xpad.o
                0x20000058                XPAD_Class
 .data.saveData
                0x20000078        0x4 Src\main.o
                0x20000078                saveData
 .data.SystemCoreClock
                0x2000007c        0x4 Src\system_stm32f4xx.o
                0x2000007c                SystemCoreClock
 .data._impure_ptr
                0x20000080        0x4 c:/program files (x86)/atollic/truestudio for stm32 9.0.1/armtools/bin/../lib/gcc/arm-atollic-eabi/6.3.1/../../../../arm-atollic-eabi/lib/armv7e-m/fpu\libc_nano.a(lib_a-impure.o)
                0x20000080                _impure_ptr
 .data.impure_data
                0x20000084       0x60 c:/program files (x86)/atollic/truestudio for stm32 9.0.1/armtools/bin/../lib/gcc/arm-atollic-eabi/6.3.1/../../../../arm-atollic-eabi/lib/armv7e-m/fpu\libc_nano.a(lib_a-impure.o)
                0x200000e4                . = ALIGN (0x4)
                0x200000e4                _edata = .

.igot.plt       0x200000e4        0x0 load address 0x08006f54
 .igot.plt      0x200000e4        0x0 c:/program files (x86)/atollic/truestudio for stm32 9.0.1/armtools/bin/../lib/gcc/arm-atollic-eabi/6.3.1/armv7e-m/fpu/crtbegin.o
                0x200000e4                . = ALIGN (0x4)

.bss            0x200000e4      0x874 load address 0x08006f54
                0x200000e4                _sbss = .
                0x200000e4                __bss_start__ = _sbss
 *(.bss)
 .bss           0x200000e4       0x1c c:/program files (x86)/atollic/truestudio for stm32 9.0.1/armtools/bin/../lib/gcc/arm-atollic-eabi/6.3.1/armv7e-m/fpu/crtbegin.o
 *(.bss*)
 .bss.ds3ButtonPressed
                0x20000100        0x1 Middlewares\ST\STM32_USB_Host_Library\Class\HID\Src\usbh_hid.o
                0x20000100                ds3ButtonPressed
 .bss.keyboardButtonPressed
                0x20000101        0x1 Middlewares\ST\STM32_USB_Host_Library\Class\HID\Src\usbh_hid.o
                0x20000101                keyboardButtonPressed
 .bss.LSX       0x20000102        0x1 Middlewares\ST\STM32_USB_Host_Library\Class\XPAD\Src\usbh_xpad.o
                0x20000102                LSX
 .bss.LSY       0x20000103        0x1 Middlewares\ST\STM32_USB_Host_Library\Class\XPAD\Src\usbh_xpad.o
                0x20000103                LSY
 .bss.Lt        0x20000104        0x1 Middlewares\ST\STM32_USB_Host_Library\Class\XPAD\Src\usbh_xpad.o
                0x20000104                Lt
 .bss.Rt        0x20000105        0x1 Middlewares\ST\STM32_USB_Host_Library\Class\XPAD\Src\usbh_xpad.o
                0x20000105                Rt
 .bss.serial    0x20000106        0x1 Middlewares\ST\STM32_USB_Host_Library\Class\XPAD\Src\usbh_xpad.o
                0x20000106                serial
 .bss.xpadButtonPressed
                0x20000107        0x1 Middlewares\ST\STM32_USB_Host_Library\Class\XPAD\Src\usbh_xpad.o
                0x20000107                xpadButtonPressed
 .bss.blueButtonPressed
                0x20000108        0x1 Src\main.o
                0x20000108                blueButtonPressed
 .bss.state     0x20000109        0x1 Src\main.o
                0x20000109                state
 .bss.type      0x2000010a        0x1 Src\main.o
                0x2000010a                type
 .bss.Appli_state
                0x2000010b        0x1 Src\usb_host.o
                0x2000010b                Appli_state
 .bss.__malloc_free_list
                0x2000010c        0x4 c:/program files (x86)/atollic/truestudio for stm32 9.0.1/armtools/bin/../lib/gcc/arm-atollic-eabi/6.3.1/../../../../arm-atollic-eabi/lib/armv7e-m/fpu\libc_nano.a(lib_a-nano-mallocr.o)
                0x2000010c                __malloc_free_list
 .bss.__malloc_sbrk_start
                0x20000110        0x4 c:/program files (x86)/atollic/truestudio for stm32 9.0.1/armtools/bin/../lib/gcc/arm-atollic-eabi/6.3.1/../../../../arm-atollic-eabi/lib/armv7e-m/fpu\libc_nano.a(lib_a-nano-mallocr.o)
                0x20000110                __malloc_sbrk_start
 .bss.heap_end.5239
                0x20000114        0x4 c:/program files (x86)/atollic/truestudio for stm32 9.0.1/armtools/bin/../lib/gcc/arm-atollic-eabi/6.3.1/../../../../arm-atollic-eabi/lib/armv7e-m/fpu\libnosys.a(sbrk.o)
 *(COMMON)
 COMMON         0x20000118        0x4 Drivers\STM32F4xx_HAL_Driver\Src\stm32f4xx_hal.o
                0x20000118                uwTick
 COMMON         0x2000011c       0x20 Drivers\STM32F4xx_HAL_Driver\Src\stm32f4xx_hal_flash.o
                0x2000011c                pFlash
 COMMON         0x2000013c       0x60 Middlewares\ST\STM32_USB_Host_Library\Class\HID\Src\usbh_hid_ds3.o
                0x2000013c                ds3_report_data
                0x2000016c                ds3_data
 COMMON         0x2000019c       0x17 Middlewares\ST\STM32_USB_Host_Library\Class\HID\Src\usbh_hid_keybd.o
                0x2000019c                keybd_report_data
                0x200001a4                keybd_info
 *fill*         0x200001b3        0x1 
 COMMON         0x200001b4        0xc Middlewares\ST\STM32_USB_Host_Library\Class\HID\Src\usbh_hid_mouse.o
                0x200001b4                mouse_info
                0x200001bc                mouse_report_data
 COMMON         0x200001c0       0x32 Middlewares\ST\STM32_USB_Host_Library\Class\XPAD\Src\usbh_xpad.o
                0x200001c0                stick_ly
                0x200001c2                trigger_l
                0x200001c4                stick_ry
                0x200001c6                stick_lx
                0x200001c8                buttons
                0x200001cc                trigger_r
                0x200001d0                report
                0x200001f0                stick_rx
 *fill*         0x200001f2        0x2 
 COMMON         0x200001f4       0xc8 Src\main.o
                0x200001f4                controls
                0x20000278                n64_data
                0x2000027c                huart2
 COMMON         0x200002bc      0x400 Src\usb_host.o
                0x200002bc                hUsbHostFS
 COMMON         0x200006bc      0x298 Src\usbh_conf.o
                0x200006bc                hhcd_USB_OTG_FS
 COMMON         0x20000954        0x4 c:/program files (x86)/atollic/truestudio for stm32 9.0.1/armtools/bin/../lib/gcc/arm-atollic-eabi/6.3.1/../../../../arm-atollic-eabi/lib/armv7e-m/fpu\libc_nano.a(lib_a-reent.o)
                0x20000954                errno
                0x20000958                . = ALIGN (0x4)
                0x20000958                _ebss = .
                0x20000958                __bss_end__ = _ebss

._user_heap_stack
                0x20000958      0x600 load address 0x08006f54
                0x20000958                . = ALIGN (0x4)
                0x20000958                PROVIDE (end, .)
                [!provide]                PROVIDE (_end, .)
                0x20000b58                . = (. + _Min_Heap_Size)
 *fill*         0x20000958      0x200 
                0x20000f58                . = (. + _Min_Stack_Size)
 *fill*         0x20000b58      0x400 
                0x20000f58                . = ALIGN (0x4)

/DISCARD/
 libc.a(*)
 libm.a(*)
 libgcc.a(*)

.ARM.attributes
                0x00000000       0x30
 *(.ARM.attributes)
 .ARM.attributes
                0x00000000       0x22 c:/program files (x86)/atollic/truestudio for stm32 9.0.1/armtools/bin/../lib/gcc/arm-atollic-eabi/6.3.1/armv7e-m/fpu/crti.o
 .ARM.attributes
                0x00000022       0x34 c:/program files (x86)/atollic/truestudio for stm32 9.0.1/armtools/bin/../lib/gcc/arm-atollic-eabi/6.3.1/armv7e-m/fpu/crtbegin.o
 .ARM.attributes
                0x00000056       0x35 Drivers\STM32F4xx_HAL_Driver\Src\stm32f4xx_hal.o
 .ARM.attributes
                0x0000008b       0x35 Drivers\STM32F4xx_HAL_Driver\Src\stm32f4xx_hal_cortex.o
 .ARM.attributes
                0x000000c0       0x35 Drivers\STM32F4xx_HAL_Driver\Src\stm32f4xx_hal_flash.o
 .ARM.attributes
                0x000000f5       0x35 Drivers\STM32F4xx_HAL_Driver\Src\stm32f4xx_hal_flash_ex.o
 .ARM.attributes
                0x0000012a       0x35 Drivers\STM32F4xx_HAL_Driver\Src\stm32f4xx_hal_gpio.o
 .ARM.attributes
                0x0000015f       0x35 Drivers\STM32F4xx_HAL_Driver\Src\stm32f4xx_hal_hcd.o
 .ARM.attributes
                0x00000194       0x35 Drivers\STM32F4xx_HAL_Driver\Src\stm32f4xx_hal_rcc.o
 .ARM.attributes
                0x000001c9       0x35 Drivers\STM32F4xx_HAL_Driver\Src\stm32f4xx_hal_rcc_ex.o
 .ARM.attributes
                0x000001fe       0x35 Drivers\STM32F4xx_HAL_Driver\Src\stm32f4xx_hal_uart.o
 .ARM.attributes
                0x00000233       0x35 Drivers\STM32F4xx_HAL_Driver\Src\stm32f4xx_ll_usb.o
 .ARM.attributes
                0x00000268       0x35 Middlewares\ST\STM32_USB_Host_Library\Class\HID\Src\usbh_hid.o
 .ARM.attributes
                0x0000029d       0x35 Middlewares\ST\STM32_USB_Host_Library\Class\HID\Src\usbh_hid_ds3.o
 .ARM.attributes
                0x000002d2       0x35 Middlewares\ST\STM32_USB_Host_Library\Class\HID\Src\usbh_hid_keybd.o
 .ARM.attributes
                0x00000307       0x35 Middlewares\ST\STM32_USB_Host_Library\Class\HID\Src\usbh_hid_mouse.o
 .ARM.attributes
                0x0000033c       0x35 Middlewares\ST\STM32_USB_Host_Library\Class\HID\Src\usbh_hid_parser.o
 .ARM.attributes
                0x00000371       0x35 Middlewares\ST\STM32_USB_Host_Library\Class\XPAD\Src\usbh_xpad.o
 .ARM.attributes
                0x000003a6       0x35 Middlewares\ST\STM32_USB_Host_Library\Core\Src\usbh_core.o
 .ARM.attributes
                0x000003db       0x35 Middlewares\ST\STM32_USB_Host_Library\Core\Src\usbh_ctlreq.o
 .ARM.attributes
                0x00000410       0x35 Middlewares\ST\STM32_USB_Host_Library\Core\Src\usbh_ioreq.o
 .ARM.attributes
                0x00000445       0x35 Middlewares\ST\STM32_USB_Host_Library\Core\Src\usbh_pipes.o
 .ARM.attributes
                0x0000047a       0x35 Src\main.o
 .ARM.attributes
                0x000004af       0x25 Src\my_wait_us_asm.o
 .ARM.attributes
                0x000004d4       0x35 Src\stm32f4xx_hal_msp.o
 .ARM.attributes
                0x00000509       0x35 Src\stm32f4xx_it.o
 .ARM.attributes
                0x0000053e       0x35 Src\system_stm32f4xx.o
 .ARM.attributes
                0x00000573       0x35 Src\usb_host.o
 .ARM.attributes
                0x000005a8       0x35 Src\usbh_conf.o
 .ARM.attributes
                0x000005dd       0x21 startup\startup_stm32f446xx.o
 .ARM.attributes
                0x000005fe       0x34 c:/program files (x86)/atollic/truestudio for stm32 9.0.1/armtools/bin/../lib/gcc/arm-atollic-eabi/6.3.1/../../../../arm-atollic-eabi/lib/armv7e-m/fpu\libc_nano.a(lib_a-init.o)
 .ARM.attributes
                0x00000632       0x34 c:/program files (x86)/atollic/truestudio for stm32 9.0.1/armtools/bin/../lib/gcc/arm-atollic-eabi/6.3.1/../../../../arm-atollic-eabi/lib/armv7e-m/fpu\libc_nano.a(lib_a-malloc.o)
 .ARM.attributes
                0x00000666       0x34 c:/program files (x86)/atollic/truestudio for stm32 9.0.1/armtools/bin/../lib/gcc/arm-atollic-eabi/6.3.1/../../../../arm-atollic-eabi/lib/armv7e-m/fpu\libc_nano.a(lib_a-memcpy-stub.o)
 .ARM.attributes
                0x0000069a       0x34 c:/program files (x86)/atollic/truestudio for stm32 9.0.1/armtools/bin/../lib/gcc/arm-atollic-eabi/6.3.1/../../../../arm-atollic-eabi/lib/armv7e-m/fpu\libc_nano.a(lib_a-memset.o)
 .ARM.attributes
                0x000006ce       0x34 c:/program files (x86)/atollic/truestudio for stm32 9.0.1/armtools/bin/../lib/gcc/arm-atollic-eabi/6.3.1/../../../../arm-atollic-eabi/lib/armv7e-m/fpu\libc_nano.a(lib_a-nano-freer.o)
 .ARM.attributes
                0x00000702       0x34 c:/program files (x86)/atollic/truestudio for stm32 9.0.1/armtools/bin/../lib/gcc/arm-atollic-eabi/6.3.1/../../../../arm-atollic-eabi/lib/armv7e-m/fpu\libc_nano.a(lib_a-nano-mallocr.o)
 .ARM.attributes
                0x00000736       0x34 c:/program files (x86)/atollic/truestudio for stm32 9.0.1/armtools/bin/../lib/gcc/arm-atollic-eabi/6.3.1/../../../../arm-atollic-eabi/lib/armv7e-m/fpu\libc_nano.a(lib_a-sbrkr.o)
 .ARM.attributes
                0x0000076a       0x34 c:/program files (x86)/atollic/truestudio for stm32 9.0.1/armtools/bin/../lib/gcc/arm-atollic-eabi/6.3.1/../../../../arm-atollic-eabi/lib/armv7e-m/fpu\libc_nano.a(lib_a-impure.o)
 .ARM.attributes
                0x0000079e       0x34 c:/program files (x86)/atollic/truestudio for stm32 9.0.1/armtools/bin/../lib/gcc/arm-atollic-eabi/6.3.1/../../../../arm-atollic-eabi/lib/armv7e-m/fpu\libc_nano.a(lib_a-mlock.o)
 .ARM.attributes
                0x000007d2       0x34 c:/program files (x86)/atollic/truestudio for stm32 9.0.1/armtools/bin/../lib/gcc/arm-atollic-eabi/6.3.1/../../../../arm-atollic-eabi/lib/armv7e-m/fpu\libc_nano.a(lib_a-reent.o)
 .ARM.attributes
                0x00000806       0x22 c:/program files (x86)/atollic/truestudio for stm32 9.0.1/armtools/bin/../lib/gcc/arm-atollic-eabi/6.3.1/armv7e-m/fpu\libgcc.a(_aeabi_uldivmod.o)
 .ARM.attributes
                0x00000828       0x34 c:/program files (x86)/atollic/truestudio for stm32 9.0.1/armtools/bin/../lib/gcc/arm-atollic-eabi/6.3.1/armv7e-m/fpu\libgcc.a(_udivmoddi4.o)
 .ARM.attributes
                0x0000085c       0x22 c:/program files (x86)/atollic/truestudio for stm32 9.0.1/armtools/bin/../lib/gcc/arm-atollic-eabi/6.3.1/armv7e-m/fpu\libgcc.a(_dvmd_tls.o)
 .ARM.attributes
                0x0000087e       0x34 c:/program files (x86)/atollic/truestudio for stm32 9.0.1/armtools/bin/../lib/gcc/arm-atollic-eabi/6.3.1/../../../../arm-atollic-eabi/lib/armv7e-m/fpu\libnosys.a(sbrk.o)
 .ARM.attributes
                0x000008b2       0x22 c:/program files (x86)/atollic/truestudio for stm32 9.0.1/armtools/bin/../lib/gcc/arm-atollic-eabi/6.3.1/armv7e-m/fpu/crtn.o
OUTPUT(USBtoN64v2.elf elf32-littlearm)

.comment        0x00000000       0x7c
 .comment       0x00000000       0x7c Drivers\STM32F4xx_HAL_Driver\Src\stm32f4xx_hal.o
                                 0x7d (size before relaxing)
 .comment       0x0000007c       0x7d Drivers\STM32F4xx_HAL_Driver\Src\stm32f4xx_hal_cortex.o
 .comment       0x0000007c       0x7d Drivers\STM32F4xx_HAL_Driver\Src\stm32f4xx_hal_flash.o
 .comment       0x0000007c       0x7d Drivers\STM32F4xx_HAL_Driver\Src\stm32f4xx_hal_flash_ex.o
 .comment       0x0000007c       0x7d Drivers\STM32F4xx_HAL_Driver\Src\stm32f4xx_hal_gpio.o
 .comment       0x0000007c       0x7d Drivers\STM32F4xx_HAL_Driver\Src\stm32f4xx_hal_hcd.o
 .comment       0x0000007c       0x7d Drivers\STM32F4xx_HAL_Driver\Src\stm32f4xx_hal_rcc.o
 .comment       0x0000007c       0x7d Drivers\STM32F4xx_HAL_Driver\Src\stm32f4xx_hal_rcc_ex.o
 .comment       0x0000007c       0x7d Drivers\STM32F4xx_HAL_Driver\Src\stm32f4xx_hal_uart.o
 .comment       0x0000007c       0x7d Drivers\STM32F4xx_HAL_Driver\Src\stm32f4xx_ll_usb.o
 .comment       0x0000007c       0x7d Middlewares\ST\STM32_USB_Host_Library\Class\HID\Src\usbh_hid.o
 .comment       0x0000007c       0x7d Middlewares\ST\STM32_USB_Host_Library\Class\HID\Src\usbh_hid_ds3.o
 .comment       0x0000007c       0x7d Middlewares\ST\STM32_USB_Host_Library\Class\HID\Src\usbh_hid_keybd.o
 .comment       0x0000007c       0x7d Middlewares\ST\STM32_USB_Host_Library\Class\HID\Src\usbh_hid_mouse.o
 .comment       0x0000007c       0x7d Middlewares\ST\STM32_USB_Host_Library\Class\HID\Src\usbh_hid_parser.o
 .comment       0x0000007c       0x7d Middlewares\ST\STM32_USB_Host_Library\Class\XPAD\Src\usbh_xpad.o
 .comment       0x0000007c       0x7d Middlewares\ST\STM32_USB_Host_Library\Core\Src\usbh_core.o
 .comment       0x0000007c       0x7d Middlewares\ST\STM32_USB_Host_Library\Core\Src\usbh_ctlreq.o
 .comment       0x0000007c       0x7d Middlewares\ST\STM32_USB_Host_Library\Core\Src\usbh_ioreq.o
 .comment       0x0000007c       0x7d Middlewares\ST\STM32_USB_Host_Library\Core\Src\usbh_pipes.o
 .comment       0x0000007c       0x7d Src\main.o
 .comment       0x0000007c       0x7d Src\stm32f4xx_hal_msp.o
 .comment       0x0000007c       0x7d Src\stm32f4xx_it.o
 .comment       0x0000007c       0x7d Src\system_stm32f4xx.o
 .comment       0x0000007c       0x7d Src\usb_host.o
 .comment       0x0000007c       0x7d Src\usbh_conf.o

.debug_frame    0x00000000      0x240
 .debug_frame   0x00000000       0x2c c:/program files (x86)/atollic/truestudio for stm32 9.0.1/armtools/bin/../lib/gcc/arm-atollic-eabi/6.3.1/../../../../arm-atollic-eabi/lib/armv7e-m/fpu\libc_nano.a(lib_a-init.o)
 .debug_frame   0x0000002c       0x30 c:/program files (x86)/atollic/truestudio for stm32 9.0.1/armtools/bin/../lib/gcc/arm-atollic-eabi/6.3.1/../../../../arm-atollic-eabi/lib/armv7e-m/fpu\libc_nano.a(lib_a-malloc.o)
 .debug_frame   0x0000005c       0x28 c:/program files (x86)/atollic/truestudio for stm32 9.0.1/armtools/bin/../lib/gcc/arm-atollic-eabi/6.3.1/../../../../arm-atollic-eabi/lib/armv7e-m/fpu\libc_nano.a(lib_a-memcpy-stub.o)
 .debug_frame   0x00000084       0x20 c:/program files (x86)/atollic/truestudio for stm32 9.0.1/armtools/bin/../lib/gcc/arm-atollic-eabi/6.3.1/../../../../arm-atollic-eabi/lib/armv7e-m/fpu\libc_nano.a(lib_a-memset.o)
 .debug_frame   0x000000a4       0x38 c:/program files (x86)/atollic/truestudio for stm32 9.0.1/armtools/bin/../lib/gcc/arm-atollic-eabi/6.3.1/../../../../arm-atollic-eabi/lib/armv7e-m/fpu\libc_nano.a(lib_a-nano-freer.o)
 .debug_frame   0x000000dc       0x2c c:/program files (x86)/atollic/truestudio for stm32 9.0.1/armtools/bin/../lib/gcc/arm-atollic-eabi/6.3.1/../../../../arm-atollic-eabi/lib/armv7e-m/fpu\libc_nano.a(lib_a-nano-mallocr.o)
 .debug_frame   0x00000108       0x2c c:/program files (x86)/atollic/truestudio for stm32 9.0.1/armtools/bin/../lib/gcc/arm-atollic-eabi/6.3.1/../../../../arm-atollic-eabi/lib/armv7e-m/fpu\libc_nano.a(lib_a-sbrkr.o)
 .debug_frame   0x00000134       0x30 c:/program files (x86)/atollic/truestudio for stm32 9.0.1/armtools/bin/../lib/gcc/arm-atollic-eabi/6.3.1/../../../../arm-atollic-eabi/lib/armv7e-m/fpu\libc_nano.a(lib_a-mlock.o)
 .debug_frame   0x00000164       0x5c c:/program files (x86)/atollic/truestudio for stm32 9.0.1/armtools/bin/../lib/gcc/arm-atollic-eabi/6.3.1/../../../../arm-atollic-eabi/lib/armv7e-m/fpu\libc_nano.a(lib_a-reent.o)
 .debug_frame   0x000001c0       0x2c c:/program files (x86)/atollic/truestudio for stm32 9.0.1/armtools/bin/../lib/gcc/arm-atollic-eabi/6.3.1/armv7e-m/fpu\libgcc.a(_aeabi_uldivmod.o)
 .debug_frame   0x000001ec       0x34 c:/program files (x86)/atollic/truestudio for stm32 9.0.1/armtools/bin/../lib/gcc/arm-atollic-eabi/6.3.1/armv7e-m/fpu\libgcc.a(_udivmoddi4.o)
 .debug_frame   0x00000220       0x20 c:/program files (x86)/atollic/truestudio for stm32 9.0.1/armtools/bin/../lib/gcc/arm-atollic-eabi/6.3.1/../../../../arm-atollic-eabi/lib/armv7e-m/fpu\libnosys.a(sbrk.o)
