main.c:100:6:ChangeButtonMappingKB	16	static
main.c:176:6:ChangeButtonMappingController	16	static
main.c:236:6:SaveControls	48	static
main.c:265:6:LoadControls	8	static
main.c:270:6:AdvanceState	8	static
main.c:288:9:reverse	16	static
main.c:296:6:SetN64DataInputMode	4	static
main.c:303:6:SetN64DataOutputMode	4	static
main.c:310:6:write_1	8	static
main.c:318:6:write_0	8	static
main.c:326:6:SendStop	8	static
main.c:334:6:SendByte	24	static
main.c:349:6:SendIdentity	8	static
main.c:358:6:SendControllerData	24	static
main.c:382:9:GetMiddleOfPulse	16	static
main.c:416:9:readCommand	24	static
main.c:450:5:main	8	static
main.c:556:6:SystemClock_Config	184	static
main.c:620:13:MX_USART2_UART_Init	8	static
main.c:647:13:MX_GPIO_Init	48	static
main.c:744:6:_Error_Handler	16	static
