main.c:95:6:SetN64DataInputMode	4	static
main.c:102:6:SetN64DataOutputMode	4	static
main.c:109:6:write_1	8	static
main.c:117:6:write_0	8	static
main.c:125:6:SendStop	8	static
main.c:133:6:SendByte	24	static
main.c:148:6:SendIdentity	8	static
main.c:157:6:SendControllerData	24	static
main.c:179:14:GetMiddleOfPulse	8	static
main.c:201:14:readCommand	16	static
main.c:236:5:main	8	static
main.c:290:6:SystemClock_Config	184	static
main.c:353:13:MX_USART2_UART_Init	8	static
main.c:372:13:MX_USB_OTG_FS_USB_Init	4	static
main.c:389:13:MX_GPIO_Init	48	static
main.c:496:6:_Error_Handler	16	static
