usbh_conf.c:89:6:HAL_HCD_MspInit	40	static
usbh_conf.c:127:6:HAL_HCD_MspDeInit	16	static
usbh_conf.c:158:6:HAL_HCD_SOF_Callback	16	static
usbh_conf.c:168:6:HAL_HCD_Connect_Callback	16	static
usbh_conf.c:178:6:HAL_HCD_Disconnect_Callback	16	static
usbh_conf.c:190:6:HAL_HCD_HC_NotifyURBChange_Callback	16	static
usbh_conf.c:207:20:USBH_LL_Init	16	static
usbh_conf.c:236:20:USBH_LL_DeInit	24	static
usbh_conf.c:268:20:USBH_LL_Start	24	static
usbh_conf.c:300:20:USBH_LL_Stop	24	static
usbh_conf.c:332:19:USBH_LL_GetSpeed	24	static
usbh_conf.c:362:20:USBH_LL_ResetPort	24	static
usbh_conf.c:394:10:USBH_LL_GetLastXferSize	16	static
usbh_conf.c:410:20:USBH_LL_OpenPipe	48	static
usbh_conf.c:445:20:USBH_LL_ClosePipe	24	static
usbh_conf.c:499:20:USBH_LL_SubmitURB	48	static
usbh_conf.c:544:22:USBH_LL_GetURBState	16	static
usbh_conf.c:558:20:USBH_LL_DriverVBUS	16	static
usbh_conf.c:595:20:USBH_LL_SetToggle	24	static
usbh_conf.c:618:9:USBH_LL_GetToggle	24	static
usbh_conf.c:640:6:USBH_Delay	16	static
