usbh_audio.c:201:27:USBH_AUDIO_InterfaceInit	56	static
usbh_audio.c:349:20:USBH_AUDIO_InterfaceDeInit	24	static
usbh_audio.c:389:27:USBH_AUDIO_ClassRequest	32	static
usbh_audio.c:515:27:USBH_AUDIO_CSRequest	40	static
usbh_audio.c:601:27:USBH_AUDIO_HandleCSRequest	24	static
usbh_audio.c:640:27:USBH_AUDIO_Process	24	static
usbh_audio.c:664:27:USBH_AUDIO_SOFProcess	16	static
usbh_audio.c:673:27:USBH_AUDIO_FindAudioStreamingIN	24	static
usbh_audio.c:715:27:USBH_AUDIO_FindAudioStreamingOUT	24	static
usbh_audio.c:757:27:USBH_AUDIO_FindHIDControl	24	static
usbh_audio.c:795:27:USBH_AUDIO_ParseCSDescriptors	32	static
usbh_audio.c:848:27:ParseCSDescriptors	24	static
usbh_audio.c:909:16:USBH_AUDIO_FindLinkedUnit	24	static
usbh_audio.c:972:20:USBH_AUDIO_BuildMicrophonePath	32	static
usbh_audio.c:1030:20:USBH_AUDIO_BuildHeadphonePath	32	static
usbh_audio.c:1105:27:USBH_AC_SetCur	32	static
usbh_audio.c:1160:27:USBH_AC_GetCur	32	static
usbh_audio.c:1224:27:USBH_AC_GetMax	32	static
usbh_audio.c:1289:27:USBH_AC_GetRes	32	static
usbh_audio.c:1352:27:USBH_AC_GetMin	32	static
usbh_audio.c:1412:27:USBH_AUDIO_SetEndpointControls	32	static
usbh_audio.c:1440:27:USBH_AUDIO_InputStream	24	static
usbh_audio.c:1452:27:USBH_AUDIO_Control	32	static
usbh_audio.c:1527:27:USBH_AUDIO_OutputStream	32	static
usbh_audio.c:1595:27:USBH_AUDIO_Transmit	24	static
usbh_audio.c:1669:20:USBH_AUDIO_SetFrequency	40	static
usbh_audio.c:1734:20:USBH_AUDIO_Play	32	static
usbh_audio.c:1764:20:USBH_AUDIO_Stop	24	static
usbh_audio.c:1777:20:USBH_AUDIO_Suspend	24	static
usbh_audio.c:1800:20:USBH_AUDIO_Resume	24	static
usbh_audio.c:1822:9:USBH_AUDIO_GetOutOffset	24	static
usbh_audio.c:1844:20:USBH_AUDIO_ChangeOutBuffer	24	static
usbh_audio.c:1875:27:USBH_AUDIO_SetControlAttribute	24	static
usbh_audio.c:1936:20:USBH_AUDIO_SetVolume	24	static
usbh_audio.c:1963:27:AUDIO_SetVolume	32	static
usbh_audio.c:1988:13:USBH_AUDIO_FrequencySet	16	static
usbh_audio.c:1998:14:USBH_AUDIO_BufferEmptyCallback	16	static
