usbh_mtp.c:143:27:USBH_MTP_InterfaceInit	48	static
usbh_mtp.c:244:16:MTP_FindCtlEndpoint	24	static
usbh_mtp.c:273:16:MTP_FindDataOutEndpoint	24	static
usbh_mtp.c:302:16:MTP_FindDataInEndpoint	24	static
usbh_mtp.c:333:20:USBH_MTP_InterfaceDeInit	24	static
usbh_mtp.c:373:27:USBH_MTP_ClassRequest	16	static
usbh_mtp.c:388:27:USBH_MTP_Process	32	static
usbh_mtp.c:499:27:USBH_MTP_SOFProcess	24	static
usbh_mtp.c:512:9:USBH_MTP_IsReady	24	static
usbh_mtp.c:525:20:USBH_MTP_GetNumStorage	24	static
usbh_mtp.c:545:20:USBH_MTP_SelectStorage	24	static
usbh_mtp.c:565:20:USBH_MTP_GetStorageInfo	32	static
usbh_mtp.c:584:20:USBH_MTP_GetNumObjects	48	static
usbh_mtp.c:617:20:USBH_MTP_GetObjectHandles	48	static
usbh_mtp.c:651:20:USBH_MTP_GetObjectInfo	40	static
usbh_mtp.c:678:20:USBH_MTP_DeleteObject	40	static
usbh_mtp.c:706:20:USBH_MTP_GetObject	40	static
usbh_mtp.c:734:20:USBH_MTP_GetPartialObject	48	static
usbh_mtp.c:770:20:USBH_MTP_GetObjectPropsSupported	40	static
usbh_mtp.c:802:20:USBH_MTP_GetObjectPropDesc	40	static
usbh_mtp.c:834:20:USBH_MTP_GetObjectPropList	40	static
usbh_mtp.c:866:20:USBH_MTP_SendObject	40	static
usbh_mtp.c:893:27:USBH_MTP_Events	24	static
usbh_mtp.c:945:13:MTP_DecodeEvent	32	static
usbh_mtp.c:1031:20:USBH_MTP_GetDevicePropDesc	40	static
usbh_mtp.c:1057:13:USBH_MTP_EventsCallback	24	static
